[2026-09-03T05:31:12.378+0000] {local_task_job_runner.py:120} INFO - ::group::Pre task execution logs
[2026-09-03T05:31:12.483+0000] {taskinstance.py:2076} INFO - Dependencies all met for dep_context=non-requeueable deps ti=<TaskInstance: update_db.staging_table manual__2026-09-03T05:31:01.548961+00:00 [queued]>
[2026-09-03T05:31:12.509+0000] {taskinstance.py:2076} INFO - Dependencies all met for dep_context=requeueable deps ti=<TaskInstance: update_db.staging_table manual__2026-09-03T05:31:01.548961+00:00 [queued]>
[2026-09-03T05:31:12.512+0000] {taskinstance.py:2306} INFO - Starting attempt 1 of 1
[2026-09-03T05:31:12.547+0000] {taskinstance.py:2330} INFO - Executing <Task(_PythonDecoratedOperator): staging_table> on 2026-09-03 05:31:01.548961+00:00
[2026-09-03T05:31:12.588+0000] {standard_task_runner.py:90} INFO - Running: ['airflow', 'tasks', 'run', 'update_db', 'staging_table', 'manual__2026-09-03T05:31:01.548961+00:00', '--job-id', '13', '--raw', '--subdir', 'DAGS_FOLDER/main.py', '--cfg-path', '/tmp/tmpxb3eyl1_']
[2026-09-03T05:31:12.595+0000] {standard_task_runner.py:91} INFO - Job 13: Subtask staging_table
[2026-09-03T05:31:12.568+0000] {standard_task_runner.py:63} INFO - Started process 472 to run task
[2026-09-03T05:31:12.721+0000] {task_command.py:426} INFO - Running <TaskInstance: update_db.staging_table manual__2026-09-03T05:31:01.548961+00:00 [running]> on host 940e059779ea
[2026-09-03T05:31:13.117+0000] {taskinstance.py:2648} INFO - Exporting env vars: AIRFLOW_CTX_DAG_OWNER='airflow' AIRFLOW_CTX_DAG_ID='update_db' AIRFLOW_CTX_TASK_ID='staging_table' AIRFLOW_CTX_EXECUTION_DATE='2026-09-03T05:31:01.548961+00:00' AIRFLOW_CTX_TRY_NUMBER='1' AIRFLOW_CTX_DAG_RUN_ID='manual__2026-09-03T05:31:01.548961+00:00'
[2026-09-03T05:31:13.125+0000] {taskinstance.py:430} INFO - ::endgroup::
[2026-09-03T05:31:13.134+0000] {dwh.py:45} ERROR - error while update ofstaging table:
[2026-09-03T05:31:13.137+0000] {taskinstance.py:441} INFO - ::group::Post task execution logs
[2026-09-03T05:31:13.139+0000] {taskinstance.py:2905} ERROR - Task failed with exception
Traceback (most recent call last):
  File "/home/airflow/.local/lib/python3.10/site-packages/airflow/models/taskinstance.py", line 465, in _execute_task
    result = _execute_callable(context=context, **execute_callable_kwargs)
  File "/home/airflow/.local/lib/python3.10/site-packages/airflow/models/taskinstance.py", line 432, in _execute_callable
    return execute_callable(context=context, **execute_callable_kwargs)
  File "/home/airflow/.local/lib/python3.10/site-packages/airflow/models/baseoperator.py", line 401, in wrapper
    return func(self, *args, **kwargs)
  File "/home/airflow/.local/lib/python3.10/site-packages/airflow/decorators/base.py", line 265, in execute
    return_value = super().execute(context)
  File "/home/airflow/.local/lib/python3.10/site-packages/airflow/models/baseoperator.py", line 401, in wrapper
    return func(self, *args, **kwargs)
  File "/home/airflow/.local/lib/python3.10/site-packages/airflow/operators/python.py", line 235, in execute
    return_value = self.execute_callable()
  File "/home/airflow/.local/lib/python3.10/site-packages/airflow/operators/python.py", line 252, in execute_callable
    return self.python_callable(*self.op_args, **self.op_kwargs)
  File "/opt/airflow/dags/datawarehouse/dwh.py", line 46, in staging_table
    raise e
  File "/opt/airflow/dags/datawarehouse/dwh.py", line 19, in staging_table
    conn,cur=get_conn_cursor
TypeError: cannot unpack non-iterable function object
[2026-09-03T05:31:13.191+0000] {taskinstance.py:1206} INFO - Marking task as FAILED. dag_id=update_db, task_id=staging_table, run_id=manual__2026-09-03T05:31:01.548961+00:00, execution_date=20260903T053101, start_date=20260903T053112, end_date=20260903T053113
[2026-09-03T05:31:13.266+0000] {standard_task_runner.py:110} ERROR - Failed to execute job 13 for task staging_table (cannot unpack non-iterable function object; 472)
[2026-09-03T05:31:13.330+0000] {local_task_job_runner.py:240} INFO - Task exited with return code 1
[2026-09-03T05:31:13.393+0000] {taskinstance.py:3503} INFO - 0 downstream tasks scheduled from follow-on schedule check
[2026-09-03T05:31:13.404+0000] {local_task_job_runner.py:222} INFO - ::endgroup::
