[2026-09-04T11:57:20.476+0000] {processor.py:161} INFO - Started process (PID=81) to work on /opt/airflow/dags/main.py
[2026-09-04T11:57:20.491+0000] {processor.py:830} INFO - Processing file /opt/airflow/dags/main.py for tasks to queue
[2026-09-04T11:57:20.520+0000] {logging_mixin.py:188} INFO - [2026-09-04T11:57:20.519+0000] {dagbag.py:545} INFO - Filling up the DagBag from /opt/airflow/dags/main.py
[2026-09-04T11:57:26.199+0000] {logging_mixin.py:188} INFO - channel id is not executed
[2026-09-04T11:57:30.649+0000] {processor.py:840} INFO - DAG(s) 'produce_json', 'update_db' retrieved from /opt/airflow/dags/main.py
[2026-09-04T11:57:37.150+0000] {logging_mixin.py:188} INFO - [2026-09-04T11:57:37.150+0000] {dag.py:3096} INFO - Sync 2 DAGs
[2026-09-04T11:57:37.920+0000] {logging_mixin.py:188} INFO - [2026-09-04T11:57:37.919+0000] {dag.py:3954} INFO - Setting next_dagrun for produce_json to 2026-09-04 14:00:00+00:00, run_after=2026-09-05 14:00:00+00:00
[2026-09-04T11:57:38.090+0000] {logging_mixin.py:188} INFO - [2026-09-04T11:57:38.089+0000] {dag.py:3954} INFO - Setting next_dagrun for update_db to 2026-09-04 15:00:00+00:00, run_after=2026-09-05 15:00:00+00:00
[2026-09-04T11:57:38.729+0000] {processor.py:183} INFO - Processing /opt/airflow/dags/main.py took 18.352 seconds
[2026-09-04T11:58:11.090+0000] {processor.py:161} INFO - Started process (PID=95) to work on /opt/airflow/dags/main.py
[2026-09-04T11:58:11.120+0000] {processor.py:830} INFO - Processing file /opt/airflow/dags/main.py for tasks to queue
[2026-09-04T11:58:11.216+0000] {logging_mixin.py:188} INFO - [2026-09-04T11:58:11.215+0000] {dagbag.py:545} INFO - Filling up the DagBag from /opt/airflow/dags/main.py
[2026-09-04T11:58:12.638+0000] {logging_mixin.py:188} INFO - channel id is not executed
[2026-09-04T11:58:14.273+0000] {processor.py:840} INFO - DAG(s) 'update_db', 'produce_json' retrieved from /opt/airflow/dags/main.py
[2026-09-04T11:58:15.673+0000] {logging_mixin.py:188} INFO - [2026-09-04T11:58:15.673+0000] {dag.py:3096} INFO - Sync 2 DAGs
[2026-09-04T11:58:15.848+0000] {logging_mixin.py:188} INFO - [2026-09-04T11:58:15.848+0000] {dag.py:3954} INFO - Setting next_dagrun for produce_json to 2026-09-04 14:00:00+00:00, run_after=2026-09-05 14:00:00+00:00
[2026-09-04T11:58:15.883+0000] {logging_mixin.py:188} INFO - [2026-09-04T11:58:15.883+0000] {dag.py:3954} INFO - Setting next_dagrun for update_db to 2026-09-04 15:00:00+00:00, run_after=2026-09-05 15:00:00+00:00
[2026-09-04T11:58:16.091+0000] {processor.py:183} INFO - Processing /opt/airflow/dags/main.py took 5.226 seconds
[2026-09-04T11:58:47.122+0000] {processor.py:161} INFO - Started process (PID=102) to work on /opt/airflow/dags/main.py
[2026-09-04T11:58:47.151+0000] {processor.py:830} INFO - Processing file /opt/airflow/dags/main.py for tasks to queue
[2026-09-04T11:58:47.181+0000] {logging_mixin.py:188} INFO - [2026-09-04T11:58:47.178+0000] {dagbag.py:545} INFO - Filling up the DagBag from /opt/airflow/dags/main.py
[2026-09-04T11:58:47.801+0000] {logging_mixin.py:188} INFO - channel id is not executed
[2026-09-04T11:58:48.551+0000] {processor.py:840} INFO - DAG(s) 'update_db', 'produce_json' retrieved from /opt/airflow/dags/main.py
[2026-09-04T11:58:49.541+0000] {logging_mixin.py:188} INFO - [2026-09-04T11:58:49.541+0000] {dag.py:3096} INFO - Sync 2 DAGs
[2026-09-04T11:58:49.694+0000] {logging_mixin.py:188} INFO - [2026-09-04T11:58:49.694+0000] {dag.py:3954} INFO - Setting next_dagrun for produce_json to 2026-09-04 14:00:00+00:00, run_after=2026-09-05 14:00:00+00:00
[2026-09-04T11:58:49.720+0000] {logging_mixin.py:188} INFO - [2026-09-04T11:58:49.716+0000] {dag.py:3954} INFO - Setting next_dagrun for update_db to 2026-09-04 15:00:00+00:00, run_after=2026-09-05 15:00:00+00:00
[2026-09-04T11:58:49.819+0000] {processor.py:183} INFO - Processing /opt/airflow/dags/main.py took 3.236 seconds
[2026-09-04T11:59:22.106+0000] {processor.py:161} INFO - Started process (PID=108) to work on /opt/airflow/dags/main.py
[2026-09-04T11:59:22.115+0000] {processor.py:830} INFO - Processing file /opt/airflow/dags/main.py for tasks to queue
[2026-09-04T11:59:22.166+0000] {logging_mixin.py:188} INFO - [2026-09-04T11:59:22.156+0000] {dagbag.py:545} INFO - Filling up the DagBag from /opt/airflow/dags/main.py
[2026-09-04T11:59:22.971+0000] {logging_mixin.py:188} INFO - channel id is not executed
[2026-09-04T11:59:23.670+0000] {processor.py:840} INFO - DAG(s) 'produce_json', 'update_db' retrieved from /opt/airflow/dags/main.py
[2026-09-04T11:59:26.931+0000] {logging_mixin.py:188} INFO - [2026-09-04T11:59:26.930+0000] {dag.py:3096} INFO - Sync 2 DAGs
[2026-09-04T11:59:27.262+0000] {logging_mixin.py:188} INFO - [2026-09-04T11:59:27.261+0000] {dag.py:3954} INFO - Setting next_dagrun for produce_json to 2026-09-04 14:00:00+00:00, run_after=2026-09-05 14:00:00+00:00
[2026-09-04T11:59:27.645+0000] {logging_mixin.py:188} INFO - [2026-09-04T11:59:27.644+0000] {dag.py:3954} INFO - Setting next_dagrun for update_db to 2026-09-04 15:00:00+00:00, run_after=2026-09-05 15:00:00+00:00
[2026-09-04T11:59:27.972+0000] {processor.py:183} INFO - Processing /opt/airflow/dags/main.py took 6.005 seconds
[2026-09-04T11:59:59.702+0000] {processor.py:161} INFO - Started process (PID=115) to work on /opt/airflow/dags/main.py
[2026-09-04T11:59:59.707+0000] {processor.py:830} INFO - Processing file /opt/airflow/dags/main.py for tasks to queue
[2026-09-04T11:59:59.714+0000] {logging_mixin.py:188} INFO - [2026-09-04T11:59:59.713+0000] {dagbag.py:545} INFO - Filling up the DagBag from /opt/airflow/dags/main.py
[2026-09-04T12:00:00.215+0000] {logging_mixin.py:188} INFO - channel id is not executed
[2026-09-04T12:00:00.652+0000] {processor.py:840} INFO - DAG(s) 'produce_json', 'update_db' retrieved from /opt/airflow/dags/main.py
[2026-09-04T12:00:04.852+0000] {logging_mixin.py:188} INFO - [2026-09-04T12:00:04.851+0000] {dag.py:3096} INFO - Sync 2 DAGs
[2026-09-04T12:00:06.025+0000] {logging_mixin.py:188} INFO - [2026-09-04T12:00:06.023+0000] {dag.py:3954} INFO - Setting next_dagrun for produce_json to 2026-09-04 14:00:00+00:00, run_after=2026-09-05 14:00:00+00:00
[2026-09-04T12:00:06.335+0000] {logging_mixin.py:188} INFO - [2026-09-04T12:00:06.334+0000] {dag.py:3954} INFO - Setting next_dagrun for update_db to 2026-09-04 15:00:00+00:00, run_after=2026-09-05 15:00:00+00:00
[2026-09-04T12:00:06.779+0000] {processor.py:183} INFO - Processing /opt/airflow/dags/main.py took 7.094 seconds
[2026-09-04T12:00:37.092+0000] {processor.py:161} INFO - Started process (PID=128) to work on /opt/airflow/dags/main.py
[2026-09-04T12:00:37.106+0000] {processor.py:830} INFO - Processing file /opt/airflow/dags/main.py for tasks to queue
[2026-09-04T12:00:37.129+0000] {logging_mixin.py:188} INFO - [2026-09-04T12:00:37.123+0000] {dagbag.py:545} INFO - Filling up the DagBag from /opt/airflow/dags/main.py
[2026-09-04T12:00:37.529+0000] {logging_mixin.py:188} INFO - channel id is not executed
[2026-09-04T12:00:37.820+0000] {processor.py:840} INFO - DAG(s) 'update_db', 'produce_json' retrieved from /opt/airflow/dags/main.py
[2026-09-04T12:00:38.741+0000] {logging_mixin.py:188} INFO - [2026-09-04T12:00:38.740+0000] {dag.py:3096} INFO - Sync 2 DAGs
[2026-09-04T12:00:38.849+0000] {logging_mixin.py:188} INFO - [2026-09-04T12:00:38.849+0000] {dag.py:3954} INFO - Setting next_dagrun for produce_json to 2026-09-04 14:00:00+00:00, run_after=2026-09-05 14:00:00+00:00
[2026-09-04T12:00:38.862+0000] {logging_mixin.py:188} INFO - [2026-09-04T12:00:38.861+0000] {dag.py:3954} INFO - Setting next_dagrun for update_db to 2026-09-04 15:00:00+00:00, run_after=2026-09-05 15:00:00+00:00
[2026-09-04T12:00:38.906+0000] {processor.py:183} INFO - Processing /opt/airflow/dags/main.py took 1.893 seconds
[2026-09-04T12:01:09.741+0000] {processor.py:161} INFO - Started process (PID=135) to work on /opt/airflow/dags/main.py
[2026-09-04T12:01:09.747+0000] {processor.py:830} INFO - Processing file /opt/airflow/dags/main.py for tasks to queue
[2026-09-04T12:01:09.757+0000] {logging_mixin.py:188} INFO - [2026-09-04T12:01:09.754+0000] {dagbag.py:545} INFO - Filling up the DagBag from /opt/airflow/dags/main.py
[2026-09-04T12:01:09.914+0000] {logging_mixin.py:188} INFO - channel id is not executed
[2026-09-04T12:01:10.059+0000] {processor.py:840} INFO - DAG(s) 'produce_json', 'update_db' retrieved from /opt/airflow/dags/main.py
[2026-09-04T12:01:10.930+0000] {logging_mixin.py:188} INFO - [2026-09-04T12:01:10.930+0000] {dag.py:3096} INFO - Sync 2 DAGs
[2026-09-04T12:01:11.043+0000] {logging_mixin.py:188} INFO - [2026-09-04T12:01:11.043+0000] {dag.py:3954} INFO - Setting next_dagrun for produce_json to 2026-09-04 14:00:00+00:00, run_after=2026-09-05 14:00:00+00:00
[2026-09-04T12:01:11.054+0000] {logging_mixin.py:188} INFO - [2026-09-04T12:01:11.054+0000] {dag.py:3954} INFO - Setting next_dagrun for update_db to 2026-09-04 15:00:00+00:00, run_after=2026-09-05 15:00:00+00:00
[2026-09-04T12:01:11.121+0000] {processor.py:183} INFO - Processing /opt/airflow/dags/main.py took 1.398 seconds
[2026-09-04T12:01:41.821+0000] {processor.py:161} INFO - Started process (PID=142) to work on /opt/airflow/dags/main.py
[2026-09-04T12:01:41.830+0000] {processor.py:830} INFO - Processing file /opt/airflow/dags/main.py for tasks to queue
[2026-09-04T12:01:41.845+0000] {logging_mixin.py:188} INFO - [2026-09-04T12:01:41.838+0000] {dagbag.py:545} INFO - Filling up the DagBag from /opt/airflow/dags/main.py
[2026-09-04T12:01:42.032+0000] {logging_mixin.py:188} INFO - channel id is not executed
[2026-09-04T12:01:42.271+0000] {processor.py:840} INFO - DAG(s) 'update_db', 'produce_json' retrieved from /opt/airflow/dags/main.py
[2026-09-04T12:01:42.598+0000] {logging_mixin.py:188} INFO - [2026-09-04T12:01:42.598+0000] {dag.py:3096} INFO - Sync 2 DAGs
[2026-09-04T12:01:42.775+0000] {logging_mixin.py:188} INFO - [2026-09-04T12:01:42.764+0000] {dag.py:3954} INFO - Setting next_dagrun for produce_json to 2026-09-04 14:00:00+00:00, run_after=2026-09-05 14:00:00+00:00
[2026-09-04T12:01:42.849+0000] {logging_mixin.py:188} INFO - [2026-09-04T12:01:42.848+0000] {dag.py:3954} INFO - Setting next_dagrun for update_db to 2026-09-04 15:00:00+00:00, run_after=2026-09-05 15:00:00+00:00
[2026-09-04T12:01:42.948+0000] {processor.py:183} INFO - Processing /opt/airflow/dags/main.py took 1.189 seconds
[2026-09-04T12:02:13.767+0000] {processor.py:161} INFO - Started process (PID=149) to work on /opt/airflow/dags/main.py
[2026-09-04T12:02:13.770+0000] {processor.py:830} INFO - Processing file /opt/airflow/dags/main.py for tasks to queue
[2026-09-04T12:02:13.774+0000] {logging_mixin.py:188} INFO - [2026-09-04T12:02:13.773+0000] {dagbag.py:545} INFO - Filling up the DagBag from /opt/airflow/dags/main.py
[2026-09-04T12:02:13.890+0000] {logging_mixin.py:188} INFO - channel id is not executed
[2026-09-04T12:02:14.080+0000] {processor.py:840} INFO - DAG(s) 'produce_json', 'update_db' retrieved from /opt/airflow/dags/main.py
[2026-09-04T12:02:14.548+0000] {logging_mixin.py:188} INFO - [2026-09-04T12:02:14.547+0000] {dag.py:3096} INFO - Sync 2 DAGs
[2026-09-04T12:02:14.648+0000] {logging_mixin.py:188} INFO - [2026-09-04T12:02:14.648+0000] {dag.py:3954} INFO - Setting next_dagrun for produce_json to 2026-09-04 14:00:00+00:00, run_after=2026-09-05 14:00:00+00:00
[2026-09-04T12:02:14.859+0000] {logging_mixin.py:188} INFO - [2026-09-04T12:02:14.858+0000] {dag.py:3954} INFO - Setting next_dagrun for update_db to 2026-09-04 15:00:00+00:00, run_after=2026-09-05 15:00:00+00:00
[2026-09-04T12:02:14.944+0000] {processor.py:183} INFO - Processing /opt/airflow/dags/main.py took 1.198 seconds
[2026-09-04T12:02:45.876+0000] {processor.py:161} INFO - Started process (PID=156) to work on /opt/airflow/dags/main.py
[2026-09-04T12:02:45.891+0000] {processor.py:830} INFO - Processing file /opt/airflow/dags/main.py for tasks to queue
[2026-09-04T12:02:45.934+0000] {logging_mixin.py:188} INFO - [2026-09-04T12:02:45.932+0000] {dagbag.py:545} INFO - Filling up the DagBag from /opt/airflow/dags/main.py
[2026-09-04T12:02:47.138+0000] {logging_mixin.py:188} INFO - channel id is not executed
[2026-09-04T12:02:47.880+0000] {processor.py:840} INFO - DAG(s) 'produce_json', 'update_db' retrieved from /opt/airflow/dags/main.py
[2026-09-04T12:02:49.151+0000] {logging_mixin.py:188} INFO - [2026-09-04T12:02:49.151+0000] {dag.py:3096} INFO - Sync 2 DAGs
[2026-09-04T12:02:49.275+0000] {logging_mixin.py:188} INFO - [2026-09-04T12:02:49.275+0000] {dag.py:3954} INFO - Setting next_dagrun for produce_json to 2026-09-04 14:00:00+00:00, run_after=2026-09-05 14:00:00+00:00
[2026-09-04T12:02:49.308+0000] {logging_mixin.py:188} INFO - [2026-09-04T12:02:49.308+0000] {dag.py:3954} INFO - Setting next_dagrun for update_db to 2026-09-04 15:00:00+00:00, run_after=2026-09-05 15:00:00+00:00
[2026-09-04T12:02:49.549+0000] {processor.py:183} INFO - Processing /opt/airflow/dags/main.py took 3.708 seconds
[2026-09-04T12:03:21.459+0000] {processor.py:161} INFO - Started process (PID=163) to work on /opt/airflow/dags/main.py
[2026-09-04T12:03:21.465+0000] {processor.py:830} INFO - Processing file /opt/airflow/dags/main.py for tasks to queue
[2026-09-04T12:03:21.471+0000] {logging_mixin.py:188} INFO - [2026-09-04T12:03:21.470+0000] {dagbag.py:545} INFO - Filling up the DagBag from /opt/airflow/dags/main.py
[2026-09-04T12:03:22.231+0000] {logging_mixin.py:188} INFO - channel id is not executed
[2026-09-04T12:03:23.674+0000] {processor.py:840} INFO - DAG(s) 'produce_json', 'update_db' retrieved from /opt/airflow/dags/main.py
[2026-09-04T12:03:26.628+0000] {logging_mixin.py:188} INFO - [2026-09-04T12:03:26.628+0000] {dag.py:3096} INFO - Sync 2 DAGs
[2026-09-04T12:03:27.017+0000] {logging_mixin.py:188} INFO - [2026-09-04T12:03:27.016+0000] {dag.py:3954} INFO - Setting next_dagrun for produce_json to 2026-09-04 14:00:00+00:00, run_after=2026-09-05 14:00:00+00:00
[2026-09-04T12:03:27.069+0000] {logging_mixin.py:188} INFO - [2026-09-04T12:03:27.069+0000] {dag.py:3954} INFO - Setting next_dagrun for update_db to 2026-09-04 15:00:00+00:00, run_after=2026-09-05 15:00:00+00:00
[2026-09-04T12:03:27.320+0000] {processor.py:183} INFO - Processing /opt/airflow/dags/main.py took 6.036 seconds
[2026-09-04T12:03:57.965+0000] {processor.py:161} INFO - Started process (PID=169) to work on /opt/airflow/dags/main.py
[2026-09-04T12:03:57.972+0000] {processor.py:830} INFO - Processing file /opt/airflow/dags/main.py for tasks to queue
[2026-09-04T12:03:57.988+0000] {logging_mixin.py:188} INFO - [2026-09-04T12:03:57.987+0000] {dagbag.py:545} INFO - Filling up the DagBag from /opt/airflow/dags/main.py
[2026-09-04T12:03:58.117+0000] {logging_mixin.py:188} INFO - channel id is not executed
[2026-09-04T12:03:58.205+0000] {processor.py:840} INFO - DAG(s) 'update_db', 'produce_json' retrieved from /opt/airflow/dags/main.py
[2026-09-04T12:03:58.433+0000] {logging_mixin.py:188} INFO - [2026-09-04T12:03:58.433+0000] {dag.py:3096} INFO - Sync 2 DAGs
[2026-09-04T12:03:58.474+0000] {logging_mixin.py:188} INFO - [2026-09-04T12:03:58.474+0000] {dag.py:3954} INFO - Setting next_dagrun for produce_json to 2026-09-04 14:00:00+00:00, run_after=2026-09-05 14:00:00+00:00
[2026-09-04T12:03:58.485+0000] {logging_mixin.py:188} INFO - [2026-09-04T12:03:58.484+0000] {dag.py:3954} INFO - Setting next_dagrun for update_db to 2026-09-04 15:00:00+00:00, run_after=2026-09-05 15:00:00+00:00
[2026-09-04T12:03:58.524+0000] {processor.py:183} INFO - Processing /opt/airflow/dags/main.py took 0.574 seconds
[2026-09-04T12:04:29.640+0000] {processor.py:161} INFO - Started process (PID=175) to work on /opt/airflow/dags/main.py
[2026-09-04T12:04:29.647+0000] {processor.py:830} INFO - Processing file /opt/airflow/dags/main.py for tasks to queue
[2026-09-04T12:04:29.653+0000] {logging_mixin.py:188} INFO - [2026-09-04T12:04:29.653+0000] {dagbag.py:545} INFO - Filling up the DagBag from /opt/airflow/dags/main.py
[2026-09-04T12:04:29.911+0000] {logging_mixin.py:188} INFO - channel id is not executed
[2026-09-04T12:04:30.181+0000] {processor.py:840} INFO - DAG(s) 'produce_json', 'update_db' retrieved from /opt/airflow/dags/main.py
[2026-09-04T12:04:31.028+0000] {logging_mixin.py:188} INFO - [2026-09-04T12:04:31.027+0000] {dag.py:3096} INFO - Sync 2 DAGs
[2026-09-04T12:04:31.323+0000] {logging_mixin.py:188} INFO - [2026-09-04T12:04:31.318+0000] {dag.py:3954} INFO - Setting next_dagrun for produce_json to 2026-09-04 14:00:00+00:00, run_after=2026-09-05 14:00:00+00:00
[2026-09-04T12:04:31.351+0000] {logging_mixin.py:188} INFO - [2026-09-04T12:04:31.351+0000] {dag.py:3954} INFO - Setting next_dagrun for update_db to 2026-09-04 15:00:00+00:00, run_after=2026-09-05 15:00:00+00:00
[2026-09-04T12:04:31.482+0000] {processor.py:183} INFO - Processing /opt/airflow/dags/main.py took 1.867 seconds
[2026-09-04T12:05:02.318+0000] {processor.py:161} INFO - Started process (PID=182) to work on /opt/airflow/dags/main.py
[2026-09-04T12:05:02.320+0000] {processor.py:830} INFO - Processing file /opt/airflow/dags/main.py for tasks to queue
[2026-09-04T12:05:02.325+0000] {logging_mixin.py:188} INFO - [2026-09-04T12:05:02.324+0000] {dagbag.py:545} INFO - Filling up the DagBag from /opt/airflow/dags/main.py
[2026-09-04T12:05:02.431+0000] {logging_mixin.py:188} INFO - channel id is not executed
[2026-09-04T12:05:02.531+0000] {processor.py:840} INFO - DAG(s) 'produce_json', 'update_db' retrieved from /opt/airflow/dags/main.py
[2026-09-04T12:05:02.804+0000] {logging_mixin.py:188} INFO - [2026-09-04T12:05:02.803+0000] {dag.py:3096} INFO - Sync 2 DAGs
[2026-09-04T12:05:02.846+0000] {logging_mixin.py:188} INFO - [2026-09-04T12:05:02.845+0000] {dag.py:3954} INFO - Setting next_dagrun for produce_json to 2026-09-04 14:00:00+00:00, run_after=2026-09-05 14:00:00+00:00
[2026-09-04T12:05:02.855+0000] {logging_mixin.py:188} INFO - [2026-09-04T12:05:02.854+0000] {dag.py:3954} INFO - Setting next_dagrun for update_db to 2026-09-04 15:00:00+00:00, run_after=2026-09-05 15:00:00+00:00
[2026-09-04T12:05:02.892+0000] {processor.py:183} INFO - Processing /opt/airflow/dags/main.py took 0.585 seconds
[2026-09-04T12:05:33.014+0000] {processor.py:161} INFO - Started process (PID=188) to work on /opt/airflow/dags/main.py
[2026-09-04T12:05:33.017+0000] {processor.py:830} INFO - Processing file /opt/airflow/dags/main.py for tasks to queue
[2026-09-04T12:05:33.021+0000] {logging_mixin.py:188} INFO - [2026-09-04T12:05:33.020+0000] {dagbag.py:545} INFO - Filling up the DagBag from /opt/airflow/dags/main.py
[2026-09-04T12:05:33.126+0000] {logging_mixin.py:188} INFO - channel id is not executed
[2026-09-04T12:05:33.219+0000] {processor.py:840} INFO - DAG(s) 'update_db', 'produce_json' retrieved from /opt/airflow/dags/main.py
[2026-09-04T12:05:33.555+0000] {logging_mixin.py:188} INFO - [2026-09-04T12:05:33.555+0000] {dag.py:3096} INFO - Sync 2 DAGs
[2026-09-04T12:05:33.594+0000] {logging_mixin.py:188} INFO - [2026-09-04T12:05:33.594+0000] {dag.py:3954} INFO - Setting next_dagrun for produce_json to 2026-09-04 14:00:00+00:00, run_after=2026-09-05 14:00:00+00:00
[2026-09-04T12:05:33.606+0000] {logging_mixin.py:188} INFO - [2026-09-04T12:05:33.605+0000] {dag.py:3954} INFO - Setting next_dagrun for update_db to 2026-09-04 15:00:00+00:00, run_after=2026-09-05 15:00:00+00:00
[2026-09-04T12:05:33.648+0000] {processor.py:183} INFO - Processing /opt/airflow/dags/main.py took 0.646 seconds
[2026-09-04T12:06:03.727+0000] {processor.py:161} INFO - Started process (PID=195) to work on /opt/airflow/dags/main.py
[2026-09-04T12:06:03.729+0000] {processor.py:830} INFO - Processing file /opt/airflow/dags/main.py for tasks to queue
[2026-09-04T12:06:03.734+0000] {logging_mixin.py:188} INFO - [2026-09-04T12:06:03.733+0000] {dagbag.py:545} INFO - Filling up the DagBag from /opt/airflow/dags/main.py
[2026-09-04T12:06:03.831+0000] {logging_mixin.py:188} INFO - channel id is not executed
[2026-09-04T12:06:03.935+0000] {processor.py:840} INFO - DAG(s) 'produce_json', 'update_db' retrieved from /opt/airflow/dags/main.py
[2026-09-04T12:06:04.135+0000] {logging_mixin.py:188} INFO - [2026-09-04T12:06:04.134+0000] {dag.py:3096} INFO - Sync 2 DAGs
[2026-09-04T12:06:04.242+0000] {logging_mixin.py:188} INFO - [2026-09-04T12:06:04.242+0000] {dag.py:3954} INFO - Setting next_dagrun for produce_json to 2026-09-04 14:00:00+00:00, run_after=2026-09-05 14:00:00+00:00
[2026-09-04T12:06:04.290+0000] {logging_mixin.py:188} INFO - [2026-09-04T12:06:04.279+0000] {dag.py:3954} INFO - Setting next_dagrun for update_db to 2026-09-04 15:00:00+00:00, run_after=2026-09-05 15:00:00+00:00
[2026-09-04T12:06:04.374+0000] {processor.py:183} INFO - Processing /opt/airflow/dags/main.py took 0.666 seconds
[2026-09-04T12:06:34.662+0000] {processor.py:161} INFO - Started process (PID=202) to work on /opt/airflow/dags/main.py
[2026-09-04T12:06:34.664+0000] {processor.py:830} INFO - Processing file /opt/airflow/dags/main.py for tasks to queue
[2026-09-04T12:06:34.670+0000] {logging_mixin.py:188} INFO - [2026-09-04T12:06:34.669+0000] {dagbag.py:545} INFO - Filling up the DagBag from /opt/airflow/dags/main.py
[2026-09-04T12:06:34.766+0000] {logging_mixin.py:188} INFO - channel id is not executed
[2026-09-04T12:06:34.936+0000] {processor.py:840} INFO - DAG(s) 'update_db', 'produce_json' retrieved from /opt/airflow/dags/main.py
[2026-09-04T12:06:35.159+0000] {logging_mixin.py:188} INFO - [2026-09-04T12:06:35.158+0000] {dag.py:3096} INFO - Sync 2 DAGs
[2026-09-04T12:06:35.225+0000] {logging_mixin.py:188} INFO - [2026-09-04T12:06:35.218+0000] {dag.py:3954} INFO - Setting next_dagrun for produce_json to 2026-09-04 14:00:00+00:00, run_after=2026-09-05 14:00:00+00:00
[2026-09-04T12:06:35.234+0000] {logging_mixin.py:188} INFO - [2026-09-04T12:06:35.234+0000] {dag.py:3954} INFO - Setting next_dagrun for update_db to 2026-09-04 15:00:00+00:00, run_after=2026-09-05 15:00:00+00:00
[2026-09-04T12:06:35.299+0000] {processor.py:183} INFO - Processing /opt/airflow/dags/main.py took 0.646 seconds
[2026-09-04T12:07:06.124+0000] {processor.py:161} INFO - Started process (PID=210) to work on /opt/airflow/dags/main.py
[2026-09-04T12:07:06.131+0000] {processor.py:830} INFO - Processing file /opt/airflow/dags/main.py for tasks to queue
[2026-09-04T12:07:06.138+0000] {logging_mixin.py:188} INFO - [2026-09-04T12:07:06.137+0000] {dagbag.py:545} INFO - Filling up the DagBag from /opt/airflow/dags/main.py
[2026-09-04T12:07:06.329+0000] {logging_mixin.py:188} INFO - channel id is not executed
[2026-09-04T12:07:06.595+0000] {processor.py:840} INFO - DAG(s) 'update_db', 'produce_json' retrieved from /opt/airflow/dags/main.py
[2026-09-04T12:07:06.945+0000] {logging_mixin.py:188} INFO - [2026-09-04T12:07:06.944+0000] {dag.py:3096} INFO - Sync 2 DAGs
[2026-09-04T12:07:07.163+0000] {logging_mixin.py:188} INFO - [2026-09-04T12:07:07.163+0000] {dag.py:3954} INFO - Setting next_dagrun for produce_json to 2026-09-04 14:00:00+00:00, run_after=2026-09-05 14:00:00+00:00
[2026-09-04T12:07:07.184+0000] {logging_mixin.py:188} INFO - [2026-09-04T12:07:07.183+0000] {dag.py:3954} INFO - Setting next_dagrun for update_db to 2026-09-04 15:00:00+00:00, run_after=2026-09-05 15:00:00+00:00
[2026-09-04T12:07:07.267+0000] {processor.py:183} INFO - Processing /opt/airflow/dags/main.py took 1.169 seconds
[2026-09-04T12:07:37.914+0000] {processor.py:161} INFO - Started process (PID=216) to work on /opt/airflow/dags/main.py
[2026-09-04T12:07:37.917+0000] {processor.py:830} INFO - Processing file /opt/airflow/dags/main.py for tasks to queue
[2026-09-04T12:07:37.930+0000] {logging_mixin.py:188} INFO - [2026-09-04T12:07:37.929+0000] {dagbag.py:545} INFO - Filling up the DagBag from /opt/airflow/dags/main.py
[2026-09-04T12:07:38.236+0000] {logging_mixin.py:188} INFO - channel id is not executed
[2026-09-04T12:07:38.510+0000] {processor.py:840} INFO - DAG(s) 'update_db', 'produce_json' retrieved from /opt/airflow/dags/main.py
[2026-09-04T12:07:39.111+0000] {logging_mixin.py:188} INFO - [2026-09-04T12:07:39.111+0000] {dag.py:3096} INFO - Sync 2 DAGs
[2026-09-04T12:07:39.211+0000] {logging_mixin.py:188} INFO - [2026-09-04T12:07:39.211+0000] {dag.py:3954} INFO - Setting next_dagrun for produce_json to 2026-09-04 14:00:00+00:00, run_after=2026-09-05 14:00:00+00:00
[2026-09-04T12:07:39.230+0000] {logging_mixin.py:188} INFO - [2026-09-04T12:07:39.230+0000] {dag.py:3954} INFO - Setting next_dagrun for update_db to 2026-09-04 15:00:00+00:00, run_after=2026-09-05 15:00:00+00:00
[2026-09-04T12:07:39.306+0000] {processor.py:183} INFO - Processing /opt/airflow/dags/main.py took 1.408 seconds
[2026-09-04T12:08:10.134+0000] {processor.py:161} INFO - Started process (PID=228) to work on /opt/airflow/dags/main.py
[2026-09-04T12:08:10.145+0000] {processor.py:830} INFO - Processing file /opt/airflow/dags/main.py for tasks to queue
[2026-09-04T12:08:10.170+0000] {logging_mixin.py:188} INFO - [2026-09-04T12:08:10.170+0000] {dagbag.py:545} INFO - Filling up the DagBag from /opt/airflow/dags/main.py
[2026-09-04T12:08:12.135+0000] {logging_mixin.py:188} INFO - channel id is not executed
[2026-09-04T12:08:13.049+0000] {processor.py:840} INFO - DAG(s) 'produce_json', 'update_db' retrieved from /opt/airflow/dags/main.py
[2026-09-04T12:08:13.997+0000] {logging_mixin.py:188} INFO - [2026-09-04T12:08:13.996+0000] {dag.py:3096} INFO - Sync 2 DAGs
[2026-09-04T12:08:14.162+0000] {logging_mixin.py:188} INFO - [2026-09-04T12:08:14.161+0000] {dag.py:3954} INFO - Setting next_dagrun for produce_json to 2026-09-04 14:00:00+00:00, run_after=2026-09-05 14:00:00+00:00
[2026-09-04T12:08:14.196+0000] {logging_mixin.py:188} INFO - [2026-09-04T12:08:14.196+0000] {dag.py:3954} INFO - Setting next_dagrun for update_db to 2026-09-04 15:00:00+00:00, run_after=2026-09-05 15:00:00+00:00
[2026-09-04T12:08:14.393+0000] {processor.py:183} INFO - Processing /opt/airflow/dags/main.py took 4.398 seconds
[2026-09-04T12:08:44.637+0000] {processor.py:161} INFO - Started process (PID=235) to work on /opt/airflow/dags/main.py
[2026-09-04T12:08:44.644+0000] {processor.py:830} INFO - Processing file /opt/airflow/dags/main.py for tasks to queue
[2026-09-04T12:08:44.662+0000] {logging_mixin.py:188} INFO - [2026-09-04T12:08:44.660+0000] {dagbag.py:545} INFO - Filling up the DagBag from /opt/airflow/dags/main.py
[2026-09-04T12:08:44.774+0000] {logging_mixin.py:188} INFO - channel id is not executed
[2026-09-04T12:08:45.004+0000] {processor.py:840} INFO - DAG(s) 'update_db', 'produce_json' retrieved from /opt/airflow/dags/main.py
[2026-09-04T12:08:45.356+0000] {logging_mixin.py:188} INFO - [2026-09-04T12:08:45.356+0000] {dag.py:3096} INFO - Sync 2 DAGs
[2026-09-04T12:08:45.414+0000] {logging_mixin.py:188} INFO - [2026-09-04T12:08:45.414+0000] {dag.py:3954} INFO - Setting next_dagrun for produce_json to 2026-09-04 14:00:00+00:00, run_after=2026-09-05 14:00:00+00:00
[2026-09-04T12:08:45.434+0000] {logging_mixin.py:188} INFO - [2026-09-04T12:08:45.430+0000] {dag.py:3954} INFO - Setting next_dagrun for update_db to 2026-09-04 15:00:00+00:00, run_after=2026-09-05 15:00:00+00:00
[2026-09-04T12:08:45.482+0000] {processor.py:183} INFO - Processing /opt/airflow/dags/main.py took 0.857 seconds
[2026-09-04T12:09:15.696+0000] {processor.py:161} INFO - Started process (PID=241) to work on /opt/airflow/dags/main.py
[2026-09-04T12:09:15.701+0000] {processor.py:830} INFO - Processing file /opt/airflow/dags/main.py for tasks to queue
[2026-09-04T12:09:15.711+0000] {logging_mixin.py:188} INFO - [2026-09-04T12:09:15.710+0000] {dagbag.py:545} INFO - Filling up the DagBag from /opt/airflow/dags/main.py
[2026-09-04T12:09:16.039+0000] {logging_mixin.py:188} INFO - channel id is not executed
[2026-09-04T12:09:16.370+0000] {processor.py:840} INFO - DAG(s) 'produce_json', 'update_db' retrieved from /opt/airflow/dags/main.py
[2026-09-04T12:09:16.877+0000] {logging_mixin.py:188} INFO - [2026-09-04T12:09:16.876+0000] {dag.py:3096} INFO - Sync 2 DAGs
[2026-09-04T12:09:16.938+0000] {logging_mixin.py:188} INFO - [2026-09-04T12:09:16.937+0000] {dag.py:3954} INFO - Setting next_dagrun for produce_json to 2026-09-04 14:00:00+00:00, run_after=2026-09-05 14:00:00+00:00
[2026-09-04T12:09:16.952+0000] {logging_mixin.py:188} INFO - [2026-09-04T12:09:16.951+0000] {dag.py:3954} INFO - Setting next_dagrun for update_db to 2026-09-04 15:00:00+00:00, run_after=2026-09-05 15:00:00+00:00
[2026-09-04T12:09:17.013+0000] {processor.py:183} INFO - Processing /opt/airflow/dags/main.py took 1.335 seconds
