[2026-09-09T14:58:53.947+0000] {local_task_job_runner.py:120} INFO - ::group::Pre task execution logs
[2026-09-09T14:58:54.071+0000] {taskinstance.py:2076} INFO - Dependencies all met for dep_context=non-requeueable deps ti=<TaskInstance: update_db.staging_table manual__2026-09-09T14:58:12.046145+00:00 [queued]>
[2026-09-09T14:58:54.099+0000] {taskinstance.py:2076} INFO - Dependencies all met for dep_context=requeueable deps ti=<TaskInstance: update_db.staging_table manual__2026-09-09T14:58:12.046145+00:00 [queued]>
[2026-09-09T14:58:54.101+0000] {taskinstance.py:2306} INFO - Starting attempt 1 of 1
[2026-09-09T14:58:54.156+0000] {taskinstance.py:2330} INFO - Executing <Task(_PythonDecoratedOperator): staging_table> on 2026-09-09 14:58:12.046145+00:00
[2026-09-09T14:58:54.201+0000] {standard_task_runner.py:63} INFO - Started process 135 to run task
[2026-09-09T14:58:54.216+0000] {standard_task_runner.py:90} INFO - Running: ['airflow', 'tasks', 'run', 'update_db', 'staging_table', 'manual__2026-09-09T14:58:12.046145+00:00', '--job-id', '43', '--raw', '--subdir', 'DAGS_FOLDER/main.py', '--cfg-path', '/tmp/tmp9850gtxu']
[2026-09-09T14:58:54.246+0000] {standard_task_runner.py:91} INFO - Job 43: Subtask staging_table
[2026-09-09T14:58:54.553+0000] {task_command.py:426} INFO - Running <TaskInstance: update_db.staging_table manual__2026-09-09T14:58:12.046145+00:00 [running]> on host 38df0d50f382
[2026-09-09T14:58:54.779+0000] {taskinstance.py:2648} INFO - Exporting env vars: AIRFLOW_CTX_DAG_OWNER='airflow' AIRFLOW_CTX_DAG_ID='update_db' AIRFLOW_CTX_TASK_ID='staging_table' AIRFLOW_CTX_EXECUTION_DATE='2026-09-09T14:58:12.046145+00:00' AIRFLOW_CTX_TRY_NUMBER='1' AIRFLOW_CTX_DAG_RUN_ID='manual__2026-09-09T14:58:12.046145+00:00'
[2026-09-09T14:58:54.790+0000] {taskinstance.py:430} INFO - ::endgroup::
[2026-09-09T14:58:55.134+0000] {base.py:84} INFO - Using connection ID 'postgres_db_yt_elt' for task execution.
[2026-09-09T14:58:55.170+0000] {data_loading.py:10} INFO - processing file :yt_data2026-09-09
[2026-09-09T14:58:55.340+0000] {base.py:84} INFO - Using connection ID 'postgres_db_yt_elt' for task execution.
[2026-09-09T14:58:55.385+0000] {base.py:84} INFO - Using connection ID 'postgres_db_yt_elt' for task execution.
[2026-09-09T14:58:55.533+0000] {data_modification.py:53} INFO - updated row with video_id:a1hpoWWo16w
[2026-09-09T14:58:55.584+0000] {data_modification.py:53} INFO - updated row with video_id:xyV16N6Wj20
[2026-09-09T14:58:55.608+0000] {data_modification.py:53} INFO - updated row with video_id:wERidUx5p8o
[2026-09-09T14:58:55.631+0000] {data_modification.py:53} INFO - updated row with video_id:i1WfpuZErcM
[2026-09-09T14:58:55.640+0000] {data_modification.py:53} INFO - updated row with video_id:Oss-6cGsWs0
[2026-09-09T14:58:55.647+0000] {data_modification.py:53} INFO - updated row with video_id:IDeq2yJsyqg
[2026-09-09T14:58:55.653+0000] {data_modification.py:53} INFO - updated row with video_id:EbJcMAfEg0o
[2026-09-09T14:58:55.669+0000] {data_modification.py:53} INFO - updated row with video_id:IRi6AEqhq1Q
[2026-09-09T14:58:55.675+0000] {data_modification.py:53} INFO - updated row with video_id:G-ywA1D9-9o
[2026-09-09T14:58:55.681+0000] {data_modification.py:53} INFO - updated row with video_id:yW47gxbsqXo
[2026-09-09T14:58:55.688+0000] {data_modification.py:53} INFO - updated row with video_id:YbF5kbALBLU
[2026-09-09T14:58:55.696+0000] {data_modification.py:53} INFO - updated row with video_id:2WD845pHIj8
[2026-09-09T14:58:55.753+0000] {data_modification.py:53} INFO - updated row with video_id:8xzx8eEytPE
[2026-09-09T14:58:55.792+0000] {data_modification.py:53} INFO - updated row with video_id:MzM84euAhxM
[2026-09-09T14:58:55.840+0000] {data_modification.py:53} INFO - updated row with video_id:skF52qeMq24
[2026-09-09T14:58:55.888+0000] {data_modification.py:53} INFO - updated row with video_id:8JhstIzUFSU
[2026-09-09T14:58:55.941+0000] {data_modification.py:53} INFO - updated row with video_id:YkSVPY6A3xI
[2026-09-09T14:58:56.015+0000] {data_modification.py:53} INFO - updated row with video_id:s3eFlxgyz8Y
[2026-09-09T14:58:56.184+0000] {data_modification.py:53} INFO - updated row with video_id:7sRTX72yA7c
[2026-09-09T14:58:56.240+0000] {data_modification.py:53} INFO - updated row with video_id:F5FZQD1mols
[2026-09-09T14:58:56.269+0000] {data_modification.py:53} INFO - updated row with video_id:agk-_PhCifo
[2026-09-09T14:58:56.280+0000] {data_modification.py:53} INFO - updated row with video_id:XfsHfFeEJUo
[2026-09-09T14:58:56.303+0000] {data_modification.py:53} INFO - updated row with video_id:vMHnYDTaED8
[2026-09-09T14:58:56.348+0000] {data_modification.py:53} INFO - updated row with video_id:1eRGC_ebu5I
[2026-09-09T14:58:56.967+0000] {data_modification.py:53} INFO - updated row with video_id:JSuWrvJGpXA
[2026-09-09T14:58:57.081+0000] {data_modification.py:53} INFO - updated row with video_id:oxo3GW_NK7U
[2026-09-09T14:58:57.107+0000] {data_modification.py:53} INFO - updated row with video_id:OxVa--mRy-s
[2026-09-09T14:58:57.224+0000] {data_modification.py:53} INFO - updated row with video_id:c0Q9xhuDGUM
[2026-09-09T14:58:57.232+0000] {data_modification.py:53} INFO - updated row with video_id:qNO5CZ6y7Sg
[2026-09-09T14:58:57.289+0000] {data_modification.py:53} INFO - updated row with video_id:wUalnjVyGFg
[2026-09-09T14:58:57.384+0000] {data_modification.py:53} INFO - updated row with video_id:lC3CslH1Jk0
[2026-09-09T14:58:57.647+0000] {data_modification.py:53} INFO - updated row with video_id:BRV8sVfAYes
[2026-09-09T14:58:57.770+0000] {data_modification.py:53} INFO - updated row with video_id:TFb5VZbTWW8
[2026-09-09T14:58:57.819+0000] {data_modification.py:53} INFO - updated row with video_id:5otzIsTRAVs
[2026-09-09T14:58:57.892+0000] {data_modification.py:53} INFO - updated row with video_id:FfAKSF-BsuE
[2026-09-09T14:58:58.129+0000] {data_modification.py:53} INFO - updated row with video_id:SKwDxy_sYGg
[2026-09-09T14:58:58.223+0000] {data_modification.py:53} INFO - updated row with video_id:9IK7SHy2EqM
[2026-09-09T14:58:58.335+0000] {data_modification.py:53} INFO - updated row with video_id:d1p87GyuI-4
[2026-09-09T14:58:58.492+0000] {data_modification.py:53} INFO - updated row with video_id:e_bOcDQSXfs
[2026-09-09T14:58:58.849+0000] {data_modification.py:53} INFO - updated row with video_id:DS5S02PItCg
[2026-09-09T14:58:59.003+0000] {data_modification.py:53} INFO - updated row with video_id:_op31YCic1c
[2026-09-09T14:58:59.021+0000] {data_modification.py:53} INFO - updated row with video_id:lG0Ti2QmcnA
[2026-09-09T14:58:59.212+0000] {data_modification.py:53} INFO - updated row with video_id:Kt7Qc-yd2C0
[2026-09-09T14:58:59.268+0000] {data_modification.py:53} INFO - updated row with video_id:9VbzTx6a6Zw
[2026-09-09T14:58:59.369+0000] {data_modification.py:53} INFO - updated row with video_id:huWjmj9lkHU
[2026-09-09T14:58:59.378+0000] {data_modification.py:53} INFO - updated row with video_id:YwHccmbbOnY
[2026-09-09T14:58:59.389+0000] {data_modification.py:53} INFO - updated row with video_id:M4gCCt3UpcE
[2026-09-09T14:58:59.430+0000] {data_modification.py:53} INFO - updated row with video_id:5f3Q67DGtc4
[2026-09-09T14:58:59.505+0000] {data_modification.py:53} INFO - updated row with video_id:LM-v9I2QBks
[2026-09-09T14:58:59.570+0000] {data_modification.py:53} INFO - updated row with video_id:6BSLjhKQEBs
[2026-09-09T14:58:59.610+0000] {data_modification.py:53} INFO - updated row with video_id:nifgXMP448M
[2026-09-09T14:58:59.687+0000] {data_modification.py:53} INFO - updated row with video_id:1Fv8GCjK94s
[2026-09-09T14:58:59.704+0000] {data_modification.py:53} INFO - updated row with video_id:Pd9QVyZJrFw
[2026-09-09T14:58:59.718+0000] {data_modification.py:53} INFO - updated row with video_id:NkesgkugFJc
[2026-09-09T14:58:59.724+0000] {data_modification.py:53} INFO - updated row with video_id:JSN5fRIsj7o
[2026-09-09T14:58:59.739+0000] {data_modification.py:53} INFO - updated row with video_id:l9zxVm6Hzkw
[2026-09-09T14:58:59.768+0000] {data_modification.py:53} INFO - updated row with video_id:ep146L7Cn_Q
[2026-09-09T14:58:59.783+0000] {data_modification.py:53} INFO - updated row with video_id:Rt2D04o3Ivo
[2026-09-09T14:58:59.800+0000] {data_modification.py:53} INFO - updated row with video_id:3uFAdp89LlQ
[2026-09-09T14:58:59.806+0000] {data_modification.py:53} INFO - updated row with video_id:55U_nTv0J24
[2026-09-09T14:58:59.834+0000] {data_modification.py:53} INFO - updated row with video_id:mV6hsABC1G8
[2026-09-09T14:58:59.839+0000] {data_modification.py:53} INFO - updated row with video_id:S7fQPwg_YeM
[2026-09-09T14:58:59.855+0000] {data_modification.py:53} INFO - updated row with video_id:xi_NGNV9dOE
[2026-09-09T14:58:59.870+0000] {data_modification.py:53} INFO - updated row with video_id:lPa85hGrtco
[2026-09-09T14:58:59.877+0000] {data_modification.py:53} INFO - updated row with video_id:lAS7IbGvgPI
[2026-09-09T14:58:59.905+0000] {data_modification.py:53} INFO - updated row with video_id:MoQWJHTnOl8
[2026-09-09T14:58:59.938+0000] {data_modification.py:53} INFO - updated row with video_id:SNyz3ZIqhng
[2026-09-09T14:58:59.943+0000] {data_modification.py:53} INFO - updated row with video_id:mWahK6-1oZ8
[2026-09-09T14:58:59.955+0000] {data_modification.py:53} INFO - updated row with video_id:m6_wcSfUHLg
[2026-09-09T14:58:59.983+0000] {data_modification.py:53} INFO - updated row with video_id:HDfEPIyikzs
[2026-09-09T14:59:00.084+0000] {data_modification.py:53} INFO - updated row with video_id:UQzTT3UYSMg
[2026-09-09T14:59:00.141+0000] {data_modification.py:53} INFO - updated row with video_id:30k_D9vBDeI
[2026-09-09T14:59:00.158+0000] {data_modification.py:53} INFO - updated row with video_id:DteH9UwOfpA
[2026-09-09T14:59:00.234+0000] {data_modification.py:53} INFO - updated row with video_id:xFYXMnzcBb0
[2026-09-09T14:59:00.250+0000] {data_modification.py:53} INFO - updated row with video_id:2NDahJhphvI
[2026-09-09T14:59:00.272+0000] {data_modification.py:53} INFO - updated row with video_id:cQnGEvNdUcg
[2026-09-09T14:59:00.283+0000] {data_modification.py:53} INFO - updated row with video_id:tHaMPyO9v2M
[2026-09-09T14:59:00.289+0000] {data_modification.py:53} INFO - updated row with video_id:aQkpkcbBBS4
[2026-09-09T14:59:00.299+0000] {data_modification.py:53} INFO - updated row with video_id:F7oCnostH8A
[2026-09-09T14:59:00.314+0000] {data_modification.py:53} INFO - updated row with video_id:o1_j2TvF_BE
[2026-09-09T14:59:00.322+0000] {data_modification.py:53} INFO - updated row with video_id:R3nZ2MxkvRs
[2026-09-09T14:59:00.335+0000] {data_modification.py:53} INFO - updated row with video_id:9YmrT-Q_vDQ
[2026-09-09T14:59:00.342+0000] {data_modification.py:53} INFO - updated row with video_id:2N6XYRDh41s
[2026-09-09T14:59:00.351+0000] {data_modification.py:53} INFO - updated row with video_id:zJVdQEZ5bjY
[2026-09-09T14:59:00.359+0000] {data_modification.py:53} INFO - updated row with video_id:IBai8qm-nqs
[2026-09-09T14:59:00.367+0000] {data_modification.py:53} INFO - updated row with video_id:z3yae8OIPEU
[2026-09-09T14:59:00.383+0000] {data_modification.py:53} INFO - updated row with video_id:t_Ux3gZGWOw
[2026-09-09T14:59:00.388+0000] {data_modification.py:53} INFO - updated row with video_id:B3t9lKS1jg4
[2026-09-09T14:59:00.399+0000] {data_modification.py:53} INFO - updated row with video_id:9quuSVZ9AMQ
[2026-09-09T14:59:00.414+0000] {data_modification.py:53} INFO - updated row with video_id:abn1bLSho10
[2026-09-09T14:59:00.421+0000] {data_modification.py:53} INFO - updated row with video_id:leXKZMScM4Y
[2026-09-09T14:59:00.433+0000] {data_modification.py:53} INFO - updated row with video_id:2Ws8tNEWoeo
[2026-09-09T14:59:00.438+0000] {data_modification.py:53} INFO - updated row with video_id:Fuzws1RYblA
[2026-09-09T14:59:00.449+0000] {data_modification.py:53} INFO - updated row with video_id:qL2JYPPN8EU
[2026-09-09T14:59:00.454+0000] {data_modification.py:53} INFO - updated row with video_id:tiaFVm698Sc
[2026-09-09T14:59:00.463+0000] {data_modification.py:53} INFO - updated row with video_id:2tQZ47H3TwY
[2026-09-09T14:59:00.484+0000] {data_modification.py:53} INFO - updated row with video_id:On67fQtw48w
[2026-09-09T14:59:00.490+0000] {data_modification.py:53} INFO - updated row with video_id:xiJYe1hErzQ
[2026-09-09T14:59:00.500+0000] {data_modification.py:53} INFO - updated row with video_id:Vbkb2hV4i5s
[2026-09-09T14:59:00.507+0000] {data_modification.py:53} INFO - updated row with video_id:5JS4aH5rBBo
[2026-09-09T14:59:00.524+0000] {data_modification.py:53} INFO - updated row with video_id:56Z1Vj8AJVE
[2026-09-09T14:59:00.540+0000] {data_modification.py:53} INFO - updated row with video_id:9uGS4lK92lA
[2026-09-09T14:59:00.552+0000] {data_modification.py:53} INFO - updated row with video_id:sFpJntYxuGA
[2026-09-09T14:59:00.583+0000] {data_modification.py:53} INFO - updated row with video_id:bE83nlnfbNs
[2026-09-09T14:59:00.592+0000] {data_modification.py:53} INFO - updated row with video_id:4lRQM-ZUpK4
[2026-09-09T14:59:00.599+0000] {data_modification.py:53} INFO - updated row with video_id:c8snwP7Ctvc
[2026-09-09T14:59:00.611+0000] {data_modification.py:53} INFO - updated row with video_id:rMcspGVkJW4
[2026-09-09T14:59:00.616+0000] {data_modification.py:53} INFO - updated row with video_id:2YYYAGTE2zg
[2026-09-09T14:59:00.624+0000] {data_modification.py:53} INFO - updated row with video_id:XslYAEmp9Ws
[2026-09-09T14:59:00.636+0000] {data_modification.py:53} INFO - updated row with video_id:OETbOK0ntWk
[2026-09-09T14:59:00.656+0000] {data_modification.py:53} INFO - updated row with video_id:RuybpAvrFYE
[2026-09-09T14:59:00.661+0000] {data_modification.py:53} INFO - updated row with video_id:Jmc77n88PWY
[2026-09-09T14:59:00.667+0000] {data_modification.py:53} INFO - updated row with video_id:ticbllOFceM
[2026-09-09T14:59:00.672+0000] {data_modification.py:53} INFO - updated row with video_id:LRey5gfcBwg
[2026-09-09T14:59:00.680+0000] {data_modification.py:53} INFO - updated row with video_id:TNs5-ACYAG8
[2026-09-09T14:59:00.688+0000] {data_modification.py:53} INFO - updated row with video_id:NVyEbINHwwY
[2026-09-09T14:59:00.704+0000] {data_modification.py:53} INFO - updated row with video_id:C4pY9eTIgvw
[2026-09-09T14:59:00.715+0000] {data_modification.py:53} INFO - updated row with video_id:z3UhFmDjqxE
[2026-09-09T14:59:00.725+0000] {data_modification.py:53} INFO - updated row with video_id:S-DxMZzq9MU
[2026-09-09T14:59:00.741+0000] {data_modification.py:53} INFO - updated row with video_id:houoIa_y3nA
[2026-09-09T14:59:00.748+0000] {data_modification.py:53} INFO - updated row with video_id:cjiqF4VlSRA
[2026-09-09T14:59:00.754+0000] {data_modification.py:53} INFO - updated row with video_id:c_q4-73DjcI
[2026-09-09T14:59:00.763+0000] {data_modification.py:53} INFO - updated row with video_id:gnMg6CAZKuo
[2026-09-09T14:59:00.769+0000] {data_modification.py:53} INFO - updated row with video_id:tCh7uAF9BCs
[2026-09-09T14:59:00.774+0000] {data_modification.py:53} INFO - updated row with video_id:rc2kZk0S3Sg
[2026-09-09T14:59:00.786+0000] {data_modification.py:53} INFO - updated row with video_id:vYk4y7-br2o
[2026-09-09T14:59:00.792+0000] {data_modification.py:53} INFO - updated row with video_id:gRMOge4k2uQ
[2026-09-09T14:59:00.800+0000] {data_modification.py:53} INFO - updated row with video_id:TcQJNy1RhJg
[2026-09-09T14:59:00.806+0000] {data_modification.py:53} INFO - updated row with video_id:wCLL5Oafw7w
[2026-09-09T14:59:00.815+0000] {data_modification.py:53} INFO - updated row with video_id:KjxbkszU4xA
[2026-09-09T14:59:00.823+0000] {data_modification.py:53} INFO - updated row with video_id:3lFilSPxScM
[2026-09-09T14:59:00.831+0000] {data_modification.py:53} INFO - updated row with video_id:aMktu9j-OCY
[2026-09-09T14:59:00.837+0000] {data_modification.py:53} INFO - updated row with video_id:aWa_Sd_IBME
[2026-09-09T14:59:00.867+0000] {data_modification.py:53} INFO - updated row with video_id:XNiTVeR8t_s
[2026-09-09T14:59:00.876+0000] {data_modification.py:53} INFO - updated row with video_id:pV1ZiYm5pwA
[2026-09-09T14:59:00.884+0000] {data_modification.py:53} INFO - updated row with video_id:4TI5WqaNOwA
[2026-09-09T14:59:00.917+0000] {data_modification.py:53} INFO - updated row with video_id:mrkfROfB_DA
[2026-09-09T14:59:00.983+0000] {data_modification.py:53} INFO - updated row with video_id:s3Uzz22Z9bM
[2026-09-09T14:59:01.064+0000] {data_modification.py:53} INFO - updated row with video_id:yfEYaLt6lkI
[2026-09-09T14:59:01.106+0000] {data_modification.py:53} INFO - updated row with video_id:WjwPSjCZ050
[2026-09-09T14:59:01.154+0000] {data_modification.py:53} INFO - updated row with video_id:F30CG1X-_MA
[2026-09-09T14:59:01.192+0000] {data_modification.py:53} INFO - updated row with video_id:d9hA_NvH6E0
[2026-09-09T14:59:01.241+0000] {data_modification.py:53} INFO - updated row with video_id:YZXiKednj-M
[2026-09-09T14:59:01.259+0000] {data_modification.py:53} INFO - updated row with video_id:dcydwLXBkKQ
[2026-09-09T14:59:01.303+0000] {data_modification.py:53} INFO - updated row with video_id:POnP8uVHrJw
[2026-09-09T14:59:01.313+0000] {data_modification.py:53} INFO - updated row with video_id:tTMfi_eBCQM
[2026-09-09T14:59:01.318+0000] {data_modification.py:53} INFO - updated row with video_id:A9I_zrYlZTs
[2026-09-09T14:59:01.336+0000] {data_modification.py:53} INFO - updated row with video_id:Wxly14_ikNw
[2026-09-09T14:59:01.356+0000] {data_modification.py:53} INFO - updated row with video_id:5eEB1CXpiJs
[2026-09-09T14:59:01.372+0000] {data_modification.py:53} INFO - updated row with video_id:uN9sdZ8b4sM
[2026-09-09T14:59:01.390+0000] {data_modification.py:53} INFO - updated row with video_id:1ih9XRA7X6Q
[2026-09-09T14:59:01.405+0000] {data_modification.py:53} INFO - updated row with video_id:rgnm51LV5G4
[2026-09-09T14:59:01.417+0000] {data_modification.py:53} INFO - updated row with video_id:YS_53Jd2BDA
[2026-09-09T14:59:01.455+0000] {data_modification.py:53} INFO - updated row with video_id:uEaRhTYH18g
[2026-09-09T14:59:01.483+0000] {data_modification.py:53} INFO - updated row with video_id:LTKW8r6tQcw
[2026-09-09T14:59:01.542+0000] {data_modification.py:53} INFO - updated row with video_id:_-BjT6LZvfw
[2026-09-09T14:59:01.591+0000] {data_modification.py:53} INFO - updated row with video_id:s_yuclAkJ68
[2026-09-09T14:59:01.615+0000] {data_modification.py:53} INFO - updated row with video_id:82CTopJZUxo
[2026-09-09T14:59:01.653+0000] {data_modification.py:53} INFO - updated row with video_id:vgvOmrq75Do
[2026-09-09T14:59:01.667+0000] {data_modification.py:53} INFO - updated row with video_id:UKdNEo_iCg4
[2026-09-09T14:59:01.679+0000] {data_modification.py:53} INFO - updated row with video_id:Kj5r3TVBYtA
[2026-09-09T14:59:01.695+0000] {data_modification.py:53} INFO - updated row with video_id:ZyIUEuydmNo
[2026-09-09T14:59:01.711+0000] {data_modification.py:53} INFO - updated row with video_id:nJYAn6BgKUE
[2026-09-09T14:59:01.734+0000] {data_modification.py:53} INFO - updated row with video_id:frmYvKInYgI
[2026-09-09T14:59:01.740+0000] {data_modification.py:53} INFO - updated row with video_id:avk5yHHthiY
[2026-09-09T14:59:01.747+0000] {data_modification.py:53} INFO - updated row with video_id:3NDoiMZa_F8
[2026-09-09T14:59:01.796+0000] {data_modification.py:53} INFO - updated row with video_id:LRZBr7iT5EM
[2026-09-09T14:59:01.843+0000] {data_modification.py:53} INFO - updated row with video_id:KUyHjkeSmTI
[2026-09-09T14:59:01.882+0000] {data_modification.py:53} INFO - updated row with video_id:PKSTsQXba0A
[2026-09-09T14:59:01.945+0000] {data_modification.py:53} INFO - updated row with video_id:tKsWPPcrbM4
[2026-09-09T14:59:01.960+0000] {data_modification.py:53} INFO - updated row with video_id:1kMQyLg7jl8
[2026-09-09T14:59:01.968+0000] {data_modification.py:53} INFO - updated row with video_id:AlOEIfODjms
[2026-09-09T14:59:02.036+0000] {data_modification.py:53} INFO - updated row with video_id:FZfTgZCxkHs
[2026-09-09T14:59:02.077+0000] {data_modification.py:53} INFO - updated row with video_id:HsynU0lgZEc
[2026-09-09T14:59:02.102+0000] {data_modification.py:53} INFO - updated row with video_id:6kdJi9-drsI
[2026-09-09T14:59:02.145+0000] {data_modification.py:53} INFO - updated row with video_id:iBAo_dHjuGk
[2026-09-09T14:59:02.197+0000] {data_modification.py:53} INFO - updated row with video_id:phtjWWF_pbs
[2026-09-09T14:59:02.208+0000] {data_modification.py:53} INFO - updated row with video_id:l3KmhPRh4Xk
[2026-09-09T14:59:02.214+0000] {data_modification.py:53} INFO - updated row with video_id:1_jjR60cCCQ
[2026-09-09T14:59:02.247+0000] {data_modification.py:53} INFO - updated row with video_id:S6vJPaxEkUs
[2026-09-09T14:59:02.284+0000] {data_modification.py:53} INFO - updated row with video_id:vh2_hw-cTAk
[2026-09-09T14:59:02.304+0000] {data_modification.py:53} INFO - updated row with video_id:pqwO_2z9E7o
[2026-09-09T14:59:02.310+0000] {data_modification.py:53} INFO - updated row with video_id:DoVqxPjdZvc
[2026-09-09T14:59:02.319+0000] {data_modification.py:53} INFO - updated row with video_id:q3SKAxnqAek
[2026-09-09T14:59:02.343+0000] {data_modification.py:53} INFO - updated row with video_id:WIiMkuPFEN8
[2026-09-09T14:59:02.349+0000] {data_modification.py:53} INFO - updated row with video_id:hX-Wpv9DsDM
[2026-09-09T14:59:02.359+0000] {data_modification.py:53} INFO - updated row with video_id:faF_2A26_VI
[2026-09-09T14:59:02.377+0000] {data_modification.py:53} INFO - updated row with video_id:rsnv-WxSfO8
[2026-09-09T14:59:02.383+0000] {data_modification.py:53} INFO - updated row with video_id:x9Xut2sKdbg
[2026-09-09T14:59:02.396+0000] {data_modification.py:53} INFO - updated row with video_id:K_Y5cS2AikI
[2026-09-09T14:59:02.471+0000] {data_modification.py:53} INFO - updated row with video_id:qYCY0DIzOPw
[2026-09-09T14:59:02.530+0000] {data_modification.py:53} INFO - updated row with video_id:l8bJ3lH6UnY
[2026-09-09T14:59:02.536+0000] {data_modification.py:53} INFO - updated row with video_id:82Wo9PsUIQk
[2026-09-09T14:59:02.542+0000] {data_modification.py:53} INFO - updated row with video_id:ufeu7XgRTDU
[2026-09-09T14:59:02.571+0000] {data_modification.py:53} INFO - updated row with video_id:vr7ztihxB_A
[2026-09-09T14:59:02.587+0000] {data_modification.py:53} INFO - updated row with video_id:5Ol29m2jfqo
[2026-09-09T14:59:02.595+0000] {data_modification.py:53} INFO - updated row with video_id:J8abhDLpsVA
[2026-09-09T14:59:02.601+0000] {data_modification.py:53} INFO - updated row with video_id:WsPvlu3FBMg
[2026-09-09T14:59:02.606+0000] {data_modification.py:53} INFO - updated row with video_id:dMqJ0xY4-34
[2026-09-09T14:59:02.612+0000] {data_modification.py:53} INFO - updated row with video_id:HGHmE__w5rM
[2026-09-09T14:59:02.617+0000] {data_modification.py:53} INFO - updated row with video_id:HxLotijFvvk
[2026-09-09T14:59:02.625+0000] {data_modification.py:53} INFO - updated row with video_id:yxDndJhVSv4
[2026-09-09T14:59:02.635+0000] {data_modification.py:53} INFO - updated row with video_id:OFCdcLbINuc
[2026-09-09T14:59:02.643+0000] {data_modification.py:53} INFO - updated row with video_id:Ps29eztqMdo
[2026-09-09T14:59:02.654+0000] {data_modification.py:53} INFO - updated row with video_id:8mTCRZJEAQg
[2026-09-09T14:59:02.678+0000] {data_modification.py:53} INFO - updated row with video_id:folWzIEqjcE
[2026-09-09T14:59:02.698+0000] {data_modification.py:53} INFO - updated row with video_id:E306-fOHlII
[2026-09-09T14:59:02.711+0000] {data_modification.py:53} INFO - updated row with video_id:mROG8iwYcQ0
[2026-09-09T14:59:02.725+0000] {data_modification.py:53} INFO - updated row with video_id:tILtZ8YK9G0
[2026-09-09T14:59:02.831+0000] {data_modification.py:53} INFO - updated row with video_id:rc9w9IWthMc
[2026-09-09T14:59:02.924+0000] {data_modification.py:53} INFO - updated row with video_id:zrEoqra9RhM
[2026-09-09T14:59:02.984+0000] {data_modification.py:53} INFO - updated row with video_id:lFtKLhV87Ps
[2026-09-09T14:59:03.007+0000] {data_modification.py:53} INFO - updated row with video_id:PZ9BDXlew-Q
[2026-09-09T14:59:03.015+0000] {data_modification.py:53} INFO - updated row with video_id:CRyGanOhLE8
[2026-09-09T14:59:03.040+0000] {data_modification.py:53} INFO - updated row with video_id:ifSegYm8n5U
[2026-09-09T14:59:03.055+0000] {data_modification.py:53} INFO - updated row with video_id:imT2c4Efoxc
[2026-09-09T14:59:03.092+0000] {data_modification.py:53} INFO - updated row with video_id:kVqAeo6k6b0
[2026-09-09T14:59:03.109+0000] {data_modification.py:53} INFO - updated row with video_id:VkKRL-QMdm0
[2026-09-09T14:59:03.125+0000] {data_modification.py:53} INFO - updated row with video_id:YufZFo44fOg
[2026-09-09T14:59:03.166+0000] {data_modification.py:53} INFO - updated row with video_id:vsmkR_DAfjY
[2026-09-09T14:59:03.184+0000] {data_modification.py:53} INFO - updated row with video_id:tYwFsaZ5prU
[2026-09-09T14:59:03.199+0000] {data_modification.py:53} INFO - updated row with video_id:h7W9n4ZtreU
[2026-09-09T14:59:03.207+0000] {data_modification.py:53} INFO - updated row with video_id:2RW_lIK3DdY
[2026-09-09T14:59:03.227+0000] {data_modification.py:53} INFO - updated row with video_id:r931dwUWKWw
[2026-09-09T14:59:03.253+0000] {data_modification.py:53} INFO - updated row with video_id:OQkiDkzfO9M
[2026-09-09T14:59:03.271+0000] {data_modification.py:53} INFO - updated row with video_id:oDtim-xT4hY
[2026-09-09T14:59:03.292+0000] {data_modification.py:53} INFO - updated row with video_id:Qwo-_lGU9_Q
[2026-09-09T14:59:03.320+0000] {data_modification.py:53} INFO - updated row with video_id:-n639Qz1Z6s
[2026-09-09T14:59:03.342+0000] {data_modification.py:53} INFO - updated row with video_id:K05MHZIZE_M
[2026-09-09T14:59:03.387+0000] {data_modification.py:53} INFO - updated row with video_id:3aY-iI1in0o
[2026-09-09T14:59:03.413+0000] {data_modification.py:53} INFO - updated row with video_id:1pSL3zzXv6U
[2026-09-09T14:59:03.496+0000] {data_modification.py:53} INFO - updated row with video_id:YIxLzwe9TRg
[2026-09-09T14:59:03.512+0000] {data_modification.py:53} INFO - updated row with video_id:RiACzN_oEcw
[2026-09-09T14:59:03.543+0000] {data_modification.py:53} INFO - updated row with video_id:qVdpUPEmraQ
[2026-09-09T14:59:03.597+0000] {data_modification.py:53} INFO - updated row with video_id:XlgAYgHwAeA
[2026-09-09T14:59:03.613+0000] {data_modification.py:53} INFO - updated row with video_id:1_eXlgOmZrw
[2026-09-09T14:59:03.629+0000] {data_modification.py:53} INFO - updated row with video_id:cp89mKKsaB4
[2026-09-09T14:59:03.661+0000] {data_modification.py:53} INFO - updated row with video_id:nn_wUjssxBM
[2026-09-09T14:59:03.680+0000] {data_modification.py:53} INFO - updated row with video_id:yrv5mx2FNlI
[2026-09-09T14:59:03.696+0000] {data_modification.py:53} INFO - updated row with video_id:3Ig6xw2uHWc
[2026-09-09T14:59:03.725+0000] {data_modification.py:53} INFO - updated row with video_id:wRiKgDvDHpw
[2026-09-09T14:59:03.757+0000] {data_modification.py:53} INFO - updated row with video_id:CINPEPr52Lk
[2026-09-09T14:59:03.762+0000] {data_modification.py:53} INFO - updated row with video_id:FAWR-9zNwZY
[2026-09-09T14:59:03.805+0000] {data_modification.py:53} INFO - updated row with video_id:LzwW00RiEgI
[2026-09-09T14:59:03.817+0000] {data_modification.py:53} INFO - updated row with video_id:VIZG5p4RtGc
[2026-09-09T14:59:03.830+0000] {data_modification.py:53} INFO - updated row with video_id:cOt8NPeZl-E
[2026-09-09T14:59:03.844+0000] {data_modification.py:53} INFO - updated row with video_id:_yQHto8HAhs
[2026-09-09T14:59:03.878+0000] {data_modification.py:53} INFO - updated row with video_id:kWc9LMluJCg
[2026-09-09T14:59:03.909+0000] {data_modification.py:53} INFO - updated row with video_id:py-iVNeO67E
[2026-09-09T14:59:03.942+0000] {data_modification.py:53} INFO - updated row with video_id:7cFg8rrSH5A
[2026-09-09T14:59:03.973+0000] {data_modification.py:53} INFO - updated row with video_id:IFhR27BUzb0
[2026-09-09T14:59:03.997+0000] {data_modification.py:53} INFO - updated row with video_id:1k490VsEWVs
[2026-09-09T14:59:04.022+0000] {data_modification.py:53} INFO - updated row with video_id:cOb2jvIfDzs
[2026-09-09T14:59:04.069+0000] {data_modification.py:53} INFO - updated row with video_id:qqOSqZfh94E
[2026-09-09T14:59:04.098+0000] {data_modification.py:53} INFO - updated row with video_id:s-IHUg0vyZk
[2026-09-09T14:59:04.184+0000] {data_modification.py:53} INFO - updated row with video_id:MAYRq72f8MI
[2026-09-09T14:59:04.194+0000] {data_modification.py:53} INFO - updated row with video_id:1PzfU6DmTaU
[2026-09-09T14:59:04.211+0000] {data_modification.py:53} INFO - updated row with video_id:SZEoj7UvfOg
[2026-09-09T14:59:04.230+0000] {data_modification.py:53} INFO - updated row with video_id:k7ASEOEh-o8
[2026-09-09T14:59:04.239+0000] {data_modification.py:53} INFO - updated row with video_id:xdk8MufwqXY
[2026-09-09T14:59:04.254+0000] {data_modification.py:53} INFO - updated row with video_id:nBO5AzqLuxY
[2026-09-09T14:59:04.269+0000] {data_modification.py:53} INFO - updated row with video_id:h0iUIPzhT14
[2026-09-09T14:59:04.289+0000] {data_modification.py:53} INFO - updated row with video_id:qnurXbu2vio
[2026-09-09T14:59:04.303+0000] {data_modification.py:53} INFO - updated row with video_id:9FFmOPFKEbI
[2026-09-09T14:59:04.313+0000] {data_modification.py:53} INFO - updated row with video_id:fn_MDAV0cpk
[2026-09-09T14:59:04.322+0000] {data_modification.py:53} INFO - updated row with video_id:anj_yXXbP4I
[2026-09-09T14:59:04.335+0000] {data_modification.py:53} INFO - updated row with video_id:DQGgzjgjXOU
[2026-09-09T14:59:04.381+0000] {data_modification.py:53} INFO - updated row with video_id:YQ28kqa3lIo
[2026-09-09T14:59:04.432+0000] {data_modification.py:53} INFO - updated row with video_id:vL0GpmOAffU
[2026-09-09T14:59:04.490+0000] {data_modification.py:53} INFO - updated row with video_id:2p193IbrfBs
[2026-09-09T14:59:04.703+0000] {data_modification.py:53} INFO - updated row with video_id:JL2yNF08bRI
[2026-09-09T14:59:05.066+0000] {data_modification.py:53} INFO - updated row with video_id:prghIqZXVIE
[2026-09-09T14:59:05.171+0000] {data_modification.py:53} INFO - updated row with video_id:BPNJ_Q7MA6w
[2026-09-09T14:59:05.219+0000] {data_modification.py:53} INFO - updated row with video_id:0JWMzSBd_3U
[2026-09-09T14:59:05.267+0000] {data_modification.py:53} INFO - updated row with video_id:9Ts6zCpxWG8
[2026-09-09T14:59:05.298+0000] {data_modification.py:53} INFO - updated row with video_id:Ab2EBhjxex4
[2026-09-09T14:59:05.335+0000] {data_modification.py:53} INFO - updated row with video_id:plRvyekBjKk
[2026-09-09T14:59:05.367+0000] {data_modification.py:53} INFO - updated row with video_id:dLV3Dfz1eJ8
[2026-09-09T14:59:05.402+0000] {data_modification.py:53} INFO - updated row with video_id:teOZDU_Ha50
[2026-09-09T14:59:05.431+0000] {data_modification.py:53} INFO - updated row with video_id:sGAncfME8_o
[2026-09-09T14:59:05.450+0000] {data_modification.py:53} INFO - updated row with video_id:skOB_GTPpP8
[2026-09-09T14:59:05.465+0000] {data_modification.py:53} INFO - updated row with video_id:tEpMU8atFlE
[2026-09-09T14:59:05.478+0000] {data_modification.py:53} INFO - updated row with video_id:mhu86BPC97U
[2026-09-09T14:59:05.489+0000] {data_modification.py:53} INFO - updated row with video_id:iYxVMvUaxig
[2026-09-09T14:59:05.500+0000] {data_modification.py:53} INFO - updated row with video_id:spNXTxZUNNQ
[2026-09-09T14:59:05.510+0000] {data_modification.py:53} INFO - updated row with video_id:ZmCm_TzTBWY
[2026-09-09T14:59:05.516+0000] {data_modification.py:53} INFO - updated row with video_id:Z738L-asFHw
[2026-09-09T14:59:05.532+0000] {data_modification.py:53} INFO - updated row with video_id:0_yZHL8aOpU
[2026-09-09T14:59:05.556+0000] {data_modification.py:53} INFO - updated row with video_id:K0RVbxnSmEY
[2026-09-09T14:59:05.564+0000] {data_modification.py:53} INFO - updated row with video_id:3p5u0gX30b8
[2026-09-09T14:59:05.573+0000] {data_modification.py:53} INFO - updated row with video_id:Ejt3R9lUUsY
[2026-09-09T14:59:05.588+0000] {data_modification.py:53} INFO - updated row with video_id:doffT2sd4Lc
[2026-09-09T14:59:05.603+0000] {data_modification.py:53} INFO - updated row with video_id:pk7hqssRQN4
[2026-09-09T14:59:05.639+0000] {data_modification.py:53} INFO - updated row with video_id:Ui9g4t2u4vY
[2026-09-09T14:59:05.650+0000] {data_modification.py:53} INFO - updated row with video_id:ROpGKkYIwW0
[2026-09-09T14:59:05.660+0000] {data_modification.py:53} INFO - updated row with video_id:_B_rryDkmCw
[2026-09-09T14:59:05.667+0000] {data_modification.py:53} INFO - updated row with video_id:KuUichFesYE
[2026-09-09T14:59:05.674+0000] {data_modification.py:53} INFO - updated row with video_id:4_gTwqoMBRc
[2026-09-09T14:59:05.681+0000] {data_modification.py:53} INFO - updated row with video_id:Zte7JTB1KE8
[2026-09-09T14:59:05.687+0000] {data_modification.py:53} INFO - updated row with video_id:IWT9z6VMeDY
[2026-09-09T14:59:05.695+0000] {data_modification.py:53} INFO - updated row with video_id:g6BMGNnFOvw
[2026-09-09T14:59:05.702+0000] {data_modification.py:53} INFO - updated row with video_id:6NYjDxDwnFo
[2026-09-09T14:59:05.709+0000] {data_modification.py:53} INFO - updated row with video_id:0S-Y1vZwR1A
[2026-09-09T14:59:05.715+0000] {data_modification.py:53} INFO - updated row with video_id:vxoPTv59BYc
[2026-09-09T14:59:05.721+0000] {data_modification.py:53} INFO - updated row with video_id:wdpvOJWF9EM
[2026-09-09T14:59:05.729+0000] {data_modification.py:53} INFO - updated row with video_id:ZPMXOMLJjEY
[2026-09-09T14:59:05.736+0000] {data_modification.py:53} INFO - updated row with video_id:sTwj4aDXXSI
[2026-09-09T14:59:05.747+0000] {data_modification.py:53} INFO - updated row with video_id:F36Q1O7k6p0
[2026-09-09T14:59:05.755+0000] {data_modification.py:53} INFO - updated row with video_id:1zzwCGWXMz8
[2026-09-09T14:59:05.763+0000] {data_modification.py:53} INFO - updated row with video_id:h-hckxOYL2Q
[2026-09-09T14:59:05.770+0000] {data_modification.py:53} INFO - updated row with video_id:8gqxv6HZHRU
[2026-09-09T14:59:05.781+0000] {data_modification.py:53} INFO - updated row with video_id:e_UkPXXLaZM
[2026-09-09T14:59:05.808+0000] {data_modification.py:53} INFO - updated row with video_id:nL-TOAiOEKI
[2026-09-09T14:59:05.847+0000] {data_modification.py:53} INFO - updated row with video_id:6xzhYN9UYVw
[2026-09-09T14:59:05.864+0000] {data_modification.py:53} INFO - updated row with video_id:utjXTssUaqs
[2026-09-09T14:59:05.880+0000] {data_modification.py:53} INFO - updated row with video_id:lp0ey3wRasg
[2026-09-09T14:59:05.908+0000] {data_modification.py:53} INFO - updated row with video_id:uwBUj5OrXz8
[2026-09-09T14:59:05.918+0000] {data_modification.py:53} INFO - updated row with video_id:W5F6pgs5rOk
[2026-09-09T14:59:05.926+0000] {data_modification.py:53} INFO - updated row with video_id:ld6F8e3TT0k
[2026-09-09T14:59:05.933+0000] {data_modification.py:53} INFO - updated row with video_id:UUGPqoA9SaE
[2026-09-09T14:59:05.940+0000] {data_modification.py:53} INFO - updated row with video_id:8S7t219ztAM
[2026-09-09T14:59:05.957+0000] {data_modification.py:53} INFO - updated row with video_id:dBf6L0ZmNss
[2026-09-09T14:59:05.966+0000] {data_modification.py:53} INFO - updated row with video_id:zKr_AlRuxFQ
[2026-09-09T14:59:05.972+0000] {data_modification.py:53} INFO - updated row with video_id:HjVHZQFkPoA
[2026-09-09T14:59:05.981+0000] {data_modification.py:53} INFO - updated row with video_id:Qb2km0l3kcA
[2026-09-09T14:59:05.995+0000] {data_modification.py:53} INFO - updated row with video_id:9yjDYYtzhQY
[2026-09-09T14:59:06.016+0000] {data_modification.py:53} INFO - updated row with video_id:AHVbF1MjmIU
[2026-09-09T14:59:06.025+0000] {data_modification.py:53} INFO - updated row with video_id:eJyt33R3QsI
[2026-09-09T14:59:06.045+0000] {data_modification.py:53} INFO - updated row with video_id:jgYWhlvJke4
[2026-09-09T14:59:06.061+0000] {data_modification.py:53} INFO - updated row with video_id:jEsZ9Y-QsGY
[2026-09-09T14:59:06.077+0000] {data_modification.py:53} INFO - updated row with video_id:QH-TvIH6ywU
[2026-09-09T14:59:06.097+0000] {data_modification.py:53} INFO - updated row with video_id:hhjZM9V46r8
[2026-09-09T14:59:06.139+0000] {data_modification.py:53} INFO - updated row with video_id:PvjToPQU148
[2026-09-09T14:59:06.202+0000] {data_modification.py:53} INFO - updated row with video_id:-ULFCwJpMy0
[2026-09-09T14:59:06.270+0000] {data_modification.py:53} INFO - updated row with video_id:TGJd1bePbNg
[2026-09-09T14:59:06.300+0000] {data_modification.py:53} INFO - updated row with video_id:2mKBpcsdeaA
[2026-09-09T14:59:06.327+0000] {data_modification.py:53} INFO - updated row with video_id:lDs8ZTI2DJo
[2026-09-09T14:59:06.349+0000] {data_modification.py:53} INFO - updated row with video_id:IejmIhac6nM
[2026-09-09T14:59:06.362+0000] {data_modification.py:53} INFO - updated row with video_id:UFra0CDojw8
[2026-09-09T14:59:06.371+0000] {data_modification.py:53} INFO - updated row with video_id:6HLMqagWWDw
[2026-09-09T14:59:06.384+0000] {data_modification.py:53} INFO - updated row with video_id:hTRHWJYsX2s
[2026-09-09T14:59:06.391+0000] {data_modification.py:53} INFO - updated row with video_id:yqbYdgjuGyI
[2026-09-09T14:59:06.402+0000] {data_modification.py:53} INFO - updated row with video_id:AnYvq0378tQ
[2026-09-09T14:59:06.426+0000] {data_modification.py:53} INFO - updated row with video_id:p4Qo88eY8ak
[2026-09-09T14:59:06.458+0000] {data_modification.py:53} INFO - updated row with video_id:5cvt6MxiAT0
[2026-09-09T14:59:06.469+0000] {data_modification.py:53} INFO - updated row with video_id:H7TGIW8Tu2k
[2026-09-09T14:59:06.477+0000] {data_modification.py:53} INFO - updated row with video_id:QklIINnTT2w
[2026-09-09T14:59:06.485+0000] {data_modification.py:53} INFO - updated row with video_id:6ap6nGWpAIs
[2026-09-09T14:59:06.491+0000] {data_modification.py:53} INFO - updated row with video_id:elj2UyGCQ3E
[2026-09-09T14:59:06.498+0000] {data_modification.py:53} INFO - updated row with video_id:MzwVnUBCip4
[2026-09-09T14:59:06.505+0000] {data_modification.py:53} INFO - updated row with video_id:PXbqG0BY6E4
[2026-09-09T14:59:06.515+0000] {data_modification.py:53} INFO - updated row with video_id:nAiBwJC1XfQ
[2026-09-09T14:59:06.530+0000] {data_modification.py:53} INFO - updated row with video_id:YaNOk74ETQI
[2026-09-09T14:59:06.538+0000] {data_modification.py:53} INFO - updated row with video_id:j_aOfoO118M
[2026-09-09T14:59:06.547+0000] {data_modification.py:53} INFO - updated row with video_id:8HWHvDwTjW8
[2026-09-09T14:59:06.567+0000] {data_modification.py:53} INFO - updated row with video_id:IRkuQM1yPiM
[2026-09-09T14:59:06.583+0000] {data_modification.py:53} INFO - updated row with video_id:q_qor-Jmd78
[2026-09-09T14:59:06.591+0000] {data_modification.py:53} INFO - updated row with video_id:OdG3nTfP0lM
[2026-09-09T14:59:06.614+0000] {data_modification.py:53} INFO - updated row with video_id:BBtCoieSRy0
[2026-09-09T14:59:06.646+0000] {data_modification.py:53} INFO - updated row with video_id:SwNg-VNKkho
[2026-09-09T14:59:06.658+0000] {data_modification.py:53} INFO - updated row with video_id:69u1e4wBO1g
[2026-09-09T14:59:06.665+0000] {data_modification.py:53} INFO - updated row with video_id:EkqV_mYHTiw
[2026-09-09T14:59:06.674+0000] {data_modification.py:53} INFO - updated row with video_id:NH8n1sMhx-0
[2026-09-09T14:59:06.680+0000] {data_modification.py:53} INFO - updated row with video_id:we7999HX15U
[2026-09-09T14:59:06.686+0000] {data_modification.py:53} INFO - updated row with video_id:BPTML8YStp0
[2026-09-09T14:59:06.693+0000] {data_modification.py:53} INFO - updated row with video_id:oXNdrH2o96I
[2026-09-09T14:59:06.699+0000] {data_modification.py:53} INFO - updated row with video_id:X9adLNvdQC4
[2026-09-09T14:59:06.706+0000] {data_modification.py:53} INFO - updated row with video_id:RvNteO24zVU
[2026-09-09T14:59:06.719+0000] {data_modification.py:53} INFO - updated row with video_id:GCl-DEWq-QY
[2026-09-09T14:59:06.725+0000] {data_modification.py:53} INFO - updated row with video_id:WIPDDKmyX-8
[2026-09-09T14:59:06.732+0000] {data_modification.py:53} INFO - updated row with video_id:QccyyqGrK-4
[2026-09-09T14:59:06.737+0000] {data_modification.py:53} INFO - updated row with video_id:3G8d23r8YHU
[2026-09-09T14:59:06.747+0000] {data_modification.py:53} INFO - updated row with video_id:-nL4VCYA3VY
[2026-09-09T14:59:06.773+0000] {data_modification.py:53} INFO - updated row with video_id:RRFw6SaizhY
[2026-09-09T14:59:06.807+0000] {data_modification.py:53} INFO - updated row with video_id:h5RgQRaRfmA
[2026-09-09T14:59:06.857+0000] {data_modification.py:53} INFO - updated row with video_id:T7xcyGQJFpc
[2026-09-09T14:59:06.868+0000] {data_modification.py:53} INFO - updated row with video_id:RidLgFmbMf0
[2026-09-09T14:59:06.874+0000] {data_modification.py:53} INFO - updated row with video_id:tbzIxJQHIHU
[2026-09-09T14:59:06.902+0000] {data_modification.py:53} INFO - updated row with video_id:VbKFzL2HuJU
[2026-09-09T14:59:06.933+0000] {data_modification.py:53} INFO - updated row with video_id:HAH3jM9p1qM
[2026-09-09T14:59:06.938+0000] {data_modification.py:53} INFO - updated row with video_id:vgYXV6Nnj98
[2026-09-09T14:59:06.953+0000] {data_modification.py:53} INFO - updated row with video_id:oHI1SYep5pU
[2026-09-09T14:59:06.959+0000] {data_modification.py:53} INFO - updated row with video_id:aiYhg3KJuxI
[2026-09-09T14:59:06.966+0000] {data_modification.py:53} INFO - updated row with video_id:wUycwai6Nm0
[2026-09-09T14:59:06.974+0000] {data_modification.py:53} INFO - updated row with video_id:EyMX5IF56_8
[2026-09-09T14:59:06.982+0000] {data_modification.py:53} INFO - updated row with video_id:oR44apuMt80
[2026-09-09T14:59:06.990+0000] {data_modification.py:53} INFO - updated row with video_id:hm9ryFImFQk
[2026-09-09T14:59:07.008+0000] {data_modification.py:53} INFO - updated row with video_id:LDsF1FCn7f8
[2026-09-09T14:59:07.012+0000] {data_modification.py:53} INFO - updated row with video_id:qhe79lo-VZs
[2026-09-09T14:59:07.020+0000] {data_modification.py:53} INFO - updated row with video_id:SMXEmCHQQIY
[2026-09-09T14:59:07.028+0000] {data_modification.py:53} INFO - updated row with video_id:Y3wyjtvYssw
[2026-09-09T14:59:07.033+0000] {data_modification.py:53} INFO - updated row with video_id:vcGjLwfpAE4
[2026-09-09T14:59:07.040+0000] {data_modification.py:53} INFO - updated row with video_id:SesyfgpdF_Y
[2026-09-09T14:59:07.046+0000] {data_modification.py:53} INFO - updated row with video_id:r34qfqlB1OE
[2026-09-09T14:59:07.051+0000] {data_modification.py:53} INFO - updated row with video_id:A8bRZSz84go
[2026-09-09T14:59:07.058+0000] {data_modification.py:53} INFO - updated row with video_id:8I2sQ6vnDcY
[2026-09-09T14:59:07.067+0000] {data_modification.py:53} INFO - updated row with video_id:PviAV4gz8oQ
[2026-09-09T14:59:07.100+0000] {data_modification.py:53} INFO - updated row with video_id:Upp89F5EBq8
[2026-09-09T14:59:07.158+0000] {data_modification.py:53} INFO - updated row with video_id:dbSUEFaR0MI
[2026-09-09T14:59:07.216+0000] {data_modification.py:53} INFO - updated row with video_id:GQQ76_fa2j8
[2026-09-09T14:59:07.237+0000] {data_modification.py:53} INFO - updated row with video_id:wu2gUwBrM6I
[2026-09-09T14:59:07.263+0000] {data_modification.py:53} INFO - updated row with video_id:1reAU8S8q1c
[2026-09-09T14:59:07.268+0000] {data_modification.py:53} INFO - updated row with video_id:AyIsCk3SFEI
[2026-09-09T14:59:07.278+0000] {data_modification.py:53} INFO - updated row with video_id:mmewzmyLvBI
[2026-09-09T14:59:07.285+0000] {data_modification.py:53} INFO - updated row with video_id:h_flAqzF1DU
[2026-09-09T14:59:07.295+0000] {data_modification.py:53} INFO - updated row with video_id:vmKCkbd5IVc
[2026-09-09T14:59:07.301+0000] {data_modification.py:53} INFO - updated row with video_id:_gvm4otqjgg
[2026-09-09T14:59:07.306+0000] {data_modification.py:53} INFO - updated row with video_id:CcINgZbm-Qw
[2026-09-09T14:59:07.312+0000] {data_modification.py:53} INFO - updated row with video_id:4O3p9hfoM6s
[2026-09-09T14:59:07.318+0000] {data_modification.py:53} INFO - updated row with video_id:Fu9bYA7xw2k
[2026-09-09T14:59:07.324+0000] {data_modification.py:53} INFO - updated row with video_id:sIxZVW_QjQk
[2026-09-09T14:59:07.335+0000] {data_modification.py:53} INFO - updated row with video_id:ukHMWvxuTIM
[2026-09-09T14:59:07.346+0000] {data_modification.py:53} INFO - updated row with video_id:5NC5cFnPk-w
[2026-09-09T14:59:07.351+0000] {data_modification.py:53} INFO - updated row with video_id:nTknOYoBo9w
[2026-09-09T14:59:07.362+0000] {data_modification.py:53} INFO - updated row with video_id:otUE2DxSujs
[2026-09-09T14:59:07.368+0000] {data_modification.py:53} INFO - updated row with video_id:A8x1fJ2mE44
[2026-09-09T14:59:07.374+0000] {data_modification.py:53} INFO - updated row with video_id:sFz0sta8jYs
[2026-09-09T14:59:07.384+0000] {data_modification.py:53} INFO - updated row with video_id:OKIEbWXFub8
[2026-09-09T14:59:07.398+0000] {data_modification.py:53} INFO - updated row with video_id:TPTLN-VB2no
[2026-09-09T14:59:07.405+0000] {data_modification.py:53} INFO - updated row with video_id:_UJEeOMUA_o
[2026-09-09T14:59:07.411+0000] {data_modification.py:53} INFO - updated row with video_id:8dvgeCuHxjk
[2026-09-09T14:59:07.416+0000] {data_modification.py:53} INFO - updated row with video_id:gxZn2uOAwyI
[2026-09-09T14:59:07.421+0000] {data_modification.py:53} INFO - updated row with video_id:FBXpNewB4KQ
[2026-09-09T14:59:07.429+0000] {data_modification.py:53} INFO - updated row with video_id:kDXgUnFZFbg
[2026-09-09T14:59:07.435+0000] {data_modification.py:53} INFO - updated row with video_id:4mDiNF3SiU4
[2026-09-09T14:59:07.440+0000] {data_modification.py:53} INFO - updated row with video_id:oxwhyoIcNP8
[2026-09-09T14:59:07.445+0000] {data_modification.py:53} INFO - updated row with video_id:HRPZ-ZPfUtY
[2026-09-09T14:59:07.452+0000] {data_modification.py:53} INFO - updated row with video_id:tINgzl3fmrs
[2026-09-09T14:59:07.461+0000] {data_modification.py:53} INFO - updated row with video_id:Df_1uclmmMs
[2026-09-09T14:59:07.467+0000] {data_modification.py:53} INFO - updated row with video_id:XgWCkmYJsyg
[2026-09-09T14:59:07.473+0000] {data_modification.py:53} INFO - updated row with video_id:zPPxgv6QW6o
[2026-09-09T14:59:07.479+0000] {data_modification.py:53} INFO - updated row with video_id:_Abhb2bDro4
[2026-09-09T14:59:07.485+0000] {data_modification.py:53} INFO - updated row with video_id:NRWgAM3uTw0
[2026-09-09T14:59:07.490+0000] {data_modification.py:53} INFO - updated row with video_id:Wlg_--kytyo
[2026-09-09T14:59:07.496+0000] {data_modification.py:53} INFO - updated row with video_id:Y-LuNAA7Nnc
[2026-09-09T14:59:07.501+0000] {data_modification.py:53} INFO - updated row with video_id:yseM4_iyLqA
[2026-09-09T14:59:07.508+0000] {data_modification.py:53} INFO - updated row with video_id:CeSn0CaN9vg
[2026-09-09T14:59:07.518+0000] {data_modification.py:53} INFO - updated row with video_id:qlYmznjFO4A
[2026-09-09T14:59:07.525+0000] {data_modification.py:53} INFO - updated row with video_id:c76f_p-XroA
[2026-09-09T14:59:07.536+0000] {data_modification.py:53} INFO - updated row with video_id:aBL1-5pFSUI
[2026-09-09T14:59:07.552+0000] {data_modification.py:53} INFO - updated row with video_id:cvM_lsiybI0
[2026-09-09T14:59:07.557+0000] {data_modification.py:53} INFO - updated row with video_id:TkxX9kJuVgk
[2026-09-09T14:59:07.570+0000] {data_modification.py:53} INFO - updated row with video_id:Q2U7qJw6Lg4
[2026-09-09T14:59:07.577+0000] {data_modification.py:53} INFO - updated row with video_id:zovE-WTabW0
[2026-09-09T14:59:07.582+0000] {data_modification.py:53} INFO - updated row with video_id:bmS374wa-1Y
[2026-09-09T14:59:07.589+0000] {data_modification.py:53} INFO - updated row with video_id:_o8Fs_V4YUA
[2026-09-09T14:59:07.596+0000] {data_modification.py:53} INFO - updated row with video_id:VjAAK_EIwOU
[2026-09-09T14:59:07.603+0000] {data_modification.py:53} INFO - updated row with video_id:t9IyQm1S3SE
[2026-09-09T14:59:07.620+0000] {data_modification.py:53} INFO - updated row with video_id:cQaVoLg1TNQ
[2026-09-09T14:59:07.629+0000] {data_modification.py:53} INFO - updated row with video_id:mp_ReFPUCBU
[2026-09-09T14:59:07.640+0000] {data_modification.py:53} INFO - updated row with video_id:1LiPOax0AcY
[2026-09-09T14:59:07.647+0000] {data_modification.py:53} INFO - updated row with video_id:ghpgG6Kjr2o
[2026-09-09T14:59:07.652+0000] {data_modification.py:53} INFO - updated row with video_id:yLFsOMB509I
[2026-09-09T14:59:07.664+0000] {data_modification.py:53} INFO - updated row with video_id:AqV4ghjO2UY
[2026-09-09T14:59:07.693+0000] {data_modification.py:53} INFO - updated row with video_id:shJpK-E9PLs
[2026-09-09T14:59:07.703+0000] {data_modification.py:53} INFO - updated row with video_id:8o6DayScRmY
[2026-09-09T14:59:07.711+0000] {data_modification.py:53} INFO - updated row with video_id:ccr4QGcv0bM
[2026-09-09T14:59:07.720+0000] {data_modification.py:53} INFO - updated row with video_id:2jdR-R-Qhkc
[2026-09-09T14:59:07.728+0000] {data_modification.py:53} INFO - updated row with video_id:pEeX0zaJm7Q
[2026-09-09T14:59:07.735+0000] {data_modification.py:53} INFO - updated row with video_id:cAnG_j2e1vo
[2026-09-09T14:59:07.746+0000] {data_modification.py:53} INFO - updated row with video_id:fv_rXc4dEKM
[2026-09-09T14:59:07.755+0000] {data_modification.py:53} INFO - updated row with video_id:Ts5d8vWgZHY
[2026-09-09T14:59:07.765+0000] {data_modification.py:53} INFO - updated row with video_id:A90ZI-4Ry44
[2026-09-09T14:59:07.775+0000] {data_modification.py:53} INFO - updated row with video_id:DTbLUk-m8uc
[2026-09-09T14:59:07.781+0000] {data_modification.py:53} INFO - updated row with video_id:fo9PfKZBfAA
[2026-09-09T14:59:07.787+0000] {data_modification.py:53} INFO - updated row with video_id:B2TOjMDO0CE
[2026-09-09T14:59:07.793+0000] {data_modification.py:53} INFO - updated row with video_id:uFJ3i0qPIXc
[2026-09-09T14:59:07.798+0000] {data_modification.py:53} INFO - updated row with video_id:q8nuG7cnDRs
[2026-09-09T14:59:07.804+0000] {data_modification.py:53} INFO - updated row with video_id:dNBZM5ITMn0
[2026-09-09T14:59:07.811+0000] {data_modification.py:53} INFO - updated row with video_id:3e4uvdeMQlE
[2026-09-09T14:59:07.816+0000] {data_modification.py:53} INFO - updated row with video_id:QeRsdyDthPw
[2026-09-09T14:59:07.821+0000] {data_modification.py:53} INFO - updated row with video_id:T_E6pze31Ok
[2026-09-09T14:59:07.828+0000] {data_modification.py:53} INFO - updated row with video_id:k4SPSUUaC7I
[2026-09-09T14:59:07.834+0000] {data_modification.py:53} INFO - updated row with video_id:x2BWNe0YXjs
[2026-09-09T14:59:07.840+0000] {data_modification.py:53} INFO - updated row with video_id:-U13Lmx4TW0
[2026-09-09T14:59:07.845+0000] {data_modification.py:53} INFO - updated row with video_id:GAudtQw5w-Y
[2026-09-09T14:59:07.852+0000] {data_modification.py:53} INFO - updated row with video_id:X_y8MQRaRy8
[2026-09-09T14:59:07.859+0000] {data_modification.py:53} INFO - updated row with video_id:0HC416twZls
[2026-09-09T14:59:07.865+0000] {data_modification.py:53} INFO - updated row with video_id:bIzdQYpOsXg
[2026-09-09T14:59:07.872+0000] {data_modification.py:53} INFO - updated row with video_id:LgkQBzSKgjQ
[2026-09-09T14:59:07.878+0000] {data_modification.py:53} INFO - updated row with video_id:Zhp4EmPH3Bw
[2026-09-09T14:59:07.886+0000] {data_modification.py:53} INFO - updated row with video_id:UVaKg6SbC1U
[2026-09-09T14:59:07.893+0000] {data_modification.py:53} INFO - updated row with video_id:7Z6RNvcTm5I
[2026-09-09T14:59:07.898+0000] {data_modification.py:53} INFO - updated row with video_id:JPZ432oa9Gw
[2026-09-09T14:59:07.904+0000] {data_modification.py:53} INFO - updated row with video_id:NIRtgj-5bOE
[2026-09-09T14:59:07.912+0000] {data_modification.py:53} INFO - updated row with video_id:REaKanC-Vo0
[2026-09-09T14:59:07.918+0000] {data_modification.py:53} INFO - updated row with video_id:kbqb1sxIMZE
[2026-09-09T14:59:07.925+0000] {data_modification.py:53} INFO - updated row with video_id:xIVsl7FrpLM
[2026-09-09T14:59:07.933+0000] {data_modification.py:53} INFO - updated row with video_id:Da9-f_pWYyE
[2026-09-09T14:59:07.939+0000] {data_modification.py:53} INFO - updated row with video_id:ah_O30tkzA4
[2026-09-09T14:59:07.964+0000] {data_modification.py:53} INFO - updated row with video_id:gUunQApTdj4
[2026-09-09T14:59:07.977+0000] {data_modification.py:53} INFO - updated row with video_id:0vt5_OM4VzY
[2026-09-09T14:59:07.991+0000] {data_modification.py:53} INFO - updated row with video_id:588A5tuLvvw
[2026-09-09T14:59:08.005+0000] {data_modification.py:53} INFO - updated row with video_id:VvJMNPMZN74
[2026-09-09T14:59:08.075+0000] {data_modification.py:53} INFO - updated row with video_id:9T_3boQA7go
[2026-09-09T14:59:08.097+0000] {data_modification.py:53} INFO - updated row with video_id:6igpm9dx5Gg
[2026-09-09T14:59:08.117+0000] {data_modification.py:53} INFO - updated row with video_id:qRN_70yd9KE
[2026-09-09T14:59:08.141+0000] {data_modification.py:53} INFO - updated row with video_id:4-OCORnYbQA
[2026-09-09T14:59:08.163+0000] {data_modification.py:53} INFO - updated row with video_id:z0BUcgxngdg
[2026-09-09T14:59:08.186+0000] {data_modification.py:53} INFO - updated row with video_id:_ORuRVFpQdA
[2026-09-09T14:59:08.207+0000] {data_modification.py:53} INFO - updated row with video_id:XEjZyJDQUmc
[2026-09-09T14:59:08.218+0000] {data_modification.py:53} INFO - updated row with video_id:a06522ysP0c
[2026-09-09T14:59:08.225+0000] {data_modification.py:53} INFO - updated row with video_id:wlBwhrZb3Dc
[2026-09-09T14:59:08.231+0000] {data_modification.py:53} INFO - updated row with video_id:gvYbAtUyF_k
[2026-09-09T14:59:08.235+0000] {data_modification.py:53} INFO - updated row with video_id:EIQajbN95VU
[2026-09-09T14:59:08.242+0000] {data_modification.py:53} INFO - updated row with video_id:YlFVKEQQ0ZM
[2026-09-09T14:59:08.246+0000] {data_modification.py:53} INFO - updated row with video_id:YLVO_RfKcTc
[2026-09-09T14:59:08.253+0000] {data_modification.py:53} INFO - updated row with video_id:EtW-l6-KNwk
[2026-09-09T14:59:08.260+0000] {data_modification.py:53} INFO - updated row with video_id:0TD0dyLeGDg
[2026-09-09T14:59:08.266+0000] {data_modification.py:53} INFO - updated row with video_id:at3DQuS3ztk
[2026-09-09T14:59:08.272+0000] {data_modification.py:53} INFO - updated row with video_id:wayLIqa_9-4
[2026-09-09T14:59:08.278+0000] {data_modification.py:53} INFO - updated row with video_id:L7ryrXdVrnA
[2026-09-09T14:59:08.285+0000] {data_modification.py:53} INFO - updated row with video_id:8WlFQ66ZbeY
[2026-09-09T14:59:08.291+0000] {data_modification.py:53} INFO - updated row with video_id:c4erB4c9zrY
[2026-09-09T14:59:08.296+0000] {data_modification.py:53} INFO - updated row with video_id:y4Foyi5STl0
[2026-09-09T14:59:08.302+0000] {data_modification.py:53} INFO - updated row with video_id:-A6hxZ6sUWU
[2026-09-09T14:59:08.308+0000] {data_modification.py:53} INFO - updated row with video_id:2kBa7M_GX4g
[2026-09-09T14:59:08.313+0000] {data_modification.py:53} INFO - updated row with video_id:Ok0CRrJu2HU
[2026-09-09T14:59:08.319+0000] {data_modification.py:53} INFO - updated row with video_id:0sVDxrpPTvM
[2026-09-09T14:59:08.327+0000] {data_modification.py:53} INFO - updated row with video_id:2O70ldfbXbY
[2026-09-09T14:59:08.332+0000] {data_modification.py:53} INFO - updated row with video_id:ISnygzSh4L0
[2026-09-09T14:59:08.338+0000] {data_modification.py:53} INFO - updated row with video_id:4CGiZzYkCX4
[2026-09-09T14:59:08.345+0000] {data_modification.py:53} INFO - updated row with video_id:AJKYSaQY6dQ
[2026-09-09T14:59:08.350+0000] {data_modification.py:53} INFO - updated row with video_id:hI8y1jeF56o
[2026-09-09T14:59:08.356+0000] {data_modification.py:53} INFO - updated row with video_id:BUvWC5dr498
[2026-09-09T14:59:08.362+0000] {data_modification.py:53} INFO - updated row with video_id:n7wBdIN_V50
[2026-09-09T14:59:08.369+0000] {data_modification.py:53} INFO - updated row with video_id:CiLrwxD2p9E
[2026-09-09T14:59:08.375+0000] {data_modification.py:53} INFO - updated row with video_id:IhIBQwMJHMw
[2026-09-09T14:59:08.380+0000] {data_modification.py:53} INFO - updated row with video_id:3DKY8o5_PGQ
[2026-09-09T14:59:08.386+0000] {data_modification.py:53} INFO - updated row with video_id:xvFaKfLm_x4
[2026-09-09T14:59:08.391+0000] {data_modification.py:53} INFO - updated row with video_id:0RgO-9ecOog
[2026-09-09T14:59:08.397+0000] {data_modification.py:53} INFO - updated row with video_id:cY0DS0WYUHc
[2026-09-09T14:59:08.404+0000] {data_modification.py:53} INFO - updated row with video_id:UhqVyvGYJfM
[2026-09-09T14:59:08.416+0000] {data_modification.py:53} INFO - updated row with video_id:rJXhbhtmHjE
[2026-09-09T14:59:08.442+0000] {data_modification.py:53} INFO - updated row with video_id:4t4VxJV_eQc
[2026-09-09T14:59:08.450+0000] {data_modification.py:53} INFO - updated row with video_id:lcouibsT6UU
[2026-09-09T14:59:08.461+0000] {data_modification.py:53} INFO - updated row with video_id:7DeP32djeOk
[2026-09-09T14:59:08.473+0000] {data_modification.py:53} INFO - updated row with video_id:U4xqYvqkenY
[2026-09-09T14:59:08.479+0000] {data_modification.py:53} INFO - updated row with video_id:mhn1M-XWIOc
[2026-09-09T14:59:08.485+0000] {data_modification.py:53} INFO - updated row with video_id:JKQR3NEcm8g
[2026-09-09T14:59:08.493+0000] {data_modification.py:53} INFO - updated row with video_id:AaFRaBUwxiw
[2026-09-09T14:59:08.500+0000] {data_modification.py:53} INFO - updated row with video_id:FLJMHP34aiI
[2026-09-09T14:59:08.505+0000] {data_modification.py:53} INFO - updated row with video_id:RZ92Cy80I_M
[2026-09-09T14:59:08.511+0000] {data_modification.py:53} INFO - updated row with video_id:DKfptyGTPT8
[2026-09-09T14:59:08.516+0000] {data_modification.py:53} INFO - updated row with video_id:5fw-fpjWF7s
[2026-09-09T14:59:08.522+0000] {data_modification.py:53} INFO - updated row with video_id:SkXSg9nYJJg
[2026-09-09T14:59:08.530+0000] {data_modification.py:53} INFO - updated row with video_id:HQmBBhSF5Bs
[2026-09-09T14:59:08.538+0000] {data_modification.py:53} INFO - updated row with video_id:Qfl7v_MVCZo
[2026-09-09T14:59:08.545+0000] {data_modification.py:53} INFO - updated row with video_id:reemmdj17J0
[2026-09-09T14:59:08.551+0000] {data_modification.py:53} INFO - updated row with video_id:MnkUX5WEmvE
[2026-09-09T14:59:08.556+0000] {data_modification.py:53} INFO - updated row with video_id:I3r-LHeNIEg
[2026-09-09T14:59:08.563+0000] {data_modification.py:53} INFO - updated row with video_id:9ZCoakt56pM
[2026-09-09T14:59:08.568+0000] {data_modification.py:53} INFO - updated row with video_id:betKhnxyDTs
[2026-09-09T14:59:08.574+0000] {data_modification.py:53} INFO - updated row with video_id:182dWrMYZ0c
[2026-09-09T14:59:08.579+0000] {data_modification.py:53} INFO - updated row with video_id:G3E1z9eIZDg
[2026-09-09T14:59:08.584+0000] {data_modification.py:53} INFO - updated row with video_id:sdTV0ohEjbk
[2026-09-09T14:59:08.590+0000] {data_modification.py:53} INFO - updated row with video_id:WOJ42xGkhMU
[2026-09-09T14:59:08.596+0000] {data_modification.py:53} INFO - updated row with video_id:h3lIe3yB23s
[2026-09-09T14:59:08.601+0000] {data_modification.py:53} INFO - updated row with video_id:hqP5AsdMi2o
[2026-09-09T14:59:08.606+0000] {data_modification.py:53} INFO - updated row with video_id:Gt3Sz3FwmyI
[2026-09-09T14:59:08.612+0000] {data_modification.py:53} INFO - updated row with video_id:Xc9oT-S0hVk
[2026-09-09T14:59:08.617+0000] {data_modification.py:53} INFO - updated row with video_id:7N_SMOBAbeU
[2026-09-09T14:59:08.631+0000] {data_modification.py:53} INFO - updated row with video_id:0Hg13Zxz12A
[2026-09-09T14:59:08.648+0000] {data_modification.py:53} INFO - updated row with video_id:_sxp4H8m2Lc
[2026-09-09T14:59:08.655+0000] {data_modification.py:53} INFO - updated row with video_id:bCWnEd0AD-g
[2026-09-09T14:59:08.668+0000] {data_modification.py:53} INFO - updated row with video_id:bBHIoLtfkA8
[2026-09-09T14:59:08.680+0000] {data_modification.py:53} INFO - updated row with video_id:86tk4rrATxU
[2026-09-09T14:59:08.688+0000] {data_modification.py:53} INFO - updated row with video_id:9dkQupkI5YI
[2026-09-09T14:59:08.695+0000] {data_modification.py:53} INFO - updated row with video_id:QYL4bE3Xn0w
[2026-09-09T14:59:08.702+0000] {data_modification.py:53} INFO - updated row with video_id:m81k04Ynfi8
[2026-09-09T14:59:08.709+0000] {data_modification.py:53} INFO - updated row with video_id:0Y8LmRnWwso
[2026-09-09T14:59:08.718+0000] {data_modification.py:53} INFO - updated row with video_id:PB1OpI-4mD8
[2026-09-09T14:59:08.725+0000] {data_modification.py:53} INFO - updated row with video_id:eoGkA0fn-zU
[2026-09-09T14:59:08.731+0000] {data_modification.py:53} INFO - updated row with video_id:DbxXpCEkU5g
[2026-09-09T14:59:08.740+0000] {data_modification.py:53} INFO - updated row with video_id:Ys83eLt5CfE
[2026-09-09T14:59:08.751+0000] {data_modification.py:53} INFO - updated row with video_id:RUOGFng-Si4
[2026-09-09T14:59:08.760+0000] {data_modification.py:53} INFO - updated row with video_id:7t_vRdOY0dU
[2026-09-09T14:59:08.768+0000] {data_modification.py:53} INFO - updated row with video_id:NzEPAn7ftzs
[2026-09-09T14:59:08.773+0000] {data_modification.py:53} INFO - updated row with video_id:hA-ZzI0FIcc
[2026-09-09T14:59:08.778+0000] {data_modification.py:53} INFO - updated row with video_id:ReIPk7wbcns
[2026-09-09T14:59:08.784+0000] {data_modification.py:53} INFO - updated row with video_id:on5kfe35TfE
[2026-09-09T14:59:08.792+0000] {data_modification.py:53} INFO - updated row with video_id:fFETbLjMfwg
[2026-09-09T14:59:08.798+0000] {data_modification.py:53} INFO - updated row with video_id:BUad_rtZV4o
[2026-09-09T14:59:08.802+0000] {data_modification.py:53} INFO - updated row with video_id:yP_V-XHZNx0
[2026-09-09T14:59:08.812+0000] {data_modification.py:53} INFO - updated row with video_id:atGXTve-2Cc
[2026-09-09T14:59:08.820+0000] {data_modification.py:53} INFO - updated row with video_id:IWEWglfSLqU
[2026-09-09T14:59:08.825+0000] {data_modification.py:53} INFO - updated row with video_id:sNoFQ_idSxU
[2026-09-09T14:59:08.835+0000] {data_modification.py:53} INFO - updated row with video_id:6-fKJBRKCvg
[2026-09-09T14:59:08.841+0000] {data_modification.py:53} INFO - updated row with video_id:LpC2JXzk02M
[2026-09-09T14:59:08.847+0000] {data_modification.py:53} INFO - updated row with video_id:NLw5dBcaDBA
[2026-09-09T14:59:08.861+0000] {data_modification.py:53} INFO - updated row with video_id:Hj20qpMeY-M
[2026-09-09T14:59:08.868+0000] {data_modification.py:53} INFO - updated row with video_id:LOOUUpAxoDA
[2026-09-09T14:59:08.900+0000] {data_modification.py:53} INFO - updated row with video_id:vPXcfcyoCOQ
[2026-09-09T14:59:08.928+0000] {data_modification.py:53} INFO - updated row with video_id:YMcMPxezlX0
[2026-09-09T14:59:08.948+0000] {data_modification.py:53} INFO - updated row with video_id:CB4DMsM73O4
[2026-09-09T14:59:08.954+0000] {data_modification.py:53} INFO - updated row with video_id:OH_YLCDxTmk
[2026-09-09T14:59:08.965+0000] {data_modification.py:53} INFO - updated row with video_id:ILLleQLjIys
[2026-09-09T14:59:08.972+0000] {data_modification.py:53} INFO - updated row with video_id:0y7tcUlXoLE
[2026-09-09T14:59:08.979+0000] {data_modification.py:53} INFO - updated row with video_id:YMKhxkjph8s
[2026-09-09T14:59:08.986+0000] {data_modification.py:53} INFO - updated row with video_id:u7O2UPKjqyc
[2026-09-09T14:59:08.993+0000] {data_modification.py:53} INFO - updated row with video_id:fssoZaWJs88
[2026-09-09T14:59:08.999+0000] {data_modification.py:53} INFO - updated row with video_id:7WaT0gsbfew
[2026-09-09T14:59:09.005+0000] {data_modification.py:53} INFO - updated row with video_id:k9n9DMVpFJA
[2026-09-09T14:59:09.013+0000] {data_modification.py:53} INFO - updated row with video_id:w2OlAgSdRUw
[2026-09-09T14:59:09.020+0000] {data_modification.py:53} INFO - updated row with video_id:H_eEUaOF7VI
[2026-09-09T14:59:09.026+0000] {data_modification.py:53} INFO - updated row with video_id:OXAs7agsg44
[2026-09-09T14:59:09.033+0000] {data_modification.py:53} INFO - updated row with video_id:wOBE39P1qvM
[2026-09-09T14:59:09.040+0000] {data_modification.py:53} INFO - updated row with video_id:EycepXznggg
[2026-09-09T14:59:09.046+0000] {data_modification.py:53} INFO - updated row with video_id:qpxje1oRUNE
[2026-09-09T14:59:09.052+0000] {data_modification.py:53} INFO - updated row with video_id:AWTJe-m-2SM
[2026-09-09T14:59:09.058+0000] {data_modification.py:53} INFO - updated row with video_id:z7lLe_x0m7c
[2026-09-09T14:59:09.063+0000] {data_modification.py:53} INFO - updated row with video_id:3d6oVmyZoRo
[2026-09-09T14:59:09.069+0000] {data_modification.py:53} INFO - updated row with video_id:kOClEcd-_HU
[2026-09-09T14:59:09.077+0000] {data_modification.py:53} INFO - updated row with video_id:P_g0RKcnnuE
[2026-09-09T14:59:09.083+0000] {data_modification.py:53} INFO - updated row with video_id:tKNcRkokW-4
[2026-09-09T14:59:09.088+0000] {data_modification.py:53} INFO - updated row with video_id:hYqY7D9fHZ4
[2026-09-09T14:59:09.095+0000] {data_modification.py:53} INFO - updated row with video_id:_3bZkcF-2nk
[2026-09-09T14:59:09.100+0000] {data_modification.py:53} INFO - updated row with video_id:U0s1TJWNcoM
[2026-09-09T14:59:09.107+0000] {data_modification.py:53} INFO - updated row with video_id:xPIKXBXn7EE
[2026-09-09T14:59:09.113+0000] {data_modification.py:53} INFO - updated row with video_id:PP6exYneDWs
[2026-09-09T14:59:09.120+0000] {data_modification.py:53} INFO - updated row with video_id:4MmX7x19DMY
[2026-09-09T14:59:09.126+0000] {data_modification.py:53} INFO - updated row with video_id:kGCWRvBnUAw
[2026-09-09T14:59:09.131+0000] {data_modification.py:53} INFO - updated row with video_id:sALNn5tZB7c
[2026-09-09T14:59:09.138+0000] {data_modification.py:53} INFO - updated row with video_id:NqVzlXeKN9s
[2026-09-09T14:59:09.144+0000] {data_modification.py:53} INFO - updated row with video_id:Vh7ub2k5sOs
[2026-09-09T14:59:09.151+0000] {data_modification.py:53} INFO - updated row with video_id:yZ4W0B9hdZk
[2026-09-09T14:59:09.156+0000] {data_modification.py:53} INFO - updated row with video_id:lNCKQtjGTU8
[2026-09-09T14:59:09.161+0000] {data_modification.py:53} INFO - updated row with video_id:WSb2eW1s3YE
[2026-09-09T14:59:09.166+0000] {data_modification.py:53} INFO - updated row with video_id:o5Cb3O62ix8
[2026-09-09T14:59:09.173+0000] {data_modification.py:53} INFO - updated row with video_id:V-8LrieYOcI
[2026-09-09T14:59:09.179+0000] {data_modification.py:53} INFO - updated row with video_id:U_c-PEd1UXI
[2026-09-09T14:59:09.185+0000] {data_modification.py:53} INFO - updated row with video_id:1LBLBY8Hn4w
[2026-09-09T14:59:09.190+0000] {data_modification.py:53} INFO - updated row with video_id:ZxVCZFs4kEA
[2026-09-09T14:59:09.197+0000] {data_modification.py:53} INFO - updated row with video_id:iZVOROUorEE
[2026-09-09T14:59:09.202+0000] {data_modification.py:53} INFO - updated row with video_id:cvelarulFoo
[2026-09-09T14:59:09.208+0000] {data_modification.py:53} INFO - updated row with video_id:tvyBfKoZyKQ
[2026-09-09T14:59:09.214+0000] {data_modification.py:53} INFO - updated row with video_id:f43oN6KLbhs
[2026-09-09T14:59:09.219+0000] {data_modification.py:53} INFO - updated row with video_id:cGzbt9z0A7Y
[2026-09-09T14:59:09.227+0000] {data_modification.py:53} INFO - updated row with video_id:ffvkKV8J4Tg
[2026-09-09T14:59:09.233+0000] {data_modification.py:53} INFO - updated row with video_id:v4LvmrGUE5g
[2026-09-09T14:59:09.240+0000] {data_modification.py:53} INFO - updated row with video_id:fvZSZDYkVjY
[2026-09-09T14:59:09.245+0000] {data_modification.py:53} INFO - updated row with video_id:dDBIhziMZD4
[2026-09-09T14:59:09.252+0000] {data_modification.py:53} INFO - updated row with video_id:DnGJAjyPa8A
[2026-09-09T14:59:09.260+0000] {data_modification.py:53} INFO - updated row with video_id:Q7gyggtOU3o
[2026-09-09T14:59:09.265+0000] {data_modification.py:53} INFO - updated row with video_id:IBUwVoB9TVM
[2026-09-09T14:59:09.270+0000] {data_modification.py:53} INFO - updated row with video_id:VNGgqWJyAYU
[2026-09-09T14:59:09.277+0000] {data_modification.py:53} INFO - updated row with video_id:mxO-g6fahgA
[2026-09-09T14:59:09.283+0000] {data_modification.py:53} INFO - updated row with video_id:bJf38sOPOas
[2026-09-09T14:59:09.292+0000] {data_modification.py:53} INFO - updated row with video_id:60YTqAgN5nE
[2026-09-09T14:59:09.303+0000] {data_modification.py:53} INFO - updated row with video_id:yt1VgAEPy64
[2026-09-09T14:59:09.312+0000] {data_modification.py:53} INFO - updated row with video_id:QysJHWiesD0
[2026-09-09T14:59:09.325+0000] {data_modification.py:53} INFO - updated row with video_id:n21-N5Rpymc
[2026-09-09T14:59:09.338+0000] {data_modification.py:53} INFO - updated row with video_id:qPfuibFzpUU
[2026-09-09T14:59:09.349+0000] {data_modification.py:53} INFO - updated row with video_id:dkM-chah6_8
[2026-09-09T14:59:09.356+0000] {data_modification.py:53} INFO - updated row with video_id:IAy-on7zMNc
[2026-09-09T14:59:09.363+0000] {data_modification.py:53} INFO - updated row with video_id:H0n7uZy3SRI
[2026-09-09T14:59:09.373+0000] {data_modification.py:53} INFO - updated row with video_id:d3VHbO-hHEI
[2026-09-09T14:59:09.381+0000] {data_modification.py:53} INFO - updated row with video_id:f3C7erhz2JI
[2026-09-09T14:59:09.391+0000] {data_modification.py:53} INFO - updated row with video_id:djjVQnp_PIQ
[2026-09-09T14:59:09.399+0000] {data_modification.py:53} INFO - updated row with video_id:JfTGCoS_Eow
[2026-09-09T14:59:09.414+0000] {data_modification.py:53} INFO - updated row with video_id:gM4Rl8WWPsQ
[2026-09-09T14:59:09.426+0000] {data_modification.py:53} INFO - updated row with video_id:fJv2s6xYnYQ
[2026-09-09T14:59:09.444+0000] {data_modification.py:53} INFO - updated row with video_id:dKHsW3qfOds
[2026-09-09T14:59:09.456+0000] {data_modification.py:53} INFO - updated row with video_id:2oFhcX4grrQ
[2026-09-09T14:59:09.463+0000] {data_modification.py:53} INFO - updated row with video_id:GKLexe1DpCk
[2026-09-09T14:59:09.469+0000] {data_modification.py:53} INFO - updated row with video_id:5J8DrEzjYz8
[2026-09-09T14:59:09.476+0000] {data_modification.py:53} INFO - updated row with video_id:FO37PKG_nmA
[2026-09-09T14:59:09.483+0000] {data_modification.py:53} INFO - updated row with video_id:486REqFWRsE
[2026-09-09T14:59:09.488+0000] {data_modification.py:53} INFO - updated row with video_id:1gO_swkLahU
[2026-09-09T14:59:09.495+0000] {data_modification.py:53} INFO - updated row with video_id:y_2SEQV5GJ0
[2026-09-09T14:59:09.502+0000] {data_modification.py:53} INFO - updated row with video_id:6pnIHZWcnoI
[2026-09-09T14:59:09.510+0000] {data_modification.py:53} INFO - updated row with video_id:dPBPK9RRXUg
[2026-09-09T14:59:09.518+0000] {data_modification.py:53} INFO - updated row with video_id:zOR8E4rHBkM
[2026-09-09T14:59:09.531+0000] {data_modification.py:53} INFO - updated row with video_id:avcepErz7cc
[2026-09-09T14:59:09.538+0000] {data_modification.py:53} INFO - updated row with video_id:qIlrR4CCCwI
[2026-09-09T14:59:09.545+0000] {data_modification.py:53} INFO - updated row with video_id:wvF3S4yF37w
[2026-09-09T14:59:09.551+0000] {data_modification.py:53} INFO - updated row with video_id:IRPVP0mLrks
[2026-09-09T14:59:09.556+0000] {data_modification.py:53} INFO - updated row with video_id:MK0DASti1o4
[2026-09-09T14:59:09.561+0000] {data_modification.py:53} INFO - updated row with video_id:w79Xxu5FNps
[2026-09-09T14:59:09.566+0000] {data_modification.py:53} INFO - updated row with video_id:wR6jgRzUkkQ
[2026-09-09T14:59:09.573+0000] {data_modification.py:53} INFO - updated row with video_id:S7Hkdr1CJ_Q
[2026-09-09T14:59:09.579+0000] {data_modification.py:53} INFO - updated row with video_id:G62mA45QBW0
[2026-09-09T14:59:09.585+0000] {data_modification.py:53} INFO - updated row with video_id:NJjqBkFWopA
[2026-09-09T14:59:09.590+0000] {data_modification.py:53} INFO - updated row with video_id:VnTRmhHQgR0
[2026-09-09T14:59:09.595+0000] {data_modification.py:53} INFO - updated row with video_id:_PPXixqBmrA
[2026-09-09T14:59:09.602+0000] {data_modification.py:53} INFO - updated row with video_id:FS_eneS1QCc
[2026-09-09T14:59:09.608+0000] {data_modification.py:53} INFO - updated row with video_id:6V5tEcN-Yqo
[2026-09-09T14:59:09.614+0000] {data_modification.py:53} INFO - updated row with video_id:40soGTLNlR4
[2026-09-09T14:59:09.621+0000] {data_modification.py:53} INFO - updated row with video_id:6dFgkdJqPhw
[2026-09-09T14:59:09.632+0000] {data_modification.py:53} INFO - updated row with video_id:c_WSwDlFI4k
[2026-09-09T14:59:09.643+0000] {data_modification.py:53} INFO - updated row with video_id:_H-oM_IIiQA
[2026-09-09T14:59:09.650+0000] {data_modification.py:53} INFO - updated row with video_id:HGUQn2fSzEk
[2026-09-09T14:59:09.655+0000] {data_modification.py:53} INFO - updated row with video_id:xjRWZQY7gh4
[2026-09-09T14:59:09.663+0000] {data_modification.py:53} INFO - updated row with video_id:XYdj56nPE-0
[2026-09-09T14:59:09.668+0000] {data_modification.py:53} INFO - updated row with video_id:sJYSMARkNlo
[2026-09-09T14:59:09.675+0000] {data_modification.py:53} INFO - updated row with video_id:bNa0rJhq2Yk
[2026-09-09T14:59:09.682+0000] {data_modification.py:53} INFO - updated row with video_id:Niuxe1Y2qlA
[2026-09-09T14:59:09.689+0000] {data_modification.py:53} INFO - updated row with video_id:YSTgxOFZwmg
[2026-09-09T14:59:09.696+0000] {data_modification.py:53} INFO - updated row with video_id:lWXQ4rqFp7g
[2026-09-09T14:59:09.701+0000] {data_modification.py:53} INFO - updated row with video_id:ipuj-CDoIb4
[2026-09-09T14:59:09.709+0000] {data_modification.py:53} INFO - updated row with video_id:9hg0vISO0aQ
[2026-09-09T14:59:09.715+0000] {data_modification.py:53} INFO - updated row with video_id:OYEBTUJqD_U
[2026-09-09T14:59:09.722+0000] {data_modification.py:53} INFO - updated row with video_id:kWoEs6vNO94
[2026-09-09T14:59:09.731+0000] {data_modification.py:53} INFO - updated row with video_id:8jcxfV3zarE
[2026-09-09T14:59:09.740+0000] {data_modification.py:53} INFO - updated row with video_id:jbPyvT78XMQ
[2026-09-09T14:59:09.746+0000] {data_modification.py:53} INFO - updated row with video_id:7vganh6--M8
[2026-09-09T14:59:09.752+0000] {data_modification.py:53} INFO - updated row with video_id:lJv4UMQOcTw
[2026-09-09T14:59:09.754+0000] {dwh.py:42} INFO - stagingtable update completed
[2026-09-09T14:59:09.759+0000] {python.py:237} INFO - Done. Returned value was: None
[2026-09-09T14:59:09.764+0000] {taskinstance.py:441} INFO - ::group::Post task execution logs
[2026-09-09T14:59:09.783+0000] {taskinstance.py:1206} INFO - Marking task as SUCCESS. dag_id=update_db, task_id=staging_table, run_id=manual__2026-09-09T14:58:12.046145+00:00, execution_date=20260909T145812, start_date=20260909T145854, end_date=20260909T145909
[2026-09-09T14:59:09.859+0000] {local_task_job_runner.py:240} INFO - Task exited with return code 0
[2026-09-09T14:59:09.913+0000] {taskinstance.py:3503} INFO - 1 downstream tasks scheduled from follow-on schedule check
[2026-09-09T14:59:09.919+0000] {local_task_job_runner.py:222} INFO - ::endgroup::
