[2026-09-03T05:41:50.511+0000] {local_task_job_runner.py:120} INFO - ::group::Pre task execution logs
[2026-09-03T05:41:50.858+0000] {taskinstance.py:2076} INFO - Dependencies all met for dep_context=non-requeueable deps ti=<TaskInstance: update_db.staging_table manual__2026-09-03T05:41:36.986118+00:00 [queued]>
[2026-09-03T05:41:50.942+0000] {taskinstance.py:2076} INFO - Dependencies all met for dep_context=requeueable deps ti=<TaskInstance: update_db.staging_table manual__2026-09-03T05:41:36.986118+00:00 [queued]>
[2026-09-03T05:41:50.947+0000] {taskinstance.py:2306} INFO - Starting attempt 1 of 1
[2026-09-03T05:41:51.164+0000] {taskinstance.py:2330} INFO - Executing <Task(_PythonDecoratedOperator): staging_table> on 2026-09-03 05:41:36.986118+00:00
[2026-09-03T05:41:51.211+0000] {standard_task_runner.py:63} INFO - Started process 590 to run task
[2026-09-03T05:41:51.397+0000] {standard_task_runner.py:90} INFO - Running: ['airflow', 'tasks', 'run', 'update_db', 'staging_table', 'manual__2026-09-03T05:41:36.986118+00:00', '--job-id', '17', '--raw', '--subdir', 'DAGS_FOLDER/main.py', '--cfg-path', '/tmp/tmpv7b9blp3']
[2026-09-03T05:41:51.404+0000] {standard_task_runner.py:91} INFO - Job 17: Subtask staging_table
[2026-09-03T05:41:54.380+0000] {task_command.py:426} INFO - Running <TaskInstance: update_db.staging_table manual__2026-09-03T05:41:36.986118+00:00 [running]> on host 940e059779ea
[2026-09-03T05:41:57.424+0000] {taskinstance.py:2648} INFO - Exporting env vars: AIRFLOW_CTX_DAG_OWNER='airflow' AIRFLOW_CTX_DAG_ID='update_db' AIRFLOW_CTX_TASK_ID='staging_table' AIRFLOW_CTX_EXECUTION_DATE='2026-09-03T05:41:36.986118+00:00' AIRFLOW_CTX_TRY_NUMBER='1' AIRFLOW_CTX_DAG_RUN_ID='manual__2026-09-03T05:41:36.986118+00:00'
[2026-09-03T05:41:57.475+0000] {taskinstance.py:430} INFO - ::endgroup::
[2026-09-03T05:42:02.457+0000] {base.py:84} INFO - Using connection ID 'postgres_db_yt_elt' for task execution.
[2026-09-03T05:42:02.972+0000] {dwh.py:45} ERROR - error while update ofstaging table:
[2026-09-03T05:42:03.004+0000] {taskinstance.py:441} INFO - ::group::Post task execution logs
[2026-09-03T05:42:03.035+0000] {taskinstance.py:2905} ERROR - Task failed with exception
Traceback (most recent call last):
  File "/home/airflow/.local/lib/python3.10/site-packages/airflow/models/taskinstance.py", line 465, in _execute_task
    result = _execute_callable(context=context, **execute_callable_kwargs)
  File "/home/airflow/.local/lib/python3.10/site-packages/airflow/models/taskinstance.py", line 432, in _execute_callable
    return execute_callable(context=context, **execute_callable_kwargs)
  File "/home/airflow/.local/lib/python3.10/site-packages/airflow/models/baseoperator.py", line 401, in wrapper
    return func(self, *args, **kwargs)
  File "/home/airflow/.local/lib/python3.10/site-packages/airflow/decorators/base.py", line 265, in execute
    return_value = super().execute(context)
  File "/home/airflow/.local/lib/python3.10/site-packages/airflow/models/baseoperator.py", line 401, in wrapper
    return func(self, *args, **kwargs)
  File "/home/airflow/.local/lib/python3.10/site-packages/airflow/operators/python.py", line 235, in execute
    return_value = self.execute_callable()
  File "/home/airflow/.local/lib/python3.10/site-packages/airflow/operators/python.py", line 252, in execute_callable
    return self.python_callable(*self.op_args, **self.op_kwargs)
  File "/opt/airflow/dags/datawarehouse/dwh.py", line 46, in staging_table
    raise e
  File "/opt/airflow/dags/datawarehouse/dwh.py", line 19, in staging_table
    conn,cur=get_conn_cursor();
  File "/opt/airflow/dags/datawarehouse/data_utils.py", line 8, in get_conn_cursor
    conn=hook.get_conn()
  File "/home/airflow/.local/lib/python3.10/site-packages/airflow/providers/postgres/hooks/postgres.py", line 175, in get_conn
    self.conn = psycopg2.connect(**conn_args)
  File "/home/airflow/.local/lib/python3.10/site-packages/psycopg2/__init__.py", line 122, in connect
    conn = _connect(dsn, connection_factory=connection_factory, **kwasync)
psycopg2.OperationalError: connection to server at "postgres" (172.18.0.5), port 5432 failed: FATAL:  database "db_yt_elt" does not exist

[2026-09-03T05:42:03.255+0000] {taskinstance.py:1206} INFO - Marking task as FAILED. dag_id=update_db, task_id=staging_table, run_id=manual__2026-09-03T05:41:36.986118+00:00, execution_date=20260903T054136, start_date=20260903T054150, end_date=20260903T054203
[2026-09-03T05:42:03.366+0000] {standard_task_runner.py:110} ERROR - Failed to execute job 17 for task staging_table (connection to server at "postgres" (172.18.0.5), port 5432 failed: FATAL:  database "db_yt_elt" does not exist
; 590)
[2026-09-03T05:42:03.564+0000] {local_task_job_runner.py:240} INFO - Task exited with return code 1
[2026-09-03T05:42:03.730+0000] {taskinstance.py:3503} INFO - 0 downstream tasks scheduled from follow-on schedule check
[2026-09-03T05:42:03.772+0000] {local_task_job_runner.py:222} INFO - ::endgroup::
