[2026-09-05T18:30:22.605+0000] {local_task_job_runner.py:120} INFO - ::group::Pre task execution logs
[2026-09-05T18:30:22.665+0000] {taskinstance.py:2076} INFO - Dependencies all met for dep_context=non-requeueable deps ti=<TaskInstance: update_db.staging_table manual__2026-09-05T18:30:19.361088+00:00 [queued]>
[2026-09-05T18:30:22.692+0000] {taskinstance.py:2076} INFO - Dependencies all met for dep_context=requeueable deps ti=<TaskInstance: update_db.staging_table manual__2026-09-05T18:30:19.361088+00:00 [queued]>
[2026-09-05T18:30:22.694+0000] {taskinstance.py:2306} INFO - Starting attempt 1 of 1
[2026-09-05T18:30:22.720+0000] {taskinstance.py:2330} INFO - Executing <Task(_PythonDecoratedOperator): staging_table> on 2026-09-05 18:30:19.361088+00:00
[2026-09-05T18:30:22.738+0000] {standard_task_runner.py:63} INFO - Started process 292 to run task
[2026-09-05T18:30:22.741+0000] {standard_task_runner.py:90} INFO - Running: ['airflow', 'tasks', 'run', 'update_db', 'staging_table', 'manual__2026-09-05T18:30:19.361088+00:00', '--job-id', '7', '--raw', '--subdir', 'DAGS_FOLDER/main.py', '--cfg-path', '/tmp/tmpvao092yr']
[2026-09-05T18:30:22.745+0000] {standard_task_runner.py:91} INFO - Job 7: Subtask staging_table
[2026-09-05T18:30:22.898+0000] {task_command.py:426} INFO - Running <TaskInstance: update_db.staging_table manual__2026-09-05T18:30:19.361088+00:00 [running]> on host d6c8b820b638
[2026-09-05T18:30:23.150+0000] {taskinstance.py:2648} INFO - Exporting env vars: AIRFLOW_CTX_DAG_OWNER='airflow' AIRFLOW_CTX_DAG_ID='update_db' AIRFLOW_CTX_TASK_ID='staging_table' AIRFLOW_CTX_EXECUTION_DATE='2026-09-05T18:30:19.361088+00:00' AIRFLOW_CTX_TRY_NUMBER='1' AIRFLOW_CTX_DAG_RUN_ID='manual__2026-09-05T18:30:19.361088+00:00'
[2026-09-05T18:30:23.178+0000] {taskinstance.py:430} INFO - ::endgroup::
[2026-09-05T18:30:23.616+0000] {base.py:84} INFO - Using connection ID 'postgres_db_yt_elt' for task execution.
[2026-09-05T18:30:23.684+0000] {data_loading.py:10} INFO - processing file :yt_data2026-09-05
[2026-09-05T18:30:23.706+0000] {base.py:84} INFO - Using connection ID 'postgres_db_yt_elt' for task execution.
[2026-09-05T18:30:23.761+0000] {base.py:84} INFO - Using connection ID 'postgres_db_yt_elt' for task execution.
[2026-09-05T18:30:23.890+0000] {data_modification.py:22} INFO - insert row with video_ID:xyV16N6Wj20
[2026-09-05T18:30:23.895+0000] {data_modification.py:22} INFO - insert row with video_ID:wERidUx5p8o
[2026-09-05T18:30:23.900+0000] {data_modification.py:22} INFO - insert row with video_ID:i1WfpuZErcM
[2026-09-05T18:30:23.906+0000] {data_modification.py:22} INFO - insert row with video_ID:Oss-6cGsWs0
[2026-09-05T18:30:23.911+0000] {data_modification.py:22} INFO - insert row with video_ID:IDeq2yJsyqg
[2026-09-05T18:30:23.916+0000] {data_modification.py:22} INFO - insert row with video_ID:EbJcMAfEg0o
[2026-09-05T18:30:23.923+0000] {data_modification.py:22} INFO - insert row with video_ID:IRi6AEqhq1Q
[2026-09-05T18:30:23.928+0000] {data_modification.py:22} INFO - insert row with video_ID:G-ywA1D9-9o
[2026-09-05T18:30:23.944+0000] {data_modification.py:22} INFO - insert row with video_ID:yW47gxbsqXo
[2026-09-05T18:30:23.963+0000] {data_modification.py:22} INFO - insert row with video_ID:YbF5kbALBLU
[2026-09-05T18:30:23.969+0000] {data_modification.py:22} INFO - insert row with video_ID:2WD845pHIj8
[2026-09-05T18:30:23.975+0000] {data_modification.py:22} INFO - insert row with video_ID:8xzx8eEytPE
[2026-09-05T18:30:23.980+0000] {data_modification.py:22} INFO - insert row with video_ID:MzM84euAhxM
[2026-09-05T18:30:23.992+0000] {data_modification.py:22} INFO - insert row with video_ID:skF52qeMq24
[2026-09-05T18:30:23.997+0000] {data_modification.py:22} INFO - insert row with video_ID:8JhstIzUFSU
[2026-09-05T18:30:24.003+0000] {data_modification.py:22} INFO - insert row with video_ID:YkSVPY6A3xI
[2026-09-05T18:30:24.008+0000] {data_modification.py:22} INFO - insert row with video_ID:s3eFlxgyz8Y
[2026-09-05T18:30:24.013+0000] {data_modification.py:22} INFO - insert row with video_ID:7sRTX72yA7c
[2026-09-05T18:30:24.019+0000] {data_modification.py:22} INFO - insert row with video_ID:F5FZQD1mols
[2026-09-05T18:30:24.025+0000] {data_modification.py:22} INFO - insert row with video_ID:agk-_PhCifo
[2026-09-05T18:30:24.037+0000] {data_modification.py:22} INFO - insert row with video_ID:XfsHfFeEJUo
[2026-09-05T18:30:24.042+0000] {data_modification.py:22} INFO - insert row with video_ID:vMHnYDTaED8
[2026-09-05T18:30:24.048+0000] {data_modification.py:22} INFO - insert row with video_ID:1eRGC_ebu5I
[2026-09-05T18:30:24.058+0000] {data_modification.py:22} INFO - insert row with video_ID:JSuWrvJGpXA
[2026-09-05T18:30:24.064+0000] {data_modification.py:22} INFO - insert row with video_ID:oxo3GW_NK7U
[2026-09-05T18:30:24.075+0000] {data_modification.py:22} INFO - insert row with video_ID:OxVa--mRy-s
[2026-09-05T18:30:24.080+0000] {data_modification.py:22} INFO - insert row with video_ID:c0Q9xhuDGUM
[2026-09-05T18:30:24.087+0000] {data_modification.py:22} INFO - insert row with video_ID:qNO5CZ6y7Sg
[2026-09-05T18:30:24.092+0000] {data_modification.py:22} INFO - insert row with video_ID:wUalnjVyGFg
[2026-09-05T18:30:24.100+0000] {data_modification.py:22} INFO - insert row with video_ID:lC3CslH1Jk0
[2026-09-05T18:30:24.113+0000] {data_modification.py:22} INFO - insert row with video_ID:BRV8sVfAYes
[2026-09-05T18:30:24.118+0000] {data_modification.py:22} INFO - insert row with video_ID:TFb5VZbTWW8
[2026-09-05T18:30:24.124+0000] {data_modification.py:22} INFO - insert row with video_ID:5otzIsTRAVs
[2026-09-05T18:30:24.129+0000] {data_modification.py:22} INFO - insert row with video_ID:FfAKSF-BsuE
[2026-09-05T18:30:24.134+0000] {data_modification.py:22} INFO - insert row with video_ID:SKwDxy_sYGg
[2026-09-05T18:30:24.140+0000] {data_modification.py:22} INFO - insert row with video_ID:9IK7SHy2EqM
[2026-09-05T18:30:24.146+0000] {data_modification.py:22} INFO - insert row with video_ID:d1p87GyuI-4
[2026-09-05T18:30:24.151+0000] {data_modification.py:22} INFO - insert row with video_ID:e_bOcDQSXfs
[2026-09-05T18:30:24.157+0000] {data_modification.py:22} INFO - insert row with video_ID:DS5S02PItCg
[2026-09-05T18:30:24.163+0000] {data_modification.py:22} INFO - insert row with video_ID:_op31YCic1c
[2026-09-05T18:30:24.168+0000] {data_modification.py:22} INFO - insert row with video_ID:lG0Ti2QmcnA
[2026-09-05T18:30:24.177+0000] {data_modification.py:22} INFO - insert row with video_ID:Kt7Qc-yd2C0
[2026-09-05T18:30:24.189+0000] {data_modification.py:22} INFO - insert row with video_ID:9VbzTx6a6Zw
[2026-09-05T18:30:24.274+0000] {data_modification.py:22} INFO - insert row with video_ID:huWjmj9lkHU
[2026-09-05T18:30:24.305+0000] {data_modification.py:22} INFO - insert row with video_ID:YwHccmbbOnY
[2026-09-05T18:30:24.316+0000] {data_modification.py:22} INFO - insert row with video_ID:M4gCCt3UpcE
[2026-09-05T18:30:24.324+0000] {data_modification.py:22} INFO - insert row with video_ID:5f3Q67DGtc4
[2026-09-05T18:30:24.332+0000] {data_modification.py:22} INFO - insert row with video_ID:LM-v9I2QBks
[2026-09-05T18:30:24.338+0000] {data_modification.py:22} INFO - insert row with video_ID:6BSLjhKQEBs
[2026-09-05T18:30:24.344+0000] {data_modification.py:22} INFO - insert row with video_ID:nifgXMP448M
[2026-09-05T18:30:24.348+0000] {data_modification.py:22} INFO - insert row with video_ID:1Fv8GCjK94s
[2026-09-05T18:30:24.355+0000] {data_modification.py:22} INFO - insert row with video_ID:Pd9QVyZJrFw
[2026-09-05T18:30:24.360+0000] {data_modification.py:22} INFO - insert row with video_ID:NkesgkugFJc
[2026-09-05T18:30:24.365+0000] {data_modification.py:22} INFO - insert row with video_ID:JSN5fRIsj7o
[2026-09-05T18:30:24.371+0000] {data_modification.py:22} INFO - insert row with video_ID:l9zxVm6Hzkw
[2026-09-05T18:30:24.377+0000] {data_modification.py:22} INFO - insert row with video_ID:ep146L7Cn_Q
[2026-09-05T18:30:24.382+0000] {data_modification.py:22} INFO - insert row with video_ID:Rt2D04o3Ivo
[2026-09-05T18:30:24.390+0000] {data_modification.py:22} INFO - insert row with video_ID:3uFAdp89LlQ
[2026-09-05T18:30:24.399+0000] {data_modification.py:22} INFO - insert row with video_ID:55U_nTv0J24
[2026-09-05T18:30:24.405+0000] {data_modification.py:22} INFO - insert row with video_ID:mV6hsABC1G8
[2026-09-05T18:30:24.410+0000] {data_modification.py:22} INFO - insert row with video_ID:S7fQPwg_YeM
[2026-09-05T18:30:24.415+0000] {data_modification.py:22} INFO - insert row with video_ID:xi_NGNV9dOE
[2026-09-05T18:30:24.421+0000] {data_modification.py:22} INFO - insert row with video_ID:lPa85hGrtco
[2026-09-05T18:30:24.426+0000] {data_modification.py:22} INFO - insert row with video_ID:lAS7IbGvgPI
[2026-09-05T18:30:24.431+0000] {data_modification.py:22} INFO - insert row with video_ID:MoQWJHTnOl8
[2026-09-05T18:30:24.436+0000] {data_modification.py:22} INFO - insert row with video_ID:SNyz3ZIqhng
[2026-09-05T18:30:24.440+0000] {data_modification.py:22} INFO - insert row with video_ID:mWahK6-1oZ8
[2026-09-05T18:30:24.446+0000] {data_modification.py:22} INFO - insert row with video_ID:m6_wcSfUHLg
[2026-09-05T18:30:24.450+0000] {data_modification.py:22} INFO - insert row with video_ID:HDfEPIyikzs
[2026-09-05T18:30:24.457+0000] {data_modification.py:22} INFO - insert row with video_ID:UQzTT3UYSMg
[2026-09-05T18:30:24.461+0000] {data_modification.py:22} INFO - insert row with video_ID:30k_D9vBDeI
[2026-09-05T18:30:24.466+0000] {data_modification.py:22} INFO - insert row with video_ID:DteH9UwOfpA
[2026-09-05T18:30:24.473+0000] {data_modification.py:22} INFO - insert row with video_ID:xFYXMnzcBb0
[2026-09-05T18:30:24.478+0000] {data_modification.py:22} INFO - insert row with video_ID:2NDahJhphvI
[2026-09-05T18:30:24.482+0000] {data_modification.py:22} INFO - insert row with video_ID:cQnGEvNdUcg
[2026-09-05T18:30:24.490+0000] {data_modification.py:22} INFO - insert row with video_ID:tHaMPyO9v2M
[2026-09-05T18:30:24.494+0000] {data_modification.py:22} INFO - insert row with video_ID:aQkpkcbBBS4
[2026-09-05T18:30:24.499+0000] {data_modification.py:22} INFO - insert row with video_ID:F7oCnostH8A
[2026-09-05T18:30:24.506+0000] {data_modification.py:22} INFO - insert row with video_ID:o1_j2TvF_BE
[2026-09-05T18:30:24.512+0000] {data_modification.py:22} INFO - insert row with video_ID:R3nZ2MxkvRs
[2026-09-05T18:30:24.517+0000] {data_modification.py:22} INFO - insert row with video_ID:9YmrT-Q_vDQ
[2026-09-05T18:30:24.523+0000] {data_modification.py:22} INFO - insert row with video_ID:2N6XYRDh41s
[2026-09-05T18:30:24.527+0000] {data_modification.py:22} INFO - insert row with video_ID:zJVdQEZ5bjY
[2026-09-05T18:30:24.533+0000] {data_modification.py:22} INFO - insert row with video_ID:IBai8qm-nqs
[2026-09-05T18:30:24.539+0000] {data_modification.py:22} INFO - insert row with video_ID:z3yae8OIPEU
[2026-09-05T18:30:24.545+0000] {data_modification.py:22} INFO - insert row with video_ID:t_Ux3gZGWOw
[2026-09-05T18:30:24.550+0000] {data_modification.py:22} INFO - insert row with video_ID:B3t9lKS1jg4
[2026-09-05T18:30:24.557+0000] {data_modification.py:22} INFO - insert row with video_ID:9quuSVZ9AMQ
[2026-09-05T18:30:24.562+0000] {data_modification.py:22} INFO - insert row with video_ID:abn1bLSho10
[2026-09-05T18:30:24.567+0000] {data_modification.py:22} INFO - insert row with video_ID:leXKZMScM4Y
[2026-09-05T18:30:24.573+0000] {data_modification.py:22} INFO - insert row with video_ID:2Ws8tNEWoeo
[2026-09-05T18:30:24.580+0000] {data_modification.py:22} INFO - insert row with video_ID:Fuzws1RYblA
[2026-09-05T18:30:24.585+0000] {data_modification.py:22} INFO - insert row with video_ID:qL2JYPPN8EU
[2026-09-05T18:30:24.590+0000] {data_modification.py:22} INFO - insert row with video_ID:tiaFVm698Sc
[2026-09-05T18:30:24.596+0000] {data_modification.py:22} INFO - insert row with video_ID:2tQZ47H3TwY
[2026-09-05T18:30:24.602+0000] {data_modification.py:22} INFO - insert row with video_ID:On67fQtw48w
[2026-09-05T18:30:24.608+0000] {data_modification.py:22} INFO - insert row with video_ID:xiJYe1hErzQ
[2026-09-05T18:30:24.617+0000] {data_modification.py:22} INFO - insert row with video_ID:Vbkb2hV4i5s
[2026-09-05T18:30:24.624+0000] {data_modification.py:22} INFO - insert row with video_ID:5JS4aH5rBBo
[2026-09-05T18:30:24.630+0000] {data_modification.py:22} INFO - insert row with video_ID:56Z1Vj8AJVE
[2026-09-05T18:30:24.639+0000] {data_modification.py:22} INFO - insert row with video_ID:9uGS4lK92lA
[2026-09-05T18:30:24.645+0000] {data_modification.py:22} INFO - insert row with video_ID:sFpJntYxuGA
[2026-09-05T18:30:24.650+0000] {data_modification.py:22} INFO - insert row with video_ID:bE83nlnfbNs
[2026-09-05T18:30:24.656+0000] {data_modification.py:22} INFO - insert row with video_ID:4lRQM-ZUpK4
[2026-09-05T18:30:24.661+0000] {data_modification.py:22} INFO - insert row with video_ID:c8snwP7Ctvc
[2026-09-05T18:30:24.666+0000] {data_modification.py:22} INFO - insert row with video_ID:rMcspGVkJW4
[2026-09-05T18:30:24.676+0000] {data_modification.py:22} INFO - insert row with video_ID:2YYYAGTE2zg
[2026-09-05T18:30:24.682+0000] {data_modification.py:22} INFO - insert row with video_ID:XslYAEmp9Ws
[2026-09-05T18:30:24.689+0000] {data_modification.py:22} INFO - insert row with video_ID:OETbOK0ntWk
[2026-09-05T18:30:24.695+0000] {data_modification.py:22} INFO - insert row with video_ID:RuybpAvrFYE
[2026-09-05T18:30:24.701+0000] {data_modification.py:22} INFO - insert row with video_ID:Jmc77n88PWY
[2026-09-05T18:30:24.711+0000] {data_modification.py:22} INFO - insert row with video_ID:ticbllOFceM
[2026-09-05T18:30:24.716+0000] {data_modification.py:22} INFO - insert row with video_ID:LRey5gfcBwg
[2026-09-05T18:30:24.762+0000] {data_modification.py:22} INFO - insert row with video_ID:TNs5-ACYAG8
[2026-09-05T18:30:24.828+0000] {data_modification.py:22} INFO - insert row with video_ID:NVyEbINHwwY
[2026-09-05T18:30:24.868+0000] {data_modification.py:22} INFO - insert row with video_ID:C4pY9eTIgvw
[2026-09-05T18:30:24.891+0000] {data_modification.py:22} INFO - insert row with video_ID:z3UhFmDjqxE
[2026-09-05T18:30:24.897+0000] {data_modification.py:22} INFO - insert row with video_ID:S-DxMZzq9MU
[2026-09-05T18:30:24.908+0000] {data_modification.py:22} INFO - insert row with video_ID:houoIa_y3nA
[2026-09-05T18:30:24.914+0000] {data_modification.py:22} INFO - insert row with video_ID:cjiqF4VlSRA
[2026-09-05T18:30:24.921+0000] {data_modification.py:22} INFO - insert row with video_ID:c_q4-73DjcI
[2026-09-05T18:30:24.927+0000] {data_modification.py:22} INFO - insert row with video_ID:gnMg6CAZKuo
[2026-09-05T18:30:24.931+0000] {data_modification.py:22} INFO - insert row with video_ID:tCh7uAF9BCs
[2026-09-05T18:30:24.945+0000] {data_modification.py:22} INFO - insert row with video_ID:rc2kZk0S3Sg
[2026-09-05T18:30:24.957+0000] {data_modification.py:22} INFO - insert row with video_ID:vYk4y7-br2o
[2026-09-05T18:30:24.966+0000] {data_modification.py:22} INFO - insert row with video_ID:gRMOge4k2uQ
[2026-09-05T18:30:24.975+0000] {data_modification.py:22} INFO - insert row with video_ID:TcQJNy1RhJg
[2026-09-05T18:30:24.981+0000] {data_modification.py:22} INFO - insert row with video_ID:wCLL5Oafw7w
[2026-09-05T18:30:24.989+0000] {data_modification.py:22} INFO - insert row with video_ID:KjxbkszU4xA
[2026-09-05T18:30:24.996+0000] {data_modification.py:22} INFO - insert row with video_ID:3lFilSPxScM
[2026-09-05T18:30:25.003+0000] {data_modification.py:22} INFO - insert row with video_ID:aMktu9j-OCY
[2026-09-05T18:30:25.011+0000] {data_modification.py:22} INFO - insert row with video_ID:aWa_Sd_IBME
[2026-09-05T18:30:25.019+0000] {data_modification.py:22} INFO - insert row with video_ID:XNiTVeR8t_s
[2026-09-05T18:30:25.025+0000] {data_modification.py:22} INFO - insert row with video_ID:pV1ZiYm5pwA
[2026-09-05T18:30:25.030+0000] {data_modification.py:22} INFO - insert row with video_ID:4TI5WqaNOwA
[2026-09-05T18:30:25.036+0000] {data_modification.py:22} INFO - insert row with video_ID:mrkfROfB_DA
[2026-09-05T18:30:25.041+0000] {data_modification.py:22} INFO - insert row with video_ID:s3Uzz22Z9bM
[2026-09-05T18:30:25.048+0000] {data_modification.py:22} INFO - insert row with video_ID:yfEYaLt6lkI
[2026-09-05T18:30:25.054+0000] {data_modification.py:22} INFO - insert row with video_ID:WjwPSjCZ050
[2026-09-05T18:30:25.059+0000] {data_modification.py:22} INFO - insert row with video_ID:F30CG1X-_MA
[2026-09-05T18:30:25.064+0000] {data_modification.py:22} INFO - insert row with video_ID:d9hA_NvH6E0
[2026-09-05T18:30:25.072+0000] {data_modification.py:22} INFO - insert row with video_ID:YZXiKednj-M
[2026-09-05T18:30:25.076+0000] {data_modification.py:22} INFO - insert row with video_ID:dcydwLXBkKQ
[2026-09-05T18:30:25.081+0000] {data_modification.py:22} INFO - insert row with video_ID:POnP8uVHrJw
[2026-09-05T18:30:25.087+0000] {data_modification.py:22} INFO - insert row with video_ID:tTMfi_eBCQM
[2026-09-05T18:30:25.092+0000] {data_modification.py:22} INFO - insert row with video_ID:A9I_zrYlZTs
[2026-09-05T18:30:25.097+0000] {data_modification.py:22} INFO - insert row with video_ID:Wxly14_ikNw
[2026-09-05T18:30:25.102+0000] {data_modification.py:22} INFO - insert row with video_ID:5eEB1CXpiJs
[2026-09-05T18:30:25.107+0000] {data_modification.py:22} INFO - insert row with video_ID:uN9sdZ8b4sM
[2026-09-05T18:30:25.112+0000] {data_modification.py:22} INFO - insert row with video_ID:1ih9XRA7X6Q
[2026-09-05T18:30:25.118+0000] {data_modification.py:22} INFO - insert row with video_ID:rgnm51LV5G4
[2026-09-05T18:30:25.126+0000] {data_modification.py:22} INFO - insert row with video_ID:YS_53Jd2BDA
[2026-09-05T18:30:25.131+0000] {data_modification.py:22} INFO - insert row with video_ID:uEaRhTYH18g
[2026-09-05T18:30:25.137+0000] {data_modification.py:22} INFO - insert row with video_ID:LTKW8r6tQcw
[2026-09-05T18:30:25.142+0000] {data_modification.py:22} INFO - insert row with video_ID:_-BjT6LZvfw
[2026-09-05T18:30:25.148+0000] {data_modification.py:22} INFO - insert row with video_ID:s_yuclAkJ68
[2026-09-05T18:30:25.154+0000] {data_modification.py:22} INFO - insert row with video_ID:82CTopJZUxo
[2026-09-05T18:30:25.159+0000] {data_modification.py:22} INFO - insert row with video_ID:vgvOmrq75Do
[2026-09-05T18:30:25.164+0000] {data_modification.py:22} INFO - insert row with video_ID:UKdNEo_iCg4
[2026-09-05T18:30:25.171+0000] {data_modification.py:22} INFO - insert row with video_ID:Kj5r3TVBYtA
[2026-09-05T18:30:25.177+0000] {data_modification.py:22} INFO - insert row with video_ID:ZyIUEuydmNo
[2026-09-05T18:30:25.182+0000] {data_modification.py:22} INFO - insert row with video_ID:nJYAn6BgKUE
[2026-09-05T18:30:25.188+0000] {data_modification.py:22} INFO - insert row with video_ID:frmYvKInYgI
[2026-09-05T18:30:25.193+0000] {data_modification.py:22} INFO - insert row with video_ID:avk5yHHthiY
[2026-09-05T18:30:25.198+0000] {data_modification.py:22} INFO - insert row with video_ID:3NDoiMZa_F8
[2026-09-05T18:30:25.208+0000] {data_modification.py:22} INFO - insert row with video_ID:LRZBr7iT5EM
[2026-09-05T18:30:25.213+0000] {data_modification.py:22} INFO - insert row with video_ID:KUyHjkeSmTI
[2026-09-05T18:30:25.218+0000] {data_modification.py:22} INFO - insert row with video_ID:PKSTsQXba0A
[2026-09-05T18:30:25.223+0000] {data_modification.py:22} INFO - insert row with video_ID:tKsWPPcrbM4
[2026-09-05T18:30:25.228+0000] {data_modification.py:22} INFO - insert row with video_ID:1kMQyLg7jl8
[2026-09-05T18:30:25.233+0000] {data_modification.py:22} INFO - insert row with video_ID:AlOEIfODjms
[2026-09-05T18:30:25.239+0000] {data_modification.py:22} INFO - insert row with video_ID:FZfTgZCxkHs
[2026-09-05T18:30:25.243+0000] {data_modification.py:22} INFO - insert row with video_ID:HsynU0lgZEc
[2026-09-05T18:30:25.248+0000] {data_modification.py:22} INFO - insert row with video_ID:6kdJi9-drsI
[2026-09-05T18:30:25.254+0000] {data_modification.py:22} INFO - insert row with video_ID:iBAo_dHjuGk
[2026-09-05T18:30:25.259+0000] {data_modification.py:22} INFO - insert row with video_ID:phtjWWF_pbs
[2026-09-05T18:30:25.264+0000] {data_modification.py:22} INFO - insert row with video_ID:l3KmhPRh4Xk
[2026-09-05T18:30:25.269+0000] {data_modification.py:22} INFO - insert row with video_ID:1_jjR60cCCQ
[2026-09-05T18:30:25.273+0000] {data_modification.py:22} INFO - insert row with video_ID:S6vJPaxEkUs
[2026-09-05T18:30:25.282+0000] {data_modification.py:22} INFO - insert row with video_ID:vh2_hw-cTAk
[2026-09-05T18:30:25.290+0000] {data_modification.py:22} INFO - insert row with video_ID:pqwO_2z9E7o
[2026-09-05T18:30:25.294+0000] {data_modification.py:22} INFO - insert row with video_ID:DoVqxPjdZvc
[2026-09-05T18:30:25.299+0000] {data_modification.py:22} INFO - insert row with video_ID:q3SKAxnqAek
[2026-09-05T18:30:25.305+0000] {data_modification.py:22} INFO - insert row with video_ID:WIiMkuPFEN8
[2026-09-05T18:30:25.310+0000] {data_modification.py:22} INFO - insert row with video_ID:hX-Wpv9DsDM
[2026-09-05T18:30:25.315+0000] {data_modification.py:22} INFO - insert row with video_ID:faF_2A26_VI
[2026-09-05T18:30:25.328+0000] {data_modification.py:22} INFO - insert row with video_ID:rsnv-WxSfO8
[2026-09-05T18:30:25.393+0000] {data_modification.py:22} INFO - insert row with video_ID:x9Xut2sKdbg
[2026-09-05T18:30:25.424+0000] {data_modification.py:22} INFO - insert row with video_ID:K_Y5cS2AikI
[2026-09-05T18:30:25.434+0000] {data_modification.py:22} INFO - insert row with video_ID:qYCY0DIzOPw
[2026-09-05T18:30:25.440+0000] {data_modification.py:22} INFO - insert row with video_ID:l8bJ3lH6UnY
[2026-09-05T18:30:25.445+0000] {data_modification.py:22} INFO - insert row with video_ID:82Wo9PsUIQk
[2026-09-05T18:30:25.451+0000] {data_modification.py:22} INFO - insert row with video_ID:ufeu7XgRTDU
[2026-09-05T18:30:25.456+0000] {data_modification.py:22} INFO - insert row with video_ID:vr7ztihxB_A
[2026-09-05T18:30:25.462+0000] {data_modification.py:22} INFO - insert row with video_ID:5Ol29m2jfqo
[2026-09-05T18:30:25.467+0000] {data_modification.py:22} INFO - insert row with video_ID:J8abhDLpsVA
[2026-09-05T18:30:25.473+0000] {data_modification.py:22} INFO - insert row with video_ID:WsPvlu3FBMg
[2026-09-05T18:30:25.478+0000] {data_modification.py:22} INFO - insert row with video_ID:dMqJ0xY4-34
[2026-09-05T18:30:25.484+0000] {data_modification.py:22} INFO - insert row with video_ID:HGHmE__w5rM
[2026-09-05T18:30:25.490+0000] {data_modification.py:22} INFO - insert row with video_ID:HxLotijFvvk
[2026-09-05T18:30:25.496+0000] {data_modification.py:22} INFO - insert row with video_ID:yxDndJhVSv4
[2026-09-05T18:30:25.502+0000] {data_modification.py:22} INFO - insert row with video_ID:OFCdcLbINuc
[2026-09-05T18:30:25.507+0000] {data_modification.py:22} INFO - insert row with video_ID:Ps29eztqMdo
[2026-09-05T18:30:25.512+0000] {data_modification.py:22} INFO - insert row with video_ID:8mTCRZJEAQg
[2026-09-05T18:30:25.519+0000] {data_modification.py:22} INFO - insert row with video_ID:folWzIEqjcE
[2026-09-05T18:30:25.524+0000] {data_modification.py:22} INFO - insert row with video_ID:E306-fOHlII
[2026-09-05T18:30:25.529+0000] {data_modification.py:22} INFO - insert row with video_ID:mROG8iwYcQ0
[2026-09-05T18:30:25.535+0000] {data_modification.py:22} INFO - insert row with video_ID:tILtZ8YK9G0
[2026-09-05T18:30:25.541+0000] {data_modification.py:22} INFO - insert row with video_ID:rc9w9IWthMc
[2026-09-05T18:30:25.550+0000] {data_modification.py:22} INFO - insert row with video_ID:zrEoqra9RhM
[2026-09-05T18:30:25.556+0000] {data_modification.py:22} INFO - insert row with video_ID:lFtKLhV87Ps
[2026-09-05T18:30:25.561+0000] {data_modification.py:22} INFO - insert row with video_ID:PZ9BDXlew-Q
[2026-09-05T18:30:25.567+0000] {data_modification.py:22} INFO - insert row with video_ID:CRyGanOhLE8
[2026-09-05T18:30:25.577+0000] {data_modification.py:22} INFO - insert row with video_ID:ifSegYm8n5U
[2026-09-05T18:30:25.586+0000] {data_modification.py:22} INFO - insert row with video_ID:imT2c4Efoxc
[2026-09-05T18:30:25.591+0000] {data_modification.py:22} INFO - insert row with video_ID:kVqAeo6k6b0
[2026-09-05T18:30:25.597+0000] {data_modification.py:22} INFO - insert row with video_ID:VkKRL-QMdm0
[2026-09-05T18:30:25.605+0000] {data_modification.py:22} INFO - insert row with video_ID:YufZFo44fOg
[2026-09-05T18:30:25.611+0000] {data_modification.py:22} INFO - insert row with video_ID:vsmkR_DAfjY
[2026-09-05T18:30:25.619+0000] {data_modification.py:22} INFO - insert row with video_ID:tYwFsaZ5prU
[2026-09-05T18:30:25.625+0000] {data_modification.py:22} INFO - insert row with video_ID:h7W9n4ZtreU
[2026-09-05T18:30:25.630+0000] {data_modification.py:22} INFO - insert row with video_ID:2RW_lIK3DdY
[2026-09-05T18:30:25.636+0000] {data_modification.py:22} INFO - insert row with video_ID:r931dwUWKWw
[2026-09-05T18:30:25.641+0000] {data_modification.py:22} INFO - insert row with video_ID:OQkiDkzfO9M
[2026-09-05T18:30:25.646+0000] {data_modification.py:22} INFO - insert row with video_ID:oDtim-xT4hY
[2026-09-05T18:30:25.655+0000] {data_modification.py:22} INFO - insert row with video_ID:Qwo-_lGU9_Q
[2026-09-05T18:30:25.663+0000] {data_modification.py:22} INFO - insert row with video_ID:-n639Qz1Z6s
[2026-09-05T18:30:25.668+0000] {data_modification.py:22} INFO - insert row with video_ID:K05MHZIZE_M
[2026-09-05T18:30:25.673+0000] {data_modification.py:22} INFO - insert row with video_ID:3aY-iI1in0o
[2026-09-05T18:30:25.679+0000] {data_modification.py:22} INFO - insert row with video_ID:1pSL3zzXv6U
[2026-09-05T18:30:25.685+0000] {data_modification.py:22} INFO - insert row with video_ID:YIxLzwe9TRg
[2026-09-05T18:30:25.691+0000] {data_modification.py:22} INFO - insert row with video_ID:RiACzN_oEcw
[2026-09-05T18:30:25.697+0000] {data_modification.py:22} INFO - insert row with video_ID:qVdpUPEmraQ
[2026-09-05T18:30:25.702+0000] {data_modification.py:22} INFO - insert row with video_ID:XlgAYgHwAeA
[2026-09-05T18:30:25.707+0000] {data_modification.py:22} INFO - insert row with video_ID:1_eXlgOmZrw
[2026-09-05T18:30:25.712+0000] {data_modification.py:22} INFO - insert row with video_ID:cp89mKKsaB4
[2026-09-05T18:30:25.722+0000] {data_modification.py:22} INFO - insert row with video_ID:nn_wUjssxBM
[2026-09-05T18:30:25.727+0000] {data_modification.py:22} INFO - insert row with video_ID:yrv5mx2FNlI
[2026-09-05T18:30:25.734+0000] {data_modification.py:22} INFO - insert row with video_ID:3Ig6xw2uHWc
[2026-09-05T18:30:25.740+0000] {data_modification.py:22} INFO - insert row with video_ID:wRiKgDvDHpw
[2026-09-05T18:30:25.745+0000] {data_modification.py:22} INFO - insert row with video_ID:CINPEPr52Lk
[2026-09-05T18:30:25.751+0000] {data_modification.py:22} INFO - insert row with video_ID:FAWR-9zNwZY
[2026-09-05T18:30:25.756+0000] {data_modification.py:22} INFO - insert row with video_ID:LzwW00RiEgI
[2026-09-05T18:30:25.761+0000] {data_modification.py:22} INFO - insert row with video_ID:VIZG5p4RtGc
[2026-09-05T18:30:25.767+0000] {data_modification.py:22} INFO - insert row with video_ID:cOt8NPeZl-E
[2026-09-05T18:30:25.772+0000] {data_modification.py:22} INFO - insert row with video_ID:_yQHto8HAhs
[2026-09-05T18:30:25.777+0000] {data_modification.py:22} INFO - insert row with video_ID:kWc9LMluJCg
[2026-09-05T18:30:25.782+0000] {data_modification.py:22} INFO - insert row with video_ID:py-iVNeO67E
[2026-09-05T18:30:25.789+0000] {data_modification.py:22} INFO - insert row with video_ID:7cFg8rrSH5A
[2026-09-05T18:30:25.794+0000] {data_modification.py:22} INFO - insert row with video_ID:IFhR27BUzb0
[2026-09-05T18:30:25.800+0000] {data_modification.py:22} INFO - insert row with video_ID:1k490VsEWVs
[2026-09-05T18:30:25.809+0000] {data_modification.py:22} INFO - insert row with video_ID:cOb2jvIfDzs
[2026-09-05T18:30:25.814+0000] {data_modification.py:22} INFO - insert row with video_ID:qqOSqZfh94E
[2026-09-05T18:30:25.821+0000] {data_modification.py:22} INFO - insert row with video_ID:s-IHUg0vyZk
[2026-09-05T18:30:25.828+0000] {data_modification.py:22} INFO - insert row with video_ID:MAYRq72f8MI
[2026-09-05T18:30:25.834+0000] {data_modification.py:22} INFO - insert row with video_ID:1PzfU6DmTaU
[2026-09-05T18:30:25.844+0000] {data_modification.py:22} INFO - insert row with video_ID:SZEoj7UvfOg
[2026-09-05T18:30:25.852+0000] {data_modification.py:22} INFO - insert row with video_ID:k7ASEOEh-o8
[2026-09-05T18:30:25.874+0000] {data_modification.py:22} INFO - insert row with video_ID:xdk8MufwqXY
[2026-09-05T18:30:25.879+0000] {data_modification.py:22} INFO - insert row with video_ID:nBO5AzqLuxY
[2026-09-05T18:30:25.887+0000] {data_modification.py:22} INFO - insert row with video_ID:h0iUIPzhT14
[2026-09-05T18:30:25.891+0000] {data_modification.py:22} INFO - insert row with video_ID:qnurXbu2vio
[2026-09-05T18:30:25.896+0000] {data_modification.py:22} INFO - insert row with video_ID:9FFmOPFKEbI
[2026-09-05T18:30:25.901+0000] {data_modification.py:22} INFO - insert row with video_ID:fn_MDAV0cpk
[2026-09-05T18:30:25.906+0000] {data_modification.py:22} INFO - insert row with video_ID:anj_yXXbP4I
[2026-09-05T18:30:25.912+0000] {data_modification.py:22} INFO - insert row with video_ID:DQGgzjgjXOU
[2026-09-05T18:30:25.917+0000] {data_modification.py:22} INFO - insert row with video_ID:YQ28kqa3lIo
[2026-09-05T18:30:25.922+0000] {data_modification.py:22} INFO - insert row with video_ID:vL0GpmOAffU
[2026-09-05T18:30:25.928+0000] {data_modification.py:22} INFO - insert row with video_ID:2p193IbrfBs
[2026-09-05T18:30:25.934+0000] {data_modification.py:22} INFO - insert row with video_ID:JL2yNF08bRI
[2026-09-05T18:30:25.939+0000] {data_modification.py:22} INFO - insert row with video_ID:prghIqZXVIE
[2026-09-05T18:30:25.944+0000] {data_modification.py:22} INFO - insert row with video_ID:BPNJ_Q7MA6w
[2026-09-05T18:30:25.953+0000] {data_modification.py:22} INFO - insert row with video_ID:0JWMzSBd_3U
[2026-09-05T18:30:25.965+0000] {data_modification.py:22} INFO - insert row with video_ID:9Ts6zCpxWG8
[2026-09-05T18:30:25.985+0000] {data_modification.py:22} INFO - insert row with video_ID:Ab2EBhjxex4
[2026-09-05T18:30:25.990+0000] {data_modification.py:22} INFO - insert row with video_ID:plRvyekBjKk
[2026-09-05T18:30:25.996+0000] {data_modification.py:22} INFO - insert row with video_ID:dLV3Dfz1eJ8
[2026-09-05T18:30:26.005+0000] {data_modification.py:22} INFO - insert row with video_ID:teOZDU_Ha50
[2026-09-05T18:30:26.012+0000] {data_modification.py:22} INFO - insert row with video_ID:sGAncfME8_o
[2026-09-05T18:30:26.023+0000] {data_modification.py:22} INFO - insert row with video_ID:skOB_GTPpP8
[2026-09-05T18:30:26.030+0000] {data_modification.py:22} INFO - insert row with video_ID:tEpMU8atFlE
[2026-09-05T18:30:26.042+0000] {data_modification.py:22} INFO - insert row with video_ID:mhu86BPC97U
[2026-09-05T18:30:26.048+0000] {data_modification.py:22} INFO - insert row with video_ID:iYxVMvUaxig
[2026-09-05T18:30:26.058+0000] {data_modification.py:22} INFO - insert row with video_ID:spNXTxZUNNQ
[2026-09-05T18:30:26.064+0000] {data_modification.py:22} INFO - insert row with video_ID:ZmCm_TzTBWY
[2026-09-05T18:30:26.072+0000] {data_modification.py:22} INFO - insert row with video_ID:Z738L-asFHw
[2026-09-05T18:30:26.078+0000] {data_modification.py:22} INFO - insert row with video_ID:0_yZHL8aOpU
[2026-09-05T18:30:26.083+0000] {data_modification.py:22} INFO - insert row with video_ID:K0RVbxnSmEY
[2026-09-05T18:30:26.089+0000] {data_modification.py:22} INFO - insert row with video_ID:3p5u0gX30b8
[2026-09-05T18:30:26.094+0000] {data_modification.py:22} INFO - insert row with video_ID:Ejt3R9lUUsY
[2026-09-05T18:30:26.100+0000] {data_modification.py:22} INFO - insert row with video_ID:doffT2sd4Lc
[2026-09-05T18:30:26.108+0000] {data_modification.py:22} INFO - insert row with video_ID:pk7hqssRQN4
[2026-09-05T18:30:26.113+0000] {data_modification.py:22} INFO - insert row with video_ID:Ui9g4t2u4vY
[2026-09-05T18:30:26.122+0000] {data_modification.py:22} INFO - insert row with video_ID:ROpGKkYIwW0
[2026-09-05T18:30:26.127+0000] {data_modification.py:22} INFO - insert row with video_ID:_B_rryDkmCw
[2026-09-05T18:30:26.134+0000] {data_modification.py:22} INFO - insert row with video_ID:KuUichFesYE
[2026-09-05T18:30:26.139+0000] {data_modification.py:22} INFO - insert row with video_ID:4_gTwqoMBRc
[2026-09-05T18:30:26.145+0000] {data_modification.py:22} INFO - insert row with video_ID:Zte7JTB1KE8
[2026-09-05T18:30:26.150+0000] {data_modification.py:22} INFO - insert row with video_ID:IWT9z6VMeDY
[2026-09-05T18:30:26.155+0000] {data_modification.py:22} INFO - insert row with video_ID:g6BMGNnFOvw
[2026-09-05T18:30:26.160+0000] {data_modification.py:22} INFO - insert row with video_ID:6NYjDxDwnFo
[2026-09-05T18:30:26.166+0000] {data_modification.py:22} INFO - insert row with video_ID:0S-Y1vZwR1A
[2026-09-05T18:30:26.172+0000] {data_modification.py:22} INFO - insert row with video_ID:vxoPTv59BYc
[2026-09-05T18:30:26.179+0000] {data_modification.py:22} INFO - insert row with video_ID:wdpvOJWF9EM
[2026-09-05T18:30:26.189+0000] {data_modification.py:22} INFO - insert row with video_ID:ZPMXOMLJjEY
[2026-09-05T18:30:26.195+0000] {data_modification.py:22} INFO - insert row with video_ID:sTwj4aDXXSI
[2026-09-05T18:30:26.200+0000] {data_modification.py:22} INFO - insert row with video_ID:F36Q1O7k6p0
[2026-09-05T18:30:26.206+0000] {data_modification.py:22} INFO - insert row with video_ID:1zzwCGWXMz8
[2026-09-05T18:30:26.212+0000] {data_modification.py:22} INFO - insert row with video_ID:h-hckxOYL2Q
[2026-09-05T18:30:26.218+0000] {data_modification.py:22} INFO - insert row with video_ID:8gqxv6HZHRU
[2026-09-05T18:30:26.224+0000] {data_modification.py:22} INFO - insert row with video_ID:e_UkPXXLaZM
[2026-09-05T18:30:26.229+0000] {data_modification.py:22} INFO - insert row with video_ID:nL-TOAiOEKI
[2026-09-05T18:30:26.234+0000] {data_modification.py:22} INFO - insert row with video_ID:6xzhYN9UYVw
[2026-09-05T18:30:26.240+0000] {data_modification.py:22} INFO - insert row with video_ID:utjXTssUaqs
[2026-09-05T18:30:26.245+0000] {data_modification.py:22} INFO - insert row with video_ID:lp0ey3wRasg
[2026-09-05T18:30:26.251+0000] {data_modification.py:22} INFO - insert row with video_ID:uwBUj5OrXz8
[2026-09-05T18:30:26.256+0000] {data_modification.py:22} INFO - insert row with video_ID:W5F6pgs5rOk
[2026-09-05T18:30:26.263+0000] {data_modification.py:22} INFO - insert row with video_ID:ld6F8e3TT0k
[2026-09-05T18:30:26.269+0000] {data_modification.py:22} INFO - insert row with video_ID:UUGPqoA9SaE
[2026-09-05T18:30:26.275+0000] {data_modification.py:22} INFO - insert row with video_ID:8S7t219ztAM
[2026-09-05T18:30:26.282+0000] {data_modification.py:22} INFO - insert row with video_ID:dBf6L0ZmNss
[2026-09-05T18:30:26.292+0000] {data_modification.py:22} INFO - insert row with video_ID:zKr_AlRuxFQ
[2026-09-05T18:30:26.302+0000] {data_modification.py:22} INFO - insert row with video_ID:HjVHZQFkPoA
[2026-09-05T18:30:26.308+0000] {data_modification.py:22} INFO - insert row with video_ID:Qb2km0l3kcA
[2026-09-05T18:30:26.314+0000] {data_modification.py:22} INFO - insert row with video_ID:9yjDYYtzhQY
[2026-09-05T18:30:26.321+0000] {data_modification.py:22} INFO - insert row with video_ID:AHVbF1MjmIU
[2026-09-05T18:30:26.327+0000] {data_modification.py:22} INFO - insert row with video_ID:eJyt33R3QsI
[2026-09-05T18:30:26.333+0000] {data_modification.py:22} INFO - insert row with video_ID:jgYWhlvJke4
[2026-09-05T18:30:26.339+0000] {data_modification.py:22} INFO - insert row with video_ID:jEsZ9Y-QsGY
[2026-09-05T18:30:26.344+0000] {data_modification.py:22} INFO - insert row with video_ID:QH-TvIH6ywU
[2026-09-05T18:30:26.349+0000] {data_modification.py:22} INFO - insert row with video_ID:hhjZM9V46r8
[2026-09-05T18:30:26.355+0000] {data_modification.py:22} INFO - insert row with video_ID:PvjToPQU148
[2026-09-05T18:30:26.360+0000] {data_modification.py:22} INFO - insert row with video_ID:-ULFCwJpMy0
[2026-09-05T18:30:26.366+0000] {data_modification.py:22} INFO - insert row with video_ID:TGJd1bePbNg
[2026-09-05T18:30:26.373+0000] {data_modification.py:22} INFO - insert row with video_ID:2mKBpcsdeaA
[2026-09-05T18:30:26.379+0000] {data_modification.py:22} INFO - insert row with video_ID:lDs8ZTI2DJo
[2026-09-05T18:30:26.384+0000] {data_modification.py:22} INFO - insert row with video_ID:IejmIhac6nM
[2026-09-05T18:30:26.389+0000] {data_modification.py:22} INFO - insert row with video_ID:UFra0CDojw8
[2026-09-05T18:30:26.394+0000] {data_modification.py:22} INFO - insert row with video_ID:6HLMqagWWDw
[2026-09-05T18:30:26.400+0000] {data_modification.py:22} INFO - insert row with video_ID:hTRHWJYsX2s
[2026-09-05T18:30:26.406+0000] {data_modification.py:22} INFO - insert row with video_ID:yqbYdgjuGyI
[2026-09-05T18:30:26.412+0000] {data_modification.py:22} INFO - insert row with video_ID:AnYvq0378tQ
[2026-09-05T18:30:26.417+0000] {data_modification.py:22} INFO - insert row with video_ID:p4Qo88eY8ak
[2026-09-05T18:30:26.423+0000] {data_modification.py:22} INFO - insert row with video_ID:5cvt6MxiAT0
[2026-09-05T18:30:26.428+0000] {data_modification.py:22} INFO - insert row with video_ID:H7TGIW8Tu2k
[2026-09-05T18:30:26.504+0000] {data_modification.py:22} INFO - insert row with video_ID:QklIINnTT2w
[2026-09-05T18:30:26.573+0000] {data_modification.py:22} INFO - insert row with video_ID:6ap6nGWpAIs
[2026-09-05T18:30:26.584+0000] {data_modification.py:22} INFO - insert row with video_ID:elj2UyGCQ3E
[2026-09-05T18:30:26.608+0000] {data_modification.py:22} INFO - insert row with video_ID:MzwVnUBCip4
[2026-09-05T18:30:26.641+0000] {data_modification.py:22} INFO - insert row with video_ID:PXbqG0BY6E4
[2026-09-05T18:30:26.656+0000] {data_modification.py:22} INFO - insert row with video_ID:nAiBwJC1XfQ
[2026-09-05T18:30:26.688+0000] {data_modification.py:22} INFO - insert row with video_ID:YaNOk74ETQI
[2026-09-05T18:30:26.693+0000] {data_modification.py:22} INFO - insert row with video_ID:j_aOfoO118M
[2026-09-05T18:30:26.700+0000] {data_modification.py:22} INFO - insert row with video_ID:8HWHvDwTjW8
[2026-09-05T18:30:26.705+0000] {data_modification.py:22} INFO - insert row with video_ID:IRkuQM1yPiM
[2026-09-05T18:30:26.711+0000] {data_modification.py:22} INFO - insert row with video_ID:q_qor-Jmd78
[2026-09-05T18:30:26.716+0000] {data_modification.py:22} INFO - insert row with video_ID:OdG3nTfP0lM
[2026-09-05T18:30:26.722+0000] {data_modification.py:22} INFO - insert row with video_ID:BBtCoieSRy0
[2026-09-05T18:30:26.727+0000] {data_modification.py:22} INFO - insert row with video_ID:SwNg-VNKkho
[2026-09-05T18:30:26.740+0000] {data_modification.py:22} INFO - insert row with video_ID:69u1e4wBO1g
[2026-09-05T18:30:26.746+0000] {data_modification.py:22} INFO - insert row with video_ID:EkqV_mYHTiw
[2026-09-05T18:30:26.753+0000] {data_modification.py:22} INFO - insert row with video_ID:NH8n1sMhx-0
[2026-09-05T18:30:26.758+0000] {data_modification.py:22} INFO - insert row with video_ID:we7999HX15U
[2026-09-05T18:30:26.766+0000] {data_modification.py:22} INFO - insert row with video_ID:BPTML8YStp0
[2026-09-05T18:30:26.773+0000] {data_modification.py:22} INFO - insert row with video_ID:oXNdrH2o96I
[2026-09-05T18:30:26.778+0000] {data_modification.py:22} INFO - insert row with video_ID:X9adLNvdQC4
[2026-09-05T18:30:26.788+0000] {data_modification.py:22} INFO - insert row with video_ID:RvNteO24zVU
[2026-09-05T18:30:26.793+0000] {data_modification.py:22} INFO - insert row with video_ID:GCl-DEWq-QY
[2026-09-05T18:30:26.798+0000] {data_modification.py:22} INFO - insert row with video_ID:WIPDDKmyX-8
[2026-09-05T18:30:26.806+0000] {data_modification.py:22} INFO - insert row with video_ID:QccyyqGrK-4
[2026-09-05T18:30:26.815+0000] {data_modification.py:22} INFO - insert row with video_ID:3G8d23r8YHU
[2026-09-05T18:30:26.821+0000] {data_modification.py:22} INFO - insert row with video_ID:-nL4VCYA3VY
[2026-09-05T18:30:26.827+0000] {data_modification.py:22} INFO - insert row with video_ID:RRFw6SaizhY
[2026-09-05T18:30:26.841+0000] {data_modification.py:22} INFO - insert row with video_ID:h5RgQRaRfmA
[2026-09-05T18:30:26.849+0000] {data_modification.py:22} INFO - insert row with video_ID:T7xcyGQJFpc
[2026-09-05T18:30:26.857+0000] {data_modification.py:22} INFO - insert row with video_ID:RidLgFmbMf0
[2026-09-05T18:30:26.862+0000] {data_modification.py:22} INFO - insert row with video_ID:tbzIxJQHIHU
[2026-09-05T18:30:26.867+0000] {data_modification.py:22} INFO - insert row with video_ID:VbKFzL2HuJU
[2026-09-05T18:30:26.876+0000] {data_modification.py:22} INFO - insert row with video_ID:HAH3jM9p1qM
[2026-09-05T18:30:26.883+0000] {data_modification.py:22} INFO - insert row with video_ID:vgYXV6Nnj98
[2026-09-05T18:30:26.894+0000] {data_modification.py:22} INFO - insert row with video_ID:oHI1SYep5pU
[2026-09-05T18:30:26.900+0000] {data_modification.py:22} INFO - insert row with video_ID:aiYhg3KJuxI
[2026-09-05T18:30:26.907+0000] {data_modification.py:22} INFO - insert row with video_ID:wUycwai6Nm0
[2026-09-05T18:30:26.912+0000] {data_modification.py:22} INFO - insert row with video_ID:EyMX5IF56_8
[2026-09-05T18:30:26.919+0000] {data_modification.py:22} INFO - insert row with video_ID:oR44apuMt80
[2026-09-05T18:30:26.924+0000] {data_modification.py:22} INFO - insert row with video_ID:hm9ryFImFQk
[2026-09-05T18:30:26.930+0000] {data_modification.py:22} INFO - insert row with video_ID:LDsF1FCn7f8
[2026-09-05T18:30:26.936+0000] {data_modification.py:22} INFO - insert row with video_ID:qhe79lo-VZs
[2026-09-05T18:30:26.941+0000] {data_modification.py:22} INFO - insert row with video_ID:SMXEmCHQQIY
[2026-09-05T18:30:26.946+0000] {data_modification.py:22} INFO - insert row with video_ID:Y3wyjtvYssw
[2026-09-05T18:30:26.952+0000] {data_modification.py:22} INFO - insert row with video_ID:vcGjLwfpAE4
[2026-09-05T18:30:26.960+0000] {data_modification.py:22} INFO - insert row with video_ID:SesyfgpdF_Y
[2026-09-05T18:30:26.965+0000] {data_modification.py:22} INFO - insert row with video_ID:r34qfqlB1OE
[2026-09-05T18:30:26.971+0000] {data_modification.py:22} INFO - insert row with video_ID:A8bRZSz84go
[2026-09-05T18:30:26.976+0000] {data_modification.py:22} INFO - insert row with video_ID:8I2sQ6vnDcY
[2026-09-05T18:30:26.981+0000] {data_modification.py:22} INFO - insert row with video_ID:PviAV4gz8oQ
[2026-09-05T18:30:26.992+0000] {data_modification.py:22} INFO - insert row with video_ID:Upp89F5EBq8
[2026-09-05T18:30:26.997+0000] {data_modification.py:22} INFO - insert row with video_ID:dbSUEFaR0MI
[2026-09-05T18:30:27.003+0000] {data_modification.py:22} INFO - insert row with video_ID:GQQ76_fa2j8
[2026-09-05T18:30:27.008+0000] {data_modification.py:22} INFO - insert row with video_ID:wu2gUwBrM6I
[2026-09-05T18:30:27.014+0000] {data_modification.py:22} INFO - insert row with video_ID:1reAU8S8q1c
[2026-09-05T18:30:27.021+0000] {data_modification.py:22} INFO - insert row with video_ID:AyIsCk3SFEI
[2026-09-05T18:30:27.026+0000] {data_modification.py:22} INFO - insert row with video_ID:mmewzmyLvBI
[2026-09-05T18:30:27.032+0000] {data_modification.py:22} INFO - insert row with video_ID:h_flAqzF1DU
[2026-09-05T18:30:27.040+0000] {data_modification.py:22} INFO - insert row with video_ID:vmKCkbd5IVc
[2026-09-05T18:30:27.047+0000] {data_modification.py:22} INFO - insert row with video_ID:_gvm4otqjgg
[2026-09-05T18:30:27.053+0000] {data_modification.py:22} INFO - insert row with video_ID:CcINgZbm-Qw
[2026-09-05T18:30:27.058+0000] {data_modification.py:22} INFO - insert row with video_ID:4O3p9hfoM6s
[2026-09-05T18:30:27.096+0000] {data_modification.py:22} INFO - insert row with video_ID:Fu9bYA7xw2k
[2026-09-05T18:30:27.126+0000] {data_modification.py:22} INFO - insert row with video_ID:sIxZVW_QjQk
[2026-09-05T18:30:27.159+0000] {data_modification.py:22} INFO - insert row with video_ID:ukHMWvxuTIM
[2026-09-05T18:30:27.179+0000] {data_modification.py:22} INFO - insert row with video_ID:5NC5cFnPk-w
[2026-09-05T18:30:27.192+0000] {data_modification.py:22} INFO - insert row with video_ID:nTknOYoBo9w
[2026-09-05T18:30:27.200+0000] {data_modification.py:22} INFO - insert row with video_ID:otUE2DxSujs
[2026-09-05T18:30:27.205+0000] {data_modification.py:22} INFO - insert row with video_ID:A8x1fJ2mE44
[2026-09-05T18:30:27.211+0000] {data_modification.py:22} INFO - insert row with video_ID:sFz0sta8jYs
[2026-09-05T18:30:27.216+0000] {data_modification.py:22} INFO - insert row with video_ID:OKIEbWXFub8
[2026-09-05T18:30:27.221+0000] {data_modification.py:22} INFO - insert row with video_ID:TPTLN-VB2no
[2026-09-05T18:30:27.225+0000] {data_modification.py:22} INFO - insert row with video_ID:_UJEeOMUA_o
[2026-09-05T18:30:27.232+0000] {data_modification.py:22} INFO - insert row with video_ID:8dvgeCuHxjk
[2026-09-05T18:30:27.238+0000] {data_modification.py:22} INFO - insert row with video_ID:gxZn2uOAwyI
[2026-09-05T18:30:27.242+0000] {data_modification.py:22} INFO - insert row with video_ID:FBXpNewB4KQ
[2026-09-05T18:30:27.247+0000] {data_modification.py:22} INFO - insert row with video_ID:kDXgUnFZFbg
[2026-09-05T18:30:27.254+0000] {data_modification.py:22} INFO - insert row with video_ID:4mDiNF3SiU4
[2026-09-05T18:30:27.260+0000] {data_modification.py:22} INFO - insert row with video_ID:oxwhyoIcNP8
[2026-09-05T18:30:27.266+0000] {data_modification.py:22} INFO - insert row with video_ID:HRPZ-ZPfUtY
[2026-09-05T18:30:27.271+0000] {data_modification.py:22} INFO - insert row with video_ID:tINgzl3fmrs
[2026-09-05T18:30:27.276+0000] {data_modification.py:22} INFO - insert row with video_ID:Df_1uclmmMs
[2026-09-05T18:30:27.281+0000] {data_modification.py:22} INFO - insert row with video_ID:XgWCkmYJsyg
[2026-09-05T18:30:27.289+0000] {data_modification.py:22} INFO - insert row with video_ID:zPPxgv6QW6o
[2026-09-05T18:30:27.295+0000] {data_modification.py:22} INFO - insert row with video_ID:_Abhb2bDro4
[2026-09-05T18:30:27.302+0000] {data_modification.py:22} INFO - insert row with video_ID:NRWgAM3uTw0
[2026-09-05T18:30:27.307+0000] {data_modification.py:22} INFO - insert row with video_ID:Wlg_--kytyo
[2026-09-05T18:30:27.312+0000] {data_modification.py:22} INFO - insert row with video_ID:Y-LuNAA7Nnc
[2026-09-05T18:30:27.317+0000] {data_modification.py:22} INFO - insert row with video_ID:yseM4_iyLqA
[2026-09-05T18:30:27.323+0000] {data_modification.py:22} INFO - insert row with video_ID:CeSn0CaN9vg
[2026-09-05T18:30:27.329+0000] {data_modification.py:22} INFO - insert row with video_ID:qlYmznjFO4A
[2026-09-05T18:30:27.335+0000] {data_modification.py:22} INFO - insert row with video_ID:c76f_p-XroA
[2026-09-05T18:30:27.340+0000] {data_modification.py:22} INFO - insert row with video_ID:aBL1-5pFSUI
[2026-09-05T18:30:27.345+0000] {data_modification.py:22} INFO - insert row with video_ID:cvM_lsiybI0
[2026-09-05T18:30:27.350+0000] {data_modification.py:22} INFO - insert row with video_ID:TkxX9kJuVgk
[2026-09-05T18:30:27.355+0000] {data_modification.py:22} INFO - insert row with video_ID:Q2U7qJw6Lg4
[2026-09-05T18:30:27.360+0000] {data_modification.py:22} INFO - insert row with video_ID:zovE-WTabW0
[2026-09-05T18:30:27.364+0000] {data_modification.py:22} INFO - insert row with video_ID:bmS374wa-1Y
[2026-09-05T18:30:27.371+0000] {data_modification.py:22} INFO - insert row with video_ID:_o8Fs_V4YUA
[2026-09-05T18:30:27.379+0000] {data_modification.py:22} INFO - insert row with video_ID:VjAAK_EIwOU
[2026-09-05T18:30:27.386+0000] {data_modification.py:22} INFO - insert row with video_ID:t9IyQm1S3SE
[2026-09-05T18:30:27.392+0000] {data_modification.py:22} INFO - insert row with video_ID:cQaVoLg1TNQ
[2026-09-05T18:30:27.396+0000] {data_modification.py:22} INFO - insert row with video_ID:mp_ReFPUCBU
[2026-09-05T18:30:27.403+0000] {data_modification.py:22} INFO - insert row with video_ID:1LiPOax0AcY
[2026-09-05T18:30:27.408+0000] {data_modification.py:22} INFO - insert row with video_ID:ghpgG6Kjr2o
[2026-09-05T18:30:27.413+0000] {data_modification.py:22} INFO - insert row with video_ID:yLFsOMB509I
[2026-09-05T18:30:27.419+0000] {data_modification.py:22} INFO - insert row with video_ID:AqV4ghjO2UY
[2026-09-05T18:30:27.424+0000] {data_modification.py:22} INFO - insert row with video_ID:shJpK-E9PLs
[2026-09-05T18:30:27.429+0000] {data_modification.py:22} INFO - insert row with video_ID:8o6DayScRmY
[2026-09-05T18:30:27.438+0000] {data_modification.py:22} INFO - insert row with video_ID:ccr4QGcv0bM
[2026-09-05T18:30:27.443+0000] {data_modification.py:22} INFO - insert row with video_ID:2jdR-R-Qhkc
[2026-09-05T18:30:27.449+0000] {data_modification.py:22} INFO - insert row with video_ID:pEeX0zaJm7Q
[2026-09-05T18:30:27.455+0000] {data_modification.py:22} INFO - insert row with video_ID:cAnG_j2e1vo
[2026-09-05T18:30:27.460+0000] {data_modification.py:22} INFO - insert row with video_ID:fv_rXc4dEKM
[2026-09-05T18:30:27.473+0000] {data_modification.py:22} INFO - insert row with video_ID:Ts5d8vWgZHY
[2026-09-05T18:30:27.479+0000] {data_modification.py:22} INFO - insert row with video_ID:A90ZI-4Ry44
[2026-09-05T18:30:27.486+0000] {data_modification.py:22} INFO - insert row with video_ID:DTbLUk-m8uc
[2026-09-05T18:30:27.492+0000] {data_modification.py:22} INFO - insert row with video_ID:fo9PfKZBfAA
[2026-09-05T18:30:27.497+0000] {data_modification.py:22} INFO - insert row with video_ID:B2TOjMDO0CE
[2026-09-05T18:30:27.504+0000] {data_modification.py:22} INFO - insert row with video_ID:uFJ3i0qPIXc
[2026-09-05T18:30:27.509+0000] {data_modification.py:22} INFO - insert row with video_ID:q8nuG7cnDRs
[2026-09-05T18:30:27.521+0000] {data_modification.py:22} INFO - insert row with video_ID:dNBZM5ITMn0
[2026-09-05T18:30:27.528+0000] {data_modification.py:22} INFO - insert row with video_ID:3e4uvdeMQlE
[2026-09-05T18:30:27.533+0000] {data_modification.py:22} INFO - insert row with video_ID:QeRsdyDthPw
[2026-09-05T18:30:27.538+0000] {data_modification.py:22} INFO - insert row with video_ID:T_E6pze31Ok
[2026-09-05T18:30:27.544+0000] {data_modification.py:22} INFO - insert row with video_ID:k4SPSUUaC7I
[2026-09-05T18:30:27.549+0000] {data_modification.py:22} INFO - insert row with video_ID:x2BWNe0YXjs
[2026-09-05T18:30:27.556+0000] {data_modification.py:22} INFO - insert row with video_ID:-U13Lmx4TW0
[2026-09-05T18:30:27.562+0000] {data_modification.py:22} INFO - insert row with video_ID:GAudtQw5w-Y
[2026-09-05T18:30:27.569+0000] {data_modification.py:22} INFO - insert row with video_ID:X_y8MQRaRy8
[2026-09-05T18:30:27.574+0000] {data_modification.py:22} INFO - insert row with video_ID:0HC416twZls
[2026-09-05T18:30:27.580+0000] {data_modification.py:22} INFO - insert row with video_ID:bIzdQYpOsXg
[2026-09-05T18:30:27.587+0000] {data_modification.py:22} INFO - insert row with video_ID:LgkQBzSKgjQ
[2026-09-05T18:30:27.675+0000] {data_modification.py:22} INFO - insert row with video_ID:Zhp4EmPH3Bw
[2026-09-05T18:30:27.689+0000] {data_modification.py:22} INFO - insert row with video_ID:UVaKg6SbC1U
[2026-09-05T18:30:27.698+0000] {data_modification.py:22} INFO - insert row with video_ID:7Z6RNvcTm5I
[2026-09-05T18:30:27.704+0000] {data_modification.py:22} INFO - insert row with video_ID:JPZ432oa9Gw
[2026-09-05T18:30:27.710+0000] {data_modification.py:22} INFO - insert row with video_ID:NIRtgj-5bOE
[2026-09-05T18:30:27.716+0000] {data_modification.py:22} INFO - insert row with video_ID:REaKanC-Vo0
[2026-09-05T18:30:27.721+0000] {data_modification.py:22} INFO - insert row with video_ID:kbqb1sxIMZE
[2026-09-05T18:30:27.726+0000] {data_modification.py:22} INFO - insert row with video_ID:xIVsl7FrpLM
[2026-09-05T18:30:27.731+0000] {data_modification.py:22} INFO - insert row with video_ID:Da9-f_pWYyE
[2026-09-05T18:30:27.738+0000] {data_modification.py:22} INFO - insert row with video_ID:ah_O30tkzA4
[2026-09-05T18:30:27.744+0000] {data_modification.py:22} INFO - insert row with video_ID:gUunQApTdj4
[2026-09-05T18:30:27.750+0000] {data_modification.py:22} INFO - insert row with video_ID:0vt5_OM4VzY
[2026-09-05T18:30:27.755+0000] {data_modification.py:22} INFO - insert row with video_ID:588A5tuLvvw
[2026-09-05T18:30:27.760+0000] {data_modification.py:22} INFO - insert row with video_ID:VvJMNPMZN74
[2026-09-05T18:30:27.765+0000] {data_modification.py:22} INFO - insert row with video_ID:9T_3boQA7go
[2026-09-05T18:30:27.772+0000] {data_modification.py:22} INFO - insert row with video_ID:6igpm9dx5Gg
[2026-09-05T18:30:27.780+0000] {data_modification.py:22} INFO - insert row with video_ID:qRN_70yd9KE
[2026-09-05T18:30:27.794+0000] {data_modification.py:22} INFO - insert row with video_ID:4-OCORnYbQA
[2026-09-05T18:30:27.801+0000] {data_modification.py:22} INFO - insert row with video_ID:z0BUcgxngdg
[2026-09-05T18:30:27.808+0000] {data_modification.py:22} INFO - insert row with video_ID:_ORuRVFpQdA
[2026-09-05T18:30:27.814+0000] {data_modification.py:22} INFO - insert row with video_ID:XEjZyJDQUmc
[2026-09-05T18:30:27.821+0000] {data_modification.py:22} INFO - insert row with video_ID:a06522ysP0c
[2026-09-05T18:30:27.828+0000] {data_modification.py:22} INFO - insert row with video_ID:wlBwhrZb3Dc
[2026-09-05T18:30:27.833+0000] {data_modification.py:22} INFO - insert row with video_ID:gvYbAtUyF_k
[2026-09-05T18:30:27.838+0000] {data_modification.py:22} INFO - insert row with video_ID:EIQajbN95VU
[2026-09-05T18:30:27.844+0000] {data_modification.py:22} INFO - insert row with video_ID:YlFVKEQQ0ZM
[2026-09-05T18:30:27.849+0000] {data_modification.py:22} INFO - insert row with video_ID:YLVO_RfKcTc
[2026-09-05T18:30:27.854+0000] {data_modification.py:22} INFO - insert row with video_ID:EtW-l6-KNwk
[2026-09-05T18:30:27.859+0000] {data_modification.py:22} INFO - insert row with video_ID:0TD0dyLeGDg
[2026-09-05T18:30:27.864+0000] {data_modification.py:22} INFO - insert row with video_ID:at3DQuS3ztk
[2026-09-05T18:30:27.871+0000] {data_modification.py:22} INFO - insert row with video_ID:wayLIqa_9-4
[2026-09-05T18:30:27.876+0000] {data_modification.py:22} INFO - insert row with video_ID:L7ryrXdVrnA
[2026-09-05T18:30:27.882+0000] {data_modification.py:22} INFO - insert row with video_ID:8WlFQ66ZbeY
[2026-09-05T18:30:27.887+0000] {data_modification.py:22} INFO - insert row with video_ID:c4erB4c9zrY
[2026-09-05T18:30:27.893+0000] {data_modification.py:22} INFO - insert row with video_ID:y4Foyi5STl0
[2026-09-05T18:30:27.899+0000] {data_modification.py:22} INFO - insert row with video_ID:-A6hxZ6sUWU
[2026-09-05T18:30:27.904+0000] {data_modification.py:22} INFO - insert row with video_ID:2kBa7M_GX4g
[2026-09-05T18:30:27.909+0000] {data_modification.py:22} INFO - insert row with video_ID:Ok0CRrJu2HU
[2026-09-05T18:30:27.914+0000] {data_modification.py:22} INFO - insert row with video_ID:0sVDxrpPTvM
[2026-09-05T18:30:27.920+0000] {data_modification.py:22} INFO - insert row with video_ID:2O70ldfbXbY
[2026-09-05T18:30:27.926+0000] {data_modification.py:22} INFO - insert row with video_ID:ISnygzSh4L0
[2026-09-05T18:30:27.932+0000] {data_modification.py:22} INFO - insert row with video_ID:4CGiZzYkCX4
[2026-09-05T18:30:27.938+0000] {data_modification.py:22} INFO - insert row with video_ID:AJKYSaQY6dQ
[2026-09-05T18:30:27.943+0000] {data_modification.py:22} INFO - insert row with video_ID:hI8y1jeF56o
[2026-09-05T18:30:27.952+0000] {data_modification.py:22} INFO - insert row with video_ID:BUvWC5dr498
[2026-09-05T18:30:27.961+0000] {data_modification.py:22} INFO - insert row with video_ID:n7wBdIN_V50
[2026-09-05T18:30:27.968+0000] {data_modification.py:22} INFO - insert row with video_ID:CiLrwxD2p9E
[2026-09-05T18:30:27.973+0000] {data_modification.py:22} INFO - insert row with video_ID:IhIBQwMJHMw
[2026-09-05T18:30:27.979+0000] {data_modification.py:22} INFO - insert row with video_ID:3DKY8o5_PGQ
[2026-09-05T18:30:27.986+0000] {data_modification.py:22} INFO - insert row with video_ID:xvFaKfLm_x4
[2026-09-05T18:30:27.991+0000] {data_modification.py:22} INFO - insert row with video_ID:0RgO-9ecOog
[2026-09-05T18:30:27.999+0000] {data_modification.py:22} INFO - insert row with video_ID:cY0DS0WYUHc
[2026-09-05T18:30:28.004+0000] {data_modification.py:22} INFO - insert row with video_ID:UhqVyvGYJfM
[2026-09-05T18:30:28.010+0000] {data_modification.py:22} INFO - insert row with video_ID:rJXhbhtmHjE
[2026-09-05T18:30:28.015+0000] {data_modification.py:22} INFO - insert row with video_ID:4t4VxJV_eQc
[2026-09-05T18:30:28.021+0000] {data_modification.py:22} INFO - insert row with video_ID:lcouibsT6UU
[2026-09-05T18:30:28.035+0000] {data_modification.py:22} INFO - insert row with video_ID:7DeP32djeOk
[2026-09-05T18:30:28.040+0000] {data_modification.py:22} INFO - insert row with video_ID:U4xqYvqkenY
[2026-09-05T18:30:28.045+0000] {data_modification.py:22} INFO - insert row with video_ID:mhn1M-XWIOc
[2026-09-05T18:30:28.052+0000] {data_modification.py:22} INFO - insert row with video_ID:JKQR3NEcm8g
[2026-09-05T18:30:28.057+0000] {data_modification.py:22} INFO - insert row with video_ID:AaFRaBUwxiw
[2026-09-05T18:30:28.070+0000] {data_modification.py:22} INFO - insert row with video_ID:FLJMHP34aiI
[2026-09-05T18:30:28.076+0000] {data_modification.py:22} INFO - insert row with video_ID:RZ92Cy80I_M
[2026-09-05T18:30:28.081+0000] {data_modification.py:22} INFO - insert row with video_ID:DKfptyGTPT8
[2026-09-05T18:30:28.088+0000] {data_modification.py:22} INFO - insert row with video_ID:5fw-fpjWF7s
[2026-09-05T18:30:28.094+0000] {data_modification.py:22} INFO - insert row with video_ID:SkXSg9nYJJg
[2026-09-05T18:30:28.102+0000] {data_modification.py:22} INFO - insert row with video_ID:HQmBBhSF5Bs
[2026-09-05T18:30:28.108+0000] {data_modification.py:22} INFO - insert row with video_ID:Qfl7v_MVCZo
[2026-09-05T18:30:28.113+0000] {data_modification.py:22} INFO - insert row with video_ID:reemmdj17J0
[2026-09-05T18:30:28.120+0000] {data_modification.py:22} INFO - insert row with video_ID:MnkUX5WEmvE
[2026-09-05T18:30:28.126+0000] {data_modification.py:22} INFO - insert row with video_ID:I3r-LHeNIEg
[2026-09-05T18:30:28.130+0000] {data_modification.py:22} INFO - insert row with video_ID:9ZCoakt56pM
[2026-09-05T18:30:28.140+0000] {data_modification.py:22} INFO - insert row with video_ID:betKhnxyDTs
[2026-09-05T18:30:28.146+0000] {data_modification.py:22} INFO - insert row with video_ID:182dWrMYZ0c
[2026-09-05T18:30:28.154+0000] {data_modification.py:22} INFO - insert row with video_ID:G3E1z9eIZDg
[2026-09-05T18:30:28.160+0000] {data_modification.py:22} INFO - insert row with video_ID:sdTV0ohEjbk
[2026-09-05T18:30:28.166+0000] {data_modification.py:22} INFO - insert row with video_ID:WOJ42xGkhMU
[2026-09-05T18:30:28.190+0000] {data_modification.py:22} INFO - insert row with video_ID:h3lIe3yB23s
[2026-09-05T18:30:28.197+0000] {data_modification.py:22} INFO - insert row with video_ID:hqP5AsdMi2o
[2026-09-05T18:30:28.203+0000] {data_modification.py:22} INFO - insert row with video_ID:Gt3Sz3FwmyI
[2026-09-05T18:30:28.208+0000] {data_modification.py:22} INFO - insert row with video_ID:Xc9oT-S0hVk
[2026-09-05T18:30:28.218+0000] {data_modification.py:22} INFO - insert row with video_ID:7N_SMOBAbeU
[2026-09-05T18:30:28.252+0000] {data_modification.py:22} INFO - insert row with video_ID:0Hg13Zxz12A
[2026-09-05T18:30:28.273+0000] {data_modification.py:22} INFO - insert row with video_ID:_sxp4H8m2Lc
[2026-09-05T18:30:28.293+0000] {data_modification.py:22} INFO - insert row with video_ID:bCWnEd0AD-g
[2026-09-05T18:30:28.313+0000] {data_modification.py:22} INFO - insert row with video_ID:bBHIoLtfkA8
[2026-09-05T18:30:28.327+0000] {data_modification.py:22} INFO - insert row with video_ID:86tk4rrATxU
[2026-09-05T18:30:28.337+0000] {data_modification.py:22} INFO - insert row with video_ID:9dkQupkI5YI
[2026-09-05T18:30:28.346+0000] {data_modification.py:22} INFO - insert row with video_ID:QYL4bE3Xn0w
[2026-09-05T18:30:28.356+0000] {data_modification.py:22} INFO - insert row with video_ID:m81k04Ynfi8
[2026-09-05T18:30:28.366+0000] {data_modification.py:22} INFO - insert row with video_ID:0Y8LmRnWwso
[2026-09-05T18:30:28.377+0000] {data_modification.py:22} INFO - insert row with video_ID:PB1OpI-4mD8
[2026-09-05T18:30:28.395+0000] {data_modification.py:22} INFO - insert row with video_ID:eoGkA0fn-zU
[2026-09-05T18:30:28.402+0000] {data_modification.py:22} INFO - insert row with video_ID:DbxXpCEkU5g
[2026-09-05T18:30:28.407+0000] {data_modification.py:22} INFO - insert row with video_ID:Ys83eLt5CfE
[2026-09-05T18:30:28.412+0000] {data_modification.py:22} INFO - insert row with video_ID:RUOGFng-Si4
[2026-09-05T18:30:28.417+0000] {data_modification.py:22} INFO - insert row with video_ID:7t_vRdOY0dU
[2026-09-05T18:30:28.422+0000] {data_modification.py:22} INFO - insert row with video_ID:NzEPAn7ftzs
[2026-09-05T18:30:28.428+0000] {data_modification.py:22} INFO - insert row with video_ID:hA-ZzI0FIcc
[2026-09-05T18:30:28.435+0000] {data_modification.py:22} INFO - insert row with video_ID:ReIPk7wbcns
[2026-09-05T18:30:28.440+0000] {data_modification.py:22} INFO - insert row with video_ID:on5kfe35TfE
[2026-09-05T18:30:28.445+0000] {data_modification.py:22} INFO - insert row with video_ID:fFETbLjMfwg
[2026-09-05T18:30:28.451+0000] {data_modification.py:22} INFO - insert row with video_ID:BUad_rtZV4o
[2026-09-05T18:30:28.456+0000] {data_modification.py:22} INFO - insert row with video_ID:yP_V-XHZNx0
[2026-09-05T18:30:28.462+0000] {data_modification.py:22} INFO - insert row with video_ID:atGXTve-2Cc
[2026-09-05T18:30:28.468+0000] {data_modification.py:22} INFO - insert row with video_ID:IWEWglfSLqU
[2026-09-05T18:30:28.473+0000] {data_modification.py:22} INFO - insert row with video_ID:sNoFQ_idSxU
[2026-09-05T18:30:28.478+0000] {data_modification.py:22} INFO - insert row with video_ID:6-fKJBRKCvg
[2026-09-05T18:30:28.485+0000] {data_modification.py:22} INFO - insert row with video_ID:LpC2JXzk02M
[2026-09-05T18:30:28.490+0000] {data_modification.py:22} INFO - insert row with video_ID:NLw5dBcaDBA
[2026-09-05T18:30:28.496+0000] {data_modification.py:22} INFO - insert row with video_ID:Hj20qpMeY-M
[2026-09-05T18:30:28.504+0000] {data_modification.py:22} INFO - insert row with video_ID:LOOUUpAxoDA
[2026-09-05T18:30:28.508+0000] {data_modification.py:22} INFO - insert row with video_ID:vPXcfcyoCOQ
[2026-09-05T18:30:28.513+0000] {data_modification.py:22} INFO - insert row with video_ID:YMcMPxezlX0
[2026-09-05T18:30:28.521+0000] {data_modification.py:22} INFO - insert row with video_ID:CB4DMsM73O4
[2026-09-05T18:30:28.526+0000] {data_modification.py:22} INFO - insert row with video_ID:OH_YLCDxTmk
[2026-09-05T18:30:28.532+0000] {data_modification.py:22} INFO - insert row with video_ID:ILLleQLjIys
[2026-09-05T18:30:28.538+0000] {data_modification.py:22} INFO - insert row with video_ID:0y7tcUlXoLE
[2026-09-05T18:30:28.543+0000] {data_modification.py:22} INFO - insert row with video_ID:YMKhxkjph8s
[2026-09-05T18:30:28.562+0000] {data_modification.py:22} INFO - insert row with video_ID:u7O2UPKjqyc
[2026-09-05T18:30:28.591+0000] {data_modification.py:22} INFO - insert row with video_ID:fssoZaWJs88
[2026-09-05T18:30:28.629+0000] {data_modification.py:22} INFO - insert row with video_ID:7WaT0gsbfew
[2026-09-05T18:30:28.647+0000] {data_modification.py:22} INFO - insert row with video_ID:k9n9DMVpFJA
[2026-09-05T18:30:28.664+0000] {data_modification.py:22} INFO - insert row with video_ID:w2OlAgSdRUw
[2026-09-05T18:30:28.679+0000] {data_modification.py:22} INFO - insert row with video_ID:H_eEUaOF7VI
[2026-09-05T18:30:28.691+0000] {data_modification.py:22} INFO - insert row with video_ID:OXAs7agsg44
[2026-09-05T18:30:28.706+0000] {data_modification.py:22} INFO - insert row with video_ID:wOBE39P1qvM
[2026-09-05T18:30:28.778+0000] {data_modification.py:22} INFO - insert row with video_ID:EycepXznggg
[2026-09-05T18:30:28.810+0000] {data_modification.py:22} INFO - insert row with video_ID:qpxje1oRUNE
[2026-09-05T18:30:28.818+0000] {data_modification.py:22} INFO - insert row with video_ID:AWTJe-m-2SM
[2026-09-05T18:30:28.824+0000] {data_modification.py:22} INFO - insert row with video_ID:z7lLe_x0m7c
[2026-09-05T18:30:28.829+0000] {data_modification.py:22} INFO - insert row with video_ID:3d6oVmyZoRo
[2026-09-05T18:30:28.836+0000] {data_modification.py:22} INFO - insert row with video_ID:kOClEcd-_HU
[2026-09-05T18:30:28.841+0000] {data_modification.py:22} INFO - insert row with video_ID:P_g0RKcnnuE
[2026-09-05T18:30:28.847+0000] {data_modification.py:22} INFO - insert row with video_ID:tKNcRkokW-4
[2026-09-05T18:30:28.857+0000] {data_modification.py:22} INFO - insert row with video_ID:hYqY7D9fHZ4
[2026-09-05T18:30:28.862+0000] {data_modification.py:22} INFO - insert row with video_ID:_3bZkcF-2nk
[2026-09-05T18:30:28.869+0000] {data_modification.py:22} INFO - insert row with video_ID:U0s1TJWNcoM
[2026-09-05T18:30:28.874+0000] {data_modification.py:22} INFO - insert row with video_ID:xPIKXBXn7EE
[2026-09-05T18:30:28.879+0000] {data_modification.py:22} INFO - insert row with video_ID:PP6exYneDWs
[2026-09-05T18:30:28.886+0000] {data_modification.py:22} INFO - insert row with video_ID:4MmX7x19DMY
[2026-09-05T18:30:28.892+0000] {data_modification.py:22} INFO - insert row with video_ID:kGCWRvBnUAw
[2026-09-05T18:30:28.898+0000] {data_modification.py:22} INFO - insert row with video_ID:sALNn5tZB7c
[2026-09-05T18:30:28.903+0000] {data_modification.py:22} INFO - insert row with video_ID:NqVzlXeKN9s
[2026-09-05T18:30:28.911+0000] {data_modification.py:22} INFO - insert row with video_ID:Vh7ub2k5sOs
[2026-09-05T18:30:28.917+0000] {data_modification.py:22} INFO - insert row with video_ID:yZ4W0B9hdZk
[2026-09-05T18:30:28.932+0000] {data_modification.py:22} INFO - insert row with video_ID:lNCKQtjGTU8
[2026-09-05T18:30:28.937+0000] {data_modification.py:22} INFO - insert row with video_ID:WSb2eW1s3YE
[2026-09-05T18:30:28.943+0000] {data_modification.py:22} INFO - insert row with video_ID:o5Cb3O62ix8
[2026-09-05T18:30:28.953+0000] {data_modification.py:22} INFO - insert row with video_ID:V-8LrieYOcI
[2026-09-05T18:30:28.959+0000] {data_modification.py:22} INFO - insert row with video_ID:U_c-PEd1UXI
[2026-09-05T18:30:28.965+0000] {data_modification.py:22} INFO - insert row with video_ID:1LBLBY8Hn4w
[2026-09-05T18:30:28.970+0000] {data_modification.py:22} INFO - insert row with video_ID:ZxVCZFs4kEA
[2026-09-05T18:30:28.977+0000] {data_modification.py:22} INFO - insert row with video_ID:iZVOROUorEE
[2026-09-05T18:30:28.986+0000] {data_modification.py:22} INFO - insert row with video_ID:cvelarulFoo
[2026-09-05T18:30:28.993+0000] {data_modification.py:22} INFO - insert row with video_ID:tvyBfKoZyKQ
[2026-09-05T18:30:29.008+0000] {data_modification.py:22} INFO - insert row with video_ID:f43oN6KLbhs
[2026-09-05T18:30:29.020+0000] {data_modification.py:22} INFO - insert row with video_ID:cGzbt9z0A7Y
[2026-09-05T18:30:29.027+0000] {data_modification.py:22} INFO - insert row with video_ID:ffvkKV8J4Tg
[2026-09-05T18:30:29.042+0000] {data_modification.py:22} INFO - insert row with video_ID:v4LvmrGUE5g
[2026-09-05T18:30:29.047+0000] {data_modification.py:22} INFO - insert row with video_ID:fvZSZDYkVjY
[2026-09-05T18:30:29.055+0000] {data_modification.py:22} INFO - insert row with video_ID:dDBIhziMZD4
[2026-09-05T18:30:29.060+0000] {data_modification.py:22} INFO - insert row with video_ID:DnGJAjyPa8A
[2026-09-05T18:30:29.066+0000] {data_modification.py:22} INFO - insert row with video_ID:Q7gyggtOU3o
[2026-09-05T18:30:29.071+0000] {data_modification.py:22} INFO - insert row with video_ID:IBUwVoB9TVM
[2026-09-05T18:30:29.076+0000] {data_modification.py:22} INFO - insert row with video_ID:VNGgqWJyAYU
[2026-09-05T18:30:29.082+0000] {data_modification.py:22} INFO - insert row with video_ID:mxO-g6fahgA
[2026-09-05T18:30:29.087+0000] {data_modification.py:22} INFO - insert row with video_ID:bJf38sOPOas
[2026-09-05T18:30:29.092+0000] {data_modification.py:22} INFO - insert row with video_ID:60YTqAgN5nE
[2026-09-05T18:30:29.098+0000] {data_modification.py:22} INFO - insert row with video_ID:yt1VgAEPy64
[2026-09-05T18:30:29.105+0000] {data_modification.py:22} INFO - insert row with video_ID:QysJHWiesD0
[2026-09-05T18:30:29.111+0000] {data_modification.py:22} INFO - insert row with video_ID:n21-N5Rpymc
[2026-09-05T18:30:29.118+0000] {data_modification.py:22} INFO - insert row with video_ID:qPfuibFzpUU
[2026-09-05T18:30:29.123+0000] {data_modification.py:22} INFO - insert row with video_ID:dkM-chah6_8
[2026-09-05T18:30:29.130+0000] {data_modification.py:22} INFO - insert row with video_ID:IAy-on7zMNc
[2026-09-05T18:30:29.136+0000] {data_modification.py:22} INFO - insert row with video_ID:H0n7uZy3SRI
[2026-09-05T18:30:29.145+0000] {data_modification.py:22} INFO - insert row with video_ID:d3VHbO-hHEI
[2026-09-05T18:30:29.154+0000] {data_modification.py:22} INFO - insert row with video_ID:f3C7erhz2JI
[2026-09-05T18:30:29.159+0000] {data_modification.py:22} INFO - insert row with video_ID:djjVQnp_PIQ
[2026-09-05T18:30:29.164+0000] {data_modification.py:22} INFO - insert row with video_ID:JfTGCoS_Eow
[2026-09-05T18:30:29.170+0000] {data_modification.py:22} INFO - insert row with video_ID:gM4Rl8WWPsQ
[2026-09-05T18:30:29.176+0000] {data_modification.py:22} INFO - insert row with video_ID:fJv2s6xYnYQ
[2026-09-05T18:30:29.181+0000] {data_modification.py:22} INFO - insert row with video_ID:dKHsW3qfOds
[2026-09-05T18:30:29.186+0000] {data_modification.py:22} INFO - insert row with video_ID:2oFhcX4grrQ
[2026-09-05T18:30:29.192+0000] {data_modification.py:22} INFO - insert row with video_ID:GKLexe1DpCk
[2026-09-05T18:30:29.198+0000] {data_modification.py:22} INFO - insert row with video_ID:5J8DrEzjYz8
[2026-09-05T18:30:29.205+0000] {data_modification.py:22} INFO - insert row with video_ID:FO37PKG_nmA
[2026-09-05T18:30:29.210+0000] {data_modification.py:22} INFO - insert row with video_ID:486REqFWRsE
[2026-09-05T18:30:29.215+0000] {data_modification.py:22} INFO - insert row with video_ID:1gO_swkLahU
[2026-09-05T18:30:29.220+0000] {data_modification.py:22} INFO - insert row with video_ID:y_2SEQV5GJ0
[2026-09-05T18:30:29.225+0000] {data_modification.py:22} INFO - insert row with video_ID:6pnIHZWcnoI
[2026-09-05T18:30:29.231+0000] {data_modification.py:22} INFO - insert row with video_ID:dPBPK9RRXUg
[2026-09-05T18:30:29.236+0000] {data_modification.py:22} INFO - insert row with video_ID:zOR8E4rHBkM
[2026-09-05T18:30:29.242+0000] {data_modification.py:22} INFO - insert row with video_ID:avcepErz7cc
[2026-09-05T18:30:29.247+0000] {data_modification.py:22} INFO - insert row with video_ID:qIlrR4CCCwI
[2026-09-05T18:30:29.253+0000] {data_modification.py:22} INFO - insert row with video_ID:wvF3S4yF37w
[2026-09-05T18:30:29.260+0000] {data_modification.py:22} INFO - insert row with video_ID:IRPVP0mLrks
[2026-09-05T18:30:29.265+0000] {data_modification.py:22} INFO - insert row with video_ID:MK0DASti1o4
[2026-09-05T18:30:29.270+0000] {data_modification.py:22} INFO - insert row with video_ID:w79Xxu5FNps
[2026-09-05T18:30:29.275+0000] {data_modification.py:22} INFO - insert row with video_ID:wR6jgRzUkkQ
[2026-09-05T18:30:29.280+0000] {data_modification.py:22} INFO - insert row with video_ID:S7Hkdr1CJ_Q
[2026-09-05T18:30:29.286+0000] {data_modification.py:22} INFO - insert row with video_ID:G62mA45QBW0
[2026-09-05T18:30:29.293+0000] {data_modification.py:22} INFO - insert row with video_ID:NJjqBkFWopA
[2026-09-05T18:30:29.300+0000] {data_modification.py:22} INFO - insert row with video_ID:VnTRmhHQgR0
[2026-09-05T18:30:29.308+0000] {data_modification.py:22} INFO - insert row with video_ID:_PPXixqBmrA
[2026-09-05T18:30:29.316+0000] {data_modification.py:22} INFO - insert row with video_ID:FS_eneS1QCc
[2026-09-05T18:30:29.321+0000] {data_modification.py:22} INFO - insert row with video_ID:6V5tEcN-Yqo
[2026-09-05T18:30:29.331+0000] {data_modification.py:22} INFO - insert row with video_ID:40soGTLNlR4
[2026-09-05T18:30:29.338+0000] {data_modification.py:22} INFO - insert row with video_ID:6dFgkdJqPhw
[2026-09-05T18:30:29.345+0000] {data_modification.py:22} INFO - insert row with video_ID:c_WSwDlFI4k
[2026-09-05T18:30:29.354+0000] {data_modification.py:22} INFO - insert row with video_ID:_H-oM_IIiQA
[2026-09-05T18:30:29.370+0000] {data_modification.py:22} INFO - insert row with video_ID:HGUQn2fSzEk
[2026-09-05T18:30:29.375+0000] {data_modification.py:22} INFO - insert row with video_ID:xjRWZQY7gh4
[2026-09-05T18:30:29.381+0000] {data_modification.py:22} INFO - insert row with video_ID:XYdj56nPE-0
[2026-09-05T18:30:29.386+0000] {data_modification.py:22} INFO - insert row with video_ID:sJYSMARkNlo
[2026-09-05T18:30:29.394+0000] {data_modification.py:22} INFO - insert row with video_ID:bNa0rJhq2Yk
[2026-09-05T18:30:29.401+0000] {data_modification.py:22} INFO - insert row with video_ID:Niuxe1Y2qlA
[2026-09-05T18:30:29.409+0000] {data_modification.py:22} INFO - insert row with video_ID:YSTgxOFZwmg
[2026-09-05T18:30:29.417+0000] {data_modification.py:22} INFO - insert row with video_ID:lWXQ4rqFp7g
[2026-09-05T18:30:29.422+0000] {data_modification.py:22} INFO - insert row with video_ID:ipuj-CDoIb4
[2026-09-05T18:30:29.435+0000] {data_modification.py:22} INFO - insert row with video_ID:9hg0vISO0aQ
[2026-09-05T18:30:29.440+0000] {data_modification.py:22} INFO - insert row with video_ID:OYEBTUJqD_U
[2026-09-05T18:30:29.448+0000] {data_modification.py:22} INFO - insert row with video_ID:kWoEs6vNO94
[2026-09-05T18:30:29.453+0000] {data_modification.py:22} INFO - insert row with video_ID:8jcxfV3zarE
[2026-09-05T18:30:29.458+0000] {data_modification.py:22} INFO - insert row with video_ID:jbPyvT78XMQ
[2026-09-05T18:30:29.463+0000] {data_modification.py:22} INFO - insert row with video_ID:7vganh6--M8
[2026-09-05T18:30:29.476+0000] {data_modification.py:22} INFO - insert row with video_ID:lJv4UMQOcTw
[2026-09-05T18:30:29.479+0000] {dwh.py:42} INFO - stagingtable update completed
[2026-09-05T18:30:29.482+0000] {python.py:237} INFO - Done. Returned value was: None
[2026-09-05T18:30:29.488+0000] {taskinstance.py:441} INFO - ::group::Post task execution logs
[2026-09-05T18:30:29.520+0000] {taskinstance.py:1206} INFO - Marking task as SUCCESS. dag_id=update_db, task_id=staging_table, run_id=manual__2026-09-05T18:30:19.361088+00:00, execution_date=20260905T183019, start_date=20260905T183022, end_date=20260905T183029
[2026-09-05T18:30:29.659+0000] {local_task_job_runner.py:240} INFO - Task exited with return code 0
[2026-09-05T18:30:29.769+0000] {taskinstance.py:3503} INFO - 1 downstream tasks scheduled from follow-on schedule check
[2026-09-05T18:30:29.820+0000] {local_task_job_runner.py:222} INFO - ::endgroup::
