[2026-09-08T05:56:24.859+0000] {local_task_job_runner.py:120} INFO - ::group::Pre task execution logs
[2026-09-08T05:56:25.255+0000] {taskinstance.py:2076} INFO - Dependencies all met for dep_context=non-requeueable deps ti=<TaskInstance: update_db.core_table manual__2026-09-08T05:55:50.801217+00:00 [queued]>
[2026-09-08T05:56:25.538+0000] {taskinstance.py:2076} INFO - Dependencies all met for dep_context=requeueable deps ti=<TaskInstance: update_db.core_table manual__2026-09-08T05:55:50.801217+00:00 [queued]>
[2026-09-08T05:56:25.557+0000] {taskinstance.py:2306} INFO - Starting attempt 1 of 1
[2026-09-08T05:56:25.786+0000] {taskinstance.py:2330} INFO - Executing <Task(_PythonDecoratedOperator): core_table> on 2026-09-08 05:55:50.801217+00:00
[2026-09-08T05:56:25.900+0000] {standard_task_runner.py:63} INFO - Started process 214 to run task
[2026-09-08T05:56:25.984+0000] {standard_task_runner.py:90} INFO - Running: ['airflow', 'tasks', 'run', 'update_db', 'core_table', 'manual__2026-09-08T05:55:50.801217+00:00', '--job-id', '18', '--raw', '--subdir', 'DAGS_FOLDER/main.py', '--cfg-path', '/tmp/tmpd7b5gfwf']
[2026-09-08T05:56:26.010+0000] {standard_task_runner.py:91} INFO - Job 18: Subtask core_table
[2026-09-08T05:56:27.630+0000] {task_command.py:426} INFO - Running <TaskInstance: update_db.core_table manual__2026-09-08T05:55:50.801217+00:00 [running]> on host a573ce1f3f74
[2026-09-08T05:56:30.417+0000] {taskinstance.py:2648} INFO - Exporting env vars: AIRFLOW_CTX_DAG_OWNER='airflow' AIRFLOW_CTX_DAG_ID='update_db' AIRFLOW_CTX_TASK_ID='core_table' AIRFLOW_CTX_EXECUTION_DATE='2026-09-08T05:55:50.801217+00:00' AIRFLOW_CTX_TRY_NUMBER='1' AIRFLOW_CTX_DAG_RUN_ID='manual__2026-09-08T05:55:50.801217+00:00'
[2026-09-08T05:56:30.432+0000] {taskinstance.py:430} INFO - ::endgroup::
[2026-09-08T05:56:31.303+0000] {base.py:84} INFO - Using connection ID 'postgres_db_yt_elt' for task execution.
[2026-09-08T05:56:31.556+0000] {base.py:84} INFO - Using connection ID 'postgres_db_yt_elt' for task execution.
[2026-09-08T05:56:31.728+0000] {base.py:84} INFO - Using connection ID 'postgres_db_yt_elt' for task execution.
[2026-09-08T05:56:32.697+0000] {data_modification.py:22} INFO - insert row with video_ID:a1hpoWWo16w
[2026-09-08T05:56:32.711+0000] {data_modification.py:22} INFO - insert row with video_ID:xyV16N6Wj20
[2026-09-08T05:56:32.723+0000] {data_modification.py:22} INFO - insert row with video_ID:wERidUx5p8o
[2026-09-08T05:56:32.756+0000] {data_modification.py:22} INFO - insert row with video_ID:i1WfpuZErcM
[2026-09-08T05:56:32.787+0000] {data_modification.py:22} INFO - insert row with video_ID:Oss-6cGsWs0
[2026-09-08T05:56:32.803+0000] {data_modification.py:22} INFO - insert row with video_ID:IDeq2yJsyqg
[2026-09-08T05:56:32.831+0000] {data_modification.py:22} INFO - insert row with video_ID:EbJcMAfEg0o
[2026-09-08T05:56:32.982+0000] {data_modification.py:22} INFO - insert row with video_ID:IRi6AEqhq1Q
[2026-09-08T05:56:33.049+0000] {data_modification.py:22} INFO - insert row with video_ID:G-ywA1D9-9o
[2026-09-08T05:56:33.059+0000] {data_modification.py:22} INFO - insert row with video_ID:yW47gxbsqXo
[2026-09-08T05:56:33.068+0000] {data_modification.py:22} INFO - insert row with video_ID:YbF5kbALBLU
[2026-09-08T05:56:33.076+0000] {data_modification.py:22} INFO - insert row with video_ID:2WD845pHIj8
[2026-09-08T05:56:33.086+0000] {data_modification.py:22} INFO - insert row with video_ID:8xzx8eEytPE
[2026-09-08T05:56:33.095+0000] {data_modification.py:22} INFO - insert row with video_ID:MzM84euAhxM
[2026-09-08T05:56:33.117+0000] {data_modification.py:22} INFO - insert row with video_ID:skF52qeMq24
[2026-09-08T05:56:33.137+0000] {data_modification.py:22} INFO - insert row with video_ID:8JhstIzUFSU
[2026-09-08T05:56:33.151+0000] {data_modification.py:22} INFO - insert row with video_ID:YkSVPY6A3xI
[2026-09-08T05:56:33.167+0000] {data_modification.py:22} INFO - insert row with video_ID:s3eFlxgyz8Y
[2026-09-08T05:56:33.187+0000] {data_modification.py:22} INFO - insert row with video_ID:7sRTX72yA7c
[2026-09-08T05:56:33.222+0000] {data_modification.py:22} INFO - insert row with video_ID:F5FZQD1mols
[2026-09-08T05:56:33.240+0000] {data_modification.py:22} INFO - insert row with video_ID:agk-_PhCifo
[2026-09-08T05:56:33.264+0000] {data_modification.py:22} INFO - insert row with video_ID:XfsHfFeEJUo
[2026-09-08T05:56:33.276+0000] {data_modification.py:22} INFO - insert row with video_ID:vMHnYDTaED8
[2026-09-08T05:56:33.289+0000] {data_modification.py:22} INFO - insert row with video_ID:1eRGC_ebu5I
[2026-09-08T05:56:33.317+0000] {data_modification.py:22} INFO - insert row with video_ID:JSuWrvJGpXA
[2026-09-08T05:56:33.339+0000] {data_modification.py:22} INFO - insert row with video_ID:oxo3GW_NK7U
[2026-09-08T05:56:33.349+0000] {data_modification.py:22} INFO - insert row with video_ID:OxVa--mRy-s
[2026-09-08T05:56:33.366+0000] {data_modification.py:22} INFO - insert row with video_ID:c0Q9xhuDGUM
[2026-09-08T05:56:33.380+0000] {data_modification.py:22} INFO - insert row with video_ID:qNO5CZ6y7Sg
[2026-09-08T05:56:33.396+0000] {data_modification.py:22} INFO - insert row with video_ID:wUalnjVyGFg
[2026-09-08T05:56:33.409+0000] {data_modification.py:22} INFO - insert row with video_ID:lC3CslH1Jk0
[2026-09-08T05:56:33.431+0000] {data_modification.py:22} INFO - insert row with video_ID:BRV8sVfAYes
[2026-09-08T05:56:33.443+0000] {data_modification.py:22} INFO - insert row with video_ID:TFb5VZbTWW8
[2026-09-08T05:56:33.461+0000] {data_modification.py:22} INFO - insert row with video_ID:5otzIsTRAVs
[2026-09-08T05:56:33.485+0000] {data_modification.py:22} INFO - insert row with video_ID:FfAKSF-BsuE
[2026-09-08T05:56:33.502+0000] {data_modification.py:22} INFO - insert row with video_ID:SKwDxy_sYGg
[2026-09-08T05:56:33.528+0000] {data_modification.py:22} INFO - insert row with video_ID:9IK7SHy2EqM
[2026-09-08T05:56:33.602+0000] {data_modification.py:22} INFO - insert row with video_ID:d1p87GyuI-4
[2026-09-08T05:56:33.634+0000] {data_modification.py:22} INFO - insert row with video_ID:e_bOcDQSXfs
[2026-09-08T05:56:33.658+0000] {data_modification.py:22} INFO - insert row with video_ID:DS5S02PItCg
[2026-09-08T05:56:33.676+0000] {data_modification.py:22} INFO - insert row with video_ID:_op31YCic1c
[2026-09-08T05:56:33.688+0000] {data_modification.py:22} INFO - insert row with video_ID:lG0Ti2QmcnA
[2026-09-08T05:56:33.706+0000] {data_modification.py:22} INFO - insert row with video_ID:Kt7Qc-yd2C0
[2026-09-08T05:56:33.731+0000] {data_modification.py:22} INFO - insert row with video_ID:9VbzTx6a6Zw
[2026-09-08T05:56:33.745+0000] {data_modification.py:22} INFO - insert row with video_ID:huWjmj9lkHU
[2026-09-08T05:56:33.768+0000] {data_modification.py:22} INFO - insert row with video_ID:YwHccmbbOnY
[2026-09-08T05:56:33.782+0000] {data_modification.py:22} INFO - insert row with video_ID:M4gCCt3UpcE
[2026-09-08T05:56:33.794+0000] {data_modification.py:22} INFO - insert row with video_ID:5f3Q67DGtc4
[2026-09-08T05:56:33.801+0000] {data_modification.py:22} INFO - insert row with video_ID:LM-v9I2QBks
[2026-09-08T05:56:33.818+0000] {data_modification.py:22} INFO - insert row with video_ID:6BSLjhKQEBs
[2026-09-08T05:56:33.846+0000] {data_modification.py:22} INFO - insert row with video_ID:nifgXMP448M
[2026-09-08T05:56:33.859+0000] {data_modification.py:22} INFO - insert row with video_ID:1Fv8GCjK94s
[2026-09-08T05:56:33.870+0000] {data_modification.py:22} INFO - insert row with video_ID:Pd9QVyZJrFw
[2026-09-08T05:56:33.903+0000] {data_modification.py:22} INFO - insert row with video_ID:NkesgkugFJc
[2026-09-08T05:56:33.917+0000] {data_modification.py:22} INFO - insert row with video_ID:JSN5fRIsj7o
[2026-09-08T05:56:33.927+0000] {data_modification.py:22} INFO - insert row with video_ID:l9zxVm6Hzkw
[2026-09-08T05:56:33.956+0000] {data_modification.py:22} INFO - insert row with video_ID:ep146L7Cn_Q
[2026-09-08T05:56:34.006+0000] {data_modification.py:22} INFO - insert row with video_ID:Rt2D04o3Ivo
[2026-09-08T05:56:34.035+0000] {data_modification.py:22} INFO - insert row with video_ID:3uFAdp89LlQ
[2026-09-08T05:56:34.054+0000] {data_modification.py:22} INFO - insert row with video_ID:55U_nTv0J24
[2026-09-08T05:56:34.079+0000] {data_modification.py:22} INFO - insert row with video_ID:mV6hsABC1G8
[2026-09-08T05:56:34.092+0000] {data_modification.py:22} INFO - insert row with video_ID:S7fQPwg_YeM
[2026-09-08T05:56:34.109+0000] {data_modification.py:22} INFO - insert row with video_ID:xi_NGNV9dOE
[2026-09-08T05:56:34.130+0000] {data_modification.py:22} INFO - insert row with video_ID:lPa85hGrtco
[2026-09-08T05:56:34.146+0000] {data_modification.py:22} INFO - insert row with video_ID:lAS7IbGvgPI
[2026-09-08T05:56:34.209+0000] {data_modification.py:22} INFO - insert row with video_ID:MoQWJHTnOl8
[2026-09-08T05:56:34.291+0000] {data_modification.py:22} INFO - insert row with video_ID:SNyz3ZIqhng
[2026-09-08T05:56:34.352+0000] {data_modification.py:22} INFO - insert row with video_ID:mWahK6-1oZ8
[2026-09-08T05:56:34.386+0000] {data_modification.py:22} INFO - insert row with video_ID:m6_wcSfUHLg
[2026-09-08T05:56:34.414+0000] {data_modification.py:22} INFO - insert row with video_ID:HDfEPIyikzs
[2026-09-08T05:56:34.432+0000] {data_modification.py:22} INFO - insert row with video_ID:UQzTT3UYSMg
[2026-09-08T05:56:34.446+0000] {data_modification.py:22} INFO - insert row with video_ID:30k_D9vBDeI
[2026-09-08T05:56:34.544+0000] {data_modification.py:22} INFO - insert row with video_ID:DteH9UwOfpA
[2026-09-08T05:56:34.573+0000] {data_modification.py:22} INFO - insert row with video_ID:xFYXMnzcBb0
[2026-09-08T05:56:34.588+0000] {data_modification.py:22} INFO - insert row with video_ID:2NDahJhphvI
[2026-09-08T05:56:34.617+0000] {data_modification.py:22} INFO - insert row with video_ID:cQnGEvNdUcg
[2026-09-08T05:56:34.686+0000] {data_modification.py:22} INFO - insert row with video_ID:tHaMPyO9v2M
[2026-09-08T05:56:34.693+0000] {data_modification.py:22} INFO - insert row with video_ID:aQkpkcbBBS4
[2026-09-08T05:56:34.713+0000] {data_modification.py:22} INFO - insert row with video_ID:F7oCnostH8A
[2026-09-08T05:56:34.725+0000] {data_modification.py:22} INFO - insert row with video_ID:o1_j2TvF_BE
[2026-09-08T05:56:34.732+0000] {data_modification.py:22} INFO - insert row with video_ID:R3nZ2MxkvRs
[2026-09-08T05:56:34.739+0000] {data_modification.py:22} INFO - insert row with video_ID:9YmrT-Q_vDQ
[2026-09-08T05:56:34.747+0000] {data_modification.py:22} INFO - insert row with video_ID:2N6XYRDh41s
[2026-09-08T05:56:34.758+0000] {data_modification.py:22} INFO - insert row with video_ID:zJVdQEZ5bjY
[2026-09-08T05:56:34.763+0000] {data_modification.py:22} INFO - insert row with video_ID:IBai8qm-nqs
[2026-09-08T05:56:34.771+0000] {data_modification.py:22} INFO - insert row with video_ID:z3yae8OIPEU
[2026-09-08T05:56:34.779+0000] {data_modification.py:22} INFO - insert row with video_ID:t_Ux3gZGWOw
[2026-09-08T05:56:34.784+0000] {data_modification.py:22} INFO - insert row with video_ID:B3t9lKS1jg4
[2026-09-08T05:56:34.794+0000] {data_modification.py:22} INFO - insert row with video_ID:9quuSVZ9AMQ
[2026-09-08T05:56:34.816+0000] {data_modification.py:22} INFO - insert row with video_ID:abn1bLSho10
[2026-09-08T05:56:34.844+0000] {data_modification.py:22} INFO - insert row with video_ID:leXKZMScM4Y
[2026-09-08T05:56:34.854+0000] {data_modification.py:22} INFO - insert row with video_ID:2Ws8tNEWoeo
[2026-09-08T05:56:34.868+0000] {data_modification.py:22} INFO - insert row with video_ID:Fuzws1RYblA
[2026-09-08T05:56:34.877+0000] {data_modification.py:22} INFO - insert row with video_ID:qL2JYPPN8EU
[2026-09-08T05:56:34.883+0000] {data_modification.py:22} INFO - insert row with video_ID:tiaFVm698Sc
[2026-09-08T05:56:34.893+0000] {data_modification.py:22} INFO - insert row with video_ID:2tQZ47H3TwY
[2026-09-08T05:56:34.914+0000] {data_modification.py:22} INFO - insert row with video_ID:On67fQtw48w
[2026-09-08T05:56:34.938+0000] {data_modification.py:22} INFO - insert row with video_ID:xiJYe1hErzQ
[2026-09-08T05:56:35.029+0000] {data_modification.py:22} INFO - insert row with video_ID:Vbkb2hV4i5s
[2026-09-08T05:56:35.151+0000] {data_modification.py:22} INFO - insert row with video_ID:5JS4aH5rBBo
[2026-09-08T05:56:35.195+0000] {data_modification.py:22} INFO - insert row with video_ID:56Z1Vj8AJVE
[2026-09-08T05:56:35.242+0000] {data_modification.py:22} INFO - insert row with video_ID:9uGS4lK92lA
[2026-09-08T05:56:35.496+0000] {data_modification.py:22} INFO - insert row with video_ID:sFpJntYxuGA
[2026-09-08T05:56:35.662+0000] {data_modification.py:22} INFO - insert row with video_ID:bE83nlnfbNs
[2026-09-08T05:56:35.814+0000] {data_modification.py:22} INFO - insert row with video_ID:4lRQM-ZUpK4
[2026-09-08T05:56:35.885+0000] {data_modification.py:22} INFO - insert row with video_ID:c8snwP7Ctvc
[2026-09-08T05:56:35.937+0000] {data_modification.py:22} INFO - insert row with video_ID:rMcspGVkJW4
[2026-09-08T05:56:35.984+0000] {data_modification.py:22} INFO - insert row with video_ID:2YYYAGTE2zg
[2026-09-08T05:56:36.010+0000] {data_modification.py:22} INFO - insert row with video_ID:XslYAEmp9Ws
[2026-09-08T05:56:36.062+0000] {data_modification.py:22} INFO - insert row with video_ID:OETbOK0ntWk
[2026-09-08T05:56:36.111+0000] {data_modification.py:22} INFO - insert row with video_ID:RuybpAvrFYE
[2026-09-08T05:56:36.145+0000] {data_modification.py:22} INFO - insert row with video_ID:Jmc77n88PWY
[2026-09-08T05:56:36.176+0000] {data_modification.py:22} INFO - insert row with video_ID:ticbllOFceM
[2026-09-08T05:56:36.219+0000] {data_modification.py:22} INFO - insert row with video_ID:LRey5gfcBwg
[2026-09-08T05:56:36.247+0000] {data_modification.py:22} INFO - insert row with video_ID:TNs5-ACYAG8
[2026-09-08T05:56:36.302+0000] {data_modification.py:22} INFO - insert row with video_ID:NVyEbINHwwY
[2026-09-08T05:56:36.387+0000] {data_modification.py:22} INFO - insert row with video_ID:C4pY9eTIgvw
[2026-09-08T05:56:36.405+0000] {data_modification.py:22} INFO - insert row with video_ID:z3UhFmDjqxE
[2026-09-08T05:56:36.414+0000] {data_modification.py:22} INFO - insert row with video_ID:S-DxMZzq9MU
[2026-09-08T05:56:36.431+0000] {data_modification.py:22} INFO - insert row with video_ID:houoIa_y3nA
[2026-09-08T05:56:36.449+0000] {data_modification.py:22} INFO - insert row with video_ID:cjiqF4VlSRA
[2026-09-08T05:56:36.538+0000] {data_modification.py:22} INFO - insert row with video_ID:c_q4-73DjcI
[2026-09-08T05:56:36.553+0000] {data_modification.py:22} INFO - insert row with video_ID:gnMg6CAZKuo
[2026-09-08T05:56:36.601+0000] {data_modification.py:22} INFO - insert row with video_ID:tCh7uAF9BCs
[2026-09-08T05:56:36.677+0000] {data_modification.py:22} INFO - insert row with video_ID:rc2kZk0S3Sg
[2026-09-08T05:56:36.702+0000] {data_modification.py:22} INFO - insert row with video_ID:vYk4y7-br2o
[2026-09-08T05:56:36.761+0000] {data_modification.py:22} INFO - insert row with video_ID:gRMOge4k2uQ
[2026-09-08T05:56:36.781+0000] {data_modification.py:22} INFO - insert row with video_ID:TcQJNy1RhJg
[2026-09-08T05:56:36.789+0000] {data_modification.py:22} INFO - insert row with video_ID:wCLL5Oafw7w
[2026-09-08T05:56:36.796+0000] {data_modification.py:22} INFO - insert row with video_ID:KjxbkszU4xA
[2026-09-08T05:56:36.802+0000] {data_modification.py:22} INFO - insert row with video_ID:3lFilSPxScM
[2026-09-08T05:56:36.810+0000] {data_modification.py:22} INFO - insert row with video_ID:aMktu9j-OCY
[2026-09-08T05:56:36.839+0000] {data_modification.py:22} INFO - insert row with video_ID:aWa_Sd_IBME
[2026-09-08T05:56:36.852+0000] {data_modification.py:22} INFO - insert row with video_ID:XNiTVeR8t_s
[2026-09-08T05:56:36.862+0000] {data_modification.py:22} INFO - insert row with video_ID:pV1ZiYm5pwA
[2026-09-08T05:56:36.869+0000] {data_modification.py:22} INFO - insert row with video_ID:4TI5WqaNOwA
[2026-09-08T05:56:36.882+0000] {data_modification.py:22} INFO - insert row with video_ID:mrkfROfB_DA
[2026-09-08T05:56:36.889+0000] {data_modification.py:22} INFO - insert row with video_ID:s3Uzz22Z9bM
[2026-09-08T05:56:36.901+0000] {data_modification.py:22} INFO - insert row with video_ID:yfEYaLt6lkI
[2026-09-08T05:56:36.906+0000] {data_modification.py:22} INFO - insert row with video_ID:WjwPSjCZ050
[2026-09-08T05:56:36.921+0000] {data_modification.py:22} INFO - insert row with video_ID:F30CG1X-_MA
[2026-09-08T05:56:36.930+0000] {data_modification.py:22} INFO - insert row with video_ID:d9hA_NvH6E0
[2026-09-08T05:56:36.947+0000] {data_modification.py:22} INFO - insert row with video_ID:YZXiKednj-M
[2026-09-08T05:56:36.963+0000] {data_modification.py:22} INFO - insert row with video_ID:dcydwLXBkKQ
[2026-09-08T05:56:36.975+0000] {data_modification.py:22} INFO - insert row with video_ID:POnP8uVHrJw
[2026-09-08T05:56:36.985+0000] {data_modification.py:22} INFO - insert row with video_ID:tTMfi_eBCQM
[2026-09-08T05:56:36.997+0000] {data_modification.py:22} INFO - insert row with video_ID:A9I_zrYlZTs
[2026-09-08T05:56:37.069+0000] {data_modification.py:22} INFO - insert row with video_ID:Wxly14_ikNw
[2026-09-08T05:56:37.120+0000] {data_modification.py:22} INFO - insert row with video_ID:5eEB1CXpiJs
[2026-09-08T05:56:37.168+0000] {data_modification.py:22} INFO - insert row with video_ID:uN9sdZ8b4sM
[2026-09-08T05:56:37.188+0000] {data_modification.py:22} INFO - insert row with video_ID:1ih9XRA7X6Q
[2026-09-08T05:56:37.204+0000] {data_modification.py:22} INFO - insert row with video_ID:rgnm51LV5G4
[2026-09-08T05:56:37.213+0000] {data_modification.py:22} INFO - insert row with video_ID:YS_53Jd2BDA
[2026-09-08T05:56:37.219+0000] {data_modification.py:22} INFO - insert row with video_ID:uEaRhTYH18g
[2026-09-08T05:56:37.233+0000] {data_modification.py:22} INFO - insert row with video_ID:LTKW8r6tQcw
[2026-09-08T05:56:37.239+0000] {data_modification.py:22} INFO - insert row with video_ID:_-BjT6LZvfw
[2026-09-08T05:56:37.265+0000] {data_modification.py:22} INFO - insert row with video_ID:s_yuclAkJ68
[2026-09-08T05:56:37.272+0000] {data_modification.py:22} INFO - insert row with video_ID:82CTopJZUxo
[2026-09-08T05:56:37.289+0000] {data_modification.py:22} INFO - insert row with video_ID:vgvOmrq75Do
[2026-09-08T05:56:37.298+0000] {data_modification.py:22} INFO - insert row with video_ID:UKdNEo_iCg4
[2026-09-08T05:56:37.306+0000] {data_modification.py:22} INFO - insert row with video_ID:Kj5r3TVBYtA
[2026-09-08T05:56:37.322+0000] {data_modification.py:22} INFO - insert row with video_ID:ZyIUEuydmNo
[2026-09-08T05:56:37.333+0000] {data_modification.py:22} INFO - insert row with video_ID:nJYAn6BgKUE
[2026-09-08T05:56:37.365+0000] {data_modification.py:22} INFO - insert row with video_ID:frmYvKInYgI
[2026-09-08T05:56:37.571+0000] {data_modification.py:22} INFO - insert row with video_ID:avk5yHHthiY
[2026-09-08T05:56:37.972+0000] {data_modification.py:22} INFO - insert row with video_ID:3NDoiMZa_F8
[2026-09-08T05:56:38.082+0000] {data_modification.py:22} INFO - insert row with video_ID:LRZBr7iT5EM
[2026-09-08T05:56:38.119+0000] {data_modification.py:22} INFO - insert row with video_ID:KUyHjkeSmTI
[2026-09-08T05:56:38.143+0000] {data_modification.py:22} INFO - insert row with video_ID:PKSTsQXba0A
[2026-09-08T05:56:38.160+0000] {data_modification.py:22} INFO - insert row with video_ID:tKsWPPcrbM4
[2026-09-08T05:56:38.177+0000] {data_modification.py:22} INFO - insert row with video_ID:1kMQyLg7jl8
[2026-09-08T05:56:38.187+0000] {data_modification.py:22} INFO - insert row with video_ID:AlOEIfODjms
[2026-09-08T05:56:38.192+0000] {data_modification.py:22} INFO - insert row with video_ID:FZfTgZCxkHs
[2026-09-08T05:56:38.203+0000] {data_modification.py:22} INFO - insert row with video_ID:HsynU0lgZEc
[2026-09-08T05:56:38.220+0000] {data_modification.py:22} INFO - insert row with video_ID:6kdJi9-drsI
[2026-09-08T05:56:38.240+0000] {data_modification.py:22} INFO - insert row with video_ID:iBAo_dHjuGk
[2026-09-08T05:56:38.258+0000] {data_modification.py:22} INFO - insert row with video_ID:phtjWWF_pbs
[2026-09-08T05:56:38.280+0000] {data_modification.py:22} INFO - insert row with video_ID:l3KmhPRh4Xk
[2026-09-08T05:56:38.324+0000] {data_modification.py:22} INFO - insert row with video_ID:1_jjR60cCCQ
[2026-09-08T05:56:38.408+0000] {data_modification.py:22} INFO - insert row with video_ID:S6vJPaxEkUs
[2026-09-08T05:56:38.471+0000] {data_modification.py:22} INFO - insert row with video_ID:vh2_hw-cTAk
[2026-09-08T05:56:38.542+0000] {data_modification.py:22} INFO - insert row with video_ID:pqwO_2z9E7o
[2026-09-08T05:56:38.599+0000] {data_modification.py:22} INFO - insert row with video_ID:DoVqxPjdZvc
[2026-09-08T05:56:38.649+0000] {data_modification.py:22} INFO - insert row with video_ID:q3SKAxnqAek
[2026-09-08T05:56:38.697+0000] {data_modification.py:22} INFO - insert row with video_ID:WIiMkuPFEN8
[2026-09-08T05:56:38.714+0000] {data_modification.py:22} INFO - insert row with video_ID:hX-Wpv9DsDM
[2026-09-08T05:56:38.730+0000] {data_modification.py:22} INFO - insert row with video_ID:faF_2A26_VI
[2026-09-08T05:56:38.779+0000] {data_modification.py:22} INFO - insert row with video_ID:rsnv-WxSfO8
[2026-09-08T05:56:38.802+0000] {data_modification.py:22} INFO - insert row with video_ID:x9Xut2sKdbg
[2026-09-08T05:56:38.811+0000] {data_modification.py:22} INFO - insert row with video_ID:K_Y5cS2AikI
[2026-09-08T05:56:38.820+0000] {data_modification.py:22} INFO - insert row with video_ID:qYCY0DIzOPw
[2026-09-08T05:56:38.840+0000] {data_modification.py:22} INFO - insert row with video_ID:l8bJ3lH6UnY
[2026-09-08T05:56:38.856+0000] {data_modification.py:22} INFO - insert row with video_ID:82Wo9PsUIQk
[2026-09-08T05:56:38.868+0000] {data_modification.py:22} INFO - insert row with video_ID:ufeu7XgRTDU
[2026-09-08T05:56:38.875+0000] {data_modification.py:22} INFO - insert row with video_ID:vr7ztihxB_A
[2026-09-08T05:56:38.910+0000] {data_modification.py:22} INFO - insert row with video_ID:5Ol29m2jfqo
[2026-09-08T05:56:38.921+0000] {data_modification.py:22} INFO - insert row with video_ID:J8abhDLpsVA
[2026-09-08T05:56:38.930+0000] {data_modification.py:22} INFO - insert row with video_ID:WsPvlu3FBMg
[2026-09-08T05:56:38.944+0000] {data_modification.py:22} INFO - insert row with video_ID:dMqJ0xY4-34
[2026-09-08T05:56:38.950+0000] {data_modification.py:22} INFO - insert row with video_ID:HGHmE__w5rM
[2026-09-08T05:56:38.960+0000] {data_modification.py:22} INFO - insert row with video_ID:HxLotijFvvk
[2026-09-08T05:56:38.967+0000] {data_modification.py:22} INFO - insert row with video_ID:yxDndJhVSv4
[2026-09-08T05:56:38.982+0000] {data_modification.py:22} INFO - insert row with video_ID:OFCdcLbINuc
[2026-09-08T05:56:39.007+0000] {data_modification.py:22} INFO - insert row with video_ID:Ps29eztqMdo
[2026-09-08T05:56:39.029+0000] {data_modification.py:22} INFO - insert row with video_ID:8mTCRZJEAQg
[2026-09-08T05:56:39.059+0000] {data_modification.py:22} INFO - insert row with video_ID:folWzIEqjcE
[2026-09-08T05:56:39.093+0000] {data_modification.py:22} INFO - insert row with video_ID:E306-fOHlII
[2026-09-08T05:56:39.108+0000] {data_modification.py:22} INFO - insert row with video_ID:mROG8iwYcQ0
[2026-09-08T05:56:39.179+0000] {data_modification.py:22} INFO - insert row with video_ID:tILtZ8YK9G0
[2026-09-08T05:56:39.223+0000] {data_modification.py:22} INFO - insert row with video_ID:rc9w9IWthMc
[2026-09-08T05:56:39.254+0000] {data_modification.py:22} INFO - insert row with video_ID:zrEoqra9RhM
[2026-09-08T05:56:39.295+0000] {data_modification.py:22} INFO - insert row with video_ID:lFtKLhV87Ps
[2026-09-08T05:56:39.308+0000] {data_modification.py:22} INFO - insert row with video_ID:PZ9BDXlew-Q
[2026-09-08T05:56:39.320+0000] {data_modification.py:22} INFO - insert row with video_ID:CRyGanOhLE8
[2026-09-08T05:56:39.331+0000] {data_modification.py:22} INFO - insert row with video_ID:ifSegYm8n5U
[2026-09-08T05:56:39.396+0000] {data_modification.py:22} INFO - insert row with video_ID:imT2c4Efoxc
[2026-09-08T05:56:39.535+0000] {data_modification.py:22} INFO - insert row with video_ID:kVqAeo6k6b0
[2026-09-08T05:56:39.547+0000] {data_modification.py:22} INFO - insert row with video_ID:VkKRL-QMdm0
[2026-09-08T05:56:39.560+0000] {data_modification.py:22} INFO - insert row with video_ID:YufZFo44fOg
[2026-09-08T05:56:39.566+0000] {data_modification.py:22} INFO - insert row with video_ID:vsmkR_DAfjY
[2026-09-08T05:56:39.574+0000] {data_modification.py:22} INFO - insert row with video_ID:tYwFsaZ5prU
[2026-09-08T05:56:39.579+0000] {data_modification.py:22} INFO - insert row with video_ID:h7W9n4ZtreU
[2026-09-08T05:56:39.588+0000] {data_modification.py:22} INFO - insert row with video_ID:2RW_lIK3DdY
[2026-09-08T05:56:39.596+0000] {data_modification.py:22} INFO - insert row with video_ID:r931dwUWKWw
[2026-09-08T05:56:39.605+0000] {data_modification.py:22} INFO - insert row with video_ID:OQkiDkzfO9M
[2026-09-08T05:56:39.613+0000] {data_modification.py:22} INFO - insert row with video_ID:oDtim-xT4hY
[2026-09-08T05:56:39.624+0000] {data_modification.py:22} INFO - insert row with video_ID:Qwo-_lGU9_Q
[2026-09-08T05:56:39.631+0000] {data_modification.py:22} INFO - insert row with video_ID:-n639Qz1Z6s
[2026-09-08T05:56:39.638+0000] {data_modification.py:22} INFO - insert row with video_ID:K05MHZIZE_M
[2026-09-08T05:56:39.650+0000] {data_modification.py:22} INFO - insert row with video_ID:3aY-iI1in0o
[2026-09-08T05:56:39.656+0000] {data_modification.py:22} INFO - insert row with video_ID:1pSL3zzXv6U
[2026-09-08T05:56:39.669+0000] {data_modification.py:22} INFO - insert row with video_ID:YIxLzwe9TRg
[2026-09-08T05:56:39.681+0000] {data_modification.py:22} INFO - insert row with video_ID:RiACzN_oEcw
[2026-09-08T05:56:39.695+0000] {data_modification.py:22} INFO - insert row with video_ID:qVdpUPEmraQ
[2026-09-08T05:56:39.709+0000] {data_modification.py:22} INFO - insert row with video_ID:XlgAYgHwAeA
[2026-09-08T05:56:39.729+0000] {data_modification.py:22} INFO - insert row with video_ID:1_eXlgOmZrw
[2026-09-08T05:56:39.754+0000] {data_modification.py:22} INFO - insert row with video_ID:cp89mKKsaB4
[2026-09-08T05:56:39.785+0000] {data_modification.py:22} INFO - insert row with video_ID:nn_wUjssxBM
[2026-09-08T05:56:39.800+0000] {data_modification.py:22} INFO - insert row with video_ID:yrv5mx2FNlI
[2026-09-08T05:56:39.816+0000] {data_modification.py:22} INFO - insert row with video_ID:3Ig6xw2uHWc
[2026-09-08T05:56:39.844+0000] {data_modification.py:22} INFO - insert row with video_ID:wRiKgDvDHpw
[2026-09-08T05:56:39.888+0000] {data_modification.py:22} INFO - insert row with video_ID:CINPEPr52Lk
[2026-09-08T05:56:39.910+0000] {data_modification.py:22} INFO - insert row with video_ID:FAWR-9zNwZY
[2026-09-08T05:56:39.918+0000] {data_modification.py:22} INFO - insert row with video_ID:LzwW00RiEgI
[2026-09-08T05:56:39.929+0000] {data_modification.py:22} INFO - insert row with video_ID:VIZG5p4RtGc
[2026-09-08T05:56:39.940+0000] {data_modification.py:22} INFO - insert row with video_ID:cOt8NPeZl-E
[2026-09-08T05:56:39.958+0000] {data_modification.py:22} INFO - insert row with video_ID:_yQHto8HAhs
[2026-09-08T05:56:40.001+0000] {data_modification.py:22} INFO - insert row with video_ID:kWc9LMluJCg
[2026-09-08T05:56:40.048+0000] {data_modification.py:22} INFO - insert row with video_ID:py-iVNeO67E
[2026-09-08T05:56:40.071+0000] {data_modification.py:22} INFO - insert row with video_ID:7cFg8rrSH5A
[2026-09-08T05:56:40.096+0000] {data_modification.py:22} INFO - insert row with video_ID:IFhR27BUzb0
[2026-09-08T05:56:40.118+0000] {data_modification.py:22} INFO - insert row with video_ID:1k490VsEWVs
[2026-09-08T05:56:40.139+0000] {data_modification.py:22} INFO - insert row with video_ID:cOb2jvIfDzs
[2026-09-08T05:56:40.161+0000] {data_modification.py:22} INFO - insert row with video_ID:qqOSqZfh94E
[2026-09-08T05:56:40.192+0000] {data_modification.py:22} INFO - insert row with video_ID:s-IHUg0vyZk
[2026-09-08T05:56:40.231+0000] {data_modification.py:22} INFO - insert row with video_ID:MAYRq72f8MI
[2026-09-08T05:56:40.250+0000] {data_modification.py:22} INFO - insert row with video_ID:1PzfU6DmTaU
[2026-09-08T05:56:40.260+0000] {data_modification.py:22} INFO - insert row with video_ID:SZEoj7UvfOg
[2026-09-08T05:56:40.279+0000] {data_modification.py:22} INFO - insert row with video_ID:k7ASEOEh-o8
[2026-09-08T05:56:40.291+0000] {data_modification.py:22} INFO - insert row with video_ID:xdk8MufwqXY
[2026-09-08T05:56:40.305+0000] {data_modification.py:22} INFO - insert row with video_ID:nBO5AzqLuxY
[2026-09-08T05:56:40.325+0000] {data_modification.py:22} INFO - insert row with video_ID:h0iUIPzhT14
[2026-09-08T05:56:40.434+0000] {data_modification.py:22} INFO - insert row with video_ID:qnurXbu2vio
[2026-09-08T05:56:40.760+0000] {data_modification.py:22} INFO - insert row with video_ID:9FFmOPFKEbI
[2026-09-08T05:56:40.862+0000] {data_modification.py:22} INFO - insert row with video_ID:fn_MDAV0cpk
[2026-09-08T05:56:40.965+0000] {data_modification.py:22} INFO - insert row with video_ID:anj_yXXbP4I
[2026-09-08T05:56:41.012+0000] {data_modification.py:22} INFO - insert row with video_ID:DQGgzjgjXOU
[2026-09-08T05:56:41.115+0000] {data_modification.py:22} INFO - insert row with video_ID:YQ28kqa3lIo
[2026-09-08T05:56:41.190+0000] {data_modification.py:22} INFO - insert row with video_ID:vL0GpmOAffU
[2026-09-08T05:56:41.247+0000] {data_modification.py:22} INFO - insert row with video_ID:2p193IbrfBs
[2026-09-08T05:56:41.365+0000] {data_modification.py:22} INFO - insert row with video_ID:JL2yNF08bRI
[2026-09-08T05:56:41.406+0000] {data_modification.py:22} INFO - insert row with video_ID:prghIqZXVIE
[2026-09-08T05:56:41.415+0000] {data_modification.py:22} INFO - insert row with video_ID:BPNJ_Q7MA6w
[2026-09-08T05:56:41.425+0000] {data_modification.py:22} INFO - insert row with video_ID:0JWMzSBd_3U
[2026-09-08T05:56:41.436+0000] {data_modification.py:22} INFO - insert row with video_ID:9Ts6zCpxWG8
[2026-09-08T05:56:41.444+0000] {data_modification.py:22} INFO - insert row with video_ID:Ab2EBhjxex4
[2026-09-08T05:56:41.451+0000] {data_modification.py:22} INFO - insert row with video_ID:plRvyekBjKk
[2026-09-08T05:56:41.459+0000] {data_modification.py:22} INFO - insert row with video_ID:dLV3Dfz1eJ8
[2026-09-08T05:56:41.467+0000] {data_modification.py:22} INFO - insert row with video_ID:teOZDU_Ha50
[2026-09-08T05:56:41.474+0000] {data_modification.py:22} INFO - insert row with video_ID:sGAncfME8_o
[2026-09-08T05:56:41.486+0000] {data_modification.py:22} INFO - insert row with video_ID:skOB_GTPpP8
[2026-09-08T05:56:41.493+0000] {data_modification.py:22} INFO - insert row with video_ID:tEpMU8atFlE
[2026-09-08T05:56:41.510+0000] {data_modification.py:22} INFO - insert row with video_ID:mhu86BPC97U
[2026-09-08T05:56:41.529+0000] {data_modification.py:22} INFO - insert row with video_ID:iYxVMvUaxig
[2026-09-08T05:56:41.546+0000] {data_modification.py:22} INFO - insert row with video_ID:spNXTxZUNNQ
[2026-09-08T05:56:41.562+0000] {data_modification.py:22} INFO - insert row with video_ID:ZmCm_TzTBWY
[2026-09-08T05:56:41.572+0000] {data_modification.py:22} INFO - insert row with video_ID:Z738L-asFHw
[2026-09-08T05:56:41.592+0000] {data_modification.py:22} INFO - insert row with video_ID:0_yZHL8aOpU
[2026-09-08T05:56:41.634+0000] {data_modification.py:22} INFO - insert row with video_ID:K0RVbxnSmEY
[2026-09-08T05:56:41.643+0000] {data_modification.py:22} INFO - insert row with video_ID:3p5u0gX30b8
[2026-09-08T05:56:41.678+0000] {data_modification.py:22} INFO - insert row with video_ID:Ejt3R9lUUsY
[2026-09-08T05:56:41.699+0000] {data_modification.py:22} INFO - insert row with video_ID:doffT2sd4Lc
[2026-09-08T05:56:41.725+0000] {data_modification.py:22} INFO - insert row with video_ID:pk7hqssRQN4
[2026-09-08T05:56:41.748+0000] {data_modification.py:22} INFO - insert row with video_ID:Ui9g4t2u4vY
[2026-09-08T05:56:41.764+0000] {data_modification.py:22} INFO - insert row with video_ID:ROpGKkYIwW0
[2026-09-08T05:56:41.805+0000] {data_modification.py:22} INFO - insert row with video_ID:_B_rryDkmCw
[2026-09-08T05:56:41.826+0000] {data_modification.py:22} INFO - insert row with video_ID:KuUichFesYE
[2026-09-08T05:56:41.831+0000] {data_modification.py:22} INFO - insert row with video_ID:4_gTwqoMBRc
[2026-09-08T05:56:41.862+0000] {data_modification.py:22} INFO - insert row with video_ID:Zte7JTB1KE8
[2026-09-08T05:56:41.912+0000] {data_modification.py:22} INFO - insert row with video_ID:IWT9z6VMeDY
[2026-09-08T05:56:41.923+0000] {data_modification.py:22} INFO - insert row with video_ID:g6BMGNnFOvw
[2026-09-08T05:56:41.929+0000] {data_modification.py:22} INFO - insert row with video_ID:6NYjDxDwnFo
[2026-09-08T05:56:41.938+0000] {data_modification.py:22} INFO - insert row with video_ID:0S-Y1vZwR1A
[2026-09-08T05:56:41.947+0000] {data_modification.py:22} INFO - insert row with video_ID:vxoPTv59BYc
[2026-09-08T05:56:41.959+0000] {data_modification.py:22} INFO - insert row with video_ID:wdpvOJWF9EM
[2026-09-08T05:56:41.972+0000] {data_modification.py:22} INFO - insert row with video_ID:ZPMXOMLJjEY
[2026-09-08T05:56:41.993+0000] {data_modification.py:22} INFO - insert row with video_ID:sTwj4aDXXSI
[2026-09-08T05:56:42.010+0000] {data_modification.py:22} INFO - insert row with video_ID:F36Q1O7k6p0
[2026-09-08T05:56:42.025+0000] {data_modification.py:22} INFO - insert row with video_ID:1zzwCGWXMz8
[2026-09-08T05:56:42.038+0000] {data_modification.py:22} INFO - insert row with video_ID:h-hckxOYL2Q
[2026-09-08T05:56:42.046+0000] {data_modification.py:22} INFO - insert row with video_ID:8gqxv6HZHRU
[2026-09-08T05:56:42.056+0000] {data_modification.py:22} INFO - insert row with video_ID:e_UkPXXLaZM
[2026-09-08T05:56:42.062+0000] {data_modification.py:22} INFO - insert row with video_ID:nL-TOAiOEKI
[2026-09-08T05:56:42.074+0000] {data_modification.py:22} INFO - insert row with video_ID:6xzhYN9UYVw
[2026-09-08T05:56:42.082+0000] {data_modification.py:22} INFO - insert row with video_ID:utjXTssUaqs
[2026-09-08T05:56:42.094+0000] {data_modification.py:22} INFO - insert row with video_ID:lp0ey3wRasg
[2026-09-08T05:56:42.106+0000] {data_modification.py:22} INFO - insert row with video_ID:uwBUj5OrXz8
[2026-09-08T05:56:42.124+0000] {data_modification.py:22} INFO - insert row with video_ID:W5F6pgs5rOk
[2026-09-08T05:56:42.159+0000] {data_modification.py:22} INFO - insert row with video_ID:ld6F8e3TT0k
[2026-09-08T05:56:42.193+0000] {data_modification.py:22} INFO - insert row with video_ID:UUGPqoA9SaE
[2026-09-08T05:56:42.215+0000] {data_modification.py:22} INFO - insert row with video_ID:8S7t219ztAM
[2026-09-08T05:56:42.256+0000] {data_modification.py:22} INFO - insert row with video_ID:dBf6L0ZmNss
[2026-09-08T05:56:42.304+0000] {data_modification.py:22} INFO - insert row with video_ID:zKr_AlRuxFQ
[2026-09-08T05:56:42.359+0000] {data_modification.py:22} INFO - insert row with video_ID:HjVHZQFkPoA
[2026-09-08T05:56:42.418+0000] {data_modification.py:22} INFO - insert row with video_ID:Qb2km0l3kcA
[2026-09-08T05:56:42.437+0000] {data_modification.py:22} INFO - insert row with video_ID:9yjDYYtzhQY
[2026-09-08T05:56:42.452+0000] {data_modification.py:22} INFO - insert row with video_ID:AHVbF1MjmIU
[2026-09-08T05:56:42.459+0000] {data_modification.py:22} INFO - insert row with video_ID:eJyt33R3QsI
[2026-09-08T05:56:42.464+0000] {data_modification.py:22} INFO - insert row with video_ID:jgYWhlvJke4
[2026-09-08T05:56:42.469+0000] {data_modification.py:22} INFO - insert row with video_ID:jEsZ9Y-QsGY
[2026-09-08T05:56:42.474+0000] {data_modification.py:22} INFO - insert row with video_ID:QH-TvIH6ywU
[2026-09-08T05:56:42.481+0000] {data_modification.py:22} INFO - insert row with video_ID:hhjZM9V46r8
[2026-09-08T05:56:42.488+0000] {data_modification.py:22} INFO - insert row with video_ID:PvjToPQU148
[2026-09-08T05:56:42.497+0000] {data_modification.py:22} INFO - insert row with video_ID:-ULFCwJpMy0
[2026-09-08T05:56:42.531+0000] {data_modification.py:22} INFO - insert row with video_ID:TGJd1bePbNg
[2026-09-08T05:56:42.537+0000] {data_modification.py:22} INFO - insert row with video_ID:2mKBpcsdeaA
[2026-09-08T05:56:42.582+0000] {data_modification.py:22} INFO - insert row with video_ID:lDs8ZTI2DJo
[2026-09-08T05:56:42.645+0000] {data_modification.py:22} INFO - insert row with video_ID:IejmIhac6nM
[2026-09-08T05:56:42.710+0000] {data_modification.py:22} INFO - insert row with video_ID:UFra0CDojw8
[2026-09-08T05:56:42.810+0000] {data_modification.py:22} INFO - insert row with video_ID:6HLMqagWWDw
[2026-09-08T05:56:42.863+0000] {data_modification.py:22} INFO - insert row with video_ID:hTRHWJYsX2s
[2026-09-08T05:56:42.890+0000] {data_modification.py:22} INFO - insert row with video_ID:yqbYdgjuGyI
[2026-09-08T05:56:42.911+0000] {data_modification.py:22} INFO - insert row with video_ID:AnYvq0378tQ
[2026-09-08T05:56:42.936+0000] {data_modification.py:22} INFO - insert row with video_ID:p4Qo88eY8ak
[2026-09-08T05:56:42.947+0000] {data_modification.py:22} INFO - insert row with video_ID:5cvt6MxiAT0
[2026-09-08T05:56:43.031+0000] {data_modification.py:22} INFO - insert row with video_ID:H7TGIW8Tu2k
[2026-09-08T05:56:43.125+0000] {data_modification.py:22} INFO - insert row with video_ID:QklIINnTT2w
[2026-09-08T05:56:43.161+0000] {data_modification.py:22} INFO - insert row with video_ID:6ap6nGWpAIs
[2026-09-08T05:56:43.210+0000] {data_modification.py:22} INFO - insert row with video_ID:elj2UyGCQ3E
[2026-09-08T05:56:43.258+0000] {data_modification.py:22} INFO - insert row with video_ID:MzwVnUBCip4
[2026-09-08T05:56:43.301+0000] {data_modification.py:22} INFO - insert row with video_ID:PXbqG0BY6E4
[2026-09-08T05:56:43.315+0000] {data_modification.py:22} INFO - insert row with video_ID:nAiBwJC1XfQ
[2026-09-08T05:56:43.333+0000] {data_modification.py:22} INFO - insert row with video_ID:YaNOk74ETQI
[2026-09-08T05:56:43.348+0000] {data_modification.py:22} INFO - insert row with video_ID:j_aOfoO118M
[2026-09-08T05:56:43.422+0000] {data_modification.py:22} INFO - insert row with video_ID:8HWHvDwTjW8
[2026-09-08T05:56:43.444+0000] {data_modification.py:22} INFO - insert row with video_ID:IRkuQM1yPiM
[2026-09-08T05:56:43.539+0000] {data_modification.py:22} INFO - insert row with video_ID:q_qor-Jmd78
[2026-09-08T05:56:43.567+0000] {data_modification.py:22} INFO - insert row with video_ID:OdG3nTfP0lM
[2026-09-08T05:56:43.635+0000] {data_modification.py:22} INFO - insert row with video_ID:BBtCoieSRy0
[2026-09-08T05:56:43.657+0000] {data_modification.py:22} INFO - insert row with video_ID:SwNg-VNKkho
[2026-09-08T05:56:43.664+0000] {data_modification.py:22} INFO - insert row with video_ID:69u1e4wBO1g
[2026-09-08T05:56:43.685+0000] {data_modification.py:22} INFO - insert row with video_ID:EkqV_mYHTiw
[2026-09-08T05:56:43.717+0000] {data_modification.py:22} INFO - insert row with video_ID:NH8n1sMhx-0
[2026-09-08T05:56:43.742+0000] {data_modification.py:22} INFO - insert row with video_ID:we7999HX15U
[2026-09-08T05:56:43.752+0000] {data_modification.py:22} INFO - insert row with video_ID:BPTML8YStp0
[2026-09-08T05:56:43.767+0000] {data_modification.py:22} INFO - insert row with video_ID:oXNdrH2o96I
[2026-09-08T05:56:43.782+0000] {data_modification.py:22} INFO - insert row with video_ID:X9adLNvdQC4
[2026-09-08T05:56:43.792+0000] {data_modification.py:22} INFO - insert row with video_ID:RvNteO24zVU
[2026-09-08T05:56:43.799+0000] {data_modification.py:22} INFO - insert row with video_ID:GCl-DEWq-QY
[2026-09-08T05:56:43.807+0000] {data_modification.py:22} INFO - insert row with video_ID:WIPDDKmyX-8
[2026-09-08T05:56:43.830+0000] {data_modification.py:22} INFO - insert row with video_ID:QccyyqGrK-4
[2026-09-08T05:56:43.841+0000] {data_modification.py:22} INFO - insert row with video_ID:3G8d23r8YHU
[2026-09-08T05:56:43.852+0000] {data_modification.py:22} INFO - insert row with video_ID:-nL4VCYA3VY
[2026-09-08T05:56:43.860+0000] {data_modification.py:22} INFO - insert row with video_ID:RRFw6SaizhY
[2026-09-08T05:56:43.874+0000] {data_modification.py:22} INFO - insert row with video_ID:h5RgQRaRfmA
[2026-09-08T05:56:43.892+0000] {data_modification.py:22} INFO - insert row with video_ID:T7xcyGQJFpc
[2026-09-08T05:56:43.900+0000] {data_modification.py:22} INFO - insert row with video_ID:RidLgFmbMf0
[2026-09-08T05:56:43.912+0000] {data_modification.py:22} INFO - insert row with video_ID:tbzIxJQHIHU
[2026-09-08T05:56:43.920+0000] {data_modification.py:22} INFO - insert row with video_ID:VbKFzL2HuJU
[2026-09-08T05:56:43.944+0000] {data_modification.py:22} INFO - insert row with video_ID:HAH3jM9p1qM
[2026-09-08T05:56:43.951+0000] {data_modification.py:22} INFO - insert row with video_ID:vgYXV6Nnj98
[2026-09-08T05:56:43.961+0000] {data_modification.py:22} INFO - insert row with video_ID:oHI1SYep5pU
[2026-09-08T05:56:43.971+0000] {data_modification.py:22} INFO - insert row with video_ID:aiYhg3KJuxI
[2026-09-08T05:56:43.982+0000] {data_modification.py:22} INFO - insert row with video_ID:wUycwai6Nm0
[2026-09-08T05:56:43.993+0000] {data_modification.py:22} INFO - insert row with video_ID:EyMX5IF56_8
[2026-09-08T05:56:44.001+0000] {data_modification.py:22} INFO - insert row with video_ID:oR44apuMt80
[2026-09-08T05:56:44.006+0000] {data_modification.py:22} INFO - insert row with video_ID:hm9ryFImFQk
[2026-09-08T05:56:44.034+0000] {data_modification.py:22} INFO - insert row with video_ID:LDsF1FCn7f8
[2026-09-08T05:56:44.065+0000] {data_modification.py:22} INFO - insert row with video_ID:qhe79lo-VZs
[2026-09-08T05:56:44.106+0000] {data_modification.py:22} INFO - insert row with video_ID:SMXEmCHQQIY
[2026-09-08T05:56:44.112+0000] {data_modification.py:22} INFO - insert row with video_ID:Y3wyjtvYssw
[2026-09-08T05:56:44.168+0000] {data_modification.py:22} INFO - insert row with video_ID:vcGjLwfpAE4
[2026-09-08T05:56:44.231+0000] {data_modification.py:22} INFO - insert row with video_ID:SesyfgpdF_Y
[2026-09-08T05:56:44.274+0000] {data_modification.py:22} INFO - insert row with video_ID:r34qfqlB1OE
[2026-09-08T05:56:44.297+0000] {data_modification.py:22} INFO - insert row with video_ID:A8bRZSz84go
[2026-09-08T05:56:44.350+0000] {data_modification.py:22} INFO - insert row with video_ID:8I2sQ6vnDcY
[2026-09-08T05:56:44.361+0000] {data_modification.py:22} INFO - insert row with video_ID:PviAV4gz8oQ
[2026-09-08T05:56:44.403+0000] {data_modification.py:22} INFO - insert row with video_ID:Upp89F5EBq8
[2026-09-08T05:56:44.426+0000] {data_modification.py:22} INFO - insert row with video_ID:dbSUEFaR0MI
[2026-09-08T05:56:44.447+0000] {data_modification.py:22} INFO - insert row with video_ID:GQQ76_fa2j8
[2026-09-08T05:56:44.459+0000] {data_modification.py:22} INFO - insert row with video_ID:wu2gUwBrM6I
[2026-09-08T05:56:44.465+0000] {data_modification.py:22} INFO - insert row with video_ID:1reAU8S8q1c
[2026-09-08T05:56:44.498+0000] {data_modification.py:22} INFO - insert row with video_ID:AyIsCk3SFEI
[2026-09-08T05:56:44.506+0000] {data_modification.py:22} INFO - insert row with video_ID:mmewzmyLvBI
[2026-09-08T05:56:44.519+0000] {data_modification.py:22} INFO - insert row with video_ID:h_flAqzF1DU
[2026-09-08T05:56:44.535+0000] {data_modification.py:22} INFO - insert row with video_ID:vmKCkbd5IVc
[2026-09-08T05:56:44.547+0000] {data_modification.py:22} INFO - insert row with video_ID:_gvm4otqjgg
[2026-09-08T05:56:44.562+0000] {data_modification.py:22} INFO - insert row with video_ID:CcINgZbm-Qw
[2026-09-08T05:56:44.582+0000] {data_modification.py:22} INFO - insert row with video_ID:4O3p9hfoM6s
[2026-09-08T05:56:44.607+0000] {data_modification.py:22} INFO - insert row with video_ID:Fu9bYA7xw2k
[2026-09-08T05:56:44.615+0000] {data_modification.py:22} INFO - insert row with video_ID:sIxZVW_QjQk
[2026-09-08T05:56:44.628+0000] {data_modification.py:22} INFO - insert row with video_ID:ukHMWvxuTIM
[2026-09-08T05:56:44.635+0000] {data_modification.py:22} INFO - insert row with video_ID:5NC5cFnPk-w
[2026-09-08T05:56:44.652+0000] {data_modification.py:22} INFO - insert row with video_ID:nTknOYoBo9w
[2026-09-08T05:56:44.664+0000] {data_modification.py:22} INFO - insert row with video_ID:otUE2DxSujs
[2026-09-08T05:56:44.679+0000] {data_modification.py:22} INFO - insert row with video_ID:A8x1fJ2mE44
[2026-09-08T05:56:44.698+0000] {data_modification.py:22} INFO - insert row with video_ID:sFz0sta8jYs
[2026-09-08T05:56:44.709+0000] {data_modification.py:22} INFO - insert row with video_ID:OKIEbWXFub8
[2026-09-08T05:56:44.719+0000] {data_modification.py:22} INFO - insert row with video_ID:TPTLN-VB2no
[2026-09-08T05:56:44.736+0000] {data_modification.py:22} INFO - insert row with video_ID:_UJEeOMUA_o
[2026-09-08T05:56:44.745+0000] {data_modification.py:22} INFO - insert row with video_ID:8dvgeCuHxjk
[2026-09-08T05:56:44.756+0000] {data_modification.py:22} INFO - insert row with video_ID:gxZn2uOAwyI
[2026-09-08T05:56:44.765+0000] {data_modification.py:22} INFO - insert row with video_ID:FBXpNewB4KQ
[2026-09-08T05:56:44.773+0000] {data_modification.py:22} INFO - insert row with video_ID:kDXgUnFZFbg
[2026-09-08T05:56:44.783+0000] {data_modification.py:22} INFO - insert row with video_ID:4mDiNF3SiU4
[2026-09-08T05:56:44.811+0000] {data_modification.py:22} INFO - insert row with video_ID:oxwhyoIcNP8
[2026-09-08T05:56:44.828+0000] {data_modification.py:22} INFO - insert row with video_ID:HRPZ-ZPfUtY
[2026-09-08T05:56:44.843+0000] {data_modification.py:22} INFO - insert row with video_ID:tINgzl3fmrs
[2026-09-08T05:56:44.865+0000] {data_modification.py:22} INFO - insert row with video_ID:Df_1uclmmMs
[2026-09-08T05:56:44.897+0000] {data_modification.py:22} INFO - insert row with video_ID:XgWCkmYJsyg
[2026-09-08T05:56:44.929+0000] {data_modification.py:22} INFO - insert row with video_ID:zPPxgv6QW6o
[2026-09-08T05:56:44.951+0000] {data_modification.py:22} INFO - insert row with video_ID:_Abhb2bDro4
[2026-09-08T05:56:44.973+0000] {data_modification.py:22} INFO - insert row with video_ID:NRWgAM3uTw0
[2026-09-08T05:56:44.988+0000] {data_modification.py:22} INFO - insert row with video_ID:Wlg_--kytyo
[2026-09-08T05:56:44.998+0000] {data_modification.py:22} INFO - insert row with video_ID:Y-LuNAA7Nnc
[2026-09-08T05:56:45.008+0000] {data_modification.py:22} INFO - insert row with video_ID:yseM4_iyLqA
[2026-09-08T05:56:45.031+0000] {data_modification.py:22} INFO - insert row with video_ID:CeSn0CaN9vg
[2026-09-08T05:56:45.053+0000] {data_modification.py:22} INFO - insert row with video_ID:qlYmznjFO4A
[2026-09-08T05:56:45.080+0000] {data_modification.py:22} INFO - insert row with video_ID:c76f_p-XroA
[2026-09-08T05:56:45.102+0000] {data_modification.py:22} INFO - insert row with video_ID:aBL1-5pFSUI
[2026-09-08T05:56:45.148+0000] {data_modification.py:22} INFO - insert row with video_ID:cvM_lsiybI0
[2026-09-08T05:56:45.175+0000] {data_modification.py:22} INFO - insert row with video_ID:TkxX9kJuVgk
[2026-09-08T05:56:45.217+0000] {data_modification.py:22} INFO - insert row with video_ID:Q2U7qJw6Lg4
[2026-09-08T05:56:45.256+0000] {data_modification.py:22} INFO - insert row with video_ID:zovE-WTabW0
[2026-09-08T05:56:45.294+0000] {data_modification.py:22} INFO - insert row with video_ID:bmS374wa-1Y
[2026-09-08T05:56:45.331+0000] {data_modification.py:22} INFO - insert row with video_ID:_o8Fs_V4YUA
[2026-09-08T05:56:45.348+0000] {data_modification.py:22} INFO - insert row with video_ID:VjAAK_EIwOU
[2026-09-08T05:56:45.366+0000] {data_modification.py:22} INFO - insert row with video_ID:t9IyQm1S3SE
[2026-09-08T05:56:45.383+0000] {data_modification.py:22} INFO - insert row with video_ID:cQaVoLg1TNQ
[2026-09-08T05:56:45.401+0000] {data_modification.py:22} INFO - insert row with video_ID:mp_ReFPUCBU
[2026-09-08T05:56:45.423+0000] {data_modification.py:22} INFO - insert row with video_ID:1LiPOax0AcY
[2026-09-08T05:56:45.450+0000] {data_modification.py:22} INFO - insert row with video_ID:ghpgG6Kjr2o
[2026-09-08T05:56:45.467+0000] {data_modification.py:22} INFO - insert row with video_ID:yLFsOMB509I
[2026-09-08T05:56:45.483+0000] {data_modification.py:22} INFO - insert row with video_ID:AqV4ghjO2UY
[2026-09-08T05:56:45.532+0000] {data_modification.py:22} INFO - insert row with video_ID:shJpK-E9PLs
[2026-09-08T05:56:45.546+0000] {data_modification.py:22} INFO - insert row with video_ID:8o6DayScRmY
[2026-09-08T05:56:45.562+0000] {data_modification.py:22} INFO - insert row with video_ID:ccr4QGcv0bM
[2026-09-08T05:56:45.593+0000] {data_modification.py:22} INFO - insert row with video_ID:2jdR-R-Qhkc
[2026-09-08T05:56:45.656+0000] {data_modification.py:22} INFO - insert row with video_ID:pEeX0zaJm7Q
[2026-09-08T05:56:45.666+0000] {data_modification.py:22} INFO - insert row with video_ID:cAnG_j2e1vo
[2026-09-08T05:56:45.693+0000] {data_modification.py:22} INFO - insert row with video_ID:fv_rXc4dEKM
[2026-09-08T05:56:45.702+0000] {data_modification.py:22} INFO - insert row with video_ID:Ts5d8vWgZHY
[2026-09-08T05:56:45.712+0000] {data_modification.py:22} INFO - insert row with video_ID:A90ZI-4Ry44
[2026-09-08T05:56:45.723+0000] {data_modification.py:22} INFO - insert row with video_ID:DTbLUk-m8uc
[2026-09-08T05:56:45.740+0000] {data_modification.py:22} INFO - insert row with video_ID:fo9PfKZBfAA
[2026-09-08T05:56:45.747+0000] {data_modification.py:22} INFO - insert row with video_ID:B2TOjMDO0CE
[2026-09-08T05:56:45.755+0000] {data_modification.py:22} INFO - insert row with video_ID:uFJ3i0qPIXc
[2026-09-08T05:56:45.765+0000] {data_modification.py:22} INFO - insert row with video_ID:q8nuG7cnDRs
[2026-09-08T05:56:45.772+0000] {data_modification.py:22} INFO - insert row with video_ID:dNBZM5ITMn0
[2026-09-08T05:56:45.791+0000] {data_modification.py:22} INFO - insert row with video_ID:3e4uvdeMQlE
[2026-09-08T05:56:45.807+0000] {data_modification.py:22} INFO - insert row with video_ID:QeRsdyDthPw
[2026-09-08T05:56:45.813+0000] {data_modification.py:22} INFO - insert row with video_ID:T_E6pze31Ok
[2026-09-08T05:56:45.827+0000] {data_modification.py:22} INFO - insert row with video_ID:k4SPSUUaC7I
[2026-09-08T05:56:45.851+0000] {data_modification.py:22} INFO - insert row with video_ID:x2BWNe0YXjs
[2026-09-08T05:56:45.875+0000] {data_modification.py:22} INFO - insert row with video_ID:-U13Lmx4TW0
[2026-09-08T05:56:45.912+0000] {data_modification.py:22} INFO - insert row with video_ID:GAudtQw5w-Y
[2026-09-08T05:56:45.930+0000] {data_modification.py:22} INFO - insert row with video_ID:X_y8MQRaRy8
[2026-09-08T05:56:45.943+0000] {data_modification.py:22} INFO - insert row with video_ID:0HC416twZls
[2026-09-08T05:56:45.966+0000] {data_modification.py:22} INFO - insert row with video_ID:bIzdQYpOsXg
[2026-09-08T05:56:45.974+0000] {data_modification.py:22} INFO - insert row with video_ID:LgkQBzSKgjQ
[2026-09-08T05:56:45.991+0000] {data_modification.py:22} INFO - insert row with video_ID:Zhp4EmPH3Bw
[2026-09-08T05:56:46.023+0000] {data_modification.py:22} INFO - insert row with video_ID:UVaKg6SbC1U
[2026-09-08T05:56:46.049+0000] {data_modification.py:22} INFO - insert row with video_ID:7Z6RNvcTm5I
[2026-09-08T05:56:46.066+0000] {data_modification.py:22} INFO - insert row with video_ID:JPZ432oa9Gw
[2026-09-08T05:56:46.098+0000] {data_modification.py:22} INFO - insert row with video_ID:NIRtgj-5bOE
[2026-09-08T05:56:46.113+0000] {data_modification.py:22} INFO - insert row with video_ID:REaKanC-Vo0
[2026-09-08T05:56:46.123+0000] {data_modification.py:22} INFO - insert row with video_ID:kbqb1sxIMZE
[2026-09-08T05:56:46.131+0000] {data_modification.py:22} INFO - insert row with video_ID:xIVsl7FrpLM
[2026-09-08T05:56:46.140+0000] {data_modification.py:22} INFO - insert row with video_ID:Da9-f_pWYyE
[2026-09-08T05:56:46.148+0000] {data_modification.py:22} INFO - insert row with video_ID:ah_O30tkzA4
[2026-09-08T05:56:46.159+0000] {data_modification.py:22} INFO - insert row with video_ID:gUunQApTdj4
[2026-09-08T05:56:46.178+0000] {data_modification.py:22} INFO - insert row with video_ID:0vt5_OM4VzY
[2026-09-08T05:56:46.204+0000] {data_modification.py:22} INFO - insert row with video_ID:588A5tuLvvw
[2026-09-08T05:56:46.224+0000] {data_modification.py:22} INFO - insert row with video_ID:VvJMNPMZN74
[2026-09-08T05:56:46.236+0000] {data_modification.py:22} INFO - insert row with video_ID:9T_3boQA7go
[2026-09-08T05:56:46.249+0000] {data_modification.py:22} INFO - insert row with video_ID:6igpm9dx5Gg
[2026-09-08T05:56:46.255+0000] {data_modification.py:22} INFO - insert row with video_ID:qRN_70yd9KE
[2026-09-08T05:56:46.263+0000] {data_modification.py:22} INFO - insert row with video_ID:4-OCORnYbQA
[2026-09-08T05:56:46.268+0000] {data_modification.py:22} INFO - insert row with video_ID:z0BUcgxngdg
[2026-09-08T05:56:46.279+0000] {data_modification.py:22} INFO - insert row with video_ID:_ORuRVFpQdA
[2026-09-08T05:56:46.286+0000] {data_modification.py:22} INFO - insert row with video_ID:XEjZyJDQUmc
[2026-09-08T05:56:46.295+0000] {data_modification.py:22} INFO - insert row with video_ID:a06522ysP0c
[2026-09-08T05:56:46.302+0000] {data_modification.py:22} INFO - insert row with video_ID:wlBwhrZb3Dc
[2026-09-08T05:56:46.320+0000] {data_modification.py:22} INFO - insert row with video_ID:gvYbAtUyF_k
[2026-09-08T05:56:46.432+0000] {data_modification.py:22} INFO - insert row with video_ID:EIQajbN95VU
[2026-09-08T05:56:46.617+0000] {data_modification.py:22} INFO - insert row with video_ID:YlFVKEQQ0ZM
[2026-09-08T05:56:46.629+0000] {data_modification.py:22} INFO - insert row with video_ID:YLVO_RfKcTc
[2026-09-08T05:56:46.641+0000] {data_modification.py:22} INFO - insert row with video_ID:EtW-l6-KNwk
[2026-09-08T05:56:46.653+0000] {data_modification.py:22} INFO - insert row with video_ID:0TD0dyLeGDg
[2026-09-08T05:56:46.661+0000] {data_modification.py:22} INFO - insert row with video_ID:at3DQuS3ztk
[2026-09-08T05:56:46.667+0000] {data_modification.py:22} INFO - insert row with video_ID:wayLIqa_9-4
[2026-09-08T05:56:46.675+0000] {data_modification.py:22} INFO - insert row with video_ID:L7ryrXdVrnA
[2026-09-08T05:56:46.691+0000] {data_modification.py:22} INFO - insert row with video_ID:8WlFQ66ZbeY
[2026-09-08T05:56:46.700+0000] {data_modification.py:22} INFO - insert row with video_ID:c4erB4c9zrY
[2026-09-08T05:56:46.725+0000] {data_modification.py:22} INFO - insert row with video_ID:y4Foyi5STl0
[2026-09-08T05:56:46.736+0000] {data_modification.py:22} INFO - insert row with video_ID:-A6hxZ6sUWU
[2026-09-08T05:56:46.751+0000] {data_modification.py:22} INFO - insert row with video_ID:2kBa7M_GX4g
[2026-09-08T05:56:46.771+0000] {data_modification.py:22} INFO - insert row with video_ID:Ok0CRrJu2HU
[2026-09-08T05:56:46.798+0000] {data_modification.py:22} INFO - insert row with video_ID:0sVDxrpPTvM
[2026-09-08T05:56:46.845+0000] {data_modification.py:22} INFO - insert row with video_ID:2O70ldfbXbY
[2026-09-08T05:56:46.892+0000] {data_modification.py:22} INFO - insert row with video_ID:ISnygzSh4L0
[2026-09-08T05:56:46.905+0000] {data_modification.py:22} INFO - insert row with video_ID:4CGiZzYkCX4
[2026-09-08T05:56:46.916+0000] {data_modification.py:22} INFO - insert row with video_ID:AJKYSaQY6dQ
[2026-09-08T05:56:46.932+0000] {data_modification.py:22} INFO - insert row with video_ID:hI8y1jeF56o
[2026-09-08T05:56:46.963+0000] {data_modification.py:22} INFO - insert row with video_ID:BUvWC5dr498
[2026-09-08T05:56:47.054+0000] {data_modification.py:22} INFO - insert row with video_ID:n7wBdIN_V50
[2026-09-08T05:56:47.081+0000] {data_modification.py:22} INFO - insert row with video_ID:CiLrwxD2p9E
[2026-09-08T05:56:47.107+0000] {data_modification.py:22} INFO - insert row with video_ID:IhIBQwMJHMw
[2026-09-08T05:56:47.142+0000] {data_modification.py:22} INFO - insert row with video_ID:3DKY8o5_PGQ
[2026-09-08T05:56:47.153+0000] {data_modification.py:22} INFO - insert row with video_ID:xvFaKfLm_x4
[2026-09-08T05:56:47.192+0000] {data_modification.py:22} INFO - insert row with video_ID:0RgO-9ecOog
[2026-09-08T05:56:47.207+0000] {data_modification.py:22} INFO - insert row with video_ID:cY0DS0WYUHc
[2026-09-08T05:56:47.216+0000] {data_modification.py:22} INFO - insert row with video_ID:UhqVyvGYJfM
[2026-09-08T05:56:47.229+0000] {data_modification.py:22} INFO - insert row with video_ID:rJXhbhtmHjE
[2026-09-08T05:56:47.245+0000] {data_modification.py:22} INFO - insert row with video_ID:4t4VxJV_eQc
[2026-09-08T05:56:47.255+0000] {data_modification.py:22} INFO - insert row with video_ID:lcouibsT6UU
[2026-09-08T05:56:47.264+0000] {data_modification.py:22} INFO - insert row with video_ID:7DeP32djeOk
[2026-09-08T05:56:47.276+0000] {data_modification.py:22} INFO - insert row with video_ID:U4xqYvqkenY
[2026-09-08T05:56:47.285+0000] {data_modification.py:22} INFO - insert row with video_ID:mhn1M-XWIOc
[2026-09-08T05:56:47.321+0000] {data_modification.py:22} INFO - insert row with video_ID:JKQR3NEcm8g
[2026-09-08T05:56:47.364+0000] {data_modification.py:22} INFO - insert row with video_ID:AaFRaBUwxiw
[2026-09-08T05:56:47.398+0000] {data_modification.py:22} INFO - insert row with video_ID:FLJMHP34aiI
[2026-09-08T05:56:47.432+0000] {data_modification.py:22} INFO - insert row with video_ID:RZ92Cy80I_M
[2026-09-08T05:56:47.532+0000] {data_modification.py:22} INFO - insert row with video_ID:DKfptyGTPT8
[2026-09-08T05:56:47.567+0000] {data_modification.py:22} INFO - insert row with video_ID:5fw-fpjWF7s
[2026-09-08T05:56:47.603+0000] {data_modification.py:22} INFO - insert row with video_ID:SkXSg9nYJJg
[2026-09-08T05:56:47.631+0000] {data_modification.py:22} INFO - insert row with video_ID:HQmBBhSF5Bs
[2026-09-08T05:56:47.666+0000] {data_modification.py:22} INFO - insert row with video_ID:Qfl7v_MVCZo
[2026-09-08T05:56:47.698+0000] {data_modification.py:22} INFO - insert row with video_ID:reemmdj17J0
[2026-09-08T05:56:47.726+0000] {data_modification.py:22} INFO - insert row with video_ID:MnkUX5WEmvE
[2026-09-08T05:56:47.776+0000] {data_modification.py:22} INFO - insert row with video_ID:I3r-LHeNIEg
[2026-09-08T05:56:47.826+0000] {data_modification.py:22} INFO - insert row with video_ID:9ZCoakt56pM
[2026-09-08T05:56:47.854+0000] {data_modification.py:22} INFO - insert row with video_ID:betKhnxyDTs
[2026-09-08T05:56:47.870+0000] {data_modification.py:22} INFO - insert row with video_ID:182dWrMYZ0c
[2026-09-08T05:56:47.895+0000] {data_modification.py:22} INFO - insert row with video_ID:G3E1z9eIZDg
[2026-09-08T05:56:47.934+0000] {data_modification.py:22} INFO - insert row with video_ID:sdTV0ohEjbk
[2026-09-08T05:56:47.971+0000] {data_modification.py:22} INFO - insert row with video_ID:WOJ42xGkhMU
[2026-09-08T05:56:47.998+0000] {data_modification.py:22} INFO - insert row with video_ID:h3lIe3yB23s
[2026-09-08T05:56:48.034+0000] {data_modification.py:22} INFO - insert row with video_ID:hqP5AsdMi2o
[2026-09-08T05:56:48.110+0000] {data_modification.py:22} INFO - insert row with video_ID:Gt3Sz3FwmyI
[2026-09-08T05:56:48.195+0000] {data_modification.py:22} INFO - insert row with video_ID:Xc9oT-S0hVk
[2026-09-08T05:56:48.251+0000] {data_modification.py:22} INFO - insert row with video_ID:7N_SMOBAbeU
[2026-09-08T05:56:48.267+0000] {data_modification.py:22} INFO - insert row with video_ID:0Hg13Zxz12A
[2026-09-08T05:56:48.295+0000] {data_modification.py:22} INFO - insert row with video_ID:_sxp4H8m2Lc
[2026-09-08T05:56:48.303+0000] {data_modification.py:22} INFO - insert row with video_ID:bCWnEd0AD-g
[2026-09-08T05:56:48.332+0000] {data_modification.py:22} INFO - insert row with video_ID:bBHIoLtfkA8
[2026-09-08T05:56:48.348+0000] {data_modification.py:22} INFO - insert row with video_ID:86tk4rrATxU
[2026-09-08T05:56:48.363+0000] {data_modification.py:22} INFO - insert row with video_ID:9dkQupkI5YI
[2026-09-08T05:56:48.369+0000] {data_modification.py:22} INFO - insert row with video_ID:QYL4bE3Xn0w
[2026-09-08T05:56:48.378+0000] {data_modification.py:22} INFO - insert row with video_ID:m81k04Ynfi8
[2026-09-08T05:56:48.395+0000] {data_modification.py:22} INFO - insert row with video_ID:0Y8LmRnWwso
[2026-09-08T05:56:48.401+0000] {data_modification.py:22} INFO - insert row with video_ID:PB1OpI-4mD8
[2026-09-08T05:56:48.414+0000] {data_modification.py:22} INFO - insert row with video_ID:eoGkA0fn-zU
[2026-09-08T05:56:48.454+0000] {data_modification.py:22} INFO - insert row with video_ID:DbxXpCEkU5g
[2026-09-08T05:56:48.464+0000] {data_modification.py:22} INFO - insert row with video_ID:Ys83eLt5CfE
[2026-09-08T05:56:48.487+0000] {data_modification.py:22} INFO - insert row with video_ID:RUOGFng-Si4
[2026-09-08T05:56:48.528+0000] {data_modification.py:22} INFO - insert row with video_ID:7t_vRdOY0dU
[2026-09-08T05:56:48.564+0000] {data_modification.py:22} INFO - insert row with video_ID:NzEPAn7ftzs
[2026-09-08T05:56:48.580+0000] {data_modification.py:22} INFO - insert row with video_ID:hA-ZzI0FIcc
[2026-09-08T05:56:48.595+0000] {data_modification.py:22} INFO - insert row with video_ID:ReIPk7wbcns
[2026-09-08T05:56:48.610+0000] {data_modification.py:22} INFO - insert row with video_ID:on5kfe35TfE
[2026-09-08T05:56:48.628+0000] {data_modification.py:22} INFO - insert row with video_ID:fFETbLjMfwg
[2026-09-08T05:56:48.639+0000] {data_modification.py:22} INFO - insert row with video_ID:BUad_rtZV4o
[2026-09-08T05:56:48.646+0000] {data_modification.py:22} INFO - insert row with video_ID:yP_V-XHZNx0
[2026-09-08T05:56:48.652+0000] {data_modification.py:22} INFO - insert row with video_ID:atGXTve-2Cc
[2026-09-08T05:56:48.665+0000] {data_modification.py:22} INFO - insert row with video_ID:IWEWglfSLqU
[2026-09-08T05:56:48.676+0000] {data_modification.py:22} INFO - insert row with video_ID:sNoFQ_idSxU
[2026-09-08T05:56:48.683+0000] {data_modification.py:22} INFO - insert row with video_ID:6-fKJBRKCvg
[2026-09-08T05:56:48.690+0000] {data_modification.py:22} INFO - insert row with video_ID:LpC2JXzk02M
[2026-09-08T05:56:48.699+0000] {data_modification.py:22} INFO - insert row with video_ID:NLw5dBcaDBA
[2026-09-08T05:56:48.707+0000] {data_modification.py:22} INFO - insert row with video_ID:Hj20qpMeY-M
[2026-09-08T05:56:48.712+0000] {data_modification.py:22} INFO - insert row with video_ID:LOOUUpAxoDA
[2026-09-08T05:56:48.717+0000] {data_modification.py:22} INFO - insert row with video_ID:vPXcfcyoCOQ
[2026-09-08T05:56:48.723+0000] {data_modification.py:22} INFO - insert row with video_ID:YMcMPxezlX0
[2026-09-08T05:56:48.734+0000] {data_modification.py:22} INFO - insert row with video_ID:CB4DMsM73O4
[2026-09-08T05:56:48.742+0000] {data_modification.py:22} INFO - insert row with video_ID:OH_YLCDxTmk
[2026-09-08T05:56:48.748+0000] {data_modification.py:22} INFO - insert row with video_ID:ILLleQLjIys
[2026-09-08T05:56:48.770+0000] {data_modification.py:22} INFO - insert row with video_ID:0y7tcUlXoLE
[2026-09-08T05:56:48.783+0000] {data_modification.py:22} INFO - insert row with video_ID:YMKhxkjph8s
[2026-09-08T05:56:48.798+0000] {data_modification.py:22} INFO - insert row with video_ID:u7O2UPKjqyc
[2026-09-08T05:56:48.808+0000] {data_modification.py:22} INFO - insert row with video_ID:fssoZaWJs88
[2026-09-08T05:56:48.814+0000] {data_modification.py:22} INFO - insert row with video_ID:7WaT0gsbfew
[2026-09-08T05:56:48.835+0000] {data_modification.py:22} INFO - insert row with video_ID:k9n9DMVpFJA
[2026-09-08T05:56:48.859+0000] {data_modification.py:22} INFO - insert row with video_ID:w2OlAgSdRUw
[2026-09-08T05:56:48.869+0000] {data_modification.py:22} INFO - insert row with video_ID:H_eEUaOF7VI
[2026-09-08T05:56:48.880+0000] {data_modification.py:22} INFO - insert row with video_ID:OXAs7agsg44
[2026-09-08T05:56:48.897+0000] {data_modification.py:22} INFO - insert row with video_ID:wOBE39P1qvM
[2026-09-08T05:56:48.912+0000] {data_modification.py:22} INFO - insert row with video_ID:EycepXznggg
[2026-09-08T05:56:48.939+0000] {data_modification.py:22} INFO - insert row with video_ID:qpxje1oRUNE
[2026-09-08T05:56:48.957+0000] {data_modification.py:22} INFO - insert row with video_ID:AWTJe-m-2SM
[2026-09-08T05:56:48.983+0000] {data_modification.py:22} INFO - insert row with video_ID:z7lLe_x0m7c
[2026-09-08T05:56:48.995+0000] {data_modification.py:22} INFO - insert row with video_ID:3d6oVmyZoRo
[2026-09-08T05:56:49.008+0000] {data_modification.py:22} INFO - insert row with video_ID:kOClEcd-_HU
[2026-09-08T05:56:49.014+0000] {data_modification.py:22} INFO - insert row with video_ID:P_g0RKcnnuE
[2026-09-08T05:56:49.031+0000] {data_modification.py:22} INFO - insert row with video_ID:tKNcRkokW-4
[2026-09-08T05:56:49.048+0000] {data_modification.py:22} INFO - insert row with video_ID:hYqY7D9fHZ4
[2026-09-08T05:56:49.072+0000] {data_modification.py:22} INFO - insert row with video_ID:_3bZkcF-2nk
[2026-09-08T05:56:49.111+0000] {data_modification.py:22} INFO - insert row with video_ID:U0s1TJWNcoM
[2026-09-08T05:56:49.129+0000] {data_modification.py:22} INFO - insert row with video_ID:xPIKXBXn7EE
[2026-09-08T05:56:49.211+0000] {data_modification.py:22} INFO - insert row with video_ID:PP6exYneDWs
[2026-09-08T05:56:49.225+0000] {data_modification.py:22} INFO - insert row with video_ID:4MmX7x19DMY
[2026-09-08T05:56:49.246+0000] {data_modification.py:22} INFO - insert row with video_ID:kGCWRvBnUAw
[2026-09-08T05:56:49.259+0000] {data_modification.py:22} INFO - insert row with video_ID:sALNn5tZB7c
[2026-09-08T05:56:49.269+0000] {data_modification.py:22} INFO - insert row with video_ID:NqVzlXeKN9s
[2026-09-08T05:56:49.288+0000] {data_modification.py:22} INFO - insert row with video_ID:Vh7ub2k5sOs
[2026-09-08T05:56:49.319+0000] {data_modification.py:22} INFO - insert row with video_ID:yZ4W0B9hdZk
[2026-09-08T05:56:49.369+0000] {data_modification.py:22} INFO - insert row with video_ID:lNCKQtjGTU8
[2026-09-08T05:56:49.380+0000] {data_modification.py:22} INFO - insert row with video_ID:WSb2eW1s3YE
[2026-09-08T05:56:49.416+0000] {data_modification.py:22} INFO - insert row with video_ID:o5Cb3O62ix8
[2026-09-08T05:56:49.457+0000] {data_modification.py:22} INFO - insert row with video_ID:VnTRmhHQgR0
[2026-09-08T05:56:49.480+0000] {data_modification.py:22} INFO - insert row with video_ID:V-8LrieYOcI
[2026-09-08T05:56:49.489+0000] {data_modification.py:22} INFO - insert row with video_ID:U_c-PEd1UXI
[2026-09-08T05:56:49.495+0000] {data_modification.py:22} INFO - insert row with video_ID:1LBLBY8Hn4w
[2026-09-08T05:56:49.502+0000] {data_modification.py:22} INFO - insert row with video_ID:ZxVCZFs4kEA
[2026-09-08T05:56:49.513+0000] {data_modification.py:22} INFO - insert row with video_ID:iZVOROUorEE
[2026-09-08T05:56:49.561+0000] {data_modification.py:22} INFO - insert row with video_ID:cvelarulFoo
[2026-09-08T05:56:49.568+0000] {data_modification.py:22} INFO - insert row with video_ID:tvyBfKoZyKQ
[2026-09-08T05:56:49.575+0000] {data_modification.py:22} INFO - insert row with video_ID:f43oN6KLbhs
[2026-09-08T05:56:49.591+0000] {data_modification.py:22} INFO - insert row with video_ID:cGzbt9z0A7Y
[2026-09-08T05:56:49.596+0000] {data_modification.py:22} INFO - insert row with video_ID:ffvkKV8J4Tg
[2026-09-08T05:56:49.607+0000] {data_modification.py:22} INFO - insert row with video_ID:v4LvmrGUE5g
[2026-09-08T05:56:49.614+0000] {data_modification.py:22} INFO - insert row with video_ID:fvZSZDYkVjY
[2026-09-08T05:56:49.627+0000] {data_modification.py:22} INFO - insert row with video_ID:dDBIhziMZD4
[2026-09-08T05:56:49.650+0000] {data_modification.py:22} INFO - insert row with video_ID:DnGJAjyPa8A
[2026-09-08T05:56:49.657+0000] {data_modification.py:22} INFO - insert row with video_ID:Q7gyggtOU3o
[2026-09-08T05:56:49.666+0000] {data_modification.py:22} INFO - insert row with video_ID:IBUwVoB9TVM
[2026-09-08T05:56:49.678+0000] {data_modification.py:22} INFO - insert row with video_ID:VNGgqWJyAYU
[2026-09-08T05:56:49.699+0000] {data_modification.py:22} INFO - insert row with video_ID:mxO-g6fahgA
[2026-09-08T05:56:49.722+0000] {data_modification.py:22} INFO - insert row with video_ID:bJf38sOPOas
[2026-09-08T05:56:49.736+0000] {data_modification.py:22} INFO - insert row with video_ID:60YTqAgN5nE
[2026-09-08T05:56:49.763+0000] {data_modification.py:22} INFO - insert row with video_ID:yt1VgAEPy64
[2026-09-08T05:56:49.804+0000] {data_modification.py:22} INFO - insert row with video_ID:QysJHWiesD0
[2026-09-08T05:56:49.858+0000] {data_modification.py:22} INFO - insert row with video_ID:n21-N5Rpymc
[2026-09-08T05:56:49.910+0000] {data_modification.py:22} INFO - insert row with video_ID:qPfuibFzpUU
[2026-09-08T05:56:49.955+0000] {data_modification.py:22} INFO - insert row with video_ID:dkM-chah6_8
[2026-09-08T05:56:49.975+0000] {data_modification.py:22} INFO - insert row with video_ID:IAy-on7zMNc
[2026-09-08T05:56:49.999+0000] {data_modification.py:22} INFO - insert row with video_ID:H0n7uZy3SRI
[2026-09-08T05:56:50.011+0000] {data_modification.py:22} INFO - insert row with video_ID:d3VHbO-hHEI
[2026-09-08T05:56:50.064+0000] {data_modification.py:22} INFO - insert row with video_ID:f3C7erhz2JI
[2026-09-08T05:56:50.119+0000] {data_modification.py:22} INFO - insert row with video_ID:djjVQnp_PIQ
[2026-09-08T05:56:50.526+0000] {data_modification.py:22} INFO - insert row with video_ID:JfTGCoS_Eow
[2026-09-08T05:56:50.575+0000] {data_modification.py:22} INFO - insert row with video_ID:gM4Rl8WWPsQ
[2026-09-08T05:56:50.597+0000] {data_modification.py:22} INFO - insert row with video_ID:fJv2s6xYnYQ
[2026-09-08T05:56:50.614+0000] {data_modification.py:22} INFO - insert row with video_ID:dKHsW3qfOds
[2026-09-08T05:56:50.648+0000] {data_modification.py:22} INFO - insert row with video_ID:2oFhcX4grrQ
[2026-09-08T05:56:50.666+0000] {data_modification.py:22} INFO - insert row with video_ID:GKLexe1DpCk
[2026-09-08T05:56:50.691+0000] {data_modification.py:22} INFO - insert row with video_ID:5J8DrEzjYz8
[2026-09-08T05:56:50.708+0000] {data_modification.py:22} INFO - insert row with video_ID:FO37PKG_nmA
[2026-09-08T05:56:50.734+0000] {data_modification.py:22} INFO - insert row with video_ID:486REqFWRsE
[2026-09-08T05:56:50.764+0000] {data_modification.py:22} INFO - insert row with video_ID:1gO_swkLahU
[2026-09-08T05:56:51.257+0000] {data_modification.py:22} INFO - insert row with video_ID:y_2SEQV5GJ0
[2026-09-08T05:56:51.428+0000] {data_modification.py:22} INFO - insert row with video_ID:6pnIHZWcnoI
[2026-09-08T05:56:51.492+0000] {data_modification.py:22} INFO - insert row with video_ID:dPBPK9RRXUg
[2026-09-08T05:56:51.570+0000] {data_modification.py:22} INFO - insert row with video_ID:zOR8E4rHBkM
[2026-09-08T05:56:51.768+0000] {data_modification.py:22} INFO - insert row with video_ID:avcepErz7cc
[2026-09-08T05:56:51.879+0000] {data_modification.py:22} INFO - insert row with video_ID:qIlrR4CCCwI
[2026-09-08T05:56:51.992+0000] {data_modification.py:22} INFO - insert row with video_ID:wvF3S4yF37w
[2026-09-08T05:56:52.174+0000] {data_modification.py:22} INFO - insert row with video_ID:IRPVP0mLrks
[2026-09-08T05:56:52.201+0000] {data_modification.py:22} INFO - insert row with video_ID:MK0DASti1o4
[2026-09-08T05:56:52.324+0000] {data_modification.py:22} INFO - insert row with video_ID:w79Xxu5FNps
[2026-09-08T05:56:52.628+0000] {data_modification.py:22} INFO - insert row with video_ID:wR6jgRzUkkQ
[2026-09-08T05:56:52.771+0000] {data_modification.py:22} INFO - insert row with video_ID:S7Hkdr1CJ_Q
[2026-09-08T05:56:52.957+0000] {data_modification.py:22} INFO - insert row with video_ID:G62mA45QBW0
[2026-09-08T05:56:53.028+0000] {data_modification.py:22} INFO - insert row with video_ID:NJjqBkFWopA
[2026-09-08T05:56:53.251+0000] {data_modification.py:22} INFO - insert row with video_ID:_PPXixqBmrA
[2026-09-08T05:56:53.495+0000] {data_modification.py:22} INFO - insert row with video_ID:FS_eneS1QCc
[2026-09-08T05:56:53.588+0000] {data_modification.py:22} INFO - insert row with video_ID:6V5tEcN-Yqo
[2026-09-08T05:56:53.606+0000] {data_modification.py:22} INFO - insert row with video_ID:40soGTLNlR4
[2026-09-08T05:56:53.636+0000] {data_modification.py:22} INFO - insert row with video_ID:6dFgkdJqPhw
[2026-09-08T05:56:53.660+0000] {data_modification.py:22} INFO - insert row with video_ID:c_WSwDlFI4k
[2026-09-08T05:56:53.707+0000] {data_modification.py:22} INFO - insert row with video_ID:_H-oM_IIiQA
[2026-09-08T05:56:53.721+0000] {data_modification.py:22} INFO - insert row with video_ID:HGUQn2fSzEk
[2026-09-08T05:56:53.775+0000] {data_modification.py:22} INFO - insert row with video_ID:xjRWZQY7gh4
[2026-09-08T05:56:53.806+0000] {data_modification.py:22} INFO - insert row with video_ID:XYdj56nPE-0
[2026-09-08T05:56:53.872+0000] {data_modification.py:22} INFO - insert row with video_ID:sJYSMARkNlo
[2026-09-08T05:56:53.907+0000] {data_modification.py:22} INFO - insert row with video_ID:bNa0rJhq2Yk
[2026-09-08T05:56:53.935+0000] {data_modification.py:22} INFO - insert row with video_ID:Niuxe1Y2qlA
[2026-09-08T05:56:54.007+0000] {data_modification.py:22} INFO - insert row with video_ID:YSTgxOFZwmg
[2026-09-08T05:56:54.041+0000] {data_modification.py:22} INFO - insert row with video_ID:lWXQ4rqFp7g
[2026-09-08T05:56:54.065+0000] {data_modification.py:22} INFO - insert row with video_ID:ipuj-CDoIb4
[2026-09-08T05:56:54.098+0000] {data_modification.py:22} INFO - insert row with video_ID:9hg0vISO0aQ
[2026-09-08T05:56:54.110+0000] {data_modification.py:22} INFO - insert row with video_ID:OYEBTUJqD_U
[2026-09-08T05:56:54.121+0000] {data_modification.py:22} INFO - insert row with video_ID:kWoEs6vNO94
[2026-09-08T05:56:54.156+0000] {data_modification.py:22} INFO - insert row with video_ID:8jcxfV3zarE
[2026-09-08T05:56:54.166+0000] {data_modification.py:22} INFO - insert row with video_ID:jbPyvT78XMQ
[2026-09-08T05:56:54.178+0000] {data_modification.py:22} INFO - insert row with video_ID:7vganh6--M8
[2026-09-08T05:56:54.188+0000] {data_modification.py:22} INFO - insert row with video_ID:lJv4UMQOcTw
[2026-09-08T05:56:54.192+0000] {dwh.py:79} INFO - coretable update completed
[2026-09-08T05:56:54.200+0000] {python.py:237} INFO - Done. Returned value was: None
[2026-09-08T05:56:54.219+0000] {taskinstance.py:441} INFO - ::group::Post task execution logs
[2026-09-08T05:56:54.281+0000] {taskinstance.py:1206} INFO - Marking task as SUCCESS. dag_id=update_db, task_id=core_table, run_id=manual__2026-09-08T05:55:50.801217+00:00, execution_date=20260908T055550, start_date=20260908T055625, end_date=20260908T055654
[2026-09-08T05:56:54.612+0000] {local_task_job_runner.py:240} INFO - Task exited with return code 0
[2026-09-08T05:56:54.693+0000] {taskinstance.py:3503} INFO - 0 downstream tasks scheduled from follow-on schedule check
[2026-09-08T05:56:54.711+0000] {local_task_job_runner.py:222} INFO - ::endgroup::
