[2026-09-03T17:23:15.223+0000] {local_task_job_runner.py:120} INFO - ::group::Pre task execution logs
[2026-09-03T17:23:16.166+0000] {taskinstance.py:2076} INFO - Dependencies all met for dep_context=non-requeueable deps ti=<TaskInstance: update_db.staging_table manual__2026-09-03T17:22:56.306751+00:00 [queued]>
[2026-09-03T17:23:16.470+0000] {taskinstance.py:2076} INFO - Dependencies all met for dep_context=requeueable deps ti=<TaskInstance: update_db.staging_table manual__2026-09-03T17:22:56.306751+00:00 [queued]>
[2026-09-03T17:23:16.514+0000] {taskinstance.py:2306} INFO - Starting attempt 1 of 1
[2026-09-03T17:23:16.895+0000] {taskinstance.py:2330} INFO - Executing <Task(_PythonDecoratedOperator): staging_table> on 2026-09-03 17:22:56.306751+00:00
[2026-09-03T17:23:17.317+0000] {standard_task_runner.py:63} INFO - Started process 1034 to run task
[2026-09-03T17:23:17.426+0000] {standard_task_runner.py:90} INFO - Running: ['airflow', 'tasks', 'run', 'update_db', 'staging_table', 'manual__2026-09-03T17:22:56.306751+00:00', '--job-id', '39', '--raw', '--subdir', 'DAGS_FOLDER/main.py', '--cfg-path', '/tmp/tmp0sxzc9oj']
[2026-09-03T17:23:17.442+0000] {standard_task_runner.py:91} INFO - Job 39: Subtask staging_table
[2026-09-03T17:23:19.395+0000] {task_command.py:426} INFO - Running <TaskInstance: update_db.staging_table manual__2026-09-03T17:22:56.306751+00:00 [running]> on host f3da14e6274e
[2026-09-03T17:23:21.546+0000] {taskinstance.py:2648} INFO - Exporting env vars: AIRFLOW_CTX_DAG_OWNER='airflow' AIRFLOW_CTX_DAG_ID='update_db' AIRFLOW_CTX_TASK_ID='staging_table' AIRFLOW_CTX_EXECUTION_DATE='2026-09-03T17:22:56.306751+00:00' AIRFLOW_CTX_TRY_NUMBER='1' AIRFLOW_CTX_DAG_RUN_ID='manual__2026-09-03T17:22:56.306751+00:00'
[2026-09-03T17:23:21.569+0000] {taskinstance.py:430} INFO - ::endgroup::
[2026-09-03T17:23:22.696+0000] {base.py:84} INFO - Using connection ID 'postgres_db_yt_elt' for task execution.
[2026-09-03T17:23:22.793+0000] {data_loading.py:10} INFO - processing file :yt_data2026-09-03
[2026-09-03T17:23:23.411+0000] {base.py:84} INFO - Using connection ID 'postgres_db_yt_elt' for task execution.
[2026-09-03T17:23:23.544+0000] {base.py:84} INFO - Using connection ID 'postgres_db_yt_elt' for task execution.
[2026-09-03T17:23:23.661+0000] {dwh.py:45} ERROR - error while update ofstaging table:
[2026-09-03T17:23:23.677+0000] {taskinstance.py:441} INFO - ::group::Post task execution logs
[2026-09-03T17:23:23.701+0000] {taskinstance.py:2905} ERROR - Task failed with exception
Traceback (most recent call last):
  File "/home/airflow/.local/lib/python3.10/site-packages/airflow/models/taskinstance.py", line 465, in _execute_task
    result = _execute_callable(context=context, **execute_callable_kwargs)
  File "/home/airflow/.local/lib/python3.10/site-packages/airflow/models/taskinstance.py", line 432, in _execute_callable
    return execute_callable(context=context, **execute_callable_kwargs)
  File "/home/airflow/.local/lib/python3.10/site-packages/airflow/models/baseoperator.py", line 401, in wrapper
    return func(self, *args, **kwargs)
  File "/home/airflow/.local/lib/python3.10/site-packages/airflow/decorators/base.py", line 265, in execute
    return_value = super().execute(context)
  File "/home/airflow/.local/lib/python3.10/site-packages/airflow/models/baseoperator.py", line 401, in wrapper
    return func(self, *args, **kwargs)
  File "/home/airflow/.local/lib/python3.10/site-packages/airflow/operators/python.py", line 235, in execute
    return_value = self.execute_callable()
  File "/home/airflow/.local/lib/python3.10/site-packages/airflow/operators/python.py", line 252, in execute_callable
    return self.python_callable(*self.op_args, **self.op_kwargs)
  File "/opt/airflow/dags/datawarehouse/dwh.py", line 46, in staging_table
    raise e
  File "/opt/airflow/dags/datawarehouse/dwh.py", line 25, in staging_table
    table_ids=get_video_ids(schema,cur)
  File "/opt/airflow/dags/datawarehouse/data_utils.py", line 58, in get_video_ids
    cur.execute(f""" SELECT Video_ID FROM {schema}.{table};""")
AttributeError: 'str' object has no attribute 'execute'
[2026-09-03T17:23:23.836+0000] {taskinstance.py:1206} INFO - Marking task as FAILED. dag_id=update_db, task_id=staging_table, run_id=manual__2026-09-03T17:22:56.306751+00:00, execution_date=20260903T172256, start_date=20260903T172316, end_date=20260903T172323
[2026-09-03T17:23:23.983+0000] {standard_task_runner.py:110} ERROR - Failed to execute job 39 for task staging_table ('str' object has no attribute 'execute'; 1034)
[2026-09-03T17:23:24.076+0000] {local_task_job_runner.py:240} INFO - Task exited with return code 1
[2026-09-03T17:23:24.240+0000] {taskinstance.py:3503} INFO - 0 downstream tasks scheduled from follow-on schedule check
[2026-09-03T17:23:24.373+0000] {local_task_job_runner.py:222} INFO - ::endgroup::
