[2026-09-03T07:38:53.668+0000] {processor.py:161} INFO - Started process (PID=857) to work on /opt/airflow/dags/produce_json.py
[2026-09-03T07:38:53.702+0000] {processor.py:830} INFO - Processing file /opt/airflow/dags/produce_json.py for tasks to queue
[2026-09-03T07:38:53.773+0000] {logging_mixin.py:188} INFO - [2026-09-03T07:38:53.771+0000] {dagbag.py:545} INFO - Filling up the DagBag from /opt/airflow/dags/produce_json.py
[2026-09-03T07:38:55.906+0000] {logging_mixin.py:188} INFO - channel id is not executed
[2026-09-03T07:38:56.534+0000] {processor.py:840} INFO - DAG(s) 'produce_json' retrieved from /opt/airflow/dags/produce_json.py
[2026-09-03T07:38:59.528+0000] {logging_mixin.py:188} INFO - [2026-09-03T07:38:59.527+0000] {dag.py:3096} INFO - Sync 1 DAGs
[2026-09-03T07:38:59.720+0000] {logging_mixin.py:188} INFO - [2026-09-03T07:38:59.720+0000] {dag.py:3954} INFO - Setting next_dagrun for produce_json to 2026-09-03 14:00:00+00:00, run_after=2026-09-04 14:00:00+00:00
[2026-09-03T07:39:00.839+0000] {processor.py:183} INFO - Processing /opt/airflow/dags/produce_json.py took 7.348 seconds
[2026-09-03T07:39:34.161+0000] {processor.py:161} INFO - Started process (PID=865) to work on /opt/airflow/dags/produce_json.py
[2026-09-03T07:39:34.257+0000] {processor.py:830} INFO - Processing file /opt/airflow/dags/produce_json.py for tasks to queue
[2026-09-03T07:39:34.377+0000] {logging_mixin.py:188} INFO - [2026-09-03T07:39:34.357+0000] {dagbag.py:545} INFO - Filling up the DagBag from /opt/airflow/dags/produce_json.py
[2026-09-03T07:39:39.223+0000] {logging_mixin.py:188} INFO - channel id is not executed
[2026-09-03T07:39:40.042+0000] {processor.py:840} INFO - DAG(s) 'produce_json' retrieved from /opt/airflow/dags/produce_json.py
[2026-09-03T07:39:43.262+0000] {logging_mixin.py:188} INFO - [2026-09-03T07:39:43.251+0000] {dag.py:3096} INFO - Sync 1 DAGs
[2026-09-03T07:39:44.073+0000] {logging_mixin.py:188} INFO - [2026-09-03T07:39:44.072+0000] {dag.py:3954} INFO - Setting next_dagrun for produce_json to 2026-09-03 14:00:00+00:00, run_after=2026-09-04 14:00:00+00:00
[2026-09-03T07:39:44.844+0000] {processor.py:183} INFO - Processing /opt/airflow/dags/produce_json.py took 10.761 seconds
[2026-09-03T07:40:02.379+0000] {processor.py:161} INFO - Started process (PID=873) to work on /opt/airflow/dags/produce_json.py
[2026-09-03T07:40:02.429+0000] {processor.py:830} INFO - Processing file /opt/airflow/dags/produce_json.py for tasks to queue
[2026-09-03T07:40:02.488+0000] {logging_mixin.py:188} INFO - [2026-09-03T07:40:02.488+0000] {dagbag.py:545} INFO - Filling up the DagBag from /opt/airflow/dags/produce_json.py
[2026-09-03T07:40:05.608+0000] {logging_mixin.py:188} INFO - channel id is not executed
[2026-09-03T07:40:05.860+0000] {processor.py:840} INFO - DAG(s) 'produce_json' retrieved from /opt/airflow/dags/produce_json.py
[2026-09-03T07:40:06.412+0000] {logging_mixin.py:188} INFO - [2026-09-03T07:40:06.412+0000] {dag.py:3096} INFO - Sync 1 DAGs
[2026-09-03T07:40:06.696+0000] {logging_mixin.py:188} INFO - [2026-09-03T07:40:06.696+0000] {dag.py:3954} INFO - Setting next_dagrun for produce_json to 2026-09-03 14:00:00+00:00, run_after=2026-09-04 14:00:00+00:00
[2026-09-03T07:40:07.832+0000] {processor.py:183} INFO - Processing /opt/airflow/dags/produce_json.py took 5.958 seconds
[2026-09-03T07:40:40.169+0000] {processor.py:161} INFO - Started process (PID=881) to work on /opt/airflow/dags/produce_json.py
[2026-09-03T07:40:40.190+0000] {processor.py:830} INFO - Processing file /opt/airflow/dags/produce_json.py for tasks to queue
[2026-09-03T07:40:40.227+0000] {logging_mixin.py:188} INFO - [2026-09-03T07:40:40.226+0000] {dagbag.py:545} INFO - Filling up the DagBag from /opt/airflow/dags/produce_json.py
[2026-09-03T07:40:40.791+0000] {logging_mixin.py:188} INFO - channel id is not executed
[2026-09-03T07:40:40.866+0000] {processor.py:840} INFO - DAG(s) 'produce_json' retrieved from /opt/airflow/dags/produce_json.py
[2026-09-03T07:40:42.264+0000] {logging_mixin.py:188} INFO - [2026-09-03T07:40:42.254+0000] {dag.py:3096} INFO - Sync 1 DAGs
[2026-09-03T07:40:42.603+0000] {logging_mixin.py:188} INFO - [2026-09-03T07:40:42.603+0000] {dag.py:3954} INFO - Setting next_dagrun for produce_json to 2026-09-03 14:00:00+00:00, run_after=2026-09-04 14:00:00+00:00
[2026-09-03T07:40:42.800+0000] {processor.py:183} INFO - Processing /opt/airflow/dags/produce_json.py took 2.693 seconds
[2026-09-03T07:41:14.716+0000] {processor.py:161} INFO - Started process (PID=888) to work on /opt/airflow/dags/produce_json.py
[2026-09-03T07:41:14.766+0000] {processor.py:830} INFO - Processing file /opt/airflow/dags/produce_json.py for tasks to queue
[2026-09-03T07:41:14.884+0000] {logging_mixin.py:188} INFO - [2026-09-03T07:41:14.882+0000] {dagbag.py:545} INFO - Filling up the DagBag from /opt/airflow/dags/produce_json.py
[2026-09-03T07:41:19.082+0000] {logging_mixin.py:188} INFO - channel id is not executed
[2026-09-03T07:41:19.488+0000] {processor.py:840} INFO - DAG(s) 'produce_json' retrieved from /opt/airflow/dags/produce_json.py
[2026-09-03T07:41:27.415+0000] {logging_mixin.py:188} INFO - [2026-09-03T07:41:27.414+0000] {dag.py:3096} INFO - Sync 1 DAGs
[2026-09-03T07:41:28.697+0000] {logging_mixin.py:188} INFO - [2026-09-03T07:41:28.681+0000] {dag.py:3954} INFO - Setting next_dagrun for produce_json to 2026-09-03 14:00:00+00:00, run_after=2026-09-04 14:00:00+00:00
[2026-09-03T07:41:29.721+0000] {processor.py:183} INFO - Processing /opt/airflow/dags/produce_json.py took 15.215 seconds
[2026-09-03T07:42:00.582+0000] {processor.py:161} INFO - Started process (PID=894) to work on /opt/airflow/dags/produce_json.py
[2026-09-03T07:42:00.595+0000] {processor.py:830} INFO - Processing file /opt/airflow/dags/produce_json.py for tasks to queue
[2026-09-03T07:42:00.609+0000] {logging_mixin.py:188} INFO - [2026-09-03T07:42:00.605+0000] {dagbag.py:545} INFO - Filling up the DagBag from /opt/airflow/dags/produce_json.py
[2026-09-03T07:42:01.722+0000] {logging_mixin.py:188} INFO - channel id is not executed
[2026-09-03T07:42:01.963+0000] {processor.py:840} INFO - DAG(s) 'produce_json' retrieved from /opt/airflow/dags/produce_json.py
[2026-09-03T07:42:05.330+0000] {logging_mixin.py:188} INFO - [2026-09-03T07:42:05.329+0000] {dag.py:3096} INFO - Sync 1 DAGs
[2026-09-03T07:42:05.794+0000] {logging_mixin.py:188} INFO - [2026-09-03T07:42:05.790+0000] {dag.py:3954} INFO - Setting next_dagrun for produce_json to 2026-09-03 14:00:00+00:00, run_after=2026-09-04 14:00:00+00:00
[2026-09-03T07:42:06.325+0000] {processor.py:183} INFO - Processing /opt/airflow/dags/produce_json.py took 5.787 seconds
[2026-09-03T07:42:37.424+0000] {processor.py:161} INFO - Started process (PID=908) to work on /opt/airflow/dags/produce_json.py
[2026-09-03T07:42:37.437+0000] {processor.py:830} INFO - Processing file /opt/airflow/dags/produce_json.py for tasks to queue
[2026-09-03T07:42:37.446+0000] {logging_mixin.py:188} INFO - [2026-09-03T07:42:37.445+0000] {dagbag.py:545} INFO - Filling up the DagBag from /opt/airflow/dags/produce_json.py
[2026-09-03T07:42:37.664+0000] {logging_mixin.py:188} INFO - channel id is not executed
[2026-09-03T07:42:37.694+0000] {processor.py:840} INFO - DAG(s) 'produce_json' retrieved from /opt/airflow/dags/produce_json.py
[2026-09-03T07:42:38.717+0000] {logging_mixin.py:188} INFO - [2026-09-03T07:42:38.716+0000] {dag.py:3096} INFO - Sync 1 DAGs
[2026-09-03T07:42:38.846+0000] {logging_mixin.py:188} INFO - [2026-09-03T07:42:38.845+0000] {dag.py:3954} INFO - Setting next_dagrun for produce_json to 2026-09-03 14:00:00+00:00, run_after=2026-09-04 14:00:00+00:00
[2026-09-03T07:42:38.905+0000] {processor.py:183} INFO - Processing /opt/airflow/dags/produce_json.py took 1.500 seconds
[2026-09-03T07:43:09.141+0000] {processor.py:161} INFO - Started process (PID=917) to work on /opt/airflow/dags/produce_json.py
[2026-09-03T07:43:09.144+0000] {processor.py:830} INFO - Processing file /opt/airflow/dags/produce_json.py for tasks to queue
[2026-09-03T07:43:09.151+0000] {logging_mixin.py:188} INFO - [2026-09-03T07:43:09.150+0000] {dagbag.py:545} INFO - Filling up the DagBag from /opt/airflow/dags/produce_json.py
[2026-09-03T07:43:09.312+0000] {logging_mixin.py:188} INFO - channel id is not executed
[2026-09-03T07:43:09.369+0000] {processor.py:840} INFO - DAG(s) 'produce_json' retrieved from /opt/airflow/dags/produce_json.py
[2026-09-03T07:43:09.907+0000] {logging_mixin.py:188} INFO - [2026-09-03T07:43:09.907+0000] {dag.py:3096} INFO - Sync 1 DAGs
[2026-09-03T07:43:10.055+0000] {logging_mixin.py:188} INFO - [2026-09-03T07:43:10.054+0000] {dag.py:3954} INFO - Setting next_dagrun for produce_json to 2026-09-03 14:00:00+00:00, run_after=2026-09-04 14:00:00+00:00
[2026-09-03T07:43:10.261+0000] {processor.py:183} INFO - Processing /opt/airflow/dags/produce_json.py took 1.135 seconds
[2026-09-03T07:43:41.299+0000] {processor.py:161} INFO - Started process (PID=925) to work on /opt/airflow/dags/produce_json.py
[2026-09-03T07:43:41.303+0000] {processor.py:830} INFO - Processing file /opt/airflow/dags/produce_json.py for tasks to queue
[2026-09-03T07:43:41.325+0000] {logging_mixin.py:188} INFO - [2026-09-03T07:43:41.324+0000] {dagbag.py:545} INFO - Filling up the DagBag from /opt/airflow/dags/produce_json.py
[2026-09-03T07:43:41.705+0000] {logging_mixin.py:188} INFO - channel id is not executed
[2026-09-03T07:43:41.934+0000] {processor.py:840} INFO - DAG(s) 'produce_json' retrieved from /opt/airflow/dags/produce_json.py
[2026-09-03T07:43:43.073+0000] {logging_mixin.py:188} INFO - [2026-09-03T07:43:43.072+0000] {dag.py:3096} INFO - Sync 1 DAGs
[2026-09-03T07:43:43.197+0000] {logging_mixin.py:188} INFO - [2026-09-03T07:43:43.196+0000] {dag.py:3954} INFO - Setting next_dagrun for produce_json to 2026-09-03 14:00:00+00:00, run_after=2026-09-04 14:00:00+00:00
[2026-09-03T07:43:43.264+0000] {processor.py:183} INFO - Processing /opt/airflow/dags/produce_json.py took 2.046 seconds
[2026-09-03T07:44:14.863+0000] {processor.py:161} INFO - Started process (PID=932) to work on /opt/airflow/dags/produce_json.py
[2026-09-03T07:44:14.907+0000] {processor.py:830} INFO - Processing file /opt/airflow/dags/produce_json.py for tasks to queue
[2026-09-03T07:44:14.947+0000] {logging_mixin.py:188} INFO - [2026-09-03T07:44:14.917+0000] {dagbag.py:545} INFO - Filling up the DagBag from /opt/airflow/dags/produce_json.py
[2026-09-03T07:44:16.687+0000] {logging_mixin.py:188} INFO - channel id is not executed
[2026-09-03T07:44:17.046+0000] {processor.py:840} INFO - DAG(s) 'produce_json' retrieved from /opt/airflow/dags/produce_json.py
[2026-09-03T07:44:26.274+0000] {logging_mixin.py:188} INFO - [2026-09-03T07:44:26.100+0000] {dag.py:3096} INFO - Sync 1 DAGs
[2026-09-03T07:44:27.415+0000] {logging_mixin.py:188} INFO - [2026-09-03T07:44:27.370+0000] {dag.py:3954} INFO - Setting next_dagrun for produce_json to 2026-09-03 14:00:00+00:00, run_after=2026-09-04 14:00:00+00:00
[2026-09-03T07:44:29.996+0000] {processor.py:183} INFO - Processing /opt/airflow/dags/produce_json.py took 15.276 seconds
[2026-09-03T07:45:06.858+0000] {processor.py:161} INFO - Started process (PID=934) to work on /opt/airflow/dags/produce_json.py
[2026-09-03T07:45:06.895+0000] {processor.py:830} INFO - Processing file /opt/airflow/dags/produce_json.py for tasks to queue
[2026-09-03T07:45:06.995+0000] {logging_mixin.py:188} INFO - [2026-09-03T07:45:06.958+0000] {dagbag.py:545} INFO - Filling up the DagBag from /opt/airflow/dags/produce_json.py
[2026-09-03T07:45:09.655+0000] {logging_mixin.py:188} INFO - channel id is not executed
[2026-09-03T07:45:10.017+0000] {processor.py:840} INFO - DAG(s) 'produce_json' retrieved from /opt/airflow/dags/produce_json.py
[2026-09-03T07:45:43.414+0000] {processor.py:186} ERROR - Got an exception! Propagating...
Traceback (most recent call last):
  File "/home/airflow/.local/lib/python3.10/site-packages/sqlalchemy/engine/base.py", line 3371, in _wrap_pool_connect
    return fn()
  File "/home/airflow/.local/lib/python3.10/site-packages/sqlalchemy/pool/base.py", line 327, in connect
    return _ConnectionFairy._checkout(self)
  File "/home/airflow/.local/lib/python3.10/site-packages/sqlalchemy/pool/base.py", line 894, in _checkout
    fairy = _ConnectionRecord.checkout(pool)
  File "/home/airflow/.local/lib/python3.10/site-packages/sqlalchemy/pool/base.py", line 493, in checkout
    rec = pool._do_get()
  File "/home/airflow/.local/lib/python3.10/site-packages/sqlalchemy/pool/impl.py", line 145, in _do_get
    with util.safe_reraise():
  File "/home/airflow/.local/lib/python3.10/site-packages/sqlalchemy/util/langhelpers.py", line 70, in __exit__
    compat.raise_(
  File "/home/airflow/.local/lib/python3.10/site-packages/sqlalchemy/util/compat.py", line 211, in raise_
    raise exception
  File "/home/airflow/.local/lib/python3.10/site-packages/sqlalchemy/pool/impl.py", line 143, in _do_get
    return self._create_connection()
  File "/home/airflow/.local/lib/python3.10/site-packages/sqlalchemy/pool/base.py", line 273, in _create_connection
    return _ConnectionRecord(self)
  File "/home/airflow/.local/lib/python3.10/site-packages/sqlalchemy/pool/base.py", line 388, in __init__
    self.__connect()
  File "/home/airflow/.local/lib/python3.10/site-packages/sqlalchemy/pool/base.py", line 690, in __connect
    with util.safe_reraise():
  File "/home/airflow/.local/lib/python3.10/site-packages/sqlalchemy/util/langhelpers.py", line 70, in __exit__
    compat.raise_(
  File "/home/airflow/.local/lib/python3.10/site-packages/sqlalchemy/util/compat.py", line 211, in raise_
    raise exception
  File "/home/airflow/.local/lib/python3.10/site-packages/sqlalchemy/pool/base.py", line 686, in __connect
    self.dbapi_connection = connection = pool._invoke_creator(self)
  File "/home/airflow/.local/lib/python3.10/site-packages/sqlalchemy/engine/create.py", line 574, in connect
    return dialect.connect(*cargs, **cparams)
  File "/home/airflow/.local/lib/python3.10/site-packages/sqlalchemy/engine/default.py", line 598, in connect
    return self.dbapi.connect(*cargs, **cparams)
  File "/home/airflow/.local/lib/python3.10/site-packages/psycopg2/__init__.py", line 122, in connect
    conn = _connect(dsn, connection_factory=connection_factory, **kwasync)
psycopg2.OperationalError: could not translate host name "postgres" to address: Temporary failure in name resolution


The above exception was the direct cause of the following exception:

Traceback (most recent call last):
  File "/home/airflow/.local/lib/python3.10/site-packages/airflow/dag_processing/processor.py", line 182, in _run_file_processor
    _handle_dag_file_processing()
  File "/home/airflow/.local/lib/python3.10/site-packages/airflow/dag_processing/processor.py", line 163, in _handle_dag_file_processing
    result: tuple[int, int] = dag_file_processor.process_file(
  File "/home/airflow/.local/lib/python3.10/site-packages/airflow/utils/session.py", line 79, in wrapper
    return func(*args, session=session, **kwargs)
  File "/home/airflow/.local/lib/python3.10/site-packages/airflow/dag_processing/processor.py", line 859, in process_file
    serialize_errors = DagFileProcessor.save_dag_to_db(
  File "/home/airflow/.local/lib/python3.10/site-packages/airflow/api_internal/internal_api_call.py", line 115, in wrapper
    return func(*args, **kwargs)
  File "/home/airflow/.local/lib/python3.10/site-packages/airflow/utils/session.py", line 79, in wrapper
    return func(*args, session=session, **kwargs)
  File "/home/airflow/.local/lib/python3.10/site-packages/airflow/dag_processing/processor.py", line 895, in save_dag_to_db
    import_errors = DagBag._sync_to_db(dags=dags, processor_subdir=dag_directory, session=session)
  File "/home/airflow/.local/lib/python3.10/site-packages/airflow/utils/session.py", line 76, in wrapper
    return func(*args, **kwargs)
  File "/home/airflow/.local/lib/python3.10/site-packages/airflow/models/dagbag.py", line 664, in _sync_to_db
    for attempt in run_with_db_retries(logger=log):
  File "/home/airflow/.local/lib/python3.10/site-packages/tenacity/__init__.py", line 435, in __iter__
    do = self.iter(retry_state=retry_state)
  File "/home/airflow/.local/lib/python3.10/site-packages/tenacity/__init__.py", line 368, in iter
    result = action(retry_state)
  File "/home/airflow/.local/lib/python3.10/site-packages/tenacity/__init__.py", line 410, in exc_check
    raise retry_exc.reraise()
  File "/home/airflow/.local/lib/python3.10/site-packages/tenacity/__init__.py", line 183, in reraise
    raise self.last_attempt.result()
  File "/usr/local/lib/python3.10/concurrent/futures/_base.py", line 451, in result
    return self.__get_result()
  File "/usr/local/lib/python3.10/concurrent/futures/_base.py", line 403, in __get_result
    raise self._exception
  File "/home/airflow/.local/lib/python3.10/site-packages/airflow/models/dagbag.py", line 677, in _sync_to_db
    _serialize_dag_capturing_errors(dag, session, processor_subdir)
  File "/home/airflow/.local/lib/python3.10/site-packages/airflow/models/dagbag.py", line 642, in _serialize_dag_capturing_errors
    dag_was_updated = SerializedDagModel.write_dag(
  File "/home/airflow/.local/lib/python3.10/site-packages/airflow/utils/session.py", line 76, in wrapper
    return func(*args, **kwargs)
  File "/home/airflow/.local/lib/python3.10/site-packages/airflow/models/serialized_dag.py", line 158, in write_dag
    if session.scalar(
  File "/home/airflow/.local/lib/python3.10/site-packages/sqlalchemy/orm/session.py", line 1747, in scalar
    return self.execute(
  File "/home/airflow/.local/lib/python3.10/site-packages/sqlalchemy/orm/session.py", line 1716, in execute
    conn = self._connection_for_bind(bind)
  File "/home/airflow/.local/lib/python3.10/site-packages/sqlalchemy/orm/session.py", line 1555, in _connection_for_bind
    return self._transaction._connection_for_bind(
  File "/home/airflow/.local/lib/python3.10/site-packages/sqlalchemy/orm/session.py", line 750, in _connection_for_bind
    conn = bind.connect()
  File "/home/airflow/.local/lib/python3.10/site-packages/sqlalchemy/future/engine.py", line 412, in connect
    return super(Engine, self).connect()
  File "/home/airflow/.local/lib/python3.10/site-packages/sqlalchemy/engine/base.py", line 3325, in connect
    return self._connection_cls(self, close_with_result=close_with_result)
  File "/home/airflow/.local/lib/python3.10/site-packages/sqlalchemy/engine/base.py", line 96, in __init__
    else engine.raw_connection()
  File "/home/airflow/.local/lib/python3.10/site-packages/sqlalchemy/engine/base.py", line 3404, in raw_connection
    return self._wrap_pool_connect(self.pool.connect, _connection)
  File "/home/airflow/.local/lib/python3.10/site-packages/sqlalchemy/engine/base.py", line 3374, in _wrap_pool_connect
    Connection._handle_dbapi_exception_noconnection(
  File "/home/airflow/.local/lib/python3.10/site-packages/sqlalchemy/engine/base.py", line 2208, in _handle_dbapi_exception_noconnection
    util.raise_(
  File "/home/airflow/.local/lib/python3.10/site-packages/sqlalchemy/util/compat.py", line 211, in raise_
    raise exception
  File "/home/airflow/.local/lib/python3.10/site-packages/sqlalchemy/engine/base.py", line 3371, in _wrap_pool_connect
    return fn()
  File "/home/airflow/.local/lib/python3.10/site-packages/sqlalchemy/pool/base.py", line 327, in connect
    return _ConnectionFairy._checkout(self)
  File "/home/airflow/.local/lib/python3.10/site-packages/sqlalchemy/pool/base.py", line 894, in _checkout
    fairy = _ConnectionRecord.checkout(pool)
  File "/home/airflow/.local/lib/python3.10/site-packages/sqlalchemy/pool/base.py", line 493, in checkout
    rec = pool._do_get()
  File "/home/airflow/.local/lib/python3.10/site-packages/sqlalchemy/pool/impl.py", line 145, in _do_get
    with util.safe_reraise():
  File "/home/airflow/.local/lib/python3.10/site-packages/sqlalchemy/util/langhelpers.py", line 70, in __exit__
    compat.raise_(
  File "/home/airflow/.local/lib/python3.10/site-packages/sqlalchemy/util/compat.py", line 211, in raise_
    raise exception
  File "/home/airflow/.local/lib/python3.10/site-packages/sqlalchemy/pool/impl.py", line 143, in _do_get
    return self._create_connection()
  File "/home/airflow/.local/lib/python3.10/site-packages/sqlalchemy/pool/base.py", line 273, in _create_connection
    return _ConnectionRecord(self)
  File "/home/airflow/.local/lib/python3.10/site-packages/sqlalchemy/pool/base.py", line 388, in __init__
    self.__connect()
  File "/home/airflow/.local/lib/python3.10/site-packages/sqlalchemy/pool/base.py", line 690, in __connect
    with util.safe_reraise():
  File "/home/airflow/.local/lib/python3.10/site-packages/sqlalchemy/util/langhelpers.py", line 70, in __exit__
    compat.raise_(
  File "/home/airflow/.local/lib/python3.10/site-packages/sqlalchemy/util/compat.py", line 211, in raise_
    raise exception
  File "/home/airflow/.local/lib/python3.10/site-packages/sqlalchemy/pool/base.py", line 686, in __connect
    self.dbapi_connection = connection = pool._invoke_creator(self)
  File "/home/airflow/.local/lib/python3.10/site-packages/sqlalchemy/engine/create.py", line 574, in connect
    return dialect.connect(*cargs, **cparams)
  File "/home/airflow/.local/lib/python3.10/site-packages/sqlalchemy/engine/default.py", line 598, in connect
    return self.dbapi.connect(*cargs, **cparams)
  File "/home/airflow/.local/lib/python3.10/site-packages/psycopg2/__init__.py", line 122, in connect
    conn = _connect(dsn, connection_factory=connection_factory, **kwasync)
sqlalchemy.exc.OperationalError: (psycopg2.OperationalError) could not translate host name "postgres" to address: Temporary failure in name resolution

(Background on this error at: https://sqlalche.me/e/14/e3q8)
[2026-09-03T07:47:58.776+0000] {processor.py:161} INFO - Started process (PID=60) to work on /opt/airflow/dags/produce_json.py
[2026-09-03T07:47:58.782+0000] {processor.py:830} INFO - Processing file /opt/airflow/dags/produce_json.py for tasks to queue
[2026-09-03T07:47:58.796+0000] {logging_mixin.py:188} INFO - [2026-09-03T07:47:58.795+0000] {dagbag.py:545} INFO - Filling up the DagBag from /opt/airflow/dags/produce_json.py
[2026-09-03T07:47:58.978+0000] {logging_mixin.py:188} INFO - channel id is not executed
[2026-09-03T07:47:59.009+0000] {processor.py:840} INFO - DAG(s) 'produce_json' retrieved from /opt/airflow/dags/produce_json.py
[2026-09-03T07:47:59.748+0000] {logging_mixin.py:188} INFO - [2026-09-03T07:47:59.748+0000] {dag.py:3096} INFO - Sync 1 DAGs
[2026-09-03T07:47:59.804+0000] {logging_mixin.py:188} INFO - [2026-09-03T07:47:59.803+0000] {dag.py:3954} INFO - Setting next_dagrun for produce_json to 2026-09-03 14:00:00+00:00, run_after=2026-09-04 14:00:00+00:00
[2026-09-03T07:47:59.875+0000] {processor.py:183} INFO - Processing /opt/airflow/dags/produce_json.py took 1.146 seconds
[2026-09-03T07:48:30.662+0000] {processor.py:161} INFO - Started process (PID=75) to work on /opt/airflow/dags/produce_json.py
[2026-09-03T07:48:30.665+0000] {processor.py:830} INFO - Processing file /opt/airflow/dags/produce_json.py for tasks to queue
[2026-09-03T07:48:30.676+0000] {logging_mixin.py:188} INFO - [2026-09-03T07:48:30.673+0000] {dagbag.py:545} INFO - Filling up the DagBag from /opt/airflow/dags/produce_json.py
[2026-09-03T07:48:31.146+0000] {logging_mixin.py:188} INFO - channel id is not executed
[2026-09-03T07:48:31.182+0000] {processor.py:840} INFO - DAG(s) 'produce_json' retrieved from /opt/airflow/dags/produce_json.py
[2026-09-03T07:48:31.695+0000] {logging_mixin.py:188} INFO - [2026-09-03T07:48:31.694+0000] {dag.py:3096} INFO - Sync 1 DAGs
[2026-09-03T07:48:31.741+0000] {logging_mixin.py:188} INFO - [2026-09-03T07:48:31.740+0000] {dag.py:3954} INFO - Setting next_dagrun for produce_json to 2026-09-03 14:00:00+00:00, run_after=2026-09-04 14:00:00+00:00
[2026-09-03T07:48:31.891+0000] {processor.py:183} INFO - Processing /opt/airflow/dags/produce_json.py took 1.264 seconds
[2026-09-03T07:49:02.918+0000] {processor.py:161} INFO - Started process (PID=82) to work on /opt/airflow/dags/produce_json.py
[2026-09-03T07:49:02.934+0000] {processor.py:830} INFO - Processing file /opt/airflow/dags/produce_json.py for tasks to queue
[2026-09-03T07:49:02.948+0000] {logging_mixin.py:188} INFO - [2026-09-03T07:49:02.948+0000] {dagbag.py:545} INFO - Filling up the DagBag from /opt/airflow/dags/produce_json.py
[2026-09-03T07:49:04.384+0000] {logging_mixin.py:188} INFO - channel id is not executed
[2026-09-03T07:49:04.417+0000] {processor.py:840} INFO - DAG(s) 'produce_json' retrieved from /opt/airflow/dags/produce_json.py
[2026-09-03T07:49:05.031+0000] {logging_mixin.py:188} INFO - [2026-09-03T07:49:05.030+0000] {dag.py:3096} INFO - Sync 1 DAGs
[2026-09-03T07:49:05.150+0000] {logging_mixin.py:188} INFO - [2026-09-03T07:49:05.150+0000] {dag.py:3954} INFO - Setting next_dagrun for produce_json to 2026-09-03 14:00:00+00:00, run_after=2026-09-04 14:00:00+00:00
[2026-09-03T07:49:05.280+0000] {processor.py:183} INFO - Processing /opt/airflow/dags/produce_json.py took 2.603 seconds
[2026-09-03T07:49:09.692+0000] {processor.py:161} INFO - Started process (PID=83) to work on /opt/airflow/dags/produce_json.py
[2026-09-03T07:49:09.711+0000] {processor.py:830} INFO - Processing file /opt/airflow/dags/produce_json.py for tasks to queue
[2026-09-03T07:49:09.720+0000] {logging_mixin.py:188} INFO - [2026-09-03T07:49:09.719+0000] {dagbag.py:545} INFO - Filling up the DagBag from /opt/airflow/dags/produce_json.py
[2026-09-03T07:49:09.877+0000] {logging_mixin.py:188} INFO - channel id is not executed
[2026-09-03T07:49:09.938+0000] {processor.py:840} INFO - DAG(s) 'produce_json' retrieved from /opt/airflow/dags/produce_json.py
[2026-09-03T07:49:10.113+0000] {logging_mixin.py:188} INFO - [2026-09-03T07:49:10.112+0000] {taskinstance.py:2907} ERROR - {'DAG Id': 'produce_json', 'Task Id': 'channel_playlist_id', 'Run Id': 'manual__2026-09-03T07:43:28.365918+00:00', 'Hostname': 'dde95f644b37', 'External Executor Id': '390c3e81-3744-4b83-bb58-6f39d0c8f0f7'}
[2026-09-03T07:49:10.245+0000] {logging_mixin.py:188} INFO - [2026-09-03T07:49:10.244+0000] {taskinstance.py:1206} INFO - Marking task as FAILED. dag_id=produce_json, task_id=channel_playlist_id, run_id=manual__2026-09-03T07:43:28.365918+00:00, execution_date=20260903T074328, start_date=20260903T074417, end_date=20260903T074910
[2026-09-03T07:49:10.953+0000] {processor.py:791} INFO - Executed failure callback for <TaskInstance: produce_json.channel_playlist_id manual__2026-09-03T07:43:28.365918+00:00 [failed]> in state failed
[2026-09-03T07:49:11.041+0000] {logging_mixin.py:188} INFO - [2026-09-03T07:49:11.040+0000] {dag.py:3096} INFO - Sync 1 DAGs
[2026-09-03T07:49:11.189+0000] {logging_mixin.py:188} INFO - [2026-09-03T07:49:11.188+0000] {dag.py:3954} INFO - Setting next_dagrun for produce_json to 2026-09-03 14:00:00+00:00, run_after=2026-09-04 14:00:00+00:00
[2026-09-03T07:49:11.485+0000] {processor.py:183} INFO - Processing /opt/airflow/dags/produce_json.py took 1.814 seconds
[2026-09-03T07:49:41.642+0000] {processor.py:161} INFO - Started process (PID=90) to work on /opt/airflow/dags/produce_json.py
[2026-09-03T07:49:41.645+0000] {processor.py:830} INFO - Processing file /opt/airflow/dags/produce_json.py for tasks to queue
[2026-09-03T07:49:41.649+0000] {logging_mixin.py:188} INFO - [2026-09-03T07:49:41.648+0000] {dagbag.py:545} INFO - Filling up the DagBag from /opt/airflow/dags/produce_json.py
[2026-09-03T07:49:41.728+0000] {logging_mixin.py:188} INFO - [2026-09-03T07:49:41.722+0000] {dagbag.py:355} ERROR - Failed to import: /opt/airflow/dags/produce_json.py
Traceback (most recent call last):
  File "/home/airflow/.local/lib/python3.10/site-packages/airflow/models/dagbag.py", line 351, in parse
    loader.exec_module(new_module)
  File "<frozen importlib._bootstrap_external>", line 883, in exec_module
  File "<frozen importlib._bootstrap>", line 241, in _call_with_frames_removed
  File "/opt/airflow/dags/produce_json.py", line 5, in <module>
    from api.video import channel_playlist_id, get_video_id, extract_video_data, save_to_json
  File "<frozen importlib._bootstrap>", line 1027, in _find_and_load
  File "<frozen importlib._bootstrap>", line 1002, in _find_and_load_unlocked
  File "<frozen importlib._bootstrap>", line 945, in _find_spec
  File "<frozen importlib._bootstrap_external>", line 1439, in find_spec
  File "<frozen importlib._bootstrap_external>", line 1411, in _get_spec
  File "<frozen importlib._bootstrap_external>", line 1548, in find_spec
  File "<frozen importlib._bootstrap_external>", line 1591, in _fill_cache
OSError: [Errno 12] Cannot allocate memory: '/opt/airflow/dags/api'
[2026-09-03T07:49:41.730+0000] {processor.py:842} WARNING - No viable dags retrieved from /opt/airflow/dags/produce_json.py
[2026-09-03T07:49:41.788+0000] {processor.py:183} INFO - Processing /opt/airflow/dags/produce_json.py took 0.157 seconds
[2026-09-03T07:50:11.970+0000] {processor.py:161} INFO - Started process (PID=99) to work on /opt/airflow/dags/produce_json.py
[2026-09-03T07:50:11.973+0000] {processor.py:830} INFO - Processing file /opt/airflow/dags/produce_json.py for tasks to queue
[2026-09-03T07:50:11.977+0000] {logging_mixin.py:188} INFO - [2026-09-03T07:50:11.976+0000] {dagbag.py:545} INFO - Filling up the DagBag from /opt/airflow/dags/produce_json.py
[2026-09-03T07:50:12.048+0000] {logging_mixin.py:188} INFO - channel id is not executed
[2026-09-03T07:50:12.063+0000] {processor.py:840} INFO - DAG(s) 'produce_json' retrieved from /opt/airflow/dags/produce_json.py
[2026-09-03T07:50:12.300+0000] {logging_mixin.py:188} INFO - [2026-09-03T07:50:12.299+0000] {dag.py:3096} INFO - Sync 1 DAGs
[2026-09-03T07:50:12.383+0000] {logging_mixin.py:188} INFO - [2026-09-03T07:50:12.383+0000] {dag.py:3954} INFO - Setting next_dagrun for produce_json to 2026-09-03 14:00:00+00:00, run_after=2026-09-04 14:00:00+00:00
[2026-09-03T07:50:12.478+0000] {processor.py:183} INFO - Processing /opt/airflow/dags/produce_json.py took 0.518 seconds
[2026-09-03T07:50:42.595+0000] {processor.py:161} INFO - Started process (PID=107) to work on /opt/airflow/dags/produce_json.py
[2026-09-03T07:50:42.602+0000] {processor.py:830} INFO - Processing file /opt/airflow/dags/produce_json.py for tasks to queue
[2026-09-03T07:50:42.614+0000] {logging_mixin.py:188} INFO - [2026-09-03T07:50:42.612+0000] {dagbag.py:545} INFO - Filling up the DagBag from /opt/airflow/dags/produce_json.py
[2026-09-03T07:50:42.712+0000] {logging_mixin.py:188} INFO - channel id is not executed
[2026-09-03T07:50:42.729+0000] {processor.py:840} INFO - DAG(s) 'produce_json' retrieved from /opt/airflow/dags/produce_json.py
[2026-09-03T07:50:43.030+0000] {logging_mixin.py:188} INFO - [2026-09-03T07:50:43.030+0000] {dag.py:3096} INFO - Sync 1 DAGs
[2026-09-03T07:50:43.108+0000] {logging_mixin.py:188} INFO - [2026-09-03T07:50:43.107+0000] {dag.py:3954} INFO - Setting next_dagrun for produce_json to 2026-09-03 14:00:00+00:00, run_after=2026-09-04 14:00:00+00:00
[2026-09-03T07:50:43.205+0000] {processor.py:183} INFO - Processing /opt/airflow/dags/produce_json.py took 0.633 seconds
[2026-09-03T07:51:13.942+0000] {processor.py:161} INFO - Started process (PID=114) to work on /opt/airflow/dags/produce_json.py
[2026-09-03T07:51:13.946+0000] {processor.py:830} INFO - Processing file /opt/airflow/dags/produce_json.py for tasks to queue
[2026-09-03T07:51:13.953+0000] {logging_mixin.py:188} INFO - [2026-09-03T07:51:13.952+0000] {dagbag.py:545} INFO - Filling up the DagBag from /opt/airflow/dags/produce_json.py
[2026-09-03T07:51:14.024+0000] {logging_mixin.py:188} INFO - channel id is not executed
[2026-09-03T07:51:14.038+0000] {processor.py:840} INFO - DAG(s) 'produce_json' retrieved from /opt/airflow/dags/produce_json.py
[2026-09-03T07:51:14.423+0000] {logging_mixin.py:188} INFO - [2026-09-03T07:51:14.422+0000] {dag.py:3096} INFO - Sync 1 DAGs
[2026-09-03T07:51:14.466+0000] {logging_mixin.py:188} INFO - [2026-09-03T07:51:14.466+0000] {dag.py:3954} INFO - Setting next_dagrun for produce_json to 2026-09-03 14:00:00+00:00, run_after=2026-09-04 14:00:00+00:00
[2026-09-03T07:51:14.532+0000] {processor.py:183} INFO - Processing /opt/airflow/dags/produce_json.py took 0.600 seconds
[2026-09-03T07:51:46.107+0000] {processor.py:161} INFO - Started process (PID=121) to work on /opt/airflow/dags/produce_json.py
[2026-09-03T07:51:46.129+0000] {processor.py:830} INFO - Processing file /opt/airflow/dags/produce_json.py for tasks to queue
[2026-09-03T07:51:46.147+0000] {logging_mixin.py:188} INFO - [2026-09-03T07:51:46.146+0000] {dagbag.py:545} INFO - Filling up the DagBag from /opt/airflow/dags/produce_json.py
[2026-09-03T07:51:47.266+0000] {logging_mixin.py:188} INFO - channel id is not executed
[2026-09-03T07:51:47.302+0000] {processor.py:840} INFO - DAG(s) 'produce_json' retrieved from /opt/airflow/dags/produce_json.py
[2026-09-03T07:51:47.992+0000] {logging_mixin.py:188} INFO - [2026-09-03T07:51:47.982+0000] {dag.py:3096} INFO - Sync 1 DAGs
[2026-09-03T07:51:48.171+0000] {logging_mixin.py:188} INFO - [2026-09-03T07:51:48.171+0000] {dag.py:3954} INFO - Setting next_dagrun for produce_json to 2026-09-03 14:00:00+00:00, run_after=2026-09-04 14:00:00+00:00
[2026-09-03T07:51:48.590+0000] {processor.py:183} INFO - Processing /opt/airflow/dags/produce_json.py took 2.523 seconds
[2026-09-03T07:52:19.624+0000] {processor.py:161} INFO - Started process (PID=129) to work on /opt/airflow/dags/produce_json.py
[2026-09-03T07:52:19.635+0000] {processor.py:830} INFO - Processing file /opt/airflow/dags/produce_json.py for tasks to queue
[2026-09-03T07:52:19.655+0000] {logging_mixin.py:188} INFO - [2026-09-03T07:52:19.655+0000] {dagbag.py:545} INFO - Filling up the DagBag from /opt/airflow/dags/produce_json.py
[2026-09-03T07:52:19.794+0000] {logging_mixin.py:188} INFO - channel id is not executed
[2026-09-03T07:52:19.807+0000] {processor.py:840} INFO - DAG(s) 'produce_json' retrieved from /opt/airflow/dags/produce_json.py
[2026-09-03T07:52:20.059+0000] {logging_mixin.py:188} INFO - [2026-09-03T07:52:20.059+0000] {dag.py:3096} INFO - Sync 1 DAGs
[2026-09-03T07:52:20.136+0000] {logging_mixin.py:188} INFO - [2026-09-03T07:52:20.127+0000] {dag.py:3954} INFO - Setting next_dagrun for produce_json to 2026-09-03 14:00:00+00:00, run_after=2026-09-04 14:00:00+00:00
[2026-09-03T07:52:20.191+0000] {processor.py:183} INFO - Processing /opt/airflow/dags/produce_json.py took 0.595 seconds
[2026-09-03T07:52:50.900+0000] {processor.py:161} INFO - Started process (PID=137) to work on /opt/airflow/dags/produce_json.py
[2026-09-03T07:52:50.905+0000] {processor.py:830} INFO - Processing file /opt/airflow/dags/produce_json.py for tasks to queue
[2026-09-03T07:52:50.909+0000] {logging_mixin.py:188} INFO - [2026-09-03T07:52:50.908+0000] {dagbag.py:545} INFO - Filling up the DagBag from /opt/airflow/dags/produce_json.py
[2026-09-03T07:52:51.826+0000] {logging_mixin.py:188} INFO - [2026-09-03T07:52:51.819+0000] {dagbag.py:355} ERROR - Failed to import: /opt/airflow/dags/produce_json.py
Traceback (most recent call last):
  File "/home/airflow/.local/lib/python3.10/site-packages/airflow/models/dagbag.py", line 351, in parse
    loader.exec_module(new_module)
  File "<frozen importlib._bootstrap_external>", line 883, in exec_module
  File "<frozen importlib._bootstrap>", line 241, in _call_with_frames_removed
  File "/opt/airflow/dags/produce_json.py", line 5, in <module>
    from api.video import channel_playlist_id, get_video_id, extract_video_data, save_to_json
  File "<frozen importlib._bootstrap>", line 1027, in _find_and_load
  File "<frozen importlib._bootstrap>", line 1002, in _find_and_load_unlocked
  File "<frozen importlib._bootstrap>", line 945, in _find_spec
  File "<frozen importlib._bootstrap_external>", line 1439, in find_spec
  File "<frozen importlib._bootstrap_external>", line 1411, in _get_spec
  File "<frozen importlib._bootstrap_external>", line 1548, in find_spec
  File "<frozen importlib._bootstrap_external>", line 1591, in _fill_cache
OSError: [Errno 12] Cannot allocate memory: '/opt/airflow/dags/api'
[2026-09-03T07:52:51.828+0000] {processor.py:842} WARNING - No viable dags retrieved from /opt/airflow/dags/produce_json.py
[2026-09-03T07:52:51.983+0000] {processor.py:183} INFO - Processing /opt/airflow/dags/produce_json.py took 1.113 seconds
[2026-09-03T07:53:22.252+0000] {processor.py:161} INFO - Started process (PID=144) to work on /opt/airflow/dags/produce_json.py
[2026-09-03T07:53:22.266+0000] {processor.py:830} INFO - Processing file /opt/airflow/dags/produce_json.py for tasks to queue
[2026-09-03T07:53:22.270+0000] {logging_mixin.py:188} INFO - [2026-09-03T07:53:22.269+0000] {dagbag.py:545} INFO - Filling up the DagBag from /opt/airflow/dags/produce_json.py
[2026-09-03T07:53:22.792+0000] {logging_mixin.py:188} INFO - channel id is not executed
[2026-09-03T07:53:23.067+0000] {processor.py:840} INFO - DAG(s) 'produce_json' retrieved from /opt/airflow/dags/produce_json.py
[2026-09-03T07:53:24.912+0000] {logging_mixin.py:188} INFO - [2026-09-03T07:53:24.912+0000] {dag.py:3096} INFO - Sync 1 DAGs
[2026-09-03T07:53:25.207+0000] {logging_mixin.py:188} INFO - [2026-09-03T07:53:25.206+0000] {dag.py:3954} INFO - Setting next_dagrun for produce_json to 2026-09-03 14:00:00+00:00, run_after=2026-09-04 14:00:00+00:00
[2026-09-03T07:53:25.407+0000] {processor.py:183} INFO - Processing /opt/airflow/dags/produce_json.py took 3.179 seconds
[2026-09-03T07:53:56.413+0000] {processor.py:161} INFO - Started process (PID=153) to work on /opt/airflow/dags/produce_json.py
[2026-09-03T07:53:56.461+0000] {processor.py:830} INFO - Processing file /opt/airflow/dags/produce_json.py for tasks to queue
[2026-09-03T07:53:56.477+0000] {logging_mixin.py:188} INFO - [2026-09-03T07:53:56.473+0000] {dagbag.py:545} INFO - Filling up the DagBag from /opt/airflow/dags/produce_json.py
[2026-09-03T07:53:57.453+0000] {logging_mixin.py:188} INFO - channel id is not executed
[2026-09-03T07:53:57.513+0000] {processor.py:840} INFO - DAG(s) 'produce_json' retrieved from /opt/airflow/dags/produce_json.py
[2026-09-03T07:53:58.453+0000] {logging_mixin.py:188} INFO - [2026-09-03T07:53:58.441+0000] {dag.py:3096} INFO - Sync 1 DAGs
[2026-09-03T07:53:58.623+0000] {logging_mixin.py:188} INFO - [2026-09-03T07:53:58.623+0000] {dag.py:3954} INFO - Setting next_dagrun for produce_json to 2026-09-03 14:00:00+00:00, run_after=2026-09-04 14:00:00+00:00
[2026-09-03T07:53:58.755+0000] {processor.py:183} INFO - Processing /opt/airflow/dags/produce_json.py took 2.365 seconds
[2026-09-03T07:54:31.558+0000] {processor.py:161} INFO - Started process (PID=162) to work on /opt/airflow/dags/produce_json.py
[2026-09-03T07:54:31.617+0000] {processor.py:830} INFO - Processing file /opt/airflow/dags/produce_json.py for tasks to queue
[2026-09-03T07:54:31.659+0000] {logging_mixin.py:188} INFO - [2026-09-03T07:54:31.658+0000] {dagbag.py:545} INFO - Filling up the DagBag from /opt/airflow/dags/produce_json.py
[2026-09-03T07:54:33.368+0000] {logging_mixin.py:188} INFO - channel id is not executed
[2026-09-03T07:54:33.448+0000] {processor.py:840} INFO - DAG(s) 'produce_json' retrieved from /opt/airflow/dags/produce_json.py
[2026-09-03T07:54:36.466+0000] {logging_mixin.py:188} INFO - [2026-09-03T07:54:36.452+0000] {dag.py:3096} INFO - Sync 1 DAGs
[2026-09-03T07:54:37.242+0000] {logging_mixin.py:188} INFO - [2026-09-03T07:54:37.153+0000] {dag.py:3954} INFO - Setting next_dagrun for produce_json to 2026-09-03 14:00:00+00:00, run_after=2026-09-04 14:00:00+00:00
[2026-09-03T07:54:37.773+0000] {processor.py:183} INFO - Processing /opt/airflow/dags/produce_json.py took 6.236 seconds
[2026-09-03T07:55:08.501+0000] {processor.py:161} INFO - Started process (PID=176) to work on /opt/airflow/dags/produce_json.py
[2026-09-03T07:55:08.513+0000] {processor.py:830} INFO - Processing file /opt/airflow/dags/produce_json.py for tasks to queue
[2026-09-03T07:55:08.525+0000] {logging_mixin.py:188} INFO - [2026-09-03T07:55:08.523+0000] {dagbag.py:545} INFO - Filling up the DagBag from /opt/airflow/dags/produce_json.py
[2026-09-03T07:55:08.824+0000] {logging_mixin.py:188} INFO - channel id is not executed
[2026-09-03T07:55:08.875+0000] {processor.py:840} INFO - DAG(s) 'produce_json' retrieved from /opt/airflow/dags/produce_json.py
[2026-09-03T07:55:09.380+0000] {logging_mixin.py:188} INFO - [2026-09-03T07:55:09.379+0000] {dag.py:3096} INFO - Sync 1 DAGs
[2026-09-03T07:55:09.430+0000] {logging_mixin.py:188} INFO - [2026-09-03T07:55:09.429+0000] {dag.py:3954} INFO - Setting next_dagrun for produce_json to 2026-09-03 14:00:00+00:00, run_after=2026-09-04 14:00:00+00:00
[2026-09-03T07:55:09.525+0000] {processor.py:183} INFO - Processing /opt/airflow/dags/produce_json.py took 1.038 seconds
[2026-09-03T07:55:40.368+0000] {processor.py:161} INFO - Started process (PID=184) to work on /opt/airflow/dags/produce_json.py
[2026-09-03T07:55:40.377+0000] {processor.py:830} INFO - Processing file /opt/airflow/dags/produce_json.py for tasks to queue
[2026-09-03T07:55:40.382+0000] {logging_mixin.py:188} INFO - [2026-09-03T07:55:40.381+0000] {dagbag.py:545} INFO - Filling up the DagBag from /opt/airflow/dags/produce_json.py
[2026-09-03T07:55:40.518+0000] {logging_mixin.py:188} INFO - channel id is not executed
[2026-09-03T07:55:40.555+0000] {processor.py:840} INFO - DAG(s) 'produce_json' retrieved from /opt/airflow/dags/produce_json.py
[2026-09-03T07:55:41.014+0000] {logging_mixin.py:188} INFO - [2026-09-03T07:55:41.014+0000] {dag.py:3096} INFO - Sync 1 DAGs
[2026-09-03T07:55:41.065+0000] {logging_mixin.py:188} INFO - [2026-09-03T07:55:41.064+0000] {dag.py:3954} INFO - Setting next_dagrun for produce_json to 2026-09-03 14:00:00+00:00, run_after=2026-09-04 14:00:00+00:00
[2026-09-03T07:55:41.110+0000] {processor.py:183} INFO - Processing /opt/airflow/dags/produce_json.py took 0.759 seconds
[2026-09-03T07:56:12.223+0000] {processor.py:161} INFO - Started process (PID=192) to work on /opt/airflow/dags/produce_json.py
[2026-09-03T07:56:12.281+0000] {processor.py:830} INFO - Processing file /opt/airflow/dags/produce_json.py for tasks to queue
[2026-09-03T07:56:12.695+0000] {logging_mixin.py:188} INFO - [2026-09-03T07:56:12.695+0000] {dagbag.py:545} INFO - Filling up the DagBag from /opt/airflow/dags/produce_json.py
[2026-09-03T07:56:14.944+0000] {logging_mixin.py:188} INFO - channel id is not executed
[2026-09-03T07:56:15.090+0000] {processor.py:840} INFO - DAG(s) 'produce_json' retrieved from /opt/airflow/dags/produce_json.py
[2026-09-03T07:56:16.332+0000] {logging_mixin.py:188} INFO - [2026-09-03T07:56:16.332+0000] {dag.py:3096} INFO - Sync 1 DAGs
[2026-09-03T07:56:16.620+0000] {logging_mixin.py:188} INFO - [2026-09-03T07:56:16.619+0000] {dag.py:3954} INFO - Setting next_dagrun for produce_json to 2026-09-03 14:00:00+00:00, run_after=2026-09-04 14:00:00+00:00
[2026-09-03T07:56:16.974+0000] {processor.py:183} INFO - Processing /opt/airflow/dags/produce_json.py took 4.798 seconds
[2026-09-03T07:56:48.186+0000] {processor.py:161} INFO - Started process (PID=200) to work on /opt/airflow/dags/produce_json.py
[2026-09-03T07:56:48.218+0000] {processor.py:830} INFO - Processing file /opt/airflow/dags/produce_json.py for tasks to queue
[2026-09-03T07:56:48.251+0000] {logging_mixin.py:188} INFO - [2026-09-03T07:56:48.250+0000] {dagbag.py:545} INFO - Filling up the DagBag from /opt/airflow/dags/produce_json.py
[2026-09-03T07:56:49.847+0000] {logging_mixin.py:188} INFO - channel id is not executed
[2026-09-03T07:56:49.991+0000] {processor.py:840} INFO - DAG(s) 'produce_json' retrieved from /opt/airflow/dags/produce_json.py
[2026-09-03T07:56:51.741+0000] {logging_mixin.py:188} INFO - [2026-09-03T07:56:51.740+0000] {dag.py:3096} INFO - Sync 1 DAGs
[2026-09-03T07:56:51.935+0000] {logging_mixin.py:188} INFO - [2026-09-03T07:56:51.935+0000] {dag.py:3954} INFO - Setting next_dagrun for produce_json to 2026-09-03 14:00:00+00:00, run_after=2026-09-04 14:00:00+00:00
[2026-09-03T07:56:52.262+0000] {processor.py:183} INFO - Processing /opt/airflow/dags/produce_json.py took 4.124 seconds
[2026-09-03T07:57:26.000+0000] {processor.py:161} INFO - Started process (PID=207) to work on /opt/airflow/dags/produce_json.py
[2026-09-03T07:57:26.152+0000] {processor.py:830} INFO - Processing file /opt/airflow/dags/produce_json.py for tasks to queue
[2026-09-03T07:57:26.275+0000] {logging_mixin.py:188} INFO - [2026-09-03T07:57:26.275+0000] {dagbag.py:545} INFO - Filling up the DagBag from /opt/airflow/dags/produce_json.py
[2026-09-03T07:57:31.686+0000] {logging_mixin.py:188} INFO - channel id is not executed
[2026-09-03T07:57:32.038+0000] {processor.py:840} INFO - DAG(s) 'produce_json' retrieved from /opt/airflow/dags/produce_json.py
[2026-09-03T07:57:41.765+0000] {logging_mixin.py:188} INFO - [2026-09-03T07:57:41.609+0000] {dag.py:3096} INFO - Sync 1 DAGs
[2026-09-03T07:57:42.552+0000] {logging_mixin.py:188} INFO - [2026-09-03T07:57:42.551+0000] {dag.py:3954} INFO - Setting next_dagrun for produce_json to 2026-09-03 14:00:00+00:00, run_after=2026-09-04 14:00:00+00:00
[2026-09-03T07:57:43.245+0000] {processor.py:183} INFO - Processing /opt/airflow/dags/produce_json.py took 17.593 seconds
[2026-09-03T07:58:24.223+0000] {processor.py:161} INFO - Started process (PID=214) to work on /opt/airflow/dags/produce_json.py
[2026-09-03T07:58:24.291+0000] {processor.py:830} INFO - Processing file /opt/airflow/dags/produce_json.py for tasks to queue
[2026-09-03T07:58:24.333+0000] {logging_mixin.py:188} INFO - [2026-09-03T07:58:24.319+0000] {dagbag.py:545} INFO - Filling up the DagBag from /opt/airflow/dags/produce_json.py
[2026-09-03T07:58:29.067+0000] {logging_mixin.py:188} INFO - channel id is not executed
[2026-09-03T07:58:29.316+0000] {processor.py:840} INFO - DAG(s) 'produce_json' retrieved from /opt/airflow/dags/produce_json.py
[2026-09-03T07:58:44.665+0000] {logging_mixin.py:188} INFO - [2026-09-03T07:58:44.506+0000] {dag.py:3096} INFO - Sync 1 DAGs
[2026-09-03T07:58:44.938+0000] {logging_mixin.py:188} INFO - [2026-09-03T07:58:44.937+0000] {dag.py:3954} INFO - Setting next_dagrun for produce_json to 2026-09-03 14:00:00+00:00, run_after=2026-09-04 14:00:00+00:00
[2026-09-03T07:58:45.513+0000] {processor.py:183} INFO - Processing /opt/airflow/dags/produce_json.py took 21.357 seconds
[2026-09-03T07:59:17.591+0000] {processor.py:161} INFO - Started process (PID=216) to work on /opt/airflow/dags/produce_json.py
[2026-09-03T07:59:17.650+0000] {processor.py:830} INFO - Processing file /opt/airflow/dags/produce_json.py for tasks to queue
[2026-09-03T07:59:17.759+0000] {logging_mixin.py:188} INFO - [2026-09-03T07:59:17.725+0000] {dagbag.py:545} INFO - Filling up the DagBag from /opt/airflow/dags/produce_json.py
[2026-09-03T07:59:20.343+0000] {logging_mixin.py:188} INFO - channel id is not executed
[2026-09-03T07:59:21.023+0000] {processor.py:840} INFO - DAG(s) 'produce_json' retrieved from /opt/airflow/dags/produce_json.py
[2026-09-03T07:59:34.952+0000] {logging_mixin.py:188} INFO - [2026-09-03T07:59:34.914+0000] {dag.py:3096} INFO - Sync 1 DAGs
[2026-09-03T07:59:35.039+0000] {logging_mixin.py:188} INFO - [2026-09-03T07:59:35.038+0000] {dag.py:3954} INFO - Setting next_dagrun for produce_json to 2026-09-03 14:00:00+00:00, run_after=2026-09-04 14:00:00+00:00
[2026-09-03T07:59:35.118+0000] {processor.py:183} INFO - Processing /opt/airflow/dags/produce_json.py took 17.738 seconds
[2026-09-03T08:00:05.572+0000] {processor.py:161} INFO - Started process (PID=225) to work on /opt/airflow/dags/produce_json.py
[2026-09-03T08:00:05.577+0000] {processor.py:830} INFO - Processing file /opt/airflow/dags/produce_json.py for tasks to queue
[2026-09-03T08:00:05.595+0000] {logging_mixin.py:188} INFO - [2026-09-03T08:00:05.593+0000] {dagbag.py:545} INFO - Filling up the DagBag from /opt/airflow/dags/produce_json.py
[2026-09-03T08:00:06.007+0000] {logging_mixin.py:188} INFO - channel id is not executed
[2026-09-03T08:00:06.133+0000] {processor.py:840} INFO - DAG(s) 'produce_json' retrieved from /opt/airflow/dags/produce_json.py
[2026-09-03T08:00:07.020+0000] {logging_mixin.py:188} INFO - [2026-09-03T08:00:07.019+0000] {dag.py:3096} INFO - Sync 1 DAGs
[2026-09-03T08:00:07.239+0000] {logging_mixin.py:188} INFO - [2026-09-03T08:00:07.239+0000] {dag.py:3954} INFO - Setting next_dagrun for produce_json to 2026-09-03 14:00:00+00:00, run_after=2026-09-04 14:00:00+00:00
[2026-09-03T08:00:07.420+0000] {processor.py:183} INFO - Processing /opt/airflow/dags/produce_json.py took 1.913 seconds
[2026-09-03T08:00:38.035+0000] {processor.py:161} INFO - Started process (PID=232) to work on /opt/airflow/dags/produce_json.py
[2026-09-03T08:00:38.037+0000] {processor.py:830} INFO - Processing file /opt/airflow/dags/produce_json.py for tasks to queue
[2026-09-03T08:00:38.055+0000] {logging_mixin.py:188} INFO - [2026-09-03T08:00:38.054+0000] {dagbag.py:545} INFO - Filling up the DagBag from /opt/airflow/dags/produce_json.py
[2026-09-03T08:00:38.156+0000] {logging_mixin.py:188} INFO - channel id is not executed
[2026-09-03T08:00:38.171+0000] {processor.py:840} INFO - DAG(s) 'produce_json' retrieved from /opt/airflow/dags/produce_json.py
[2026-09-03T08:00:38.455+0000] {logging_mixin.py:188} INFO - [2026-09-03T08:00:38.455+0000] {dag.py:3096} INFO - Sync 1 DAGs
[2026-09-03T08:00:38.494+0000] {logging_mixin.py:188} INFO - [2026-09-03T08:00:38.494+0000] {dag.py:3954} INFO - Setting next_dagrun for produce_json to 2026-09-03 14:00:00+00:00, run_after=2026-09-04 14:00:00+00:00
[2026-09-03T08:00:38.530+0000] {processor.py:183} INFO - Processing /opt/airflow/dags/produce_json.py took 0.515 seconds
