[2026-09-03T12:32:36.396+0000] {local_task_job_runner.py:120} INFO - ::group::Pre task execution logs
[2026-09-03T12:32:36.782+0000] {taskinstance.py:2076} INFO - Dependencies all met for dep_context=non-requeueable deps ti=<TaskInstance: update_db.staging_table manual__2026-09-03T12:29:14.071744+00:00 [queued]>
[2026-09-03T12:32:36.839+0000] {taskinstance.py:2076} INFO - Dependencies all met for dep_context=requeueable deps ti=<TaskInstance: update_db.staging_table manual__2026-09-03T12:29:14.071744+00:00 [queued]>
[2026-09-03T12:32:36.840+0000] {taskinstance.py:2306} INFO - Starting attempt 1 of 1
[2026-09-03T12:32:36.869+0000] {taskinstance.py:2330} INFO - Executing <Task(_PythonDecoratedOperator): staging_table> on 2026-09-03 12:29:14.071744+00:00
[2026-09-03T12:32:36.879+0000] {standard_task_runner.py:63} INFO - Started process 379 to run task
[2026-09-03T12:32:36.887+0000] {standard_task_runner.py:90} INFO - Running: ['airflow', 'tasks', 'run', 'update_db', 'staging_table', 'manual__2026-09-03T12:29:14.071744+00:00', '--job-id', '34', '--raw', '--subdir', 'DAGS_FOLDER/main.py', '--cfg-path', '/tmp/tmp_3nxq8uu']
[2026-09-03T12:32:36.890+0000] {standard_task_runner.py:91} INFO - Job 34: Subtask staging_table
[2026-09-03T12:32:37.183+0000] {task_command.py:426} INFO - Running <TaskInstance: update_db.staging_table manual__2026-09-03T12:29:14.071744+00:00 [running]> on host 98db97c21098
[2026-09-03T12:32:37.589+0000] {taskinstance.py:2648} INFO - Exporting env vars: AIRFLOW_CTX_DAG_OWNER='airflow' AIRFLOW_CTX_DAG_ID='update_db' AIRFLOW_CTX_TASK_ID='staging_table' AIRFLOW_CTX_EXECUTION_DATE='2026-09-03T12:29:14.071744+00:00' AIRFLOW_CTX_TRY_NUMBER='1' AIRFLOW_CTX_DAG_RUN_ID='manual__2026-09-03T12:29:14.071744+00:00'
[2026-09-03T12:32:37.610+0000] {taskinstance.py:430} INFO - ::endgroup::
[2026-09-03T12:32:37.936+0000] {base.py:84} INFO - Using connection ID 'postgres_db_yt_elt' for task execution.
[2026-09-03T12:32:37.974+0000] {data_loading.py:10} INFO - processing file :yt_data2026-09-03
[2026-09-03T12:32:38.127+0000] {base.py:84} INFO - Using connection ID 'postgres_db_yt_elt' for task execution.
[2026-09-03T12:32:38.196+0000] {base.py:84} INFO - Using connection ID 'postgres_db_yt_elt' for task execution.
[2026-09-03T12:32:38.237+0000] {dwh.py:45} ERROR - error while update ofstaging table:
[2026-09-03T12:32:38.241+0000] {taskinstance.py:441} INFO - ::group::Post task execution logs
[2026-09-03T12:32:38.261+0000] {taskinstance.py:2905} ERROR - Task failed with exception
Traceback (most recent call last):
  File "/home/airflow/.local/lib/python3.10/site-packages/airflow/models/taskinstance.py", line 465, in _execute_task
    result = _execute_callable(context=context, **execute_callable_kwargs)
  File "/home/airflow/.local/lib/python3.10/site-packages/airflow/models/taskinstance.py", line 432, in _execute_callable
    return execute_callable(context=context, **execute_callable_kwargs)
  File "/home/airflow/.local/lib/python3.10/site-packages/airflow/models/baseoperator.py", line 401, in wrapper
    return func(self, *args, **kwargs)
  File "/home/airflow/.local/lib/python3.10/site-packages/airflow/decorators/base.py", line 265, in execute
    return_value = super().execute(context)
  File "/home/airflow/.local/lib/python3.10/site-packages/airflow/models/baseoperator.py", line 401, in wrapper
    return func(self, *args, **kwargs)
  File "/home/airflow/.local/lib/python3.10/site-packages/airflow/operators/python.py", line 235, in execute
    return_value = self.execute_callable()
  File "/home/airflow/.local/lib/python3.10/site-packages/airflow/operators/python.py", line 252, in execute_callable
    return self.python_callable(*self.op_args, **self.op_kwargs)
  File "/opt/airflow/dags/datawarehouse/dwh.py", line 46, in staging_table
    raise e
  File "/opt/airflow/dags/datawarehouse/dwh.py", line 23, in staging_table
    create_table(schema)
  File "/opt/airflow/dags/datawarehouse/data_utils.py", line 52, in create_table
    cur.execute(table_sql)
  File "/home/airflow/.local/lib/python3.10/site-packages/psycopg2/extras.py", line 236, in execute
    return super().execute(query, vars)
psycopg2.errors.SyntaxError: syntax error at or near "EXISTSstaging"
LINE 2:               CREATE TABLE IF NOT EXISTSstaging.yt_api(
                                          ^

[2026-09-03T12:32:38.344+0000] {taskinstance.py:1206} INFO - Marking task as FAILED. dag_id=update_db, task_id=staging_table, run_id=manual__2026-09-03T12:29:14.071744+00:00, execution_date=20260903T122914, start_date=20260903T123236, end_date=20260903T123238
[2026-09-03T12:32:38.448+0000] {standard_task_runner.py:110} ERROR - Failed to execute job 34 for task staging_table (syntax error at or near "EXISTSstaging"
LINE 2:               CREATE TABLE IF NOT EXISTSstaging.yt_api(
                                          ^
; 379)
[2026-09-03T12:32:38.586+0000] {local_task_job_runner.py:240} INFO - Task exited with return code 1
[2026-09-03T12:32:38.719+0000] {taskinstance.py:3503} INFO - 0 downstream tasks scheduled from follow-on schedule check
[2026-09-03T12:32:38.728+0000] {local_task_job_runner.py:222} INFO - ::endgroup::
