[2026-09-03T17:27:53.214+0000] {local_task_job_runner.py:120} INFO - ::group::Pre task execution logs
[2026-09-03T17:27:53.524+0000] {taskinstance.py:2076} INFO - Dependencies all met for dep_context=non-requeueable deps ti=<TaskInstance: update_db.staging_table manual__2026-09-03T17:27:44.404577+00:00 [queued]>
[2026-09-03T17:27:53.553+0000] {taskinstance.py:2076} INFO - Dependencies all met for dep_context=requeueable deps ti=<TaskInstance: update_db.staging_table manual__2026-09-03T17:27:44.404577+00:00 [queued]>
[2026-09-03T17:27:53.557+0000] {taskinstance.py:2306} INFO - Starting attempt 1 of 1
[2026-09-03T17:27:53.590+0000] {taskinstance.py:2330} INFO - Executing <Task(_PythonDecoratedOperator): staging_table> on 2026-09-03 17:27:44.404577+00:00
[2026-09-03T17:27:53.607+0000] {standard_task_runner.py:63} INFO - Started process 1085 to run task
[2026-09-03T17:27:53.620+0000] {standard_task_runner.py:90} INFO - Running: ['airflow', 'tasks', 'run', 'update_db', 'staging_table', 'manual__2026-09-03T17:27:44.404577+00:00', '--job-id', '40', '--raw', '--subdir', 'DAGS_FOLDER/main.py', '--cfg-path', '/tmp/tmpxkx8b78d']
[2026-09-03T17:27:53.628+0000] {standard_task_runner.py:91} INFO - Job 40: Subtask staging_table
[2026-09-03T17:27:53.802+0000] {task_command.py:426} INFO - Running <TaskInstance: update_db.staging_table manual__2026-09-03T17:27:44.404577+00:00 [running]> on host f3da14e6274e
[2026-09-03T17:27:54.219+0000] {taskinstance.py:2648} INFO - Exporting env vars: AIRFLOW_CTX_DAG_OWNER='airflow' AIRFLOW_CTX_DAG_ID='update_db' AIRFLOW_CTX_TASK_ID='staging_table' AIRFLOW_CTX_EXECUTION_DATE='2026-09-03T17:27:44.404577+00:00' AIRFLOW_CTX_TRY_NUMBER='1' AIRFLOW_CTX_DAG_RUN_ID='manual__2026-09-03T17:27:44.404577+00:00'
[2026-09-03T17:27:54.285+0000] {taskinstance.py:430} INFO - ::endgroup::
[2026-09-03T17:27:54.884+0000] {base.py:84} INFO - Using connection ID 'postgres_db_yt_elt' for task execution.
[2026-09-03T17:27:54.995+0000] {data_loading.py:10} INFO - processing file :yt_data2026-09-03
[2026-09-03T17:27:55.296+0000] {base.py:84} INFO - Using connection ID 'postgres_db_yt_elt' for task execution.
[2026-09-03T17:27:55.323+0000] {base.py:84} INFO - Using connection ID 'postgres_db_yt_elt' for task execution.
[2026-09-03T17:27:55.393+0000] {data_modification.py:24} ERROR - Error inserting row with video_ID:wERidUx5p8o
[2026-09-03T17:27:55.396+0000] {dwh.py:45} ERROR - error while update ofstaging table:
[2026-09-03T17:27:55.404+0000] {taskinstance.py:441} INFO - ::group::Post task execution logs
[2026-09-03T17:27:55.411+0000] {taskinstance.py:2905} ERROR - Task failed with exception
Traceback (most recent call last):
  File "/home/airflow/.local/lib/python3.10/site-packages/airflow/models/taskinstance.py", line 465, in _execute_task
    result = _execute_callable(context=context, **execute_callable_kwargs)
  File "/home/airflow/.local/lib/python3.10/site-packages/airflow/models/taskinstance.py", line 432, in _execute_callable
    return execute_callable(context=context, **execute_callable_kwargs)
  File "/home/airflow/.local/lib/python3.10/site-packages/airflow/models/baseoperator.py", line 401, in wrapper
    return func(self, *args, **kwargs)
  File "/home/airflow/.local/lib/python3.10/site-packages/airflow/decorators/base.py", line 265, in execute
    return_value = super().execute(context)
  File "/home/airflow/.local/lib/python3.10/site-packages/airflow/models/baseoperator.py", line 401, in wrapper
    return func(self, *args, **kwargs)
  File "/home/airflow/.local/lib/python3.10/site-packages/airflow/operators/python.py", line 235, in execute
    return_value = self.execute_callable()
  File "/home/airflow/.local/lib/python3.10/site-packages/airflow/operators/python.py", line 252, in execute_callable
    return self.python_callable(*self.op_args, **self.op_kwargs)
  File "/opt/airflow/dags/datawarehouse/dwh.py", line 46, in staging_table
    raise e
  File "/opt/airflow/dags/datawarehouse/dwh.py", line 29, in staging_table
    insert_rows(conn,cur,schema,row)
  File "/opt/airflow/dags/datawarehouse/data_modification.py", line 25, in insert_rows
    raise e
  File "/opt/airflow/dags/datawarehouse/data_modification.py", line 9, in insert_rows
    cur.execute(
  File "/home/airflow/.local/lib/python3.10/site-packages/psycopg2/extras.py", line 236, in execute
    return super().execute(query, vars)
psycopg2.errors.SyntaxError: syntax error at or near "$"
LINE 2:                 VALUES($(video_id)s,$(title)s,$(publishedAt)...
                               ^

[2026-09-03T17:27:55.499+0000] {taskinstance.py:1206} INFO - Marking task as FAILED. dag_id=update_db, task_id=staging_table, run_id=manual__2026-09-03T17:27:44.404577+00:00, execution_date=20260903T172744, start_date=20260903T172753, end_date=20260903T172755
[2026-09-03T17:27:55.572+0000] {standard_task_runner.py:110} ERROR - Failed to execute job 40 for task staging_table (syntax error at or near "$"
LINE 2:                 VALUES($(video_id)s,$(title)s,$(publishedAt)...
                               ^
; 1085)
[2026-09-03T17:27:55.667+0000] {local_task_job_runner.py:240} INFO - Task exited with return code 1
[2026-09-03T17:27:55.866+0000] {taskinstance.py:3503} INFO - 0 downstream tasks scheduled from follow-on schedule check
[2026-09-03T17:27:55.904+0000] {local_task_job_runner.py:222} INFO - ::endgroup::
