[2026-09-03T07:28:09.930+0000] {local_task_job_runner.py:120} INFO - ::group::Pre task execution logs
[2026-09-03T07:28:10.827+0000] {taskinstance.py:2076} INFO - Dependencies all met for dep_context=non-requeueable deps ti=<TaskInstance: update_db.staging_table manual__2026-09-03T07:27:40.887106+00:00 [queued]>
[2026-09-03T07:28:11.583+0000] {taskinstance.py:2076} INFO - Dependencies all met for dep_context=requeueable deps ti=<TaskInstance: update_db.staging_table manual__2026-09-03T07:27:40.887106+00:00 [queued]>
[2026-09-03T07:28:11.599+0000] {taskinstance.py:2306} INFO - Starting attempt 1 of 1
[2026-09-03T07:28:11.815+0000] {taskinstance.py:2330} INFO - Executing <Task(_PythonDecoratedOperator): staging_table> on 2026-09-03 07:27:40.887106+00:00
[2026-09-03T07:28:11.873+0000] {standard_task_runner.py:63} INFO - Started process 606 to run task
[2026-09-03T07:28:12.014+0000] {standard_task_runner.py:90} INFO - Running: ['airflow', 'tasks', 'run', 'update_db', 'staging_table', 'manual__2026-09-03T07:27:40.887106+00:00', '--job-id', '23', '--raw', '--subdir', 'DAGS_FOLDER/main.py', '--cfg-path', '/tmp/tmp9y935yb8']
[2026-09-03T07:28:12.043+0000] {standard_task_runner.py:91} INFO - Job 23: Subtask staging_table
[2026-09-03T07:28:14.808+0000] {task_command.py:426} INFO - Running <TaskInstance: update_db.staging_table manual__2026-09-03T07:27:40.887106+00:00 [running]> on host dde95f644b37
[2026-09-03T07:28:17.282+0000] {taskinstance.py:2648} INFO - Exporting env vars: AIRFLOW_CTX_DAG_OWNER='airflow' AIRFLOW_CTX_DAG_ID='update_db' AIRFLOW_CTX_TASK_ID='staging_table' AIRFLOW_CTX_EXECUTION_DATE='2026-09-03T07:27:40.887106+00:00' AIRFLOW_CTX_TRY_NUMBER='1' AIRFLOW_CTX_DAG_RUN_ID='manual__2026-09-03T07:27:40.887106+00:00'
[2026-09-03T07:28:17.348+0000] {taskinstance.py:430} INFO - ::endgroup::
[2026-09-03T07:28:17.964+0000] {base.py:84} INFO - Using connection ID 'postgres_db_yt_elt' for task execution.
[2026-09-03T07:28:18.072+0000] {data_loading.py:10} INFO - processing file :yt_data2026-09-03
[2026-09-03T07:28:18.080+0000] {data_loading.py:15} ERROR - File not found:./data/yt_data2026-09-03.json
[2026-09-03T07:28:18.108+0000] {dwh.py:45} ERROR - error while update ofstaging table:
[2026-09-03T07:28:18.140+0000] {taskinstance.py:441} INFO - ::group::Post task execution logs
[2026-09-03T07:28:18.179+0000] {taskinstance.py:2905} ERROR - Task failed with exception
Traceback (most recent call last):
  File "/home/airflow/.local/lib/python3.10/site-packages/airflow/models/taskinstance.py", line 465, in _execute_task
    result = _execute_callable(context=context, **execute_callable_kwargs)
  File "/home/airflow/.local/lib/python3.10/site-packages/airflow/models/taskinstance.py", line 432, in _execute_callable
    return execute_callable(context=context, **execute_callable_kwargs)
  File "/home/airflow/.local/lib/python3.10/site-packages/airflow/models/baseoperator.py", line 401, in wrapper
    return func(self, *args, **kwargs)
  File "/home/airflow/.local/lib/python3.10/site-packages/airflow/decorators/base.py", line 265, in execute
    return_value = super().execute(context)
  File "/home/airflow/.local/lib/python3.10/site-packages/airflow/models/baseoperator.py", line 401, in wrapper
    return func(self, *args, **kwargs)
  File "/home/airflow/.local/lib/python3.10/site-packages/airflow/operators/python.py", line 235, in execute
    return_value = self.execute_callable()
  File "/home/airflow/.local/lib/python3.10/site-packages/airflow/operators/python.py", line 252, in execute_callable
    return self.python_callable(*self.op_args, **self.op_kwargs)
  File "/opt/airflow/dags/datawarehouse/dwh.py", line 46, in staging_table
    raise e
  File "/opt/airflow/dags/datawarehouse/dwh.py", line 20, in staging_table
    yt_data=load_data()
  File "/opt/airflow/dags/datawarehouse/data_loading.py", line 11, in load_data
    with open (file_path,'r', encoding='utf-8') as raw_data:
FileNotFoundError: [Errno 2] No such file or directory: './data/yt_data2026-09-03.json'
[2026-09-03T07:28:18.910+0000] {taskinstance.py:1206} INFO - Marking task as FAILED. dag_id=update_db, task_id=staging_table, run_id=manual__2026-09-03T07:27:40.887106+00:00, execution_date=20260903T072740, start_date=20260903T072810, end_date=20260903T072818
[2026-09-03T07:28:19.212+0000] {standard_task_runner.py:110} ERROR - Failed to execute job 23 for task staging_table ([Errno 2] No such file or directory: './data/yt_data2026-09-03.json'; 606)
[2026-09-03T07:28:19.754+0000] {local_task_job_runner.py:240} INFO - Task exited with return code 1
[2026-09-03T07:28:19.907+0000] {local_task_job_runner.py:222} INFO - ::endgroup::
