[2026-09-09T08:12:46.416+0000] {local_task_job_runner.py:120} INFO - ::group::Pre task execution logs
[2026-09-09T08:12:46.498+0000] {taskinstance.py:2076} INFO - Dependencies all met for dep_context=non-requeueable deps ti=<TaskInstance: update_db.core_table manual__2026-09-09T08:12:21.034281+00:00 [queued]>
[2026-09-09T08:12:46.529+0000] {taskinstance.py:2076} INFO - Dependencies all met for dep_context=requeueable deps ti=<TaskInstance: update_db.core_table manual__2026-09-09T08:12:21.034281+00:00 [queued]>
[2026-09-09T08:12:46.586+0000] {taskinstance.py:2306} INFO - Starting attempt 1 of 1
[2026-09-09T08:12:46.677+0000] {taskinstance.py:2330} INFO - Executing <Task(_PythonDecoratedOperator): core_table> on 2026-09-09 08:12:21.034281+00:00
[2026-09-09T08:12:46.733+0000] {standard_task_runner.py:90} INFO - Running: ['airflow', 'tasks', 'run', 'update_db', 'core_table', 'manual__2026-09-09T08:12:21.034281+00:00', '--job-id', '30', '--raw', '--subdir', 'DAGS_FOLDER/main.py', '--cfg-path', '/tmp/tmpdagxo3vi']
[2026-09-09T08:12:46.737+0000] {standard_task_runner.py:91} INFO - Job 30: Subtask core_table
[2026-09-09T08:12:46.723+0000] {standard_task_runner.py:63} INFO - Started process 596 to run task
[2026-09-09T08:12:46.957+0000] {task_command.py:426} INFO - Running <TaskInstance: update_db.core_table manual__2026-09-09T08:12:21.034281+00:00 [running]> on host 539c327528e4
[2026-09-09T08:12:47.141+0000] {taskinstance.py:2648} INFO - Exporting env vars: AIRFLOW_CTX_DAG_OWNER='airflow' AIRFLOW_CTX_DAG_ID='update_db' AIRFLOW_CTX_TASK_ID='core_table' AIRFLOW_CTX_EXECUTION_DATE='2026-09-09T08:12:21.034281+00:00' AIRFLOW_CTX_TRY_NUMBER='1' AIRFLOW_CTX_DAG_RUN_ID='manual__2026-09-09T08:12:21.034281+00:00'
[2026-09-09T08:12:47.147+0000] {taskinstance.py:430} INFO - ::endgroup::
[2026-09-09T08:12:47.242+0000] {base.py:84} INFO - Using connection ID 'postgres_db_yt_elt' for task execution.
[2026-09-09T08:12:47.268+0000] {base.py:84} INFO - Using connection ID 'postgres_db_yt_elt' for task execution.
[2026-09-09T08:12:47.285+0000] {base.py:84} INFO - Using connection ID 'postgres_db_yt_elt' for task execution.
[2026-09-09T08:12:47.348+0000] {data_modification.py:53} INFO - updated row with video_id:xyV16N6Wj20
[2026-09-09T08:12:47.354+0000] {data_modification.py:53} INFO - updated row with video_id:wERidUx5p8o
[2026-09-09T08:12:47.360+0000] {data_modification.py:53} INFO - updated row with video_id:i1WfpuZErcM
[2026-09-09T08:12:47.369+0000] {data_modification.py:53} INFO - updated row with video_id:Oss-6cGsWs0
[2026-09-09T08:12:47.375+0000] {data_modification.py:53} INFO - updated row with video_id:IDeq2yJsyqg
[2026-09-09T08:12:47.382+0000] {data_modification.py:53} INFO - updated row with video_id:EbJcMAfEg0o
[2026-09-09T08:12:47.390+0000] {data_modification.py:53} INFO - updated row with video_id:IRi6AEqhq1Q
[2026-09-09T08:12:47.397+0000] {data_modification.py:53} INFO - updated row with video_id:G-ywA1D9-9o
[2026-09-09T08:12:47.404+0000] {data_modification.py:53} INFO - updated row with video_id:yW47gxbsqXo
[2026-09-09T08:12:47.410+0000] {data_modification.py:53} INFO - updated row with video_id:YbF5kbALBLU
[2026-09-09T08:12:47.420+0000] {data_modification.py:53} INFO - updated row with video_id:2WD845pHIj8
[2026-09-09T08:12:47.426+0000] {data_modification.py:53} INFO - updated row with video_id:8xzx8eEytPE
[2026-09-09T08:12:47.435+0000] {data_modification.py:53} INFO - updated row with video_id:MzM84euAhxM
[2026-09-09T08:12:47.441+0000] {data_modification.py:53} INFO - updated row with video_id:skF52qeMq24
[2026-09-09T08:12:47.448+0000] {data_modification.py:53} INFO - updated row with video_id:8JhstIzUFSU
[2026-09-09T08:12:47.454+0000] {data_modification.py:53} INFO - updated row with video_id:YkSVPY6A3xI
[2026-09-09T08:12:47.461+0000] {data_modification.py:53} INFO - updated row with video_id:s3eFlxgyz8Y
[2026-09-09T08:12:47.468+0000] {data_modification.py:53} INFO - updated row with video_id:7sRTX72yA7c
[2026-09-09T08:12:47.474+0000] {data_modification.py:53} INFO - updated row with video_id:agk-_PhCifo
[2026-09-09T08:12:47.480+0000] {data_modification.py:53} INFO - updated row with video_id:XfsHfFeEJUo
[2026-09-09T08:12:47.486+0000] {data_modification.py:53} INFO - updated row with video_id:vMHnYDTaED8
[2026-09-09T08:12:47.493+0000] {data_modification.py:53} INFO - updated row with video_id:1eRGC_ebu5I
[2026-09-09T08:12:47.507+0000] {data_modification.py:53} INFO - updated row with video_id:JSuWrvJGpXA
[2026-09-09T08:12:47.522+0000] {data_modification.py:53} INFO - updated row with video_id:oxo3GW_NK7U
[2026-09-09T08:12:47.528+0000] {data_modification.py:53} INFO - updated row with video_id:OxVa--mRy-s
[2026-09-09T08:12:47.535+0000] {data_modification.py:53} INFO - updated row with video_id:c0Q9xhuDGUM
[2026-09-09T08:12:47.541+0000] {data_modification.py:53} INFO - updated row with video_id:qNO5CZ6y7Sg
[2026-09-09T08:12:47.549+0000] {data_modification.py:53} INFO - updated row with video_id:wUalnjVyGFg
[2026-09-09T08:12:47.555+0000] {data_modification.py:53} INFO - updated row with video_id:lC3CslH1Jk0
[2026-09-09T08:12:47.563+0000] {data_modification.py:53} INFO - updated row with video_id:BRV8sVfAYes
[2026-09-09T08:12:47.570+0000] {data_modification.py:53} INFO - updated row with video_id:TFb5VZbTWW8
[2026-09-09T08:12:47.575+0000] {data_modification.py:53} INFO - updated row with video_id:5otzIsTRAVs
[2026-09-09T08:12:47.582+0000] {data_modification.py:53} INFO - updated row with video_id:FfAKSF-BsuE
[2026-09-09T08:12:47.589+0000] {data_modification.py:53} INFO - updated row with video_id:SKwDxy_sYGg
[2026-09-09T08:12:47.596+0000] {data_modification.py:53} INFO - updated row with video_id:9IK7SHy2EqM
[2026-09-09T08:12:47.602+0000] {data_modification.py:53} INFO - updated row with video_id:d1p87GyuI-4
[2026-09-09T08:12:47.608+0000] {data_modification.py:53} INFO - updated row with video_id:e_bOcDQSXfs
[2026-09-09T08:12:47.615+0000] {data_modification.py:53} INFO - updated row with video_id:DS5S02PItCg
[2026-09-09T08:12:47.625+0000] {data_modification.py:53} INFO - updated row with video_id:_op31YCic1c
[2026-09-09T08:12:47.637+0000] {data_modification.py:53} INFO - updated row with video_id:lG0Ti2QmcnA
[2026-09-09T08:12:47.643+0000] {data_modification.py:53} INFO - updated row with video_id:Kt7Qc-yd2C0
[2026-09-09T08:12:47.650+0000] {data_modification.py:53} INFO - updated row with video_id:9VbzTx6a6Zw
[2026-09-09T08:12:47.655+0000] {data_modification.py:53} INFO - updated row with video_id:huWjmj9lkHU
[2026-09-09T08:12:47.662+0000] {data_modification.py:53} INFO - updated row with video_id:YwHccmbbOnY
[2026-09-09T08:12:47.668+0000] {data_modification.py:53} INFO - updated row with video_id:M4gCCt3UpcE
[2026-09-09T08:12:47.675+0000] {data_modification.py:53} INFO - updated row with video_id:LM-v9I2QBks
[2026-09-09T08:12:47.682+0000] {data_modification.py:53} INFO - updated row with video_id:6BSLjhKQEBs
[2026-09-09T08:12:47.689+0000] {data_modification.py:53} INFO - updated row with video_id:nifgXMP448M
[2026-09-09T08:12:47.696+0000] {data_modification.py:53} INFO - updated row with video_id:1Fv8GCjK94s
[2026-09-09T08:12:47.704+0000] {data_modification.py:53} INFO - updated row with video_id:Pd9QVyZJrFw
[2026-09-09T08:12:47.713+0000] {data_modification.py:53} INFO - updated row with video_id:NkesgkugFJc
[2026-09-09T08:12:47.722+0000] {data_modification.py:53} INFO - updated row with video_id:JSN5fRIsj7o
[2026-09-09T08:12:47.727+0000] {data_modification.py:53} INFO - updated row with video_id:l9zxVm6Hzkw
[2026-09-09T08:12:47.739+0000] {data_modification.py:53} INFO - updated row with video_id:ep146L7Cn_Q
[2026-09-09T08:12:47.746+0000] {data_modification.py:53} INFO - updated row with video_id:Rt2D04o3Ivo
[2026-09-09T08:12:47.753+0000] {data_modification.py:53} INFO - updated row with video_id:xi_NGNV9dOE
[2026-09-09T08:12:47.759+0000] {data_modification.py:53} INFO - updated row with video_id:lPa85hGrtco
[2026-09-09T08:12:47.765+0000] {data_modification.py:53} INFO - updated row with video_id:lAS7IbGvgPI
[2026-09-09T08:12:47.773+0000] {data_modification.py:53} INFO - updated row with video_id:MoQWJHTnOl8
[2026-09-09T08:12:47.780+0000] {data_modification.py:53} INFO - updated row with video_id:SNyz3ZIqhng
[2026-09-09T08:12:47.787+0000] {data_modification.py:53} INFO - updated row with video_id:mWahK6-1oZ8
[2026-09-09T08:12:47.793+0000] {data_modification.py:53} INFO - updated row with video_id:m6_wcSfUHLg
[2026-09-09T08:12:47.802+0000] {data_modification.py:53} INFO - updated row with video_id:HDfEPIyikzs
[2026-09-09T08:12:47.815+0000] {data_modification.py:53} INFO - updated row with video_id:UQzTT3UYSMg
[2026-09-09T08:12:47.823+0000] {data_modification.py:53} INFO - updated row with video_id:30k_D9vBDeI
[2026-09-09T08:12:47.828+0000] {data_modification.py:53} INFO - updated row with video_id:DteH9UwOfpA
[2026-09-09T08:12:47.835+0000] {data_modification.py:53} INFO - updated row with video_id:xFYXMnzcBb0
[2026-09-09T08:12:47.850+0000] {data_modification.py:53} INFO - updated row with video_id:2NDahJhphvI
[2026-09-09T08:12:47.859+0000] {data_modification.py:53} INFO - updated row with video_id:cQnGEvNdUcg
[2026-09-09T08:12:47.866+0000] {data_modification.py:53} INFO - updated row with video_id:tHaMPyO9v2M
[2026-09-09T08:12:47.871+0000] {data_modification.py:53} INFO - updated row with video_id:aQkpkcbBBS4
[2026-09-09T08:12:47.887+0000] {data_modification.py:53} INFO - updated row with video_id:F7oCnostH8A
[2026-09-09T08:12:47.908+0000] {data_modification.py:53} INFO - updated row with video_id:o1_j2TvF_BE
[2026-09-09T08:12:47.984+0000] {data_modification.py:53} INFO - updated row with video_id:R3nZ2MxkvRs
[2026-09-09T08:12:48.060+0000] {data_modification.py:53} INFO - updated row with video_id:9YmrT-Q_vDQ
[2026-09-09T08:12:48.214+0000] {data_modification.py:53} INFO - updated row with video_id:2N6XYRDh41s
[2026-09-09T08:12:48.278+0000] {data_modification.py:53} INFO - updated row with video_id:zJVdQEZ5bjY
[2026-09-09T08:12:48.312+0000] {data_modification.py:53} INFO - updated row with video_id:IBai8qm-nqs
[2026-09-09T08:12:48.331+0000] {data_modification.py:53} INFO - updated row with video_id:z3yae8OIPEU
[2026-09-09T08:12:48.339+0000] {data_modification.py:53} INFO - updated row with video_id:t_Ux3gZGWOw
[2026-09-09T08:12:48.350+0000] {data_modification.py:53} INFO - updated row with video_id:B3t9lKS1jg4
[2026-09-09T08:12:48.355+0000] {data_modification.py:53} INFO - updated row with video_id:9quuSVZ9AMQ
[2026-09-09T08:12:48.359+0000] {data_modification.py:53} INFO - updated row with video_id:abn1bLSho10
[2026-09-09T08:12:48.367+0000] {data_modification.py:53} INFO - updated row with video_id:leXKZMScM4Y
[2026-09-09T08:12:48.372+0000] {data_modification.py:53} INFO - updated row with video_id:2Ws8tNEWoeo
[2026-09-09T08:12:48.379+0000] {data_modification.py:53} INFO - updated row with video_id:Fuzws1RYblA
[2026-09-09T08:12:48.384+0000] {data_modification.py:53} INFO - updated row with video_id:qL2JYPPN8EU
[2026-09-09T08:12:48.390+0000] {data_modification.py:53} INFO - updated row with video_id:2tQZ47H3TwY
[2026-09-09T08:12:48.398+0000] {data_modification.py:53} INFO - updated row with video_id:On67fQtw48w
[2026-09-09T08:12:48.403+0000] {data_modification.py:53} INFO - updated row with video_id:xiJYe1hErzQ
[2026-09-09T08:12:48.408+0000] {data_modification.py:53} INFO - updated row with video_id:Vbkb2hV4i5s
[2026-09-09T08:12:48.416+0000] {data_modification.py:53} INFO - updated row with video_id:5JS4aH5rBBo
[2026-09-09T08:12:48.422+0000] {data_modification.py:53} INFO - updated row with video_id:56Z1Vj8AJVE
[2026-09-09T08:12:48.429+0000] {data_modification.py:53} INFO - updated row with video_id:9uGS4lK92lA
[2026-09-09T08:12:48.439+0000] {data_modification.py:53} INFO - updated row with video_id:sFpJntYxuGA
[2026-09-09T08:12:48.445+0000] {data_modification.py:53} INFO - updated row with video_id:bE83nlnfbNs
[2026-09-09T08:12:48.451+0000] {data_modification.py:53} INFO - updated row with video_id:4lRQM-ZUpK4
[2026-09-09T08:12:48.457+0000] {data_modification.py:53} INFO - updated row with video_id:c8snwP7Ctvc
[2026-09-09T08:12:48.466+0000] {data_modification.py:53} INFO - updated row with video_id:rMcspGVkJW4
[2026-09-09T08:12:48.473+0000] {data_modification.py:53} INFO - updated row with video_id:2YYYAGTE2zg
[2026-09-09T08:12:48.479+0000] {data_modification.py:53} INFO - updated row with video_id:XslYAEmp9Ws
[2026-09-09T08:12:48.484+0000] {data_modification.py:53} INFO - updated row with video_id:OETbOK0ntWk
[2026-09-09T08:12:48.490+0000] {data_modification.py:53} INFO - updated row with video_id:RuybpAvrFYE
[2026-09-09T08:12:48.497+0000] {data_modification.py:53} INFO - updated row with video_id:Jmc77n88PWY
[2026-09-09T08:12:48.504+0000] {data_modification.py:53} INFO - updated row with video_id:ticbllOFceM
[2026-09-09T08:12:48.514+0000] {data_modification.py:53} INFO - updated row with video_id:LRey5gfcBwg
[2026-09-09T08:12:48.519+0000] {data_modification.py:53} INFO - updated row with video_id:TNs5-ACYAG8
[2026-09-09T08:12:48.524+0000] {data_modification.py:53} INFO - updated row with video_id:NVyEbINHwwY
[2026-09-09T08:12:48.531+0000] {data_modification.py:53} INFO - updated row with video_id:C4pY9eTIgvw
[2026-09-09T08:12:48.536+0000] {data_modification.py:53} INFO - updated row with video_id:z3UhFmDjqxE
[2026-09-09T08:12:48.544+0000] {data_modification.py:53} INFO - updated row with video_id:S-DxMZzq9MU
[2026-09-09T08:12:48.555+0000] {data_modification.py:53} INFO - updated row with video_id:houoIa_y3nA
[2026-09-09T08:12:48.561+0000] {data_modification.py:53} INFO - updated row with video_id:cjiqF4VlSRA
[2026-09-09T08:12:48.567+0000] {data_modification.py:53} INFO - updated row with video_id:c_q4-73DjcI
[2026-09-09T08:12:48.573+0000] {data_modification.py:53} INFO - updated row with video_id:tCh7uAF9BCs
[2026-09-09T08:12:48.580+0000] {data_modification.py:53} INFO - updated row with video_id:rc2kZk0S3Sg
[2026-09-09T08:12:48.585+0000] {data_modification.py:53} INFO - updated row with video_id:vYk4y7-br2o
[2026-09-09T08:12:48.591+0000] {data_modification.py:53} INFO - updated row with video_id:gRMOge4k2uQ
[2026-09-09T08:12:48.598+0000] {data_modification.py:53} INFO - updated row with video_id:TcQJNy1RhJg
[2026-09-09T08:12:48.610+0000] {data_modification.py:53} INFO - updated row with video_id:wCLL5Oafw7w
[2026-09-09T08:12:48.625+0000] {data_modification.py:53} INFO - updated row with video_id:KjxbkszU4xA
[2026-09-09T08:12:48.641+0000] {data_modification.py:53} INFO - updated row with video_id:3lFilSPxScM
[2026-09-09T08:12:48.651+0000] {data_modification.py:53} INFO - updated row with video_id:aMktu9j-OCY
[2026-09-09T08:12:48.662+0000] {data_modification.py:53} INFO - updated row with video_id:aWa_Sd_IBME
[2026-09-09T08:12:48.668+0000] {data_modification.py:53} INFO - updated row with video_id:XNiTVeR8t_s
[2026-09-09T08:12:48.674+0000] {data_modification.py:53} INFO - updated row with video_id:pV1ZiYm5pwA
[2026-09-09T08:12:48.682+0000] {data_modification.py:53} INFO - updated row with video_id:4TI5WqaNOwA
[2026-09-09T08:12:48.687+0000] {data_modification.py:53} INFO - updated row with video_id:mrkfROfB_DA
[2026-09-09T08:12:48.694+0000] {data_modification.py:53} INFO - updated row with video_id:s3Uzz22Z9bM
[2026-09-09T08:12:48.700+0000] {data_modification.py:53} INFO - updated row with video_id:yfEYaLt6lkI
[2026-09-09T08:12:48.706+0000] {data_modification.py:53} INFO - updated row with video_id:WjwPSjCZ050
[2026-09-09T08:12:48.713+0000] {data_modification.py:53} INFO - updated row with video_id:F30CG1X-_MA
[2026-09-09T08:12:48.718+0000] {data_modification.py:53} INFO - updated row with video_id:YZXiKednj-M
[2026-09-09T08:12:48.724+0000] {data_modification.py:53} INFO - updated row with video_id:dcydwLXBkKQ
[2026-09-09T08:12:48.731+0000] {data_modification.py:53} INFO - updated row with video_id:POnP8uVHrJw
[2026-09-09T08:12:48.736+0000] {data_modification.py:53} INFO - updated row with video_id:tTMfi_eBCQM
[2026-09-09T08:12:48.743+0000] {data_modification.py:53} INFO - updated row with video_id:A9I_zrYlZTs
[2026-09-09T08:12:48.749+0000] {data_modification.py:53} INFO - updated row with video_id:Wxly14_ikNw
[2026-09-09T08:12:48.754+0000] {data_modification.py:53} INFO - updated row with video_id:5eEB1CXpiJs
[2026-09-09T08:12:48.762+0000] {data_modification.py:53} INFO - updated row with video_id:uN9sdZ8b4sM
[2026-09-09T08:12:48.768+0000] {data_modification.py:53} INFO - updated row with video_id:1ih9XRA7X6Q
[2026-09-09T08:12:48.773+0000] {data_modification.py:53} INFO - updated row with video_id:rgnm51LV5G4
[2026-09-09T08:12:48.780+0000] {data_modification.py:53} INFO - updated row with video_id:YS_53Jd2BDA
[2026-09-09T08:12:48.785+0000] {data_modification.py:53} INFO - updated row with video_id:uEaRhTYH18g
[2026-09-09T08:12:48.790+0000] {data_modification.py:53} INFO - updated row with video_id:LTKW8r6tQcw
[2026-09-09T08:12:48.798+0000] {data_modification.py:53} INFO - updated row with video_id:_-BjT6LZvfw
[2026-09-09T08:12:48.803+0000] {data_modification.py:53} INFO - updated row with video_id:s_yuclAkJ68
[2026-09-09T08:12:48.808+0000] {data_modification.py:53} INFO - updated row with video_id:82CTopJZUxo
[2026-09-09T08:12:48.815+0000] {data_modification.py:53} INFO - updated row with video_id:vgvOmrq75Do
[2026-09-09T08:12:48.822+0000] {data_modification.py:53} INFO - updated row with video_id:UKdNEo_iCg4
[2026-09-09T08:12:48.829+0000] {data_modification.py:53} INFO - updated row with video_id:Kj5r3TVBYtA
[2026-09-09T08:12:48.834+0000] {data_modification.py:53} INFO - updated row with video_id:ZyIUEuydmNo
[2026-09-09T08:12:48.839+0000] {data_modification.py:53} INFO - updated row with video_id:nJYAn6BgKUE
[2026-09-09T08:12:48.846+0000] {data_modification.py:53} INFO - updated row with video_id:frmYvKInYgI
[2026-09-09T08:12:48.853+0000] {data_modification.py:53} INFO - updated row with video_id:avk5yHHthiY
[2026-09-09T08:12:48.859+0000] {data_modification.py:53} INFO - updated row with video_id:3NDoiMZa_F8
[2026-09-09T08:12:48.867+0000] {data_modification.py:53} INFO - updated row with video_id:LRZBr7iT5EM
[2026-09-09T08:12:48.873+0000] {data_modification.py:53} INFO - updated row with video_id:KUyHjkeSmTI
[2026-09-09T08:12:48.879+0000] {data_modification.py:53} INFO - updated row with video_id:PKSTsQXba0A
[2026-09-09T08:12:48.885+0000] {data_modification.py:53} INFO - updated row with video_id:tKsWPPcrbM4
[2026-09-09T08:12:48.890+0000] {data_modification.py:53} INFO - updated row with video_id:1kMQyLg7jl8
[2026-09-09T08:12:48.898+0000] {data_modification.py:53} INFO - updated row with video_id:AlOEIfODjms
[2026-09-09T08:12:48.904+0000] {data_modification.py:53} INFO - updated row with video_id:FZfTgZCxkHs
[2026-09-09T08:12:48.911+0000] {data_modification.py:53} INFO - updated row with video_id:6kdJi9-drsI
[2026-09-09T08:12:48.918+0000] {data_modification.py:53} INFO - updated row with video_id:iBAo_dHjuGk
[2026-09-09T08:12:48.924+0000] {data_modification.py:53} INFO - updated row with video_id:phtjWWF_pbs
[2026-09-09T08:12:48.932+0000] {data_modification.py:53} INFO - updated row with video_id:l3KmhPRh4Xk
[2026-09-09T08:12:48.937+0000] {data_modification.py:53} INFO - updated row with video_id:1_jjR60cCCQ
[2026-09-09T08:12:48.945+0000] {data_modification.py:53} INFO - updated row with video_id:S6vJPaxEkUs
[2026-09-09T08:12:48.952+0000] {data_modification.py:53} INFO - updated row with video_id:vh2_hw-cTAk
[2026-09-09T08:12:48.957+0000] {data_modification.py:53} INFO - updated row with video_id:pqwO_2z9E7o
[2026-09-09T08:12:48.965+0000] {data_modification.py:53} INFO - updated row with video_id:DoVqxPjdZvc
[2026-09-09T08:12:48.970+0000] {data_modification.py:53} INFO - updated row with video_id:q3SKAxnqAek
[2026-09-09T08:12:48.977+0000] {data_modification.py:53} INFO - updated row with video_id:WIiMkuPFEN8
[2026-09-09T08:12:48.985+0000] {data_modification.py:53} INFO - updated row with video_id:hX-Wpv9DsDM
[2026-09-09T08:12:48.992+0000] {data_modification.py:53} INFO - updated row with video_id:faF_2A26_VI
[2026-09-09T08:12:49.001+0000] {data_modification.py:53} INFO - updated row with video_id:rsnv-WxSfO8
[2026-09-09T08:12:49.010+0000] {data_modification.py:53} INFO - updated row with video_id:K_Y5cS2AikI
[2026-09-09T08:12:49.035+0000] {data_modification.py:53} INFO - updated row with video_id:qYCY0DIzOPw
[2026-09-09T08:12:49.060+0000] {data_modification.py:53} INFO - updated row with video_id:l8bJ3lH6UnY
[2026-09-09T08:12:49.090+0000] {data_modification.py:53} INFO - updated row with video_id:82Wo9PsUIQk
[2026-09-09T08:12:49.107+0000] {data_modification.py:53} INFO - updated row with video_id:ufeu7XgRTDU
[2026-09-09T08:12:49.115+0000] {data_modification.py:53} INFO - updated row with video_id:vr7ztihxB_A
[2026-09-09T08:12:49.121+0000] {data_modification.py:53} INFO - updated row with video_id:5Ol29m2jfqo
[2026-09-09T08:12:49.126+0000] {data_modification.py:53} INFO - updated row with video_id:J8abhDLpsVA
[2026-09-09T08:12:49.138+0000] {data_modification.py:53} INFO - updated row with video_id:WsPvlu3FBMg
[2026-09-09T08:12:49.144+0000] {data_modification.py:53} INFO - updated row with video_id:HGHmE__w5rM
[2026-09-09T08:12:49.151+0000] {data_modification.py:53} INFO - updated row with video_id:HxLotijFvvk
[2026-09-09T08:12:49.157+0000] {data_modification.py:53} INFO - updated row with video_id:yxDndJhVSv4
[2026-09-09T08:12:49.163+0000] {data_modification.py:53} INFO - updated row with video_id:OFCdcLbINuc
[2026-09-09T08:12:49.170+0000] {data_modification.py:53} INFO - updated row with video_id:Ps29eztqMdo
[2026-09-09T08:12:49.186+0000] {data_modification.py:53} INFO - updated row with video_id:folWzIEqjcE
[2026-09-09T08:12:49.200+0000] {data_modification.py:53} INFO - updated row with video_id:E306-fOHlII
[2026-09-09T08:12:49.210+0000] {data_modification.py:53} INFO - updated row with video_id:mROG8iwYcQ0
[2026-09-09T08:12:49.217+0000] {data_modification.py:53} INFO - updated row with video_id:tILtZ8YK9G0
[2026-09-09T08:12:49.228+0000] {data_modification.py:53} INFO - updated row with video_id:rc9w9IWthMc
[2026-09-09T08:12:49.236+0000] {data_modification.py:53} INFO - updated row with video_id:zrEoqra9RhM
[2026-09-09T08:12:49.251+0000] {data_modification.py:53} INFO - updated row with video_id:lFtKLhV87Ps
[2026-09-09T08:12:49.260+0000] {data_modification.py:53} INFO - updated row with video_id:PZ9BDXlew-Q
[2026-09-09T08:12:49.268+0000] {data_modification.py:53} INFO - updated row with video_id:CRyGanOhLE8
[2026-09-09T08:12:49.275+0000] {data_modification.py:53} INFO - updated row with video_id:ifSegYm8n5U
[2026-09-09T08:12:49.286+0000] {data_modification.py:53} INFO - updated row with video_id:imT2c4Efoxc
[2026-09-09T08:12:49.292+0000] {data_modification.py:53} INFO - updated row with video_id:kVqAeo6k6b0
[2026-09-09T08:12:49.299+0000] {data_modification.py:53} INFO - updated row with video_id:VkKRL-QMdm0
[2026-09-09T08:12:49.306+0000] {data_modification.py:53} INFO - updated row with video_id:YufZFo44fOg
[2026-09-09T08:12:49.312+0000] {data_modification.py:53} INFO - updated row with video_id:vsmkR_DAfjY
[2026-09-09T08:12:49.322+0000] {data_modification.py:53} INFO - updated row with video_id:tYwFsaZ5prU
[2026-09-09T08:12:49.328+0000] {data_modification.py:53} INFO - updated row with video_id:h7W9n4ZtreU
[2026-09-09T08:12:49.334+0000] {data_modification.py:53} INFO - updated row with video_id:2RW_lIK3DdY
[2026-09-09T08:12:49.341+0000] {data_modification.py:53} INFO - updated row with video_id:r931dwUWKWw
[2026-09-09T08:12:49.347+0000] {data_modification.py:53} INFO - updated row with video_id:OQkiDkzfO9M
[2026-09-09T08:12:49.353+0000] {data_modification.py:53} INFO - updated row with video_id:oDtim-xT4hY
[2026-09-09T08:12:49.360+0000] {data_modification.py:53} INFO - updated row with video_id:Qwo-_lGU9_Q
[2026-09-09T08:12:49.366+0000] {data_modification.py:53} INFO - updated row with video_id:-n639Qz1Z6s
[2026-09-09T08:12:49.371+0000] {data_modification.py:53} INFO - updated row with video_id:K05MHZIZE_M
[2026-09-09T08:12:49.378+0000] {data_modification.py:53} INFO - updated row with video_id:3aY-iI1in0o
[2026-09-09T08:12:49.384+0000] {data_modification.py:53} INFO - updated row with video_id:1pSL3zzXv6U
[2026-09-09T08:12:49.390+0000] {data_modification.py:53} INFO - updated row with video_id:YIxLzwe9TRg
[2026-09-09T08:12:49.398+0000] {data_modification.py:53} INFO - updated row with video_id:RiACzN_oEcw
[2026-09-09T08:12:49.404+0000] {data_modification.py:53} INFO - updated row with video_id:qVdpUPEmraQ
[2026-09-09T08:12:49.411+0000] {data_modification.py:53} INFO - updated row with video_id:XlgAYgHwAeA
[2026-09-09T08:12:49.417+0000] {data_modification.py:53} INFO - updated row with video_id:1_eXlgOmZrw
[2026-09-09T08:12:49.423+0000] {data_modification.py:53} INFO - updated row with video_id:nn_wUjssxBM
[2026-09-09T08:12:49.431+0000] {data_modification.py:53} INFO - updated row with video_id:3Ig6xw2uHWc
[2026-09-09T08:12:49.437+0000] {data_modification.py:53} INFO - updated row with video_id:wRiKgDvDHpw
[2026-09-09T08:12:49.444+0000] {data_modification.py:53} INFO - updated row with video_id:CINPEPr52Lk
[2026-09-09T08:12:49.450+0000] {data_modification.py:53} INFO - updated row with video_id:FAWR-9zNwZY
[2026-09-09T08:12:49.455+0000] {data_modification.py:53} INFO - updated row with video_id:LzwW00RiEgI
[2026-09-09T08:12:49.462+0000] {data_modification.py:53} INFO - updated row with video_id:VIZG5p4RtGc
[2026-09-09T08:12:49.467+0000] {data_modification.py:53} INFO - updated row with video_id:cOt8NPeZl-E
[2026-09-09T08:12:49.473+0000] {data_modification.py:53} INFO - updated row with video_id:_yQHto8HAhs
[2026-09-09T08:12:49.479+0000] {data_modification.py:53} INFO - updated row with video_id:kWc9LMluJCg
[2026-09-09T08:12:49.486+0000] {data_modification.py:53} INFO - updated row with video_id:py-iVNeO67E
[2026-09-09T08:12:49.491+0000] {data_modification.py:53} INFO - updated row with video_id:7cFg8rrSH5A
[2026-09-09T08:12:49.499+0000] {data_modification.py:53} INFO - updated row with video_id:IFhR27BUzb0
[2026-09-09T08:12:49.505+0000] {data_modification.py:53} INFO - updated row with video_id:1k490VsEWVs
[2026-09-09T08:12:49.515+0000] {data_modification.py:53} INFO - updated row with video_id:cOb2jvIfDzs
[2026-09-09T08:12:49.524+0000] {data_modification.py:53} INFO - updated row with video_id:qqOSqZfh94E
[2026-09-09T08:12:49.531+0000] {data_modification.py:53} INFO - updated row with video_id:s-IHUg0vyZk
[2026-09-09T08:12:49.538+0000] {data_modification.py:53} INFO - updated row with video_id:MAYRq72f8MI
[2026-09-09T08:12:49.543+0000] {data_modification.py:53} INFO - updated row with video_id:1PzfU6DmTaU
[2026-09-09T08:12:49.551+0000] {data_modification.py:53} INFO - updated row with video_id:SZEoj7UvfOg
[2026-09-09T08:12:49.557+0000] {data_modification.py:53} INFO - updated row with video_id:k7ASEOEh-o8
[2026-09-09T08:12:49.566+0000] {data_modification.py:53} INFO - updated row with video_id:xdk8MufwqXY
[2026-09-09T08:12:49.574+0000] {data_modification.py:53} INFO - updated row with video_id:nBO5AzqLuxY
[2026-09-09T08:12:49.582+0000] {data_modification.py:53} INFO - updated row with video_id:h0iUIPzhT14
[2026-09-09T08:12:49.588+0000] {data_modification.py:53} INFO - updated row with video_id:qnurXbu2vio
[2026-09-09T08:12:49.593+0000] {data_modification.py:53} INFO - updated row with video_id:9FFmOPFKEbI
[2026-09-09T08:12:49.600+0000] {data_modification.py:53} INFO - updated row with video_id:fn_MDAV0cpk
[2026-09-09T08:12:49.606+0000] {data_modification.py:53} INFO - updated row with video_id:anj_yXXbP4I
[2026-09-09T08:12:49.613+0000] {data_modification.py:53} INFO - updated row with video_id:DQGgzjgjXOU
[2026-09-09T08:12:49.619+0000] {data_modification.py:53} INFO - updated row with video_id:YQ28kqa3lIo
[2026-09-09T08:12:49.626+0000] {data_modification.py:53} INFO - updated row with video_id:vL0GpmOAffU
[2026-09-09T08:12:49.633+0000] {data_modification.py:53} INFO - updated row with video_id:2p193IbrfBs
[2026-09-09T08:12:49.641+0000] {data_modification.py:53} INFO - updated row with video_id:JL2yNF08bRI
[2026-09-09T08:12:49.647+0000] {data_modification.py:53} INFO - updated row with video_id:prghIqZXVIE
[2026-09-09T08:12:49.652+0000] {data_modification.py:53} INFO - updated row with video_id:BPNJ_Q7MA6w
[2026-09-09T08:12:49.659+0000] {data_modification.py:53} INFO - updated row with video_id:0JWMzSBd_3U
[2026-09-09T08:12:49.668+0000] {data_modification.py:53} INFO - updated row with video_id:9Ts6zCpxWG8
[2026-09-09T08:12:49.675+0000] {data_modification.py:53} INFO - updated row with video_id:Ab2EBhjxex4
[2026-09-09T08:12:49.689+0000] {data_modification.py:53} INFO - updated row with video_id:plRvyekBjKk
[2026-09-09T08:12:49.697+0000] {data_modification.py:53} INFO - updated row with video_id:sGAncfME8_o
[2026-09-09T08:12:49.702+0000] {data_modification.py:53} INFO - updated row with video_id:skOB_GTPpP8
[2026-09-09T08:12:49.710+0000] {data_modification.py:53} INFO - updated row with video_id:tEpMU8atFlE
[2026-09-09T08:12:49.716+0000] {data_modification.py:53} INFO - updated row with video_id:mhu86BPC97U
[2026-09-09T08:12:49.724+0000] {data_modification.py:53} INFO - updated row with video_id:iYxVMvUaxig
[2026-09-09T08:12:49.732+0000] {data_modification.py:53} INFO - updated row with video_id:spNXTxZUNNQ
[2026-09-09T08:12:49.738+0000] {data_modification.py:53} INFO - updated row with video_id:Z738L-asFHw
[2026-09-09T08:12:49.752+0000] {data_modification.py:53} INFO - updated row with video_id:0_yZHL8aOpU
[2026-09-09T08:12:49.767+0000] {data_modification.py:53} INFO - updated row with video_id:K0RVbxnSmEY
[2026-09-09T08:12:49.774+0000] {data_modification.py:53} INFO - updated row with video_id:3p5u0gX30b8
[2026-09-09T08:12:49.783+0000] {data_modification.py:53} INFO - updated row with video_id:Ejt3R9lUUsY
[2026-09-09T08:12:49.820+0000] {data_modification.py:53} INFO - updated row with video_id:doffT2sd4Lc
[2026-09-09T08:12:49.836+0000] {data_modification.py:53} INFO - updated row with video_id:pk7hqssRQN4
[2026-09-09T08:12:49.844+0000] {data_modification.py:53} INFO - updated row with video_id:Ui9g4t2u4vY
[2026-09-09T08:12:49.849+0000] {data_modification.py:53} INFO - updated row with video_id:ROpGKkYIwW0
[2026-09-09T08:12:49.862+0000] {data_modification.py:53} INFO - updated row with video_id:_B_rryDkmCw
[2026-09-09T08:12:49.870+0000] {data_modification.py:53} INFO - updated row with video_id:KuUichFesYE
[2026-09-09T08:12:49.882+0000] {data_modification.py:53} INFO - updated row with video_id:4_gTwqoMBRc
[2026-09-09T08:12:49.891+0000] {data_modification.py:53} INFO - updated row with video_id:Zte7JTB1KE8
[2026-09-09T08:12:49.902+0000] {data_modification.py:53} INFO - updated row with video_id:IWT9z6VMeDY
[2026-09-09T08:12:49.911+0000] {data_modification.py:53} INFO - updated row with video_id:6NYjDxDwnFo
[2026-09-09T08:12:49.917+0000] {data_modification.py:53} INFO - updated row with video_id:0S-Y1vZwR1A
[2026-09-09T08:12:49.937+0000] {data_modification.py:53} INFO - updated row with video_id:vxoPTv59BYc
[2026-09-09T08:12:49.942+0000] {data_modification.py:53} INFO - updated row with video_id:wdpvOJWF9EM
[2026-09-09T08:12:49.950+0000] {data_modification.py:53} INFO - updated row with video_id:ZPMXOMLJjEY
[2026-09-09T08:12:49.956+0000] {data_modification.py:53} INFO - updated row with video_id:sTwj4aDXXSI
[2026-09-09T08:12:49.965+0000] {data_modification.py:53} INFO - updated row with video_id:F36Q1O7k6p0
[2026-09-09T08:12:49.971+0000] {data_modification.py:53} INFO - updated row with video_id:1zzwCGWXMz8
[2026-09-09T08:12:49.976+0000] {data_modification.py:53} INFO - updated row with video_id:h-hckxOYL2Q
[2026-09-09T08:12:49.982+0000] {data_modification.py:53} INFO - updated row with video_id:8gqxv6HZHRU
[2026-09-09T08:12:49.987+0000] {data_modification.py:53} INFO - updated row with video_id:e_UkPXXLaZM
[2026-09-09T08:12:49.994+0000] {data_modification.py:53} INFO - updated row with video_id:nL-TOAiOEKI
[2026-09-09T08:12:50.000+0000] {data_modification.py:53} INFO - updated row with video_id:6xzhYN9UYVw
[2026-09-09T08:12:50.010+0000] {data_modification.py:53} INFO - updated row with video_id:utjXTssUaqs
[2026-09-09T08:12:50.015+0000] {data_modification.py:53} INFO - updated row with video_id:lp0ey3wRasg
[2026-09-09T08:12:50.021+0000] {data_modification.py:53} INFO - updated row with video_id:uwBUj5OrXz8
[2026-09-09T08:12:50.028+0000] {data_modification.py:53} INFO - updated row with video_id:W5F6pgs5rOk
[2026-09-09T08:12:50.034+0000] {data_modification.py:53} INFO - updated row with video_id:ld6F8e3TT0k
[2026-09-09T08:12:50.041+0000] {data_modification.py:53} INFO - updated row with video_id:UUGPqoA9SaE
[2026-09-09T08:12:50.051+0000] {data_modification.py:53} INFO - updated row with video_id:8S7t219ztAM
[2026-09-09T08:12:50.056+0000] {data_modification.py:53} INFO - updated row with video_id:dBf6L0ZmNss
[2026-09-09T08:12:50.064+0000] {data_modification.py:53} INFO - updated row with video_id:zKr_AlRuxFQ
[2026-09-09T08:12:50.071+0000] {data_modification.py:53} INFO - updated row with video_id:HjVHZQFkPoA
[2026-09-09T08:12:50.077+0000] {data_modification.py:53} INFO - updated row with video_id:Qb2km0l3kcA
[2026-09-09T08:12:50.084+0000] {data_modification.py:53} INFO - updated row with video_id:9yjDYYtzhQY
[2026-09-09T08:12:50.089+0000] {data_modification.py:53} INFO - updated row with video_id:AHVbF1MjmIU
[2026-09-09T08:12:50.096+0000] {data_modification.py:53} INFO - updated row with video_id:eJyt33R3QsI
[2026-09-09T08:12:50.105+0000] {data_modification.py:53} INFO - updated row with video_id:jgYWhlvJke4
[2026-09-09T08:12:50.112+0000] {data_modification.py:53} INFO - updated row with video_id:jEsZ9Y-QsGY
[2026-09-09T08:12:50.117+0000] {data_modification.py:53} INFO - updated row with video_id:QH-TvIH6ywU
[2026-09-09T08:12:50.124+0000] {data_modification.py:53} INFO - updated row with video_id:hhjZM9V46r8
[2026-09-09T08:12:50.132+0000] {data_modification.py:53} INFO - updated row with video_id:PvjToPQU148
[2026-09-09T08:12:50.138+0000] {data_modification.py:53} INFO - updated row with video_id:TGJd1bePbNg
[2026-09-09T08:12:50.143+0000] {data_modification.py:53} INFO - updated row with video_id:2mKBpcsdeaA
[2026-09-09T08:12:50.149+0000] {data_modification.py:53} INFO - updated row with video_id:lDs8ZTI2DJo
[2026-09-09T08:12:50.155+0000] {data_modification.py:53} INFO - updated row with video_id:IejmIhac6nM
[2026-09-09T08:12:50.161+0000] {data_modification.py:53} INFO - updated row with video_id:UFra0CDojw8
[2026-09-09T08:12:50.166+0000] {data_modification.py:53} INFO - updated row with video_id:6HLMqagWWDw
[2026-09-09T08:12:50.173+0000] {data_modification.py:53} INFO - updated row with video_id:hTRHWJYsX2s
[2026-09-09T08:12:50.183+0000] {data_modification.py:53} INFO - updated row with video_id:yqbYdgjuGyI
[2026-09-09T08:12:50.190+0000] {data_modification.py:53} INFO - updated row with video_id:AnYvq0378tQ
[2026-09-09T08:12:50.196+0000] {data_modification.py:53} INFO - updated row with video_id:p4Qo88eY8ak
[2026-09-09T08:12:50.202+0000] {data_modification.py:53} INFO - updated row with video_id:5cvt6MxiAT0
[2026-09-09T08:12:50.209+0000] {data_modification.py:53} INFO - updated row with video_id:H7TGIW8Tu2k
[2026-09-09T08:12:50.215+0000] {data_modification.py:53} INFO - updated row with video_id:QklIINnTT2w
[2026-09-09T08:12:50.220+0000] {data_modification.py:53} INFO - updated row with video_id:6ap6nGWpAIs
[2026-09-09T08:12:50.226+0000] {data_modification.py:53} INFO - updated row with video_id:elj2UyGCQ3E
[2026-09-09T08:12:50.239+0000] {data_modification.py:53} INFO - updated row with video_id:MzwVnUBCip4
[2026-09-09T08:12:50.247+0000] {data_modification.py:53} INFO - updated row with video_id:PXbqG0BY6E4
[2026-09-09T08:12:50.254+0000] {data_modification.py:53} INFO - updated row with video_id:nAiBwJC1XfQ
[2026-09-09T08:12:50.264+0000] {data_modification.py:53} INFO - updated row with video_id:YaNOk74ETQI
[2026-09-09T08:12:50.302+0000] {data_modification.py:53} INFO - updated row with video_id:j_aOfoO118M
[2026-09-09T08:12:50.395+0000] {data_modification.py:53} INFO - updated row with video_id:8HWHvDwTjW8
[2026-09-09T08:12:50.402+0000] {data_modification.py:53} INFO - updated row with video_id:IRkuQM1yPiM
[2026-09-09T08:12:50.417+0000] {data_modification.py:53} INFO - updated row with video_id:q_qor-Jmd78
[2026-09-09T08:12:50.427+0000] {data_modification.py:53} INFO - updated row with video_id:OdG3nTfP0lM
[2026-09-09T08:12:50.434+0000] {data_modification.py:53} INFO - updated row with video_id:BBtCoieSRy0
[2026-09-09T08:12:50.441+0000] {data_modification.py:53} INFO - updated row with video_id:69u1e4wBO1g
[2026-09-09T08:12:50.448+0000] {data_modification.py:53} INFO - updated row with video_id:EkqV_mYHTiw
[2026-09-09T08:12:50.453+0000] {data_modification.py:53} INFO - updated row with video_id:NH8n1sMhx-0
[2026-09-09T08:12:50.463+0000] {data_modification.py:53} INFO - updated row with video_id:we7999HX15U
[2026-09-09T08:12:50.469+0000] {data_modification.py:53} INFO - updated row with video_id:BPTML8YStp0
[2026-09-09T08:12:50.476+0000] {data_modification.py:53} INFO - updated row with video_id:oXNdrH2o96I
[2026-09-09T08:12:50.483+0000] {data_modification.py:53} INFO - updated row with video_id:X9adLNvdQC4
[2026-09-09T08:12:50.491+0000] {data_modification.py:53} INFO - updated row with video_id:RvNteO24zVU
[2026-09-09T08:12:50.498+0000] {data_modification.py:53} INFO - updated row with video_id:GCl-DEWq-QY
[2026-09-09T08:12:50.504+0000] {data_modification.py:53} INFO - updated row with video_id:WIPDDKmyX-8
[2026-09-09T08:12:50.517+0000] {data_modification.py:53} INFO - updated row with video_id:QccyyqGrK-4
[2026-09-09T08:12:50.524+0000] {data_modification.py:53} INFO - updated row with video_id:3G8d23r8YHU
[2026-09-09T08:12:50.532+0000] {data_modification.py:53} INFO - updated row with video_id:-nL4VCYA3VY
[2026-09-09T08:12:50.539+0000] {data_modification.py:53} INFO - updated row with video_id:RRFw6SaizhY
[2026-09-09T08:12:50.546+0000] {data_modification.py:53} INFO - updated row with video_id:h5RgQRaRfmA
[2026-09-09T08:12:50.551+0000] {data_modification.py:53} INFO - updated row with video_id:T7xcyGQJFpc
[2026-09-09T08:12:50.557+0000] {data_modification.py:53} INFO - updated row with video_id:RidLgFmbMf0
[2026-09-09T08:12:50.565+0000] {data_modification.py:53} INFO - updated row with video_id:tbzIxJQHIHU
[2026-09-09T08:12:50.572+0000] {data_modification.py:53} INFO - updated row with video_id:VbKFzL2HuJU
[2026-09-09T08:12:50.579+0000] {data_modification.py:53} INFO - updated row with video_id:HAH3jM9p1qM
[2026-09-09T08:12:50.585+0000] {data_modification.py:53} INFO - updated row with video_id:vgYXV6Nnj98
[2026-09-09T08:12:50.590+0000] {data_modification.py:53} INFO - updated row with video_id:oHI1SYep5pU
[2026-09-09T08:12:50.598+0000] {data_modification.py:53} INFO - updated row with video_id:wUycwai6Nm0
[2026-09-09T08:12:50.605+0000] {data_modification.py:53} INFO - updated row with video_id:EyMX5IF56_8
[2026-09-09T08:12:50.611+0000] {data_modification.py:53} INFO - updated row with video_id:oR44apuMt80
[2026-09-09T08:12:50.617+0000] {data_modification.py:53} INFO - updated row with video_id:hm9ryFImFQk
[2026-09-09T08:12:50.624+0000] {data_modification.py:53} INFO - updated row with video_id:LDsF1FCn7f8
[2026-09-09T08:12:50.630+0000] {data_modification.py:53} INFO - updated row with video_id:qhe79lo-VZs
[2026-09-09T08:12:50.636+0000] {data_modification.py:53} INFO - updated row with video_id:SMXEmCHQQIY
[2026-09-09T08:12:50.642+0000] {data_modification.py:53} INFO - updated row with video_id:Y3wyjtvYssw
[2026-09-09T08:12:50.651+0000] {data_modification.py:53} INFO - updated row with video_id:vcGjLwfpAE4
[2026-09-09T08:12:50.657+0000] {data_modification.py:53} INFO - updated row with video_id:SesyfgpdF_Y
[2026-09-09T08:12:50.664+0000] {data_modification.py:53} INFO - updated row with video_id:r34qfqlB1OE
[2026-09-09T08:12:50.670+0000] {data_modification.py:53} INFO - updated row with video_id:A8bRZSz84go
[2026-09-09T08:12:50.677+0000] {data_modification.py:53} INFO - updated row with video_id:8I2sQ6vnDcY
[2026-09-09T08:12:50.682+0000] {data_modification.py:53} INFO - updated row with video_id:PviAV4gz8oQ
[2026-09-09T08:12:50.688+0000] {data_modification.py:53} INFO - updated row with video_id:Upp89F5EBq8
[2026-09-09T08:12:50.694+0000] {data_modification.py:53} INFO - updated row with video_id:dbSUEFaR0MI
[2026-09-09T08:12:50.700+0000] {data_modification.py:53} INFO - updated row with video_id:GQQ76_fa2j8
[2026-09-09T08:12:50.705+0000] {data_modification.py:53} INFO - updated row with video_id:wu2gUwBrM6I
[2026-09-09T08:12:50.712+0000] {data_modification.py:53} INFO - updated row with video_id:1reAU8S8q1c
[2026-09-09T08:12:50.718+0000] {data_modification.py:53} INFO - updated row with video_id:AyIsCk3SFEI
[2026-09-09T08:12:50.726+0000] {data_modification.py:53} INFO - updated row with video_id:mmewzmyLvBI
[2026-09-09T08:12:50.733+0000] {data_modification.py:53} INFO - updated row with video_id:h_flAqzF1DU
[2026-09-09T08:12:50.739+0000] {data_modification.py:53} INFO - updated row with video_id:vmKCkbd5IVc
[2026-09-09T08:12:50.745+0000] {data_modification.py:53} INFO - updated row with video_id:_gvm4otqjgg
[2026-09-09T08:12:50.752+0000] {data_modification.py:53} INFO - updated row with video_id:CcINgZbm-Qw
[2026-09-09T08:12:50.763+0000] {data_modification.py:53} INFO - updated row with video_id:4O3p9hfoM6s
[2026-09-09T08:12:50.769+0000] {data_modification.py:53} INFO - updated row with video_id:Fu9bYA7xw2k
[2026-09-09T08:12:50.777+0000] {data_modification.py:53} INFO - updated row with video_id:ukHMWvxuTIM
[2026-09-09T08:12:50.783+0000] {data_modification.py:53} INFO - updated row with video_id:5NC5cFnPk-w
[2026-09-09T08:12:50.789+0000] {data_modification.py:53} INFO - updated row with video_id:nTknOYoBo9w
[2026-09-09T08:12:50.796+0000] {data_modification.py:53} INFO - updated row with video_id:otUE2DxSujs
[2026-09-09T08:12:50.804+0000] {data_modification.py:53} INFO - updated row with video_id:A8x1fJ2mE44
[2026-09-09T08:12:50.809+0000] {data_modification.py:53} INFO - updated row with video_id:sFz0sta8jYs
[2026-09-09T08:12:50.816+0000] {data_modification.py:53} INFO - updated row with video_id:OKIEbWXFub8
[2026-09-09T08:12:50.821+0000] {data_modification.py:53} INFO - updated row with video_id:TPTLN-VB2no
[2026-09-09T08:12:50.827+0000] {data_modification.py:53} INFO - updated row with video_id:_UJEeOMUA_o
[2026-09-09T08:12:50.833+0000] {data_modification.py:53} INFO - updated row with video_id:8dvgeCuHxjk
[2026-09-09T08:12:50.839+0000] {data_modification.py:53} INFO - updated row with video_id:gxZn2uOAwyI
[2026-09-09T08:12:50.847+0000] {data_modification.py:53} INFO - updated row with video_id:FBXpNewB4KQ
[2026-09-09T08:12:50.853+0000] {data_modification.py:53} INFO - updated row with video_id:kDXgUnFZFbg
[2026-09-09T08:12:50.859+0000] {data_modification.py:53} INFO - updated row with video_id:4mDiNF3SiU4
[2026-09-09T08:12:50.866+0000] {data_modification.py:53} INFO - updated row with video_id:oxwhyoIcNP8
[2026-09-09T08:12:50.872+0000] {data_modification.py:53} INFO - updated row with video_id:HRPZ-ZPfUtY
[2026-09-09T08:12:50.880+0000] {data_modification.py:53} INFO - updated row with video_id:tINgzl3fmrs
[2026-09-09T08:12:50.885+0000] {data_modification.py:53} INFO - updated row with video_id:Df_1uclmmMs
[2026-09-09T08:12:50.891+0000] {data_modification.py:53} INFO - updated row with video_id:_Abhb2bDro4
[2026-09-09T08:12:50.898+0000] {data_modification.py:53} INFO - updated row with video_id:Wlg_--kytyo
[2026-09-09T08:12:50.904+0000] {data_modification.py:53} INFO - updated row with video_id:Y-LuNAA7Nnc
[2026-09-09T08:12:50.910+0000] {data_modification.py:53} INFO - updated row with video_id:yseM4_iyLqA
[2026-09-09T08:12:50.918+0000] {data_modification.py:53} INFO - updated row with video_id:CeSn0CaN9vg
[2026-09-09T08:12:50.924+0000] {data_modification.py:53} INFO - updated row with video_id:qlYmznjFO4A
[2026-09-09T08:12:50.931+0000] {data_modification.py:53} INFO - updated row with video_id:c76f_p-XroA
[2026-09-09T08:12:50.936+0000] {data_modification.py:53} INFO - updated row with video_id:aBL1-5pFSUI
[2026-09-09T08:12:50.943+0000] {data_modification.py:53} INFO - updated row with video_id:cvM_lsiybI0
[2026-09-09T08:12:50.949+0000] {data_modification.py:53} INFO - updated row with video_id:TkxX9kJuVgk
[2026-09-09T08:12:50.958+0000] {data_modification.py:53} INFO - updated row with video_id:Q2U7qJw6Lg4
[2026-09-09T08:12:50.966+0000] {data_modification.py:53} INFO - updated row with video_id:zovE-WTabW0
[2026-09-09T08:12:50.971+0000] {data_modification.py:53} INFO - updated row with video_id:bmS374wa-1Y
[2026-09-09T08:12:50.977+0000] {data_modification.py:53} INFO - updated row with video_id:_o8Fs_V4YUA
[2026-09-09T08:12:50.984+0000] {data_modification.py:53} INFO - updated row with video_id:VjAAK_EIwOU
[2026-09-09T08:12:50.990+0000] {data_modification.py:53} INFO - updated row with video_id:t9IyQm1S3SE
[2026-09-09T08:12:50.998+0000] {data_modification.py:53} INFO - updated row with video_id:cQaVoLg1TNQ
[2026-09-09T08:12:51.005+0000] {data_modification.py:53} INFO - updated row with video_id:mp_ReFPUCBU
[2026-09-09T08:12:51.013+0000] {data_modification.py:53} INFO - updated row with video_id:1LiPOax0AcY
[2026-09-09T08:12:51.026+0000] {data_modification.py:53} INFO - updated row with video_id:ghpgG6Kjr2o
[2026-09-09T08:12:51.035+0000] {data_modification.py:53} INFO - updated row with video_id:yLFsOMB509I
[2026-09-09T08:12:51.042+0000] {data_modification.py:53} INFO - updated row with video_id:AqV4ghjO2UY
[2026-09-09T08:12:51.048+0000] {data_modification.py:53} INFO - updated row with video_id:shJpK-E9PLs
[2026-09-09T08:12:51.064+0000] {data_modification.py:53} INFO - updated row with video_id:8o6DayScRmY
[2026-09-09T08:12:51.077+0000] {data_modification.py:53} INFO - updated row with video_id:ccr4QGcv0bM
[2026-09-09T08:12:51.084+0000] {data_modification.py:53} INFO - updated row with video_id:2jdR-R-Qhkc
[2026-09-09T08:12:51.091+0000] {data_modification.py:53} INFO - updated row with video_id:pEeX0zaJm7Q
[2026-09-09T08:12:51.099+0000] {data_modification.py:53} INFO - updated row with video_id:cAnG_j2e1vo
[2026-09-09T08:12:51.107+0000] {data_modification.py:53} INFO - updated row with video_id:fv_rXc4dEKM
[2026-09-09T08:12:51.113+0000] {data_modification.py:53} INFO - updated row with video_id:Ts5d8vWgZHY
[2026-09-09T08:12:51.120+0000] {data_modification.py:53} INFO - updated row with video_id:A90ZI-4Ry44
[2026-09-09T08:12:51.127+0000] {data_modification.py:53} INFO - updated row with video_id:DTbLUk-m8uc
[2026-09-09T08:12:51.132+0000] {data_modification.py:53} INFO - updated row with video_id:fo9PfKZBfAA
[2026-09-09T08:12:51.139+0000] {data_modification.py:53} INFO - updated row with video_id:B2TOjMDO0CE
[2026-09-09T08:12:51.147+0000] {data_modification.py:53} INFO - updated row with video_id:uFJ3i0qPIXc
[2026-09-09T08:12:51.153+0000] {data_modification.py:53} INFO - updated row with video_id:q8nuG7cnDRs
[2026-09-09T08:12:51.157+0000] {data_modification.py:53} INFO - updated row with video_id:dNBZM5ITMn0
[2026-09-09T08:12:51.171+0000] {data_modification.py:53} INFO - updated row with video_id:QeRsdyDthPw
[2026-09-09T08:12:51.180+0000] {data_modification.py:53} INFO - updated row with video_id:T_E6pze31Ok
[2026-09-09T08:12:51.187+0000] {data_modification.py:53} INFO - updated row with video_id:k4SPSUUaC7I
[2026-09-09T08:12:51.222+0000] {data_modification.py:53} INFO - updated row with video_id:x2BWNe0YXjs
[2026-09-09T08:12:51.284+0000] {data_modification.py:53} INFO - updated row with video_id:-U13Lmx4TW0
[2026-09-09T08:12:51.348+0000] {data_modification.py:53} INFO - updated row with video_id:GAudtQw5w-Y
[2026-09-09T08:12:51.419+0000] {data_modification.py:53} INFO - updated row with video_id:X_y8MQRaRy8
[2026-09-09T08:12:51.463+0000] {data_modification.py:53} INFO - updated row with video_id:0HC416twZls
[2026-09-09T08:12:51.627+0000] {data_modification.py:53} INFO - updated row with video_id:bIzdQYpOsXg
[2026-09-09T08:12:51.739+0000] {data_modification.py:53} INFO - updated row with video_id:LgkQBzSKgjQ
[2026-09-09T08:12:51.783+0000] {data_modification.py:53} INFO - updated row with video_id:Zhp4EmPH3Bw
[2026-09-09T08:12:51.827+0000] {data_modification.py:53} INFO - updated row with video_id:UVaKg6SbC1U
[2026-09-09T08:12:51.877+0000] {data_modification.py:53} INFO - updated row with video_id:7Z6RNvcTm5I
[2026-09-09T08:12:51.966+0000] {data_modification.py:53} INFO - updated row with video_id:NIRtgj-5bOE
[2026-09-09T08:12:52.104+0000] {data_modification.py:53} INFO - updated row with video_id:REaKanC-Vo0
[2026-09-09T08:12:52.196+0000] {data_modification.py:53} INFO - updated row with video_id:kbqb1sxIMZE
[2026-09-09T08:12:52.220+0000] {data_modification.py:53} INFO - updated row with video_id:xIVsl7FrpLM
[2026-09-09T08:12:52.240+0000] {data_modification.py:53} INFO - updated row with video_id:Da9-f_pWYyE
[2026-09-09T08:12:52.263+0000] {data_modification.py:53} INFO - updated row with video_id:ah_O30tkzA4
[2026-09-09T08:12:52.274+0000] {data_modification.py:53} INFO - updated row with video_id:gUunQApTdj4
[2026-09-09T08:12:52.282+0000] {data_modification.py:53} INFO - updated row with video_id:0vt5_OM4VzY
[2026-09-09T08:12:52.289+0000] {data_modification.py:53} INFO - updated row with video_id:588A5tuLvvw
[2026-09-09T08:12:52.295+0000] {data_modification.py:53} INFO - updated row with video_id:VvJMNPMZN74
[2026-09-09T08:12:52.300+0000] {data_modification.py:53} INFO - updated row with video_id:9T_3boQA7go
[2026-09-09T08:12:52.306+0000] {data_modification.py:53} INFO - updated row with video_id:6igpm9dx5Gg
[2026-09-09T08:12:52.315+0000] {data_modification.py:53} INFO - updated row with video_id:qRN_70yd9KE
[2026-09-09T08:12:52.321+0000] {data_modification.py:53} INFO - updated row with video_id:4-OCORnYbQA
[2026-09-09T08:12:52.330+0000] {data_modification.py:53} INFO - updated row with video_id:z0BUcgxngdg
[2026-09-09T08:12:52.336+0000] {data_modification.py:53} INFO - updated row with video_id:_ORuRVFpQdA
[2026-09-09T08:12:52.341+0000] {data_modification.py:53} INFO - updated row with video_id:XEjZyJDQUmc
[2026-09-09T08:12:52.349+0000] {data_modification.py:53} INFO - updated row with video_id:a06522ysP0c
[2026-09-09T08:12:52.356+0000] {data_modification.py:53} INFO - updated row with video_id:wlBwhrZb3Dc
[2026-09-09T08:12:52.367+0000] {data_modification.py:53} INFO - updated row with video_id:gvYbAtUyF_k
[2026-09-09T08:12:52.374+0000] {data_modification.py:53} INFO - updated row with video_id:EIQajbN95VU
[2026-09-09T08:12:52.381+0000] {data_modification.py:53} INFO - updated row with video_id:YlFVKEQQ0ZM
[2026-09-09T08:12:52.387+0000] {data_modification.py:53} INFO - updated row with video_id:YLVO_RfKcTc
[2026-09-09T08:12:52.394+0000] {data_modification.py:53} INFO - updated row with video_id:EtW-l6-KNwk
[2026-09-09T08:12:52.401+0000] {data_modification.py:53} INFO - updated row with video_id:0TD0dyLeGDg
[2026-09-09T08:12:52.407+0000] {data_modification.py:53} INFO - updated row with video_id:at3DQuS3ztk
[2026-09-09T08:12:52.413+0000] {data_modification.py:53} INFO - updated row with video_id:wayLIqa_9-4
[2026-09-09T08:12:52.421+0000] {data_modification.py:53} INFO - updated row with video_id:L7ryrXdVrnA
[2026-09-09T08:12:52.428+0000] {data_modification.py:53} INFO - updated row with video_id:8WlFQ66ZbeY
[2026-09-09T08:12:52.434+0000] {data_modification.py:53} INFO - updated row with video_id:y4Foyi5STl0
[2026-09-09T08:12:52.441+0000] {data_modification.py:53} INFO - updated row with video_id:-A6hxZ6sUWU
[2026-09-09T08:12:52.447+0000] {data_modification.py:53} INFO - updated row with video_id:2kBa7M_GX4g
[2026-09-09T08:12:52.454+0000] {data_modification.py:53} INFO - updated row with video_id:Ok0CRrJu2HU
[2026-09-09T08:12:52.467+0000] {data_modification.py:53} INFO - updated row with video_id:0sVDxrpPTvM
[2026-09-09T08:12:52.474+0000] {data_modification.py:53} INFO - updated row with video_id:2O70ldfbXbY
[2026-09-09T08:12:52.480+0000] {data_modification.py:53} INFO - updated row with video_id:ISnygzSh4L0
[2026-09-09T08:12:52.488+0000] {data_modification.py:53} INFO - updated row with video_id:4CGiZzYkCX4
[2026-09-09T08:12:52.496+0000] {data_modification.py:53} INFO - updated row with video_id:AJKYSaQY6dQ
[2026-09-09T08:12:52.503+0000] {data_modification.py:53} INFO - updated row with video_id:hI8y1jeF56o
[2026-09-09T08:12:52.510+0000] {data_modification.py:53} INFO - updated row with video_id:BUvWC5dr498
[2026-09-09T08:12:52.524+0000] {data_modification.py:53} INFO - updated row with video_id:n7wBdIN_V50
[2026-09-09T08:12:52.540+0000] {data_modification.py:53} INFO - updated row with video_id:CiLrwxD2p9E
[2026-09-09T08:12:52.571+0000] {data_modification.py:53} INFO - updated row with video_id:IhIBQwMJHMw
[2026-09-09T08:12:52.596+0000] {data_modification.py:53} INFO - updated row with video_id:3DKY8o5_PGQ
[2026-09-09T08:12:52.608+0000] {data_modification.py:53} INFO - updated row with video_id:xvFaKfLm_x4
[2026-09-09T08:12:52.615+0000] {data_modification.py:53} INFO - updated row with video_id:0RgO-9ecOog
[2026-09-09T08:12:52.624+0000] {data_modification.py:53} INFO - updated row with video_id:cY0DS0WYUHc
[2026-09-09T08:12:52.636+0000] {data_modification.py:53} INFO - updated row with video_id:rJXhbhtmHjE
[2026-09-09T08:12:52.642+0000] {data_modification.py:53} INFO - updated row with video_id:4t4VxJV_eQc
[2026-09-09T08:12:52.648+0000] {data_modification.py:53} INFO - updated row with video_id:lcouibsT6UU
[2026-09-09T08:12:52.656+0000] {data_modification.py:53} INFO - updated row with video_id:7DeP32djeOk
[2026-09-09T08:12:52.663+0000] {data_modification.py:53} INFO - updated row with video_id:U4xqYvqkenY
[2026-09-09T08:12:52.668+0000] {data_modification.py:53} INFO - updated row with video_id:mhn1M-XWIOc
[2026-09-09T08:12:52.686+0000] {data_modification.py:53} INFO - updated row with video_id:JKQR3NEcm8g
[2026-09-09T08:12:52.693+0000] {data_modification.py:53} INFO - updated row with video_id:AaFRaBUwxiw
[2026-09-09T08:12:52.699+0000] {data_modification.py:53} INFO - updated row with video_id:FLJMHP34aiI
[2026-09-09T08:12:52.705+0000] {data_modification.py:53} INFO - updated row with video_id:RZ92Cy80I_M
[2026-09-09T08:12:52.712+0000] {data_modification.py:53} INFO - updated row with video_id:DKfptyGTPT8
[2026-09-09T08:12:52.718+0000] {data_modification.py:53} INFO - updated row with video_id:5fw-fpjWF7s
[2026-09-09T08:12:52.724+0000] {data_modification.py:53} INFO - updated row with video_id:SkXSg9nYJJg
[2026-09-09T08:12:52.731+0000] {data_modification.py:53} INFO - updated row with video_id:HQmBBhSF5Bs
[2026-09-09T08:12:52.736+0000] {data_modification.py:53} INFO - updated row with video_id:Qfl7v_MVCZo
[2026-09-09T08:12:52.751+0000] {data_modification.py:53} INFO - updated row with video_id:reemmdj17J0
[2026-09-09T08:12:52.758+0000] {data_modification.py:53} INFO - updated row with video_id:MnkUX5WEmvE
[2026-09-09T08:12:52.785+0000] {data_modification.py:53} INFO - updated row with video_id:I3r-LHeNIEg
[2026-09-09T08:12:52.803+0000] {data_modification.py:53} INFO - updated row with video_id:9ZCoakt56pM
[2026-09-09T08:12:52.825+0000] {data_modification.py:53} INFO - updated row with video_id:betKhnxyDTs
[2026-09-09T08:12:52.846+0000] {data_modification.py:53} INFO - updated row with video_id:182dWrMYZ0c
[2026-09-09T08:12:52.862+0000] {data_modification.py:53} INFO - updated row with video_id:G3E1z9eIZDg
[2026-09-09T08:12:52.882+0000] {data_modification.py:53} INFO - updated row with video_id:sdTV0ohEjbk
[2026-09-09T08:12:52.894+0000] {data_modification.py:53} INFO - updated row with video_id:WOJ42xGkhMU
[2026-09-09T08:12:52.901+0000] {data_modification.py:53} INFO - updated row with video_id:hqP5AsdMi2o
[2026-09-09T08:12:52.908+0000] {data_modification.py:53} INFO - updated row with video_id:Gt3Sz3FwmyI
[2026-09-09T08:12:52.951+0000] {data_modification.py:53} INFO - updated row with video_id:Xc9oT-S0hVk
[2026-09-09T08:12:52.957+0000] {data_modification.py:53} INFO - updated row with video_id:7N_SMOBAbeU
[2026-09-09T08:12:52.966+0000] {data_modification.py:53} INFO - updated row with video_id:0Hg13Zxz12A
[2026-09-09T08:12:52.971+0000] {data_modification.py:53} INFO - updated row with video_id:_sxp4H8m2Lc
[2026-09-09T08:12:52.981+0000] {data_modification.py:53} INFO - updated row with video_id:bCWnEd0AD-g
[2026-09-09T08:12:53.014+0000] {data_modification.py:53} INFO - updated row with video_id:bBHIoLtfkA8
[2026-09-09T08:12:53.035+0000] {data_modification.py:53} INFO - updated row with video_id:86tk4rrATxU
[2026-09-09T08:12:53.042+0000] {data_modification.py:53} INFO - updated row with video_id:9dkQupkI5YI
[2026-09-09T08:12:53.059+0000] {data_modification.py:53} INFO - updated row with video_id:QYL4bE3Xn0w
[2026-09-09T08:12:53.065+0000] {data_modification.py:53} INFO - updated row with video_id:m81k04Ynfi8
[2026-09-09T08:12:53.070+0000] {data_modification.py:53} INFO - updated row with video_id:0Y8LmRnWwso
[2026-09-09T08:12:53.077+0000] {data_modification.py:53} INFO - updated row with video_id:PB1OpI-4mD8
[2026-09-09T08:12:53.084+0000] {data_modification.py:53} INFO - updated row with video_id:eoGkA0fn-zU
[2026-09-09T08:12:53.089+0000] {data_modification.py:53} INFO - updated row with video_id:DbxXpCEkU5g
[2026-09-09T08:12:53.097+0000] {data_modification.py:53} INFO - updated row with video_id:Ys83eLt5CfE
[2026-09-09T08:12:53.102+0000] {data_modification.py:53} INFO - updated row with video_id:RUOGFng-Si4
[2026-09-09T08:12:53.107+0000] {data_modification.py:53} INFO - updated row with video_id:7t_vRdOY0dU
[2026-09-09T08:12:53.114+0000] {data_modification.py:53} INFO - updated row with video_id:NzEPAn7ftzs
[2026-09-09T08:12:53.122+0000] {data_modification.py:53} INFO - updated row with video_id:hA-ZzI0FIcc
[2026-09-09T08:12:53.129+0000] {data_modification.py:53} INFO - updated row with video_id:ReIPk7wbcns
[2026-09-09T08:12:53.135+0000] {data_modification.py:53} INFO - updated row with video_id:on5kfe35TfE
[2026-09-09T08:12:53.142+0000] {data_modification.py:53} INFO - updated row with video_id:fFETbLjMfwg
[2026-09-09T08:12:53.147+0000] {data_modification.py:53} INFO - updated row with video_id:atGXTve-2Cc
[2026-09-09T08:12:53.153+0000] {data_modification.py:53} INFO - updated row with video_id:IWEWglfSLqU
[2026-09-09T08:12:53.160+0000] {data_modification.py:53} INFO - updated row with video_id:sNoFQ_idSxU
[2026-09-09T08:12:53.167+0000] {data_modification.py:53} INFO - updated row with video_id:6-fKJBRKCvg
[2026-09-09T08:12:53.174+0000] {data_modification.py:53} INFO - updated row with video_id:LpC2JXzk02M
[2026-09-09T08:12:53.198+0000] {data_modification.py:53} INFO - updated row with video_id:NLw5dBcaDBA
[2026-09-09T08:12:53.232+0000] {data_modification.py:53} INFO - updated row with video_id:Hj20qpMeY-M
[2026-09-09T08:12:53.254+0000] {data_modification.py:53} INFO - updated row with video_id:LOOUUpAxoDA
[2026-09-09T08:12:53.277+0000] {data_modification.py:53} INFO - updated row with video_id:vPXcfcyoCOQ
[2026-09-09T08:12:53.295+0000] {data_modification.py:53} INFO - updated row with video_id:YMcMPxezlX0
[2026-09-09T08:12:53.315+0000] {data_modification.py:53} INFO - updated row with video_id:CB4DMsM73O4
[2026-09-09T08:12:53.321+0000] {data_modification.py:53} INFO - updated row with video_id:OH_YLCDxTmk
[2026-09-09T08:12:53.354+0000] {data_modification.py:53} INFO - updated row with video_id:ILLleQLjIys
[2026-09-09T08:12:53.363+0000] {data_modification.py:53} INFO - updated row with video_id:0y7tcUlXoLE
[2026-09-09T08:12:53.369+0000] {data_modification.py:53} INFO - updated row with video_id:YMKhxkjph8s
[2026-09-09T08:12:53.378+0000] {data_modification.py:53} INFO - updated row with video_id:u7O2UPKjqyc
[2026-09-09T08:12:53.385+0000] {data_modification.py:53} INFO - updated row with video_id:fssoZaWJs88
[2026-09-09T08:12:53.390+0000] {data_modification.py:53} INFO - updated row with video_id:7WaT0gsbfew
[2026-09-09T08:12:53.395+0000] {data_modification.py:53} INFO - updated row with video_id:k9n9DMVpFJA
[2026-09-09T08:12:53.403+0000] {data_modification.py:53} INFO - updated row with video_id:w2OlAgSdRUw
[2026-09-09T08:12:53.410+0000] {data_modification.py:53} INFO - updated row with video_id:H_eEUaOF7VI
[2026-09-09T08:12:53.416+0000] {data_modification.py:53} INFO - updated row with video_id:OXAs7agsg44
[2026-09-09T08:12:53.421+0000] {data_modification.py:53} INFO - updated row with video_id:wOBE39P1qvM
[2026-09-09T08:12:53.428+0000] {data_modification.py:53} INFO - updated row with video_id:EycepXznggg
[2026-09-09T08:12:53.434+0000] {data_modification.py:53} INFO - updated row with video_id:qpxje1oRUNE
[2026-09-09T08:12:53.441+0000] {data_modification.py:53} INFO - updated row with video_id:AWTJe-m-2SM
[2026-09-09T08:12:53.447+0000] {data_modification.py:53} INFO - updated row with video_id:z7lLe_x0m7c
[2026-09-09T08:12:53.457+0000] {data_modification.py:53} INFO - updated row with video_id:3d6oVmyZoRo
[2026-09-09T08:12:53.462+0000] {data_modification.py:53} INFO - updated row with video_id:kOClEcd-_HU
[2026-09-09T08:12:53.467+0000] {data_modification.py:53} INFO - updated row with video_id:P_g0RKcnnuE
[2026-09-09T08:12:53.474+0000] {data_modification.py:53} INFO - updated row with video_id:tKNcRkokW-4
[2026-09-09T08:12:53.480+0000] {data_modification.py:53} INFO - updated row with video_id:hYqY7D9fHZ4
[2026-09-09T08:12:53.487+0000] {data_modification.py:53} INFO - updated row with video_id:_3bZkcF-2nk
[2026-09-09T08:12:53.493+0000] {data_modification.py:53} INFO - updated row with video_id:U0s1TJWNcoM
[2026-09-09T08:12:53.499+0000] {data_modification.py:53} INFO - updated row with video_id:xPIKXBXn7EE
[2026-09-09T08:12:53.506+0000] {data_modification.py:53} INFO - updated row with video_id:PP6exYneDWs
[2026-09-09T08:12:53.512+0000] {data_modification.py:53} INFO - updated row with video_id:4MmX7x19DMY
[2026-09-09T08:12:53.519+0000] {data_modification.py:53} INFO - updated row with video_id:kGCWRvBnUAw
[2026-09-09T08:12:53.524+0000] {data_modification.py:53} INFO - updated row with video_id:sALNn5tZB7c
[2026-09-09T08:12:53.530+0000] {data_modification.py:53} INFO - updated row with video_id:NqVzlXeKN9s
[2026-09-09T08:12:53.537+0000] {data_modification.py:53} INFO - updated row with video_id:Vh7ub2k5sOs
[2026-09-09T08:12:53.544+0000] {data_modification.py:53} INFO - updated row with video_id:lNCKQtjGTU8
[2026-09-09T08:12:53.552+0000] {data_modification.py:53} INFO - updated row with video_id:WSb2eW1s3YE
[2026-09-09T08:12:53.559+0000] {data_modification.py:53} INFO - updated row with video_id:o5Cb3O62ix8
[2026-09-09T08:12:53.573+0000] {data_modification.py:53} INFO - updated row with video_id:VnTRmhHQgR0
[2026-09-09T08:12:53.579+0000] {data_modification.py:53} INFO - updated row with video_id:U_c-PEd1UXI
[2026-09-09T08:12:53.586+0000] {data_modification.py:53} INFO - updated row with video_id:1LBLBY8Hn4w
[2026-09-09T08:12:53.591+0000] {data_modification.py:53} INFO - updated row with video_id:ZxVCZFs4kEA
[2026-09-09T08:12:53.597+0000] {data_modification.py:53} INFO - updated row with video_id:iZVOROUorEE
[2026-09-09T08:12:53.602+0000] {data_modification.py:53} INFO - updated row with video_id:cvelarulFoo
[2026-09-09T08:12:53.608+0000] {data_modification.py:53} INFO - updated row with video_id:tvyBfKoZyKQ
[2026-09-09T08:12:53.614+0000] {data_modification.py:53} INFO - updated row with video_id:f43oN6KLbhs
[2026-09-09T08:12:53.620+0000] {data_modification.py:53} INFO - updated row with video_id:cGzbt9z0A7Y
[2026-09-09T08:12:53.627+0000] {data_modification.py:53} INFO - updated row with video_id:ffvkKV8J4Tg
[2026-09-09T08:12:53.634+0000] {data_modification.py:53} INFO - updated row with video_id:v4LvmrGUE5g
[2026-09-09T08:12:53.641+0000] {data_modification.py:53} INFO - updated row with video_id:fvZSZDYkVjY
[2026-09-09T08:12:53.649+0000] {data_modification.py:53} INFO - updated row with video_id:dDBIhziMZD4
[2026-09-09T08:12:53.656+0000] {data_modification.py:53} INFO - updated row with video_id:DnGJAjyPa8A
[2026-09-09T08:12:53.663+0000] {data_modification.py:53} INFO - updated row with video_id:Q7gyggtOU3o
[2026-09-09T08:12:53.671+0000] {data_modification.py:53} INFO - updated row with video_id:IBUwVoB9TVM
[2026-09-09T08:12:53.678+0000] {data_modification.py:53} INFO - updated row with video_id:VNGgqWJyAYU
[2026-09-09T08:12:53.683+0000] {data_modification.py:53} INFO - updated row with video_id:mxO-g6fahgA
[2026-09-09T08:12:53.691+0000] {data_modification.py:53} INFO - updated row with video_id:bJf38sOPOas
[2026-09-09T08:12:53.696+0000] {data_modification.py:53} INFO - updated row with video_id:yt1VgAEPy64
[2026-09-09T08:12:53.703+0000] {data_modification.py:53} INFO - updated row with video_id:QysJHWiesD0
[2026-09-09T08:12:53.713+0000] {data_modification.py:53} INFO - updated row with video_id:n21-N5Rpymc
[2026-09-09T08:12:53.718+0000] {data_modification.py:53} INFO - updated row with video_id:qPfuibFzpUU
[2026-09-09T08:12:53.725+0000] {data_modification.py:53} INFO - updated row with video_id:dkM-chah6_8
[2026-09-09T08:12:53.731+0000] {data_modification.py:53} INFO - updated row with video_id:IAy-on7zMNc
[2026-09-09T08:12:53.738+0000] {data_modification.py:53} INFO - updated row with video_id:H0n7uZy3SRI
[2026-09-09T08:12:53.745+0000] {data_modification.py:53} INFO - updated row with video_id:d3VHbO-hHEI
[2026-09-09T08:12:53.751+0000] {data_modification.py:53} INFO - updated row with video_id:f3C7erhz2JI
[2026-09-09T08:12:53.758+0000] {data_modification.py:53} INFO - updated row with video_id:djjVQnp_PIQ
[2026-09-09T08:12:53.765+0000] {data_modification.py:53} INFO - updated row with video_id:JfTGCoS_Eow
[2026-09-09T08:12:53.778+0000] {data_modification.py:53} INFO - updated row with video_id:gM4Rl8WWPsQ
[2026-09-09T08:12:53.785+0000] {data_modification.py:53} INFO - updated row with video_id:fJv2s6xYnYQ
[2026-09-09T08:12:53.790+0000] {data_modification.py:53} INFO - updated row with video_id:dKHsW3qfOds
[2026-09-09T08:12:53.796+0000] {data_modification.py:53} INFO - updated row with video_id:2oFhcX4grrQ
[2026-09-09T08:12:53.805+0000] {data_modification.py:53} INFO - updated row with video_id:GKLexe1DpCk
[2026-09-09T08:12:53.812+0000] {data_modification.py:53} INFO - updated row with video_id:5J8DrEzjYz8
[2026-09-09T08:12:53.819+0000] {data_modification.py:53} INFO - updated row with video_id:FO37PKG_nmA
[2026-09-09T08:12:53.825+0000] {data_modification.py:53} INFO - updated row with video_id:486REqFWRsE
[2026-09-09T08:12:53.830+0000] {data_modification.py:53} INFO - updated row with video_id:1gO_swkLahU
[2026-09-09T08:12:53.837+0000] {data_modification.py:53} INFO - updated row with video_id:y_2SEQV5GJ0
[2026-09-09T08:12:53.843+0000] {data_modification.py:53} INFO - updated row with video_id:6pnIHZWcnoI
[2026-09-09T08:12:53.850+0000] {data_modification.py:53} INFO - updated row with video_id:dPBPK9RRXUg
[2026-09-09T08:12:53.855+0000] {data_modification.py:53} INFO - updated row with video_id:zOR8E4rHBkM
[2026-09-09T08:12:53.861+0000] {data_modification.py:53} INFO - updated row with video_id:avcepErz7cc
[2026-09-09T08:12:53.868+0000] {data_modification.py:53} INFO - updated row with video_id:qIlrR4CCCwI
[2026-09-09T08:12:53.873+0000] {data_modification.py:53} INFO - updated row with video_id:wvF3S4yF37w
[2026-09-09T08:12:53.879+0000] {data_modification.py:53} INFO - updated row with video_id:IRPVP0mLrks
[2026-09-09T08:12:53.885+0000] {data_modification.py:53} INFO - updated row with video_id:MK0DASti1o4
[2026-09-09T08:12:53.891+0000] {data_modification.py:53} INFO - updated row with video_id:w79Xxu5FNps
[2026-09-09T08:12:53.898+0000] {data_modification.py:53} INFO - updated row with video_id:wR6jgRzUkkQ
[2026-09-09T08:12:53.904+0000] {data_modification.py:53} INFO - updated row with video_id:S7Hkdr1CJ_Q
[2026-09-09T08:12:53.912+0000] {data_modification.py:53} INFO - updated row with video_id:G62mA45QBW0
[2026-09-09T08:12:53.918+0000] {data_modification.py:53} INFO - updated row with video_id:NJjqBkFWopA
[2026-09-09T08:12:53.923+0000] {data_modification.py:53} INFO - updated row with video_id:a1hpoWWo16w
[2026-09-09T08:12:53.930+0000] {data_modification.py:53} INFO - updated row with video_id:F5FZQD1mols
[2026-09-09T08:12:53.936+0000] {data_modification.py:53} INFO - updated row with video_id:5f3Q67DGtc4
[2026-09-09T08:12:53.943+0000] {data_modification.py:53} INFO - updated row with video_id:3uFAdp89LlQ
[2026-09-09T08:12:53.949+0000] {data_modification.py:53} INFO - updated row with video_id:55U_nTv0J24
[2026-09-09T08:12:53.955+0000] {data_modification.py:53} INFO - updated row with video_id:mV6hsABC1G8
[2026-09-09T08:12:53.961+0000] {data_modification.py:53} INFO - updated row with video_id:S7fQPwg_YeM
[2026-09-09T08:12:53.968+0000] {data_modification.py:53} INFO - updated row with video_id:tiaFVm698Sc
[2026-09-09T08:12:53.974+0000] {data_modification.py:53} INFO - updated row with video_id:gnMg6CAZKuo
[2026-09-09T08:12:53.979+0000] {data_modification.py:53} INFO - updated row with video_id:d9hA_NvH6E0
[2026-09-09T08:12:53.985+0000] {data_modification.py:53} INFO - updated row with video_id:HsynU0lgZEc
[2026-09-09T08:12:53.992+0000] {data_modification.py:53} INFO - updated row with video_id:x9Xut2sKdbg
[2026-09-09T08:12:53.998+0000] {data_modification.py:53} INFO - updated row with video_id:dMqJ0xY4-34
[2026-09-09T08:12:54.006+0000] {data_modification.py:53} INFO - updated row with video_id:8mTCRZJEAQg
[2026-09-09T08:12:54.012+0000] {data_modification.py:53} INFO - updated row with video_id:cp89mKKsaB4
[2026-09-09T08:12:54.018+0000] {data_modification.py:53} INFO - updated row with video_id:yrv5mx2FNlI
[2026-09-09T08:12:54.023+0000] {data_modification.py:53} INFO - updated row with video_id:dLV3Dfz1eJ8
[2026-09-09T08:12:54.030+0000] {data_modification.py:53} INFO - updated row with video_id:teOZDU_Ha50
[2026-09-09T08:12:54.037+0000] {data_modification.py:53} INFO - updated row with video_id:ZmCm_TzTBWY
[2026-09-09T08:12:54.043+0000] {data_modification.py:53} INFO - updated row with video_id:g6BMGNnFOvw
[2026-09-09T08:12:54.049+0000] {data_modification.py:53} INFO - updated row with video_id:-ULFCwJpMy0
[2026-09-09T08:12:54.054+0000] {data_modification.py:53} INFO - updated row with video_id:SwNg-VNKkho
[2026-09-09T08:12:54.063+0000] {data_modification.py:53} INFO - updated row with video_id:aiYhg3KJuxI
[2026-09-09T08:12:54.072+0000] {data_modification.py:53} INFO - updated row with video_id:sIxZVW_QjQk
[2026-09-09T08:12:54.078+0000] {data_modification.py:53} INFO - updated row with video_id:XgWCkmYJsyg
[2026-09-09T08:12:54.084+0000] {data_modification.py:53} INFO - updated row with video_id:zPPxgv6QW6o
[2026-09-09T08:12:54.090+0000] {data_modification.py:53} INFO - updated row with video_id:NRWgAM3uTw0
[2026-09-09T08:12:54.100+0000] {data_modification.py:53} INFO - updated row with video_id:3e4uvdeMQlE
[2026-09-09T08:12:54.105+0000] {data_modification.py:53} INFO - updated row with video_id:JPZ432oa9Gw
[2026-09-09T08:12:54.113+0000] {data_modification.py:53} INFO - updated row with video_id:FS_eneS1QCc
[2026-09-09T08:12:54.119+0000] {data_modification.py:53} INFO - updated row with video_id:6V5tEcN-Yqo
[2026-09-09T08:12:54.127+0000] {data_modification.py:53} INFO - updated row with video_id:40soGTLNlR4
[2026-09-09T08:12:54.134+0000] {data_modification.py:53} INFO - updated row with video_id:6dFgkdJqPhw
[2026-09-09T08:12:54.141+0000] {data_modification.py:53} INFO - updated row with video_id:c_WSwDlFI4k
[2026-09-09T08:12:54.147+0000] {data_modification.py:53} INFO - updated row with video_id:_H-oM_IIiQA
[2026-09-09T08:12:54.153+0000] {data_modification.py:53} INFO - updated row with video_id:HGUQn2fSzEk
[2026-09-09T08:12:54.159+0000] {data_modification.py:53} INFO - updated row with video_id:xjRWZQY7gh4
[2026-09-09T08:12:54.165+0000] {data_modification.py:53} INFO - updated row with video_id:XYdj56nPE-0
[2026-09-09T08:12:54.171+0000] {data_modification.py:53} INFO - updated row with video_id:sJYSMARkNlo
[2026-09-09T08:12:54.179+0000] {data_modification.py:53} INFO - updated row with video_id:bNa0rJhq2Yk
[2026-09-09T08:12:54.186+0000] {data_modification.py:53} INFO - updated row with video_id:Niuxe1Y2qlA
[2026-09-09T08:12:54.194+0000] {data_modification.py:53} INFO - updated row with video_id:YSTgxOFZwmg
[2026-09-09T08:12:54.200+0000] {data_modification.py:53} INFO - updated row with video_id:lWXQ4rqFp7g
[2026-09-09T08:12:54.207+0000] {data_modification.py:53} INFO - updated row with video_id:ipuj-CDoIb4
[2026-09-09T08:12:54.213+0000] {data_modification.py:53} INFO - updated row with video_id:9hg0vISO0aQ
[2026-09-09T08:12:54.221+0000] {data_modification.py:53} INFO - updated row with video_id:OYEBTUJqD_U
[2026-09-09T08:12:54.228+0000] {data_modification.py:53} INFO - updated row with video_id:kWoEs6vNO94
[2026-09-09T08:12:54.234+0000] {data_modification.py:53} INFO - updated row with video_id:8jcxfV3zarE
[2026-09-09T08:12:54.240+0000] {data_modification.py:53} INFO - updated row with video_id:jbPyvT78XMQ
[2026-09-09T08:12:54.247+0000] {data_modification.py:53} INFO - updated row with video_id:7vganh6--M8
[2026-09-09T08:12:54.254+0000] {data_modification.py:53} INFO - updated row with video_id:lJv4UMQOcTw
[2026-09-09T08:12:54.260+0000] {data_modification.py:53} INFO - updated row with video_id:c4erB4c9zrY
[2026-09-09T08:12:54.266+0000] {data_modification.py:53} INFO - updated row with video_id:UhqVyvGYJfM
[2026-09-09T08:12:54.272+0000] {data_modification.py:53} INFO - updated row with video_id:h3lIe3yB23s
[2026-09-09T08:12:54.279+0000] {data_modification.py:53} INFO - updated row with video_id:BUad_rtZV4o
[2026-09-09T08:12:54.286+0000] {data_modification.py:53} INFO - updated row with video_id:yP_V-XHZNx0
[2026-09-09T08:12:54.293+0000] {data_modification.py:53} INFO - updated row with video_id:yZ4W0B9hdZk
[2026-09-09T08:12:54.299+0000] {data_modification.py:53} INFO - updated row with video_id:V-8LrieYOcI
[2026-09-09T08:12:54.306+0000] {data_modification.py:53} INFO - updated row with video_id:60YTqAgN5nE
[2026-09-09T08:12:54.320+0000] {data_modification.py:53} INFO - updated row with video_id:_PPXixqBmrA
[2026-09-09T08:12:54.326+0000] {dwh.py:79} INFO - coretable update completed
[2026-09-09T08:12:54.329+0000] {python.py:237} INFO - Done. Returned value was: None
[2026-09-09T08:12:54.334+0000] {taskinstance.py:441} INFO - ::group::Post task execution logs
[2026-09-09T08:12:54.359+0000] {taskinstance.py:1206} INFO - Marking task as SUCCESS. dag_id=update_db, task_id=core_table, run_id=manual__2026-09-09T08:12:21.034281+00:00, execution_date=20260909T081221, start_date=20260909T081246, end_date=20260909T081254
[2026-09-09T08:12:54.475+0000] {local_task_job_runner.py:240} INFO - Task exited with return code 0
[2026-09-09T08:12:54.502+0000] {taskinstance.py:3503} INFO - 0 downstream tasks scheduled from follow-on schedule check
[2026-09-09T08:12:54.509+0000] {local_task_job_runner.py:222} INFO - ::endgroup::
