[2026-09-04T12:04:24.468+0000] {local_task_job_runner.py:120} INFO - ::group::Pre task execution logs
[2026-09-04T12:04:24.510+0000] {taskinstance.py:2076} INFO - Dependencies all met for dep_context=non-requeueable deps ti=<TaskInstance: update_db.core_table manual__2026-09-04T12:04:12.806853+00:00 [queued]>
[2026-09-04T12:04:24.527+0000] {taskinstance.py:2076} INFO - Dependencies all met for dep_context=requeueable deps ti=<TaskInstance: update_db.core_table manual__2026-09-04T12:04:12.806853+00:00 [queued]>
[2026-09-04T12:04:24.529+0000] {taskinstance.py:2306} INFO - Starting attempt 1 of 1
[2026-09-04T12:04:24.559+0000] {taskinstance.py:2330} INFO - Executing <Task(_PythonDecoratedOperator): core_table> on 2026-09-04 12:04:12.806853+00:00
[2026-09-04T12:04:24.572+0000] {standard_task_runner.py:63} INFO - Started process 168 to run task
[2026-09-04T12:04:24.580+0000] {standard_task_runner.py:90} INFO - Running: ['airflow', 'tasks', 'run', 'update_db', 'core_table', 'manual__2026-09-04T12:04:12.806853+00:00', '--job-id', '48', '--raw', '--subdir', 'DAGS_FOLDER/main.py', '--cfg-path', '/tmp/tmpb67mifv1']
[2026-09-04T12:04:24.585+0000] {standard_task_runner.py:91} INFO - Job 48: Subtask core_table
[2026-09-04T12:04:24.681+0000] {task_command.py:426} INFO - Running <TaskInstance: update_db.core_table manual__2026-09-04T12:04:12.806853+00:00 [running]> on host f3da14e6274e
[2026-09-04T12:04:24.825+0000] {taskinstance.py:2648} INFO - Exporting env vars: AIRFLOW_CTX_DAG_OWNER='airflow' AIRFLOW_CTX_DAG_ID='update_db' AIRFLOW_CTX_TASK_ID='core_table' AIRFLOW_CTX_EXECUTION_DATE='2026-09-04T12:04:12.806853+00:00' AIRFLOW_CTX_TRY_NUMBER='1' AIRFLOW_CTX_DAG_RUN_ID='manual__2026-09-04T12:04:12.806853+00:00'
[2026-09-04T12:04:24.828+0000] {taskinstance.py:430} INFO - ::endgroup::
[2026-09-04T12:04:24.839+0000] {base.py:84} INFO - Using connection ID 'postgres_db_yt_elt' for task execution.
[2026-09-04T12:04:24.848+0000] {base.py:84} INFO - Using connection ID 'postgres_db_yt_elt' for task execution.
[2026-09-04T12:04:24.867+0000] {base.py:84} INFO - Using connection ID 'postgres_db_yt_elt' for task execution.
[2026-09-04T12:04:24.956+0000] {data_modification.py:22} INFO - insert row with video_ID:i1WfpuZErcM
[2026-09-04T12:04:24.962+0000] {data_modification.py:22} INFO - insert row with video_ID:Oss-6cGsWs0
[2026-09-04T12:04:24.970+0000] {data_modification.py:22} INFO - insert row with video_ID:IDeq2yJsyqg
[2026-09-04T12:04:24.977+0000] {data_modification.py:22} INFO - insert row with video_ID:EbJcMAfEg0o
[2026-09-04T12:04:24.983+0000] {data_modification.py:22} INFO - insert row with video_ID:IRi6AEqhq1Q
[2026-09-04T12:04:24.992+0000] {data_modification.py:22} INFO - insert row with video_ID:G-ywA1D9-9o
[2026-09-04T12:04:24.999+0000] {data_modification.py:22} INFO - insert row with video_ID:yW47gxbsqXo
[2026-09-04T12:04:25.005+0000] {data_modification.py:22} INFO - insert row with video_ID:YbF5kbALBLU
[2026-09-04T12:04:25.012+0000] {data_modification.py:22} INFO - insert row with video_ID:2WD845pHIj8
[2026-09-04T12:04:25.021+0000] {data_modification.py:22} INFO - insert row with video_ID:8xzx8eEytPE
[2026-09-04T12:04:25.028+0000] {data_modification.py:22} INFO - insert row with video_ID:MzM84euAhxM
[2026-09-04T12:04:25.033+0000] {data_modification.py:22} INFO - insert row with video_ID:skF52qeMq24
[2026-09-04T12:04:25.038+0000] {data_modification.py:22} INFO - insert row with video_ID:8JhstIzUFSU
[2026-09-04T12:04:25.045+0000] {data_modification.py:22} INFO - insert row with video_ID:YkSVPY6A3xI
[2026-09-04T12:04:25.052+0000] {data_modification.py:22} INFO - insert row with video_ID:s3eFlxgyz8Y
[2026-09-04T12:04:25.057+0000] {data_modification.py:22} INFO - insert row with video_ID:7sRTX72yA7c
[2026-09-04T12:04:25.063+0000] {data_modification.py:22} INFO - insert row with video_ID:F5FZQD1mols
[2026-09-04T12:04:25.071+0000] {data_modification.py:22} INFO - insert row with video_ID:agk-_PhCifo
[2026-09-04T12:04:25.077+0000] {data_modification.py:22} INFO - insert row with video_ID:vMHnYDTaED8
[2026-09-04T12:04:25.083+0000] {data_modification.py:22} INFO - insert row with video_ID:1eRGC_ebu5I
[2026-09-04T12:04:25.090+0000] {data_modification.py:22} INFO - insert row with video_ID:JSuWrvJGpXA
[2026-09-04T12:04:25.095+0000] {data_modification.py:22} INFO - insert row with video_ID:oxo3GW_NK7U
[2026-09-04T12:04:25.102+0000] {data_modification.py:22} INFO - insert row with video_ID:OxVa--mRy-s
[2026-09-04T12:04:25.110+0000] {data_modification.py:22} INFO - insert row with video_ID:c0Q9xhuDGUM
[2026-09-04T12:04:25.118+0000] {data_modification.py:22} INFO - insert row with video_ID:qNO5CZ6y7Sg
[2026-09-04T12:04:25.126+0000] {data_modification.py:22} INFO - insert row with video_ID:wUalnjVyGFg
[2026-09-04T12:04:25.132+0000] {data_modification.py:22} INFO - insert row with video_ID:lC3CslH1Jk0
[2026-09-04T12:04:25.139+0000] {data_modification.py:22} INFO - insert row with video_ID:BRV8sVfAYes
[2026-09-04T12:04:25.145+0000] {data_modification.py:22} INFO - insert row with video_ID:TFb5VZbTWW8
[2026-09-04T12:04:25.152+0000] {data_modification.py:22} INFO - insert row with video_ID:5otzIsTRAVs
[2026-09-04T12:04:25.157+0000] {data_modification.py:22} INFO - insert row with video_ID:FfAKSF-BsuE
[2026-09-04T12:04:25.162+0000] {data_modification.py:22} INFO - insert row with video_ID:SKwDxy_sYGg
[2026-09-04T12:04:25.170+0000] {data_modification.py:22} INFO - insert row with video_ID:9IK7SHy2EqM
[2026-09-04T12:04:25.178+0000] {data_modification.py:22} INFO - insert row with video_ID:d1p87GyuI-4
[2026-09-04T12:04:25.184+0000] {data_modification.py:22} INFO - insert row with video_ID:e_bOcDQSXfs
[2026-09-04T12:04:25.189+0000] {data_modification.py:22} INFO - insert row with video_ID:DS5S02PItCg
[2026-09-04T12:04:25.196+0000] {data_modification.py:22} INFO - insert row with video_ID:_op31YCic1c
[2026-09-04T12:04:25.205+0000] {data_modification.py:22} INFO - insert row with video_ID:lG0Ti2QmcnA
[2026-09-04T12:04:25.212+0000] {data_modification.py:22} INFO - insert row with video_ID:Kt7Qc-yd2C0
[2026-09-04T12:04:25.223+0000] {data_modification.py:22} INFO - insert row with video_ID:9VbzTx6a6Zw
[2026-09-04T12:04:25.240+0000] {data_modification.py:22} INFO - insert row with video_ID:huWjmj9lkHU
[2026-09-04T12:04:25.273+0000] {data_modification.py:22} INFO - insert row with video_ID:YwHccmbbOnY
[2026-09-04T12:04:25.289+0000] {data_modification.py:22} INFO - insert row with video_ID:M4gCCt3UpcE
[2026-09-04T12:04:25.325+0000] {data_modification.py:22} INFO - insert row with video_ID:5f3Q67DGtc4
[2026-09-04T12:04:25.347+0000] {data_modification.py:22} INFO - insert row with video_ID:LM-v9I2QBks
[2026-09-04T12:04:25.354+0000] {data_modification.py:22} INFO - insert row with video_ID:1Fv8GCjK94s
[2026-09-04T12:04:25.359+0000] {data_modification.py:22} INFO - insert row with video_ID:Pd9QVyZJrFw
[2026-09-04T12:04:25.364+0000] {data_modification.py:22} INFO - insert row with video_ID:NkesgkugFJc
[2026-09-04T12:04:25.372+0000] {data_modification.py:22} INFO - insert row with video_ID:JSN5fRIsj7o
[2026-09-04T12:04:25.379+0000] {data_modification.py:22} INFO - insert row with video_ID:l9zxVm6Hzkw
[2026-09-04T12:04:25.386+0000] {data_modification.py:22} INFO - insert row with video_ID:ep146L7Cn_Q
[2026-09-04T12:04:25.391+0000] {data_modification.py:22} INFO - insert row with video_ID:Rt2D04o3Ivo
[2026-09-04T12:04:25.396+0000] {data_modification.py:22} INFO - insert row with video_ID:3uFAdp89LlQ
[2026-09-04T12:04:25.403+0000] {data_modification.py:22} INFO - insert row with video_ID:55U_nTv0J24
[2026-09-04T12:04:25.413+0000] {data_modification.py:22} INFO - insert row with video_ID:mV6hsABC1G8
[2026-09-04T12:04:25.464+0000] {data_modification.py:22} INFO - insert row with video_ID:S7fQPwg_YeM
[2026-09-04T12:04:25.514+0000] {data_modification.py:22} INFO - insert row with video_ID:xi_NGNV9dOE
[2026-09-04T12:04:25.544+0000] {data_modification.py:22} INFO - insert row with video_ID:lPa85hGrtco
[2026-09-04T12:04:25.571+0000] {data_modification.py:22} INFO - insert row with video_ID:lAS7IbGvgPI
[2026-09-04T12:04:25.582+0000] {data_modification.py:22} INFO - insert row with video_ID:MoQWJHTnOl8
[2026-09-04T12:04:25.588+0000] {data_modification.py:22} INFO - insert row with video_ID:SNyz3ZIqhng
[2026-09-04T12:04:25.594+0000] {data_modification.py:22} INFO - insert row with video_ID:mWahK6-1oZ8
[2026-09-04T12:04:25.602+0000] {data_modification.py:22} INFO - insert row with video_ID:m6_wcSfUHLg
[2026-09-04T12:04:25.608+0000] {data_modification.py:22} INFO - insert row with video_ID:HDfEPIyikzs
[2026-09-04T12:04:25.616+0000] {data_modification.py:22} INFO - insert row with video_ID:UQzTT3UYSMg
[2026-09-04T12:04:25.621+0000] {data_modification.py:22} INFO - insert row with video_ID:30k_D9vBDeI
[2026-09-04T12:04:25.628+0000] {data_modification.py:22} INFO - insert row with video_ID:DteH9UwOfpA
[2026-09-04T12:04:25.636+0000] {data_modification.py:22} INFO - insert row with video_ID:xFYXMnzcBb0
[2026-09-04T12:04:25.641+0000] {data_modification.py:22} INFO - insert row with video_ID:2NDahJhphvI
[2026-09-04T12:04:25.648+0000] {data_modification.py:22} INFO - insert row with video_ID:cQnGEvNdUcg
[2026-09-04T12:04:25.657+0000] {data_modification.py:22} INFO - insert row with video_ID:tHaMPyO9v2M
[2026-09-04T12:04:25.671+0000] {data_modification.py:22} INFO - insert row with video_ID:aQkpkcbBBS4
[2026-09-04T12:04:25.694+0000] {data_modification.py:22} INFO - insert row with video_ID:F7oCnostH8A
[2026-09-04T12:04:25.716+0000] {data_modification.py:22} INFO - insert row with video_ID:o1_j2TvF_BE
[2026-09-04T12:04:25.729+0000] {data_modification.py:22} INFO - insert row with video_ID:R3nZ2MxkvRs
[2026-09-04T12:04:25.738+0000] {data_modification.py:22} INFO - insert row with video_ID:9YmrT-Q_vDQ
[2026-09-04T12:04:25.753+0000] {data_modification.py:22} INFO - insert row with video_ID:2N6XYRDh41s
[2026-09-04T12:04:25.761+0000] {data_modification.py:22} INFO - insert row with video_ID:zJVdQEZ5bjY
[2026-09-04T12:04:25.771+0000] {data_modification.py:22} INFO - insert row with video_ID:IBai8qm-nqs
[2026-09-04T12:04:25.780+0000] {data_modification.py:22} INFO - insert row with video_ID:z3yae8OIPEU
[2026-09-04T12:04:25.803+0000] {data_modification.py:22} INFO - insert row with video_ID:t_Ux3gZGWOw
[2026-09-04T12:04:25.812+0000] {data_modification.py:22} INFO - insert row with video_ID:B3t9lKS1jg4
[2026-09-04T12:04:25.834+0000] {data_modification.py:22} INFO - insert row with video_ID:9quuSVZ9AMQ
[2026-09-04T12:04:25.839+0000] {data_modification.py:22} INFO - insert row with video_ID:abn1bLSho10
[2026-09-04T12:04:25.851+0000] {data_modification.py:22} INFO - insert row with video_ID:leXKZMScM4Y
[2026-09-04T12:04:25.860+0000] {data_modification.py:22} INFO - insert row with video_ID:Fuzws1RYblA
[2026-09-04T12:04:25.883+0000] {data_modification.py:22} INFO - insert row with video_ID:qL2JYPPN8EU
[2026-09-04T12:04:25.894+0000] {data_modification.py:22} INFO - insert row with video_ID:tiaFVm698Sc
[2026-09-04T12:04:25.909+0000] {data_modification.py:22} INFO - insert row with video_ID:2tQZ47H3TwY
[2026-09-04T12:04:25.917+0000] {data_modification.py:22} INFO - insert row with video_ID:On67fQtw48w
[2026-09-04T12:04:25.925+0000] {data_modification.py:22} INFO - insert row with video_ID:Vbkb2hV4i5s
[2026-09-04T12:04:25.933+0000] {data_modification.py:22} INFO - insert row with video_ID:5JS4aH5rBBo
[2026-09-04T12:04:25.938+0000] {data_modification.py:22} INFO - insert row with video_ID:56Z1Vj8AJVE
[2026-09-04T12:04:25.943+0000] {data_modification.py:22} INFO - insert row with video_ID:9uGS4lK92lA
[2026-09-04T12:04:25.951+0000] {data_modification.py:22} INFO - insert row with video_ID:sFpJntYxuGA
[2026-09-04T12:04:25.958+0000] {data_modification.py:22} INFO - insert row with video_ID:bE83nlnfbNs
[2026-09-04T12:04:25.970+0000] {data_modification.py:22} INFO - insert row with video_ID:4lRQM-ZUpK4
[2026-09-04T12:04:25.984+0000] {data_modification.py:22} INFO - insert row with video_ID:c8snwP7Ctvc
[2026-09-04T12:04:25.993+0000] {data_modification.py:22} INFO - insert row with video_ID:rMcspGVkJW4
[2026-09-04T12:04:26.000+0000] {data_modification.py:22} INFO - insert row with video_ID:2YYYAGTE2zg
[2026-09-04T12:04:26.007+0000] {data_modification.py:22} INFO - insert row with video_ID:XslYAEmp9Ws
[2026-09-04T12:04:26.013+0000] {data_modification.py:22} INFO - insert row with video_ID:OETbOK0ntWk
[2026-09-04T12:04:26.020+0000] {data_modification.py:22} INFO - insert row with video_ID:Jmc77n88PWY
[2026-09-04T12:04:26.026+0000] {data_modification.py:22} INFO - insert row with video_ID:ticbllOFceM
[2026-09-04T12:04:26.032+0000] {data_modification.py:22} INFO - insert row with video_ID:LRey5gfcBwg
[2026-09-04T12:04:26.039+0000] {data_modification.py:22} INFO - insert row with video_ID:TNs5-ACYAG8
[2026-09-04T12:04:26.044+0000] {data_modification.py:22} INFO - insert row with video_ID:NVyEbINHwwY
[2026-09-04T12:04:26.049+0000] {data_modification.py:22} INFO - insert row with video_ID:C4pY9eTIgvw
[2026-09-04T12:04:26.056+0000] {data_modification.py:22} INFO - insert row with video_ID:z3UhFmDjqxE
[2026-09-04T12:04:26.061+0000] {data_modification.py:22} INFO - insert row with video_ID:S-DxMZzq9MU
[2026-09-04T12:04:26.070+0000] {data_modification.py:22} INFO - insert row with video_ID:houoIa_y3nA
[2026-09-04T12:04:26.075+0000] {data_modification.py:22} INFO - insert row with video_ID:gnMg6CAZKuo
[2026-09-04T12:04:26.080+0000] {data_modification.py:22} INFO - insert row with video_ID:tCh7uAF9BCs
[2026-09-04T12:04:26.087+0000] {data_modification.py:22} INFO - insert row with video_ID:rc2kZk0S3Sg
[2026-09-04T12:04:26.093+0000] {data_modification.py:22} INFO - insert row with video_ID:vYk4y7-br2o
[2026-09-04T12:04:26.098+0000] {data_modification.py:22} INFO - insert row with video_ID:gRMOge4k2uQ
[2026-09-04T12:04:26.104+0000] {data_modification.py:22} INFO - insert row with video_ID:TcQJNy1RhJg
[2026-09-04T12:04:26.109+0000] {data_modification.py:22} INFO - insert row with video_ID:wCLL5Oafw7w
[2026-09-04T12:04:26.116+0000] {data_modification.py:22} INFO - insert row with video_ID:KjxbkszU4xA
[2026-09-04T12:04:26.122+0000] {data_modification.py:22} INFO - insert row with video_ID:3lFilSPxScM
[2026-09-04T12:04:26.128+0000] {data_modification.py:22} INFO - insert row with video_ID:aMktu9j-OCY
[2026-09-04T12:04:26.135+0000] {data_modification.py:22} INFO - insert row with video_ID:aWa_Sd_IBME
[2026-09-04T12:04:26.141+0000] {data_modification.py:22} INFO - insert row with video_ID:XNiTVeR8t_s
[2026-09-04T12:04:26.147+0000] {data_modification.py:22} INFO - insert row with video_ID:pV1ZiYm5pwA
[2026-09-04T12:04:26.153+0000] {data_modification.py:22} INFO - insert row with video_ID:4TI5WqaNOwA
[2026-09-04T12:04:26.158+0000] {data_modification.py:22} INFO - insert row with video_ID:mrkfROfB_DA
[2026-09-04T12:04:26.165+0000] {data_modification.py:22} INFO - insert row with video_ID:s3Uzz22Z9bM
[2026-09-04T12:04:26.172+0000] {data_modification.py:22} INFO - insert row with video_ID:yfEYaLt6lkI
[2026-09-04T12:04:26.177+0000] {data_modification.py:22} INFO - insert row with video_ID:WjwPSjCZ050
[2026-09-04T12:04:26.182+0000] {data_modification.py:22} INFO - insert row with video_ID:F30CG1X-_MA
[2026-09-04T12:04:26.188+0000] {data_modification.py:22} INFO - insert row with video_ID:d9hA_NvH6E0
[2026-09-04T12:04:26.194+0000] {data_modification.py:22} INFO - insert row with video_ID:YZXiKednj-M
[2026-09-04T12:04:26.203+0000] {data_modification.py:22} INFO - insert row with video_ID:dcydwLXBkKQ
[2026-09-04T12:04:26.209+0000] {data_modification.py:22} INFO - insert row with video_ID:tTMfi_eBCQM
[2026-09-04T12:04:26.215+0000] {data_modification.py:22} INFO - insert row with video_ID:A9I_zrYlZTs
[2026-09-04T12:04:26.220+0000] {data_modification.py:22} INFO - insert row with video_ID:Wxly14_ikNw
[2026-09-04T12:04:26.226+0000] {data_modification.py:22} INFO - insert row with video_ID:5eEB1CXpiJs
[2026-09-04T12:04:26.233+0000] {data_modification.py:22} INFO - insert row with video_ID:uN9sdZ8b4sM
[2026-09-04T12:04:26.238+0000] {data_modification.py:22} INFO - insert row with video_ID:1ih9XRA7X6Q
[2026-09-04T12:04:26.244+0000] {data_modification.py:22} INFO - insert row with video_ID:rgnm51LV5G4
[2026-09-04T12:04:26.249+0000] {data_modification.py:22} INFO - insert row with video_ID:YS_53Jd2BDA
[2026-09-04T12:04:26.256+0000] {data_modification.py:22} INFO - insert row with video_ID:uEaRhTYH18g
[2026-09-04T12:04:26.263+0000] {data_modification.py:22} INFO - insert row with video_ID:_-BjT6LZvfw
[2026-09-04T12:04:26.271+0000] {data_modification.py:22} INFO - insert row with video_ID:s_yuclAkJ68
[2026-09-04T12:04:26.276+0000] {data_modification.py:22} INFO - insert row with video_ID:82CTopJZUxo
[2026-09-04T12:04:26.282+0000] {data_modification.py:22} INFO - insert row with video_ID:vgvOmrq75Do
[2026-09-04T12:04:26.292+0000] {data_modification.py:22} INFO - insert row with video_ID:UKdNEo_iCg4
[2026-09-04T12:04:26.319+0000] {data_modification.py:22} INFO - insert row with video_ID:Kj5r3TVBYtA
[2026-09-04T12:04:26.343+0000] {data_modification.py:22} INFO - insert row with video_ID:ZyIUEuydmNo
[2026-09-04T12:04:26.374+0000] {data_modification.py:22} INFO - insert row with video_ID:nJYAn6BgKUE
[2026-09-04T12:04:26.382+0000] {data_modification.py:22} INFO - insert row with video_ID:frmYvKInYgI
[2026-09-04T12:04:26.391+0000] {data_modification.py:22} INFO - insert row with video_ID:avk5yHHthiY
[2026-09-04T12:04:26.399+0000] {data_modification.py:22} INFO - insert row with video_ID:3NDoiMZa_F8
[2026-09-04T12:04:26.408+0000] {data_modification.py:22} INFO - insert row with video_ID:LRZBr7iT5EM
[2026-09-04T12:04:26.421+0000] {data_modification.py:22} INFO - insert row with video_ID:KUyHjkeSmTI
[2026-09-04T12:04:26.428+0000] {data_modification.py:22} INFO - insert row with video_ID:PKSTsQXba0A
[2026-09-04T12:04:26.440+0000] {data_modification.py:22} INFO - insert row with video_ID:tKsWPPcrbM4
[2026-09-04T12:04:26.449+0000] {data_modification.py:22} INFO - insert row with video_ID:1kMQyLg7jl8
[2026-09-04T12:04:26.478+0000] {data_modification.py:22} INFO - insert row with video_ID:AlOEIfODjms
[2026-09-04T12:04:26.521+0000] {data_modification.py:22} INFO - insert row with video_ID:FZfTgZCxkHs
[2026-09-04T12:04:26.526+0000] {data_modification.py:22} INFO - insert row with video_ID:HsynU0lgZEc
[2026-09-04T12:04:26.535+0000] {data_modification.py:22} INFO - insert row with video_ID:6kdJi9-drsI
[2026-09-04T12:04:26.542+0000] {data_modification.py:22} INFO - insert row with video_ID:iBAo_dHjuGk
[2026-09-04T12:04:26.561+0000] {data_modification.py:22} INFO - insert row with video_ID:phtjWWF_pbs
[2026-09-04T12:04:26.632+0000] {data_modification.py:22} INFO - insert row with video_ID:l3KmhPRh4Xk
[2026-09-04T12:04:26.661+0000] {data_modification.py:22} INFO - insert row with video_ID:1_jjR60cCCQ
[2026-09-04T12:04:26.668+0000] {data_modification.py:22} INFO - insert row with video_ID:S6vJPaxEkUs
[2026-09-04T12:04:26.674+0000] {data_modification.py:22} INFO - insert row with video_ID:vh2_hw-cTAk
[2026-09-04T12:04:26.683+0000] {data_modification.py:22} INFO - insert row with video_ID:pqwO_2z9E7o
[2026-09-04T12:04:26.690+0000] {data_modification.py:22} INFO - insert row with video_ID:DoVqxPjdZvc
[2026-09-04T12:04:26.695+0000] {data_modification.py:22} INFO - insert row with video_ID:q3SKAxnqAek
[2026-09-04T12:04:26.702+0000] {data_modification.py:22} INFO - insert row with video_ID:WIiMkuPFEN8
[2026-09-04T12:04:26.708+0000] {data_modification.py:22} INFO - insert row with video_ID:hX-Wpv9DsDM
[2026-09-04T12:04:26.714+0000] {data_modification.py:22} INFO - insert row with video_ID:faF_2A26_VI
[2026-09-04T12:04:26.721+0000] {data_modification.py:22} INFO - insert row with video_ID:rsnv-WxSfO8
[2026-09-04T12:04:26.727+0000] {data_modification.py:22} INFO - insert row with video_ID:x9Xut2sKdbg
[2026-09-04T12:04:26.734+0000] {data_modification.py:22} INFO - insert row with video_ID:K_Y5cS2AikI
[2026-09-04T12:04:26.739+0000] {data_modification.py:22} INFO - insert row with video_ID:qYCY0DIzOPw
[2026-09-04T12:04:26.746+0000] {data_modification.py:22} INFO - insert row with video_ID:82Wo9PsUIQk
[2026-09-04T12:04:26.753+0000] {data_modification.py:22} INFO - insert row with video_ID:ufeu7XgRTDU
[2026-09-04T12:04:26.760+0000] {data_modification.py:22} INFO - insert row with video_ID:vr7ztihxB_A
[2026-09-04T12:04:26.765+0000] {data_modification.py:22} INFO - insert row with video_ID:5Ol29m2jfqo
[2026-09-04T12:04:26.771+0000] {data_modification.py:22} INFO - insert row with video_ID:J8abhDLpsVA
[2026-09-04T12:04:26.778+0000] {data_modification.py:22} INFO - insert row with video_ID:WsPvlu3FBMg
[2026-09-04T12:04:26.785+0000] {data_modification.py:22} INFO - insert row with video_ID:dMqJ0xY4-34
[2026-09-04T12:04:26.792+0000] {data_modification.py:22} INFO - insert row with video_ID:HGHmE__w5rM
[2026-09-04T12:04:26.805+0000] {data_modification.py:22} INFO - insert row with video_ID:HxLotijFvvk
[2026-09-04T12:04:26.811+0000] {data_modification.py:22} INFO - insert row with video_ID:yxDndJhVSv4
[2026-09-04T12:04:26.820+0000] {data_modification.py:22} INFO - insert row with video_ID:OFCdcLbINuc
[2026-09-04T12:04:26.828+0000] {data_modification.py:22} INFO - insert row with video_ID:Ps29eztqMdo
[2026-09-04T12:04:26.837+0000] {data_modification.py:22} INFO - insert row with video_ID:8mTCRZJEAQg
[2026-09-04T12:04:26.848+0000] {data_modification.py:22} INFO - insert row with video_ID:folWzIEqjcE
[2026-09-04T12:04:26.854+0000] {data_modification.py:22} INFO - insert row with video_ID:E306-fOHlII
[2026-09-04T12:04:26.863+0000] {data_modification.py:22} INFO - insert row with video_ID:mROG8iwYcQ0
[2026-09-04T12:04:26.871+0000] {data_modification.py:22} INFO - insert row with video_ID:tILtZ8YK9G0
[2026-09-04T12:04:26.876+0000] {data_modification.py:22} INFO - insert row with video_ID:rc9w9IWthMc
[2026-09-04T12:04:26.881+0000] {data_modification.py:22} INFO - insert row with video_ID:zrEoqra9RhM
[2026-09-04T12:04:26.887+0000] {data_modification.py:22} INFO - insert row with video_ID:lFtKLhV87Ps
[2026-09-04T12:04:26.893+0000] {data_modification.py:22} INFO - insert row with video_ID:CRyGanOhLE8
[2026-09-04T12:04:26.901+0000] {data_modification.py:22} INFO - insert row with video_ID:ifSegYm8n5U
[2026-09-04T12:04:26.908+0000] {data_modification.py:22} INFO - insert row with video_ID:imT2c4Efoxc
[2026-09-04T12:04:26.913+0000] {data_modification.py:22} INFO - insert row with video_ID:kVqAeo6k6b0
[2026-09-04T12:04:26.919+0000] {data_modification.py:22} INFO - insert row with video_ID:VkKRL-QMdm0
[2026-09-04T12:04:26.926+0000] {data_modification.py:22} INFO - insert row with video_ID:YufZFo44fOg
[2026-09-04T12:04:26.932+0000] {data_modification.py:22} INFO - insert row with video_ID:vsmkR_DAfjY
[2026-09-04T12:04:26.940+0000] {data_modification.py:22} INFO - insert row with video_ID:tYwFsaZ5prU
[2026-09-04T12:04:26.946+0000] {data_modification.py:22} INFO - insert row with video_ID:h7W9n4ZtreU
[2026-09-04T12:04:26.953+0000] {data_modification.py:22} INFO - insert row with video_ID:2RW_lIK3DdY
[2026-09-04T12:04:26.959+0000] {data_modification.py:22} INFO - insert row with video_ID:r931dwUWKWw
[2026-09-04T12:04:26.965+0000] {data_modification.py:22} INFO - insert row with video_ID:OQkiDkzfO9M
[2026-09-04T12:04:26.970+0000] {data_modification.py:22} INFO - insert row with video_ID:oDtim-xT4hY
[2026-09-04T12:04:26.977+0000] {data_modification.py:22} INFO - insert row with video_ID:Qwo-_lGU9_Q
[2026-09-04T12:04:26.983+0000] {data_modification.py:22} INFO - insert row with video_ID:-n639Qz1Z6s
[2026-09-04T12:04:26.988+0000] {data_modification.py:22} INFO - insert row with video_ID:K05MHZIZE_M
[2026-09-04T12:04:26.999+0000] {data_modification.py:22} INFO - insert row with video_ID:3aY-iI1in0o
[2026-09-04T12:04:27.005+0000] {data_modification.py:22} INFO - insert row with video_ID:1pSL3zzXv6U
[2026-09-04T12:04:27.019+0000] {data_modification.py:22} INFO - insert row with video_ID:YIxLzwe9TRg
[2026-09-04T12:04:27.026+0000] {data_modification.py:22} INFO - insert row with video_ID:RiACzN_oEcw
[2026-09-04T12:04:27.032+0000] {data_modification.py:22} INFO - insert row with video_ID:qVdpUPEmraQ
[2026-09-04T12:04:27.037+0000] {data_modification.py:22} INFO - insert row with video_ID:XlgAYgHwAeA
[2026-09-04T12:04:27.042+0000] {data_modification.py:22} INFO - insert row with video_ID:1_eXlgOmZrw
[2026-09-04T12:04:27.049+0000] {data_modification.py:22} INFO - insert row with video_ID:cp89mKKsaB4
[2026-09-04T12:04:27.054+0000] {data_modification.py:22} INFO - insert row with video_ID:nn_wUjssxBM
[2026-09-04T12:04:27.059+0000] {data_modification.py:22} INFO - insert row with video_ID:yrv5mx2FNlI
[2026-09-04T12:04:27.068+0000] {data_modification.py:22} INFO - insert row with video_ID:wRiKgDvDHpw
[2026-09-04T12:04:27.075+0000] {data_modification.py:22} INFO - insert row with video_ID:CINPEPr52Lk
[2026-09-04T12:04:27.082+0000] {data_modification.py:22} INFO - insert row with video_ID:FAWR-9zNwZY
[2026-09-04T12:04:27.087+0000] {data_modification.py:22} INFO - insert row with video_ID:LzwW00RiEgI
[2026-09-04T12:04:27.093+0000] {data_modification.py:22} INFO - insert row with video_ID:VIZG5p4RtGc
[2026-09-04T12:04:27.098+0000] {data_modification.py:22} INFO - insert row with video_ID:cOt8NPeZl-E
[2026-09-04T12:04:27.105+0000] {data_modification.py:22} INFO - insert row with video_ID:_yQHto8HAhs
[2026-09-04T12:04:27.112+0000] {data_modification.py:22} INFO - insert row with video_ID:kWc9LMluJCg
[2026-09-04T12:04:27.119+0000] {data_modification.py:22} INFO - insert row with video_ID:py-iVNeO67E
[2026-09-04T12:04:27.125+0000] {data_modification.py:22} INFO - insert row with video_ID:7cFg8rrSH5A
[2026-09-04T12:04:27.131+0000] {data_modification.py:22} INFO - insert row with video_ID:IFhR27BUzb0
[2026-09-04T12:04:27.138+0000] {data_modification.py:22} INFO - insert row with video_ID:1k490VsEWVs
[2026-09-04T12:04:27.144+0000] {data_modification.py:22} INFO - insert row with video_ID:cOb2jvIfDzs
[2026-09-04T12:04:27.151+0000] {data_modification.py:22} INFO - insert row with video_ID:s-IHUg0vyZk
[2026-09-04T12:04:27.158+0000] {data_modification.py:22} INFO - insert row with video_ID:MAYRq72f8MI
[2026-09-04T12:04:27.163+0000] {data_modification.py:22} INFO - insert row with video_ID:1PzfU6DmTaU
[2026-09-04T12:04:27.170+0000] {data_modification.py:22} INFO - insert row with video_ID:SZEoj7UvfOg
[2026-09-04T12:04:27.177+0000] {data_modification.py:22} INFO - insert row with video_ID:k7ASEOEh-o8
[2026-09-04T12:04:27.185+0000] {data_modification.py:22} INFO - insert row with video_ID:xdk8MufwqXY
[2026-09-04T12:04:27.190+0000] {data_modification.py:22} INFO - insert row with video_ID:nBO5AzqLuxY
[2026-09-04T12:04:27.195+0000] {data_modification.py:22} INFO - insert row with video_ID:h0iUIPzhT14
[2026-09-04T12:04:27.203+0000] {data_modification.py:22} INFO - insert row with video_ID:qnurXbu2vio
[2026-09-04T12:04:27.210+0000] {data_modification.py:22} INFO - insert row with video_ID:9FFmOPFKEbI
[2026-09-04T12:04:27.217+0000] {data_modification.py:22} INFO - insert row with video_ID:fn_MDAV0cpk
[2026-09-04T12:04:27.223+0000] {data_modification.py:22} INFO - insert row with video_ID:anj_yXXbP4I
[2026-09-04T12:04:27.228+0000] {data_modification.py:22} INFO - insert row with video_ID:DQGgzjgjXOU
[2026-09-04T12:04:27.236+0000] {data_modification.py:22} INFO - insert row with video_ID:YQ28kqa3lIo
[2026-09-04T12:04:27.243+0000] {data_modification.py:22} INFO - insert row with video_ID:vL0GpmOAffU
[2026-09-04T12:04:27.252+0000] {data_modification.py:22} INFO - insert row with video_ID:2p193IbrfBs
[2026-09-04T12:04:27.257+0000] {data_modification.py:22} INFO - insert row with video_ID:JL2yNF08bRI
[2026-09-04T12:04:27.263+0000] {data_modification.py:22} INFO - insert row with video_ID:0JWMzSBd_3U
[2026-09-04T12:04:27.269+0000] {data_modification.py:22} INFO - insert row with video_ID:9Ts6zCpxWG8
[2026-09-04T12:04:27.276+0000] {data_modification.py:22} INFO - insert row with video_ID:Ab2EBhjxex4
[2026-09-04T12:04:27.281+0000] {data_modification.py:22} INFO - insert row with video_ID:plRvyekBjKk
[2026-09-04T12:04:27.288+0000] {data_modification.py:22} INFO - insert row with video_ID:dLV3Dfz1eJ8
[2026-09-04T12:04:27.294+0000] {data_modification.py:22} INFO - insert row with video_ID:teOZDU_Ha50
[2026-09-04T12:04:27.301+0000] {data_modification.py:22} INFO - insert row with video_ID:sGAncfME8_o
[2026-09-04T12:04:27.307+0000] {data_modification.py:22} INFO - insert row with video_ID:skOB_GTPpP8
[2026-09-04T12:04:27.322+0000] {data_modification.py:22} INFO - insert row with video_ID:tEpMU8atFlE
[2026-09-04T12:04:27.332+0000] {data_modification.py:22} INFO - insert row with video_ID:mhu86BPC97U
[2026-09-04T12:04:27.338+0000] {data_modification.py:22} INFO - insert row with video_ID:iYxVMvUaxig
[2026-09-04T12:04:27.355+0000] {data_modification.py:22} INFO - insert row with video_ID:spNXTxZUNNQ
[2026-09-04T12:04:27.375+0000] {data_modification.py:22} INFO - insert row with video_ID:ZmCm_TzTBWY
[2026-09-04T12:04:27.386+0000] {data_modification.py:22} INFO - insert row with video_ID:Z738L-asFHw
[2026-09-04T12:04:27.393+0000] {data_modification.py:22} INFO - insert row with video_ID:0_yZHL8aOpU
[2026-09-04T12:04:27.397+0000] {data_modification.py:22} INFO - insert row with video_ID:3p5u0gX30b8
[2026-09-04T12:04:27.402+0000] {data_modification.py:22} INFO - insert row with video_ID:Ejt3R9lUUsY
[2026-09-04T12:04:27.408+0000] {data_modification.py:22} INFO - insert row with video_ID:doffT2sd4Lc
[2026-09-04T12:04:27.422+0000] {data_modification.py:22} INFO - insert row with video_ID:Ui9g4t2u4vY
[2026-09-04T12:04:27.432+0000] {data_modification.py:22} INFO - insert row with video_ID:ROpGKkYIwW0
[2026-09-04T12:04:27.442+0000] {data_modification.py:22} INFO - insert row with video_ID:_B_rryDkmCw
[2026-09-04T12:04:27.448+0000] {data_modification.py:22} INFO - insert row with video_ID:KuUichFesYE
[2026-09-04T12:04:27.455+0000] {data_modification.py:22} INFO - insert row with video_ID:4_gTwqoMBRc
[2026-09-04T12:04:27.461+0000] {data_modification.py:22} INFO - insert row with video_ID:Zte7JTB1KE8
[2026-09-04T12:04:27.468+0000] {data_modification.py:22} INFO - insert row with video_ID:IWT9z6VMeDY
[2026-09-04T12:04:27.474+0000] {data_modification.py:22} INFO - insert row with video_ID:g6BMGNnFOvw
[2026-09-04T12:04:27.480+0000] {data_modification.py:22} INFO - insert row with video_ID:6NYjDxDwnFo
[2026-09-04T12:04:27.487+0000] {data_modification.py:22} INFO - insert row with video_ID:0S-Y1vZwR1A
[2026-09-04T12:04:27.495+0000] {data_modification.py:22} INFO - insert row with video_ID:vxoPTv59BYc
[2026-09-04T12:04:27.502+0000] {data_modification.py:22} INFO - insert row with video_ID:wdpvOJWF9EM
[2026-09-04T12:04:27.507+0000] {data_modification.py:22} INFO - insert row with video_ID:ZPMXOMLJjEY
[2026-09-04T12:04:27.514+0000] {data_modification.py:22} INFO - insert row with video_ID:sTwj4aDXXSI
[2026-09-04T12:04:27.522+0000] {data_modification.py:22} INFO - insert row with video_ID:F36Q1O7k6p0
[2026-09-04T12:04:27.526+0000] {data_modification.py:22} INFO - insert row with video_ID:1zzwCGWXMz8
[2026-09-04T12:04:27.534+0000] {data_modification.py:22} INFO - insert row with video_ID:h-hckxOYL2Q
[2026-09-04T12:04:27.549+0000] {data_modification.py:22} INFO - insert row with video_ID:8gqxv6HZHRU
[2026-09-04T12:04:27.557+0000] {data_modification.py:22} INFO - insert row with video_ID:e_UkPXXLaZM
[2026-09-04T12:04:27.578+0000] {data_modification.py:22} INFO - insert row with video_ID:nL-TOAiOEKI
[2026-09-04T12:04:27.598+0000] {data_modification.py:22} INFO - insert row with video_ID:6xzhYN9UYVw
[2026-09-04T12:04:27.606+0000] {data_modification.py:22} INFO - insert row with video_ID:utjXTssUaqs
[2026-09-04T12:04:27.621+0000] {data_modification.py:22} INFO - insert row with video_ID:lp0ey3wRasg
[2026-09-04T12:04:27.631+0000] {data_modification.py:22} INFO - insert row with video_ID:uwBUj5OrXz8
[2026-09-04T12:04:27.642+0000] {data_modification.py:22} INFO - insert row with video_ID:W5F6pgs5rOk
[2026-09-04T12:04:27.654+0000] {data_modification.py:22} INFO - insert row with video_ID:ld6F8e3TT0k
[2026-09-04T12:04:27.666+0000] {data_modification.py:22} INFO - insert row with video_ID:UUGPqoA9SaE
[2026-09-04T12:04:27.681+0000] {data_modification.py:22} INFO - insert row with video_ID:8S7t219ztAM
[2026-09-04T12:04:27.822+0000] {data_modification.py:22} INFO - insert row with video_ID:dBf6L0ZmNss
[2026-09-04T12:04:27.830+0000] {data_modification.py:22} INFO - insert row with video_ID:zKr_AlRuxFQ
[2026-09-04T12:04:27.837+0000] {data_modification.py:22} INFO - insert row with video_ID:HjVHZQFkPoA
[2026-09-04T12:04:27.844+0000] {data_modification.py:22} INFO - insert row with video_ID:Qb2km0l3kcA
[2026-09-04T12:04:27.855+0000] {data_modification.py:22} INFO - insert row with video_ID:9yjDYYtzhQY
[2026-09-04T12:04:27.861+0000] {data_modification.py:22} INFO - insert row with video_ID:AHVbF1MjmIU
[2026-09-04T12:04:27.873+0000] {data_modification.py:22} INFO - insert row with video_ID:eJyt33R3QsI
[2026-09-04T12:04:27.889+0000] {data_modification.py:22} INFO - insert row with video_ID:jgYWhlvJke4
[2026-09-04T12:04:27.910+0000] {data_modification.py:22} INFO - insert row with video_ID:jEsZ9Y-QsGY
[2026-09-04T12:04:27.917+0000] {data_modification.py:22} INFO - insert row with video_ID:QH-TvIH6ywU
[2026-09-04T12:04:27.921+0000] {data_modification.py:22} INFO - insert row with video_ID:hhjZM9V46r8
[2026-09-04T12:04:27.928+0000] {data_modification.py:22} INFO - insert row with video_ID:PvjToPQU148
[2026-09-04T12:04:27.937+0000] {data_modification.py:22} INFO - insert row with video_ID:-ULFCwJpMy0
[2026-09-04T12:04:27.942+0000] {data_modification.py:22} INFO - insert row with video_ID:TGJd1bePbNg
[2026-09-04T12:04:27.947+0000] {data_modification.py:22} INFO - insert row with video_ID:2mKBpcsdeaA
[2026-09-04T12:04:27.953+0000] {data_modification.py:22} INFO - insert row with video_ID:6dFgkdJqPhw
[2026-09-04T12:04:27.959+0000] {data_modification.py:22} INFO - insert row with video_ID:IejmIhac6nM
[2026-09-04T12:04:27.969+0000] {data_modification.py:22} INFO - insert row with video_ID:UFra0CDojw8
[2026-09-04T12:04:27.973+0000] {data_modification.py:22} INFO - insert row with video_ID:6HLMqagWWDw
[2026-09-04T12:04:27.979+0000] {data_modification.py:22} INFO - insert row with video_ID:hTRHWJYsX2s
[2026-09-04T12:04:27.986+0000] {data_modification.py:22} INFO - insert row with video_ID:yqbYdgjuGyI
[2026-09-04T12:04:27.991+0000] {data_modification.py:22} INFO - insert row with video_ID:AnYvq0378tQ
[2026-09-04T12:04:28.002+0000] {data_modification.py:22} INFO - insert row with video_ID:p4Qo88eY8ak
[2026-09-04T12:04:28.011+0000] {data_modification.py:22} INFO - insert row with video_ID:5cvt6MxiAT0
[2026-09-04T12:04:28.037+0000] {data_modification.py:22} INFO - insert row with video_ID:QklIINnTT2w
[2026-09-04T12:04:28.048+0000] {data_modification.py:22} INFO - insert row with video_ID:6ap6nGWpAIs
[2026-09-04T12:04:28.057+0000] {data_modification.py:22} INFO - insert row with video_ID:elj2UyGCQ3E
[2026-09-04T12:04:28.100+0000] {data_modification.py:22} INFO - insert row with video_ID:MzwVnUBCip4
[2026-09-04T12:04:28.120+0000] {data_modification.py:22} INFO - insert row with video_ID:PXbqG0BY6E4
[2026-09-04T12:04:28.127+0000] {data_modification.py:22} INFO - insert row with video_ID:nAiBwJC1XfQ
[2026-09-04T12:04:28.139+0000] {data_modification.py:22} INFO - insert row with video_ID:YaNOk74ETQI
[2026-09-04T12:04:28.152+0000] {data_modification.py:22} INFO - insert row with video_ID:j_aOfoO118M
[2026-09-04T12:04:28.164+0000] {data_modification.py:22} INFO - insert row with video_ID:8HWHvDwTjW8
[2026-09-04T12:04:28.185+0000] {data_modification.py:22} INFO - insert row with video_ID:IRkuQM1yPiM
[2026-09-04T12:04:28.195+0000] {data_modification.py:22} INFO - insert row with video_ID:q_qor-Jmd78
[2026-09-04T12:04:28.203+0000] {data_modification.py:22} INFO - insert row with video_ID:OdG3nTfP0lM
[2026-09-04T12:04:28.211+0000] {data_modification.py:22} INFO - insert row with video_ID:BBtCoieSRy0
[2026-09-04T12:04:28.225+0000] {data_modification.py:22} INFO - insert row with video_ID:SwNg-VNKkho
[2026-09-04T12:04:28.231+0000] {data_modification.py:22} INFO - insert row with video_ID:69u1e4wBO1g
[2026-09-04T12:04:28.236+0000] {data_modification.py:22} INFO - insert row with video_ID:EkqV_mYHTiw
[2026-09-04T12:04:28.240+0000] {data_modification.py:22} INFO - insert row with video_ID:NH8n1sMhx-0
[2026-09-04T12:04:28.251+0000] {data_modification.py:22} INFO - insert row with video_ID:we7999HX15U
[2026-09-04T12:04:28.257+0000] {data_modification.py:22} INFO - insert row with video_ID:BPTML8YStp0
[2026-09-04T12:04:28.263+0000] {data_modification.py:22} INFO - insert row with video_ID:oXNdrH2o96I
[2026-09-04T12:04:28.271+0000] {data_modification.py:22} INFO - insert row with video_ID:X9adLNvdQC4
[2026-09-04T12:04:28.276+0000] {data_modification.py:22} INFO - insert row with video_ID:RvNteO24zVU
[2026-09-04T12:04:28.284+0000] {data_modification.py:22} INFO - insert row with video_ID:GCl-DEWq-QY
[2026-09-04T12:04:28.291+0000] {data_modification.py:22} INFO - insert row with video_ID:WIPDDKmyX-8
[2026-09-04T12:04:28.298+0000] {data_modification.py:22} INFO - insert row with video_ID:QccyyqGrK-4
[2026-09-04T12:04:28.306+0000] {data_modification.py:22} INFO - insert row with video_ID:3G8d23r8YHU
[2026-09-04T12:04:28.311+0000] {data_modification.py:22} INFO - insert row with video_ID:-nL4VCYA3VY
[2026-09-04T12:04:28.327+0000] {data_modification.py:22} INFO - insert row with video_ID:RRFw6SaizhY
[2026-09-04T12:04:28.339+0000] {data_modification.py:22} INFO - insert row with video_ID:h5RgQRaRfmA
[2026-09-04T12:04:28.344+0000] {data_modification.py:22} INFO - insert row with video_ID:T7xcyGQJFpc
[2026-09-04T12:04:28.351+0000] {data_modification.py:22} INFO - insert row with video_ID:RidLgFmbMf0
[2026-09-04T12:04:28.356+0000] {data_modification.py:22} INFO - insert row with video_ID:tbzIxJQHIHU
[2026-09-04T12:04:28.377+0000] {data_modification.py:22} INFO - insert row with video_ID:VbKFzL2HuJU
[2026-09-04T12:04:28.409+0000] {data_modification.py:22} INFO - insert row with video_ID:HAH3jM9p1qM
[2026-09-04T12:04:28.417+0000] {data_modification.py:22} INFO - insert row with video_ID:vgYXV6Nnj98
[2026-09-04T12:04:28.424+0000] {data_modification.py:22} INFO - insert row with video_ID:oHI1SYep5pU
[2026-09-04T12:04:28.435+0000] {data_modification.py:22} INFO - insert row with video_ID:aiYhg3KJuxI
[2026-09-04T12:04:28.441+0000] {data_modification.py:22} INFO - insert row with video_ID:wUycwai6Nm0
[2026-09-04T12:04:28.447+0000] {data_modification.py:22} INFO - insert row with video_ID:EyMX5IF56_8
[2026-09-04T12:04:28.453+0000] {data_modification.py:22} INFO - insert row with video_ID:c_WSwDlFI4k
[2026-09-04T12:04:28.460+0000] {data_modification.py:22} INFO - insert row with video_ID:hm9ryFImFQk
[2026-09-04T12:04:28.468+0000] {data_modification.py:22} INFO - insert row with video_ID:LDsF1FCn7f8
[2026-09-04T12:04:28.473+0000] {data_modification.py:22} INFO - insert row with video_ID:qhe79lo-VZs
[2026-09-04T12:04:28.479+0000] {data_modification.py:22} INFO - insert row with video_ID:SMXEmCHQQIY
[2026-09-04T12:04:28.488+0000] {data_modification.py:22} INFO - insert row with video_ID:Y3wyjtvYssw
[2026-09-04T12:04:28.495+0000] {data_modification.py:22} INFO - insert row with video_ID:vcGjLwfpAE4
[2026-09-04T12:04:28.505+0000] {data_modification.py:22} INFO - insert row with video_ID:SesyfgpdF_Y
[2026-09-04T12:04:28.510+0000] {data_modification.py:22} INFO - insert row with video_ID:r34qfqlB1OE
[2026-09-04T12:04:28.517+0000] {data_modification.py:22} INFO - insert row with video_ID:A8bRZSz84go
[2026-09-04T12:04:28.525+0000] {data_modification.py:22} INFO - insert row with video_ID:8I2sQ6vnDcY
[2026-09-04T12:04:28.532+0000] {data_modification.py:22} INFO - insert row with video_ID:Upp89F5EBq8
[2026-09-04T12:04:28.542+0000] {data_modification.py:22} INFO - insert row with video_ID:dbSUEFaR0MI
[2026-09-04T12:04:28.550+0000] {data_modification.py:22} INFO - insert row with video_ID:GQQ76_fa2j8
[2026-09-04T12:04:28.555+0000] {data_modification.py:22} INFO - insert row with video_ID:1reAU8S8q1c
[2026-09-04T12:04:28.560+0000] {data_modification.py:22} INFO - insert row with video_ID:AyIsCk3SFEI
[2026-09-04T12:04:28.568+0000] {data_modification.py:22} INFO - insert row with video_ID:mmewzmyLvBI
[2026-09-04T12:04:28.575+0000] {data_modification.py:22} INFO - insert row with video_ID:h_flAqzF1DU
[2026-09-04T12:04:28.580+0000] {data_modification.py:22} INFO - insert row with video_ID:vmKCkbd5IVc
[2026-09-04T12:04:28.585+0000] {data_modification.py:22} INFO - insert row with video_ID:_gvm4otqjgg
[2026-09-04T12:04:28.590+0000] {data_modification.py:22} INFO - insert row with video_ID:CcINgZbm-Qw
[2026-09-04T12:04:28.597+0000] {data_modification.py:22} INFO - insert row with video_ID:4O3p9hfoM6s
[2026-09-04T12:04:28.602+0000] {data_modification.py:22} INFO - insert row with video_ID:Fu9bYA7xw2k
[2026-09-04T12:04:28.607+0000] {data_modification.py:22} INFO - insert row with video_ID:sIxZVW_QjQk
[2026-09-04T12:04:28.613+0000] {data_modification.py:22} INFO - insert row with video_ID:ukHMWvxuTIM
[2026-09-04T12:04:28.618+0000] {data_modification.py:22} INFO - insert row with video_ID:5NC5cFnPk-w
[2026-09-04T12:04:28.624+0000] {data_modification.py:22} INFO - insert row with video_ID:nTknOYoBo9w
[2026-09-04T12:04:28.633+0000] {data_modification.py:22} INFO - insert row with video_ID:otUE2DxSujs
[2026-09-04T12:04:28.638+0000] {data_modification.py:22} INFO - insert row with video_ID:A8x1fJ2mE44
[2026-09-04T12:04:28.643+0000] {data_modification.py:22} INFO - insert row with video_ID:sFz0sta8jYs
[2026-09-04T12:04:28.681+0000] {data_modification.py:22} INFO - insert row with video_ID:OKIEbWXFub8
[2026-09-04T12:04:28.687+0000] {data_modification.py:22} INFO - insert row with video_ID:TPTLN-VB2no
[2026-09-04T12:04:28.694+0000] {data_modification.py:22} INFO - insert row with video_ID:_UJEeOMUA_o
[2026-09-04T12:04:28.702+0000] {data_modification.py:22} INFO - insert row with video_ID:8dvgeCuHxjk
[2026-09-04T12:04:28.707+0000] {data_modification.py:22} INFO - insert row with video_ID:gxZn2uOAwyI
[2026-09-04T12:04:28.712+0000] {data_modification.py:22} INFO - insert row with video_ID:FBXpNewB4KQ
[2026-09-04T12:04:28.719+0000] {data_modification.py:22} INFO - insert row with video_ID:kDXgUnFZFbg
[2026-09-04T12:04:28.726+0000] {data_modification.py:22} INFO - insert row with video_ID:4mDiNF3SiU4
[2026-09-04T12:04:28.732+0000] {data_modification.py:22} INFO - insert row with video_ID:oxwhyoIcNP8
[2026-09-04T12:04:28.737+0000] {data_modification.py:22} INFO - insert row with video_ID:HRPZ-ZPfUtY
[2026-09-04T12:04:28.742+0000] {data_modification.py:22} INFO - insert row with video_ID:tINgzl3fmrs
[2026-09-04T12:04:28.749+0000] {data_modification.py:22} INFO - insert row with video_ID:Df_1uclmmMs
[2026-09-04T12:04:28.761+0000] {data_modification.py:22} INFO - insert row with video_ID:XgWCkmYJsyg
[2026-09-04T12:04:28.768+0000] {data_modification.py:22} INFO - insert row with video_ID:zPPxgv6QW6o
[2026-09-04T12:04:28.774+0000] {data_modification.py:22} INFO - insert row with video_ID:_Abhb2bDro4
[2026-09-04T12:04:28.779+0000] {data_modification.py:22} INFO - insert row with video_ID:NRWgAM3uTw0
[2026-09-04T12:04:28.796+0000] {data_modification.py:22} INFO - insert row with video_ID:Wlg_--kytyo
[2026-09-04T12:04:28.839+0000] {data_modification.py:22} INFO - insert row with video_ID:Y-LuNAA7Nnc
[2026-09-04T12:04:28.999+0000] {data_modification.py:22} INFO - insert row with video_ID:CeSn0CaN9vg
[2026-09-04T12:04:29.031+0000] {data_modification.py:22} INFO - insert row with video_ID:qlYmznjFO4A
[2026-09-04T12:04:29.036+0000] {data_modification.py:22} INFO - insert row with video_ID:c76f_p-XroA
[2026-09-04T12:04:29.042+0000] {data_modification.py:22} INFO - insert row with video_ID:aBL1-5pFSUI
[2026-09-04T12:04:29.049+0000] {data_modification.py:22} INFO - insert row with video_ID:cvM_lsiybI0
[2026-09-04T12:04:29.055+0000] {data_modification.py:22} INFO - insert row with video_ID:TkxX9kJuVgk
[2026-09-04T12:04:29.061+0000] {data_modification.py:22} INFO - insert row with video_ID:Q2U7qJw6Lg4
[2026-09-04T12:04:29.068+0000] {data_modification.py:22} INFO - insert row with video_ID:zovE-WTabW0
[2026-09-04T12:04:29.075+0000] {data_modification.py:22} INFO - insert row with video_ID:bmS374wa-1Y
[2026-09-04T12:04:29.082+0000] {data_modification.py:22} INFO - insert row with video_ID:_o8Fs_V4YUA
[2026-09-04T12:04:29.087+0000] {data_modification.py:22} INFO - insert row with video_ID:VjAAK_EIwOU
[2026-09-04T12:04:29.092+0000] {data_modification.py:22} INFO - insert row with video_ID:t9IyQm1S3SE
[2026-09-04T12:04:29.102+0000] {data_modification.py:22} INFO - insert row with video_ID:cQaVoLg1TNQ
[2026-09-04T12:04:29.109+0000] {data_modification.py:22} INFO - insert row with video_ID:mp_ReFPUCBU
[2026-09-04T12:04:29.125+0000] {data_modification.py:22} INFO - insert row with video_ID:1LiPOax0AcY
[2026-09-04T12:04:29.130+0000] {data_modification.py:22} INFO - insert row with video_ID:ghpgG6Kjr2o
[2026-09-04T12:04:29.136+0000] {data_modification.py:22} INFO - insert row with video_ID:yLFsOMB509I
[2026-09-04T12:04:29.142+0000] {data_modification.py:22} INFO - insert row with video_ID:AqV4ghjO2UY
[2026-09-04T12:04:29.155+0000] {data_modification.py:22} INFO - insert row with video_ID:shJpK-E9PLs
[2026-09-04T12:04:29.163+0000] {data_modification.py:22} INFO - insert row with video_ID:8o6DayScRmY
[2026-09-04T12:04:29.169+0000] {data_modification.py:22} INFO - insert row with video_ID:ccr4QGcv0bM
[2026-09-04T12:04:29.176+0000] {data_modification.py:22} INFO - insert row with video_ID:2jdR-R-Qhkc
[2026-09-04T12:04:29.184+0000] {data_modification.py:22} INFO - insert row with video_ID:pEeX0zaJm7Q
[2026-09-04T12:04:29.191+0000] {data_modification.py:22} INFO - insert row with video_ID:cAnG_j2e1vo
[2026-09-04T12:04:29.198+0000] {data_modification.py:22} INFO - insert row with video_ID:fv_rXc4dEKM
[2026-09-04T12:04:29.204+0000] {data_modification.py:22} INFO - insert row with video_ID:Ts5d8vWgZHY
[2026-09-04T12:04:29.223+0000] {data_modification.py:22} INFO - insert row with video_ID:A90ZI-4Ry44
[2026-09-04T12:04:29.241+0000] {data_modification.py:22} INFO - insert row with video_ID:fo9PfKZBfAA
[2026-09-04T12:04:29.253+0000] {data_modification.py:22} INFO - insert row with video_ID:B2TOjMDO0CE
[2026-09-04T12:04:29.261+0000] {data_modification.py:22} INFO - insert row with video_ID:uFJ3i0qPIXc
[2026-09-04T12:04:29.270+0000] {data_modification.py:22} INFO - insert row with video_ID:q8nuG7cnDRs
[2026-09-04T12:04:29.277+0000] {data_modification.py:22} INFO - insert row with video_ID:dNBZM5ITMn0
[2026-09-04T12:04:29.307+0000] {data_modification.py:22} INFO - insert row with video_ID:3e4uvdeMQlE
[2026-09-04T12:04:29.316+0000] {data_modification.py:22} INFO - insert row with video_ID:QeRsdyDthPw
[2026-09-04T12:04:29.331+0000] {data_modification.py:22} INFO - insert row with video_ID:T_E6pze31Ok
[2026-09-04T12:04:29.339+0000] {data_modification.py:22} INFO - insert row with video_ID:k4SPSUUaC7I
[2026-09-04T12:04:29.347+0000] {data_modification.py:22} INFO - insert row with video_ID:x2BWNe0YXjs
[2026-09-04T12:04:29.354+0000] {data_modification.py:22} INFO - insert row with video_ID:-U13Lmx4TW0
[2026-09-04T12:04:29.364+0000] {data_modification.py:22} INFO - insert row with video_ID:GAudtQw5w-Y
[2026-09-04T12:04:29.369+0000] {data_modification.py:22} INFO - insert row with video_ID:X_y8MQRaRy8
[2026-09-04T12:04:29.374+0000] {data_modification.py:22} INFO - insert row with video_ID:0HC416twZls
[2026-09-04T12:04:29.381+0000] {data_modification.py:22} INFO - insert row with video_ID:bIzdQYpOsXg
[2026-09-04T12:04:29.386+0000] {data_modification.py:22} INFO - insert row with video_ID:LgkQBzSKgjQ
[2026-09-04T12:04:29.391+0000] {data_modification.py:22} INFO - insert row with video_ID:Zhp4EmPH3Bw
[2026-09-04T12:04:29.398+0000] {data_modification.py:22} INFO - insert row with video_ID:UVaKg6SbC1U
[2026-09-04T12:04:29.406+0000] {data_modification.py:22} INFO - insert row with video_ID:7Z6RNvcTm5I
[2026-09-04T12:04:29.413+0000] {data_modification.py:22} INFO - insert row with video_ID:JPZ432oa9Gw
[2026-09-04T12:04:29.418+0000] {data_modification.py:22} INFO - insert row with video_ID:NIRtgj-5bOE
[2026-09-04T12:04:29.423+0000] {data_modification.py:22} INFO - insert row with video_ID:REaKanC-Vo0
[2026-09-04T12:04:29.436+0000] {data_modification.py:22} INFO - insert row with video_ID:xIVsl7FrpLM
[2026-09-04T12:04:29.442+0000] {data_modification.py:22} INFO - insert row with video_ID:Da9-f_pWYyE
[2026-09-04T12:04:29.455+0000] {data_modification.py:22} INFO - insert row with video_ID:ah_O30tkzA4
[2026-09-04T12:04:29.505+0000] {data_modification.py:22} INFO - insert row with video_ID:gUunQApTdj4
[2026-09-04T12:04:29.553+0000] {data_modification.py:22} INFO - insert row with video_ID:0vt5_OM4VzY
[2026-09-04T12:04:29.560+0000] {data_modification.py:22} INFO - insert row with video_ID:588A5tuLvvw
[2026-09-04T12:04:29.567+0000] {data_modification.py:22} INFO - insert row with video_ID:9T_3boQA7go
[2026-09-04T12:04:29.574+0000] {data_modification.py:22} INFO - insert row with video_ID:6igpm9dx5Gg
[2026-09-04T12:04:29.583+0000] {data_modification.py:22} INFO - insert row with video_ID:qRN_70yd9KE
[2026-09-04T12:04:29.589+0000] {data_modification.py:22} INFO - insert row with video_ID:4-OCORnYbQA
[2026-09-04T12:04:29.601+0000] {data_modification.py:22} INFO - insert row with video_ID:z0BUcgxngdg
[2026-09-04T12:04:29.607+0000] {data_modification.py:22} INFO - insert row with video_ID:_ORuRVFpQdA
[2026-09-04T12:04:29.626+0000] {data_modification.py:22} INFO - insert row with video_ID:XEjZyJDQUmc
[2026-09-04T12:04:29.640+0000] {data_modification.py:22} INFO - insert row with video_ID:a06522ysP0c
[2026-09-04T12:04:29.677+0000] {data_modification.py:22} INFO - insert row with video_ID:wlBwhrZb3Dc
[2026-09-04T12:04:29.701+0000] {data_modification.py:22} INFO - insert row with video_ID:gvYbAtUyF_k
[2026-09-04T12:04:29.734+0000] {data_modification.py:22} INFO - insert row with video_ID:EIQajbN95VU
[2026-09-04T12:04:29.760+0000] {data_modification.py:22} INFO - insert row with video_ID:YlFVKEQQ0ZM
[2026-09-04T12:04:29.889+0000] {data_modification.py:22} INFO - insert row with video_ID:YLVO_RfKcTc
[2026-09-04T12:04:29.899+0000] {data_modification.py:22} INFO - insert row with video_ID:EtW-l6-KNwk
[2026-09-04T12:04:29.913+0000] {data_modification.py:22} INFO - insert row with video_ID:0TD0dyLeGDg
[2026-09-04T12:04:29.919+0000] {data_modification.py:22} INFO - insert row with video_ID:at3DQuS3ztk
[2026-09-04T12:04:29.927+0000] {data_modification.py:22} INFO - insert row with video_ID:wayLIqa_9-4
[2026-09-04T12:04:29.934+0000] {data_modification.py:22} INFO - insert row with video_ID:L7ryrXdVrnA
[2026-09-04T12:04:29.942+0000] {data_modification.py:22} INFO - insert row with video_ID:8WlFQ66ZbeY
[2026-09-04T12:04:29.950+0000] {data_modification.py:22} INFO - insert row with video_ID:c4erB4c9zrY
[2026-09-04T12:04:29.973+0000] {data_modification.py:22} INFO - insert row with video_ID:y4Foyi5STl0
[2026-09-04T12:04:29.990+0000] {data_modification.py:22} INFO - insert row with video_ID:-A6hxZ6sUWU
[2026-09-04T12:04:29.998+0000] {data_modification.py:22} INFO - insert row with video_ID:2kBa7M_GX4g
[2026-09-04T12:04:30.009+0000] {data_modification.py:22} INFO - insert row with video_ID:Ok0CRrJu2HU
[2026-09-04T12:04:30.103+0000] {data_modification.py:22} INFO - insert row with video_ID:0sVDxrpPTvM
[2026-09-04T12:04:30.151+0000] {data_modification.py:22} INFO - insert row with video_ID:2O70ldfbXbY
[2026-09-04T12:04:30.171+0000] {data_modification.py:22} INFO - insert row with video_ID:ISnygzSh4L0
[2026-09-04T12:04:30.183+0000] {data_modification.py:22} INFO - insert row with video_ID:4CGiZzYkCX4
[2026-09-04T12:04:30.202+0000] {data_modification.py:22} INFO - insert row with video_ID:AJKYSaQY6dQ
[2026-09-04T12:04:30.213+0000] {data_modification.py:22} INFO - insert row with video_ID:hI8y1jeF56o
[2026-09-04T12:04:30.223+0000] {data_modification.py:22} INFO - insert row with video_ID:BUvWC5dr498
[2026-09-04T12:04:30.251+0000] {data_modification.py:22} INFO - insert row with video_ID:n7wBdIN_V50
[2026-09-04T12:04:30.263+0000] {data_modification.py:22} INFO - insert row with video_ID:CiLrwxD2p9E
[2026-09-04T12:04:30.268+0000] {data_modification.py:22} INFO - insert row with video_ID:IhIBQwMJHMw
[2026-09-04T12:04:30.281+0000] {data_modification.py:22} INFO - insert row with video_ID:3DKY8o5_PGQ
[2026-09-04T12:04:30.300+0000] {data_modification.py:22} INFO - insert row with video_ID:xvFaKfLm_x4
[2026-09-04T12:04:30.334+0000] {data_modification.py:22} INFO - insert row with video_ID:0RgO-9ecOog
[2026-09-04T12:04:30.364+0000] {data_modification.py:22} INFO - insert row with video_ID:cY0DS0WYUHc
[2026-09-04T12:04:30.389+0000] {data_modification.py:22} INFO - insert row with video_ID:UhqVyvGYJfM
[2026-09-04T12:04:30.441+0000] {data_modification.py:22} INFO - insert row with video_ID:rJXhbhtmHjE
[2026-09-04T12:04:30.481+0000] {data_modification.py:22} INFO - insert row with video_ID:4t4VxJV_eQc
[2026-09-04T12:04:30.493+0000] {data_modification.py:22} INFO - insert row with video_ID:6V5tEcN-Yqo
[2026-09-04T12:04:30.528+0000] {data_modification.py:22} INFO - insert row with video_ID:7DeP32djeOk
[2026-09-04T12:04:30.544+0000] {data_modification.py:22} INFO - insert row with video_ID:U4xqYvqkenY
[2026-09-04T12:04:30.564+0000] {data_modification.py:22} INFO - insert row with video_ID:mhn1M-XWIOc
[2026-09-04T12:04:30.591+0000] {data_modification.py:22} INFO - insert row with video_ID:AaFRaBUwxiw
[2026-09-04T12:04:30.643+0000] {data_modification.py:22} INFO - insert row with video_ID:FLJMHP34aiI
[2026-09-04T12:04:30.664+0000] {data_modification.py:22} INFO - insert row with video_ID:DKfptyGTPT8
[2026-09-04T12:04:30.674+0000] {data_modification.py:22} INFO - insert row with video_ID:5fw-fpjWF7s
[2026-09-04T12:04:30.687+0000] {data_modification.py:22} INFO - insert row with video_ID:SkXSg9nYJJg
[2026-09-04T12:04:30.694+0000] {data_modification.py:22} INFO - insert row with video_ID:HQmBBhSF5Bs
[2026-09-04T12:04:30.705+0000] {data_modification.py:22} INFO - insert row with video_ID:Qfl7v_MVCZo
[2026-09-04T12:04:30.711+0000] {data_modification.py:22} INFO - insert row with video_ID:reemmdj17J0
[2026-09-04T12:04:30.730+0000] {data_modification.py:22} INFO - insert row with video_ID:MnkUX5WEmvE
[2026-09-04T12:04:30.741+0000] {data_modification.py:22} INFO - insert row with video_ID:I3r-LHeNIEg
[2026-09-04T12:04:30.747+0000] {data_modification.py:22} INFO - insert row with video_ID:9ZCoakt56pM
[2026-09-04T12:04:30.753+0000] {data_modification.py:22} INFO - insert row with video_ID:betKhnxyDTs
[2026-09-04T12:04:30.769+0000] {data_modification.py:22} INFO - insert row with video_ID:182dWrMYZ0c
[2026-09-04T12:04:30.776+0000] {data_modification.py:22} INFO - insert row with video_ID:G3E1z9eIZDg
[2026-09-04T12:04:30.786+0000] {data_modification.py:22} INFO - insert row with video_ID:sdTV0ohEjbk
[2026-09-04T12:04:30.798+0000] {data_modification.py:22} INFO - insert row with video_ID:WOJ42xGkhMU
[2026-09-04T12:04:30.808+0000] {data_modification.py:22} INFO - insert row with video_ID:h3lIe3yB23s
[2026-09-04T12:04:30.815+0000] {data_modification.py:22} INFO - insert row with video_ID:hqP5AsdMi2o
[2026-09-04T12:04:30.840+0000] {data_modification.py:22} INFO - insert row with video_ID:Gt3Sz3FwmyI
[2026-09-04T12:04:30.858+0000] {data_modification.py:22} INFO - insert row with video_ID:Xc9oT-S0hVk
[2026-09-04T12:04:30.867+0000] {data_modification.py:22} INFO - insert row with video_ID:7N_SMOBAbeU
[2026-09-04T12:04:30.872+0000] {data_modification.py:22} INFO - insert row with video_ID:0Hg13Zxz12A
[2026-09-04T12:04:30.879+0000] {data_modification.py:22} INFO - insert row with video_ID:_sxp4H8m2Lc
[2026-09-04T12:04:30.885+0000] {data_modification.py:22} INFO - insert row with video_ID:bCWnEd0AD-g
[2026-09-04T12:04:30.897+0000] {data_modification.py:22} INFO - insert row with video_ID:bBHIoLtfkA8
[2026-09-04T12:04:30.907+0000] {data_modification.py:22} INFO - insert row with video_ID:86tk4rrATxU
[2026-09-04T12:04:30.913+0000] {data_modification.py:22} INFO - insert row with video_ID:9dkQupkI5YI
[2026-09-04T12:04:30.924+0000] {data_modification.py:22} INFO - insert row with video_ID:QYL4bE3Xn0w
[2026-09-04T12:04:30.938+0000] {data_modification.py:22} INFO - insert row with video_ID:m81k04Ynfi8
[2026-09-04T12:04:30.945+0000] {data_modification.py:22} INFO - insert row with video_ID:0Y8LmRnWwso
[2026-09-04T12:04:30.955+0000] {data_modification.py:22} INFO - insert row with video_ID:PB1OpI-4mD8
[2026-09-04T12:04:30.966+0000] {data_modification.py:22} INFO - insert row with video_ID:eoGkA0fn-zU
[2026-09-04T12:04:30.985+0000] {data_modification.py:22} INFO - insert row with video_ID:DbxXpCEkU5g
[2026-09-04T12:04:30.993+0000] {data_modification.py:22} INFO - insert row with video_ID:Ys83eLt5CfE
[2026-09-04T12:04:31.011+0000] {data_modification.py:22} INFO - insert row with video_ID:RUOGFng-Si4
[2026-09-04T12:04:31.024+0000] {data_modification.py:22} INFO - insert row with video_ID:7t_vRdOY0dU
[2026-09-04T12:04:31.047+0000] {data_modification.py:22} INFO - insert row with video_ID:NzEPAn7ftzs
[2026-09-04T12:04:31.054+0000] {data_modification.py:22} INFO - insert row with video_ID:hA-ZzI0FIcc
[2026-09-04T12:04:31.067+0000] {data_modification.py:22} INFO - insert row with video_ID:ReIPk7wbcns
[2026-09-04T12:04:31.077+0000] {data_modification.py:22} INFO - insert row with video_ID:on5kfe35TfE
[2026-09-04T12:04:31.087+0000] {data_modification.py:22} INFO - insert row with video_ID:fFETbLjMfwg
[2026-09-04T12:04:31.099+0000] {data_modification.py:22} INFO - insert row with video_ID:BUad_rtZV4o
[2026-09-04T12:04:31.115+0000] {data_modification.py:22} INFO - insert row with video_ID:yP_V-XHZNx0
[2026-09-04T12:04:31.127+0000] {data_modification.py:22} INFO - insert row with video_ID:atGXTve-2Cc
[2026-09-04T12:04:31.141+0000] {data_modification.py:22} INFO - insert row with video_ID:sNoFQ_idSxU
[2026-09-04T12:04:31.153+0000] {data_modification.py:22} INFO - insert row with video_ID:6-fKJBRKCvg
[2026-09-04T12:04:31.287+0000] {data_modification.py:22} INFO - insert row with video_ID:LpC2JXzk02M
[2026-09-04T12:04:31.298+0000] {data_modification.py:22} INFO - insert row with video_ID:NLw5dBcaDBA
[2026-09-04T12:04:31.333+0000] {data_modification.py:22} INFO - insert row with video_ID:Hj20qpMeY-M
[2026-09-04T12:04:31.358+0000] {data_modification.py:22} INFO - insert row with video_ID:LOOUUpAxoDA
[2026-09-04T12:04:31.379+0000] {data_modification.py:22} INFO - insert row with video_ID:vPXcfcyoCOQ
[2026-09-04T12:04:31.401+0000] {data_modification.py:22} INFO - insert row with video_ID:YMcMPxezlX0
[2026-09-04T12:04:31.415+0000] {data_modification.py:22} INFO - insert row with video_ID:CB4DMsM73O4
[2026-09-04T12:04:31.437+0000] {data_modification.py:22} INFO - insert row with video_ID:OH_YLCDxTmk
[2026-09-04T12:04:31.451+0000] {data_modification.py:22} INFO - insert row with video_ID:ILLleQLjIys
[2026-09-04T12:04:31.493+0000] {data_modification.py:22} INFO - insert row with video_ID:0y7tcUlXoLE
[2026-09-04T12:04:31.534+0000] {data_modification.py:22} INFO - insert row with video_ID:YMKhxkjph8s
[2026-09-04T12:04:31.554+0000] {data_modification.py:22} INFO - insert row with video_ID:fssoZaWJs88
[2026-09-04T12:04:31.563+0000] {data_modification.py:22} INFO - insert row with video_ID:7WaT0gsbfew
[2026-09-04T12:04:31.573+0000] {data_modification.py:22} INFO - insert row with video_ID:k9n9DMVpFJA
[2026-09-04T12:04:31.599+0000] {data_modification.py:22} INFO - insert row with video_ID:w2OlAgSdRUw
[2026-09-04T12:04:31.604+0000] {data_modification.py:22} INFO - insert row with video_ID:H_eEUaOF7VI
[2026-09-04T12:04:31.611+0000] {data_modification.py:22} INFO - insert row with video_ID:OXAs7agsg44
[2026-09-04T12:04:31.617+0000] {data_modification.py:22} INFO - insert row with video_ID:wOBE39P1qvM
[2026-09-04T12:04:31.623+0000] {data_modification.py:22} INFO - insert row with video_ID:EycepXznggg
[2026-09-04T12:04:31.629+0000] {data_modification.py:22} INFO - insert row with video_ID:qpxje1oRUNE
[2026-09-04T12:04:31.636+0000] {data_modification.py:22} INFO - insert row with video_ID:AWTJe-m-2SM
[2026-09-04T12:04:31.643+0000] {data_modification.py:22} INFO - insert row with video_ID:z7lLe_x0m7c
[2026-09-04T12:04:31.649+0000] {data_modification.py:22} INFO - insert row with video_ID:3d6oVmyZoRo
[2026-09-04T12:04:31.657+0000] {data_modification.py:22} INFO - insert row with video_ID:kOClEcd-_HU
[2026-09-04T12:04:31.663+0000] {data_modification.py:22} INFO - insert row with video_ID:P_g0RKcnnuE
[2026-09-04T12:04:31.669+0000] {data_modification.py:22} INFO - insert row with video_ID:tKNcRkokW-4
[2026-09-04T12:04:31.686+0000] {data_modification.py:22} INFO - insert row with video_ID:hYqY7D9fHZ4
[2026-09-04T12:04:31.695+0000] {data_modification.py:22} INFO - insert row with video_ID:_3bZkcF-2nk
[2026-09-04T12:04:31.701+0000] {data_modification.py:22} INFO - insert row with video_ID:U0s1TJWNcoM
[2026-09-04T12:04:31.714+0000] {data_modification.py:22} INFO - insert row with video_ID:xPIKXBXn7EE
[2026-09-04T12:04:31.727+0000] {data_modification.py:22} INFO - insert row with video_ID:PP6exYneDWs
[2026-09-04T12:04:31.734+0000] {data_modification.py:22} INFO - insert row with video_ID:4MmX7x19DMY
[2026-09-04T12:04:31.761+0000] {data_modification.py:22} INFO - insert row with video_ID:kGCWRvBnUAw
[2026-09-04T12:04:31.822+0000] {data_modification.py:22} INFO - insert row with video_ID:sALNn5tZB7c
[2026-09-04T12:04:31.889+0000] {data_modification.py:22} INFO - insert row with video_ID:NqVzlXeKN9s
[2026-09-04T12:04:31.912+0000] {data_modification.py:22} INFO - insert row with video_ID:Vh7ub2k5sOs
[2026-09-04T12:04:31.917+0000] {data_modification.py:22} INFO - insert row with video_ID:yZ4W0B9hdZk
[2026-09-04T12:04:31.922+0000] {data_modification.py:22} INFO - insert row with video_ID:lNCKQtjGTU8
[2026-09-04T12:04:31.933+0000] {data_modification.py:22} INFO - insert row with video_ID:WSb2eW1s3YE
[2026-09-04T12:04:31.941+0000] {data_modification.py:22} INFO - insert row with video_ID:o5Cb3O62ix8
[2026-09-04T12:04:31.946+0000] {data_modification.py:22} INFO - insert row with video_ID:V-8LrieYOcI
[2026-09-04T12:04:31.951+0000] {data_modification.py:22} INFO - insert row with video_ID:U_c-PEd1UXI
[2026-09-04T12:04:31.957+0000] {data_modification.py:22} INFO - insert row with video_ID:1LBLBY8Hn4w
[2026-09-04T12:04:31.964+0000] {data_modification.py:22} INFO - insert row with video_ID:40soGTLNlR4
[2026-09-04T12:04:31.969+0000] {data_modification.py:22} INFO - insert row with video_ID:iZVOROUorEE
[2026-09-04T12:04:31.980+0000] {data_modification.py:22} INFO - insert row with video_ID:cvelarulFoo
[2026-09-04T12:04:31.992+0000] {data_modification.py:22} INFO - insert row with video_ID:tvyBfKoZyKQ
[2026-09-04T12:04:32.019+0000] {data_modification.py:22} INFO - insert row with video_ID:f43oN6KLbhs
[2026-09-04T12:04:32.051+0000] {data_modification.py:22} INFO - insert row with video_ID:cGzbt9z0A7Y
[2026-09-04T12:04:32.074+0000] {data_modification.py:22} INFO - insert row with video_ID:ffvkKV8J4Tg
[2026-09-04T12:04:32.111+0000] {data_modification.py:22} INFO - insert row with video_ID:v4LvmrGUE5g
[2026-09-04T12:04:32.154+0000] {data_modification.py:22} INFO - insert row with video_ID:fvZSZDYkVjY
[2026-09-04T12:04:32.160+0000] {data_modification.py:22} INFO - insert row with video_ID:dDBIhziMZD4
[2026-09-04T12:04:32.184+0000] {data_modification.py:22} INFO - insert row with video_ID:DnGJAjyPa8A
[2026-09-04T12:04:32.190+0000] {data_modification.py:22} INFO - insert row with video_ID:Q7gyggtOU3o
[2026-09-04T12:04:32.195+0000] {data_modification.py:22} INFO - insert row with video_ID:IBUwVoB9TVM
[2026-09-04T12:04:32.201+0000] {data_modification.py:22} INFO - insert row with video_ID:VNGgqWJyAYU
[2026-09-04T12:04:32.206+0000] {data_modification.py:22} INFO - insert row with video_ID:mxO-g6fahgA
[2026-09-04T12:04:32.213+0000] {data_modification.py:22} INFO - insert row with video_ID:bJf38sOPOas
[2026-09-04T12:04:32.220+0000] {data_modification.py:22} INFO - insert row with video_ID:60YTqAgN5nE
[2026-09-04T12:04:32.227+0000] {data_modification.py:22} INFO - insert row with video_ID:yt1VgAEPy64
[2026-09-04T12:04:32.240+0000] {data_modification.py:22} INFO - insert row with video_ID:QysJHWiesD0
[2026-09-04T12:04:32.263+0000] {data_modification.py:22} INFO - insert row with video_ID:n21-N5Rpymc
[2026-09-04T12:04:32.303+0000] {data_modification.py:22} INFO - insert row with video_ID:qPfuibFzpUU
[2026-09-04T12:04:32.436+0000] {data_modification.py:22} INFO - insert row with video_ID:dkM-chah6_8
[2026-09-04T12:04:32.457+0000] {data_modification.py:22} INFO - insert row with video_ID:IAy-on7zMNc
[2026-09-04T12:04:32.462+0000] {data_modification.py:22} INFO - insert row with video_ID:H0n7uZy3SRI
[2026-09-04T12:04:32.467+0000] {data_modification.py:22} INFO - insert row with video_ID:d3VHbO-hHEI
[2026-09-04T12:04:32.473+0000] {data_modification.py:22} INFO - insert row with video_ID:f3C7erhz2JI
[2026-09-04T12:04:32.479+0000] {data_modification.py:22} INFO - insert row with video_ID:djjVQnp_PIQ
[2026-09-04T12:04:32.484+0000] {data_modification.py:22} INFO - insert row with video_ID:JfTGCoS_Eow
[2026-09-04T12:04:32.499+0000] {data_modification.py:22} INFO - insert row with video_ID:gM4Rl8WWPsQ
[2026-09-04T12:04:32.507+0000] {data_modification.py:22} INFO - insert row with video_ID:fJv2s6xYnYQ
[2026-09-04T12:04:32.513+0000] {data_modification.py:22} INFO - insert row with video_ID:dKHsW3qfOds
[2026-09-04T12:04:32.530+0000] {data_modification.py:22} INFO - insert row with video_ID:2oFhcX4grrQ
[2026-09-04T12:04:32.543+0000] {data_modification.py:22} INFO - insert row with video_ID:GKLexe1DpCk
[2026-09-04T12:04:32.582+0000] {data_modification.py:22} INFO - insert row with video_ID:5J8DrEzjYz8
[2026-09-04T12:04:32.630+0000] {data_modification.py:22} INFO - insert row with video_ID:FO37PKG_nmA
[2026-09-04T12:04:32.685+0000] {data_modification.py:22} INFO - insert row with video_ID:486REqFWRsE
[2026-09-04T12:04:32.722+0000] {data_modification.py:22} INFO - insert row with video_ID:y_2SEQV5GJ0
[2026-09-04T12:04:32.727+0000] {data_modification.py:22} INFO - insert row with video_ID:6pnIHZWcnoI
[2026-09-04T12:04:32.738+0000] {data_modification.py:22} INFO - insert row with video_ID:dPBPK9RRXUg
[2026-09-04T12:04:32.747+0000] {data_modification.py:22} INFO - insert row with video_ID:zOR8E4rHBkM
[2026-09-04T12:04:32.752+0000] {data_modification.py:22} INFO - insert row with video_ID:avcepErz7cc
[2026-09-04T12:04:32.759+0000] {data_modification.py:22} INFO - insert row with video_ID:qIlrR4CCCwI
[2026-09-04T12:04:32.765+0000] {data_modification.py:22} INFO - insert row with video_ID:wvF3S4yF37w
[2026-09-04T12:04:32.772+0000] {data_modification.py:22} INFO - insert row with video_ID:IRPVP0mLrks
[2026-09-04T12:04:32.830+0000] {data_modification.py:22} INFO - insert row with video_ID:MK0DASti1o4
[2026-09-04T12:04:32.839+0000] {data_modification.py:22} INFO - insert row with video_ID:w79Xxu5FNps
[2026-09-04T12:04:32.847+0000] {data_modification.py:22} INFO - insert row with video_ID:wR6jgRzUkkQ
[2026-09-04T12:04:32.858+0000] {data_modification.py:22} INFO - insert row with video_ID:S7Hkdr1CJ_Q
[2026-09-04T12:04:32.866+0000] {data_modification.py:22} INFO - insert row with video_ID:G62mA45QBW0
[2026-09-04T12:04:32.877+0000] {data_modification.py:22} INFO - insert row with video_ID:NJjqBkFWopA
[2026-09-04T12:04:32.887+0000] {data_modification.py:22} INFO - insert row with video_ID:VnTRmhHQgR0
[2026-09-04T12:04:32.904+0000] {data_modification.py:22} INFO - insert row with video_ID:xyV16N6Wj20
[2026-09-04T12:04:32.917+0000] {data_modification.py:22} INFO - insert row with video_ID:wERidUx5p8o
[2026-09-04T12:04:32.932+0000] {data_modification.py:22} INFO - insert row with video_ID:XfsHfFeEJUo
[2026-09-04T12:04:32.941+0000] {data_modification.py:22} INFO - insert row with video_ID:6BSLjhKQEBs
[2026-09-04T12:04:32.951+0000] {data_modification.py:22} INFO - insert row with video_ID:nifgXMP448M
[2026-09-04T12:04:32.972+0000] {data_modification.py:22} INFO - insert row with video_ID:2Ws8tNEWoeo
[2026-09-04T12:04:32.979+0000] {data_modification.py:22} INFO - insert row with video_ID:xiJYe1hErzQ
[2026-09-04T12:04:32.993+0000] {data_modification.py:22} INFO - insert row with video_ID:RuybpAvrFYE
[2026-09-04T12:04:33.059+0000] {data_modification.py:22} INFO - insert row with video_ID:cjiqF4VlSRA
[2026-09-04T12:04:33.084+0000] {data_modification.py:22} INFO - insert row with video_ID:c_q4-73DjcI
[2026-09-04T12:04:33.109+0000] {data_modification.py:22} INFO - insert row with video_ID:POnP8uVHrJw
[2026-09-04T12:04:33.116+0000] {data_modification.py:22} INFO - insert row with video_ID:LTKW8r6tQcw
[2026-09-04T12:04:33.126+0000] {data_modification.py:22} INFO - insert row with video_ID:l8bJ3lH6UnY
[2026-09-04T12:04:33.133+0000] {data_modification.py:22} INFO - insert row with video_ID:PZ9BDXlew-Q
[2026-09-04T12:04:33.146+0000] {data_modification.py:22} INFO - insert row with video_ID:3Ig6xw2uHWc
[2026-09-04T12:04:33.157+0000] {data_modification.py:22} INFO - insert row with video_ID:qqOSqZfh94E
[2026-09-04T12:04:33.163+0000] {data_modification.py:22} INFO - insert row with video_ID:prghIqZXVIE
[2026-09-04T12:04:33.174+0000] {data_modification.py:22} INFO - insert row with video_ID:BPNJ_Q7MA6w
[2026-09-04T12:04:33.181+0000] {data_modification.py:22} INFO - insert row with video_ID:K0RVbxnSmEY
[2026-09-04T12:04:33.187+0000] {data_modification.py:22} INFO - insert row with video_ID:pk7hqssRQN4
[2026-09-04T12:04:33.194+0000] {data_modification.py:22} INFO - insert row with video_ID:lDs8ZTI2DJo
[2026-09-04T12:04:33.199+0000] {data_modification.py:22} INFO - insert row with video_ID:H7TGIW8Tu2k
[2026-09-04T12:04:33.206+0000] {data_modification.py:22} INFO - insert row with video_ID:oR44apuMt80
[2026-09-04T12:04:33.211+0000] {data_modification.py:22} INFO - insert row with video_ID:PviAV4gz8oQ
[2026-09-04T12:04:33.218+0000] {data_modification.py:22} INFO - insert row with video_ID:wu2gUwBrM6I
[2026-09-04T12:04:33.226+0000] {data_modification.py:22} INFO - insert row with video_ID:yseM4_iyLqA
[2026-09-04T12:04:33.241+0000] {data_modification.py:22} INFO - insert row with video_ID:DTbLUk-m8uc
[2026-09-04T12:04:33.256+0000] {data_modification.py:22} INFO - insert row with video_ID:kbqb1sxIMZE
[2026-09-04T12:04:33.278+0000] {data_modification.py:22} INFO - insert row with video_ID:VvJMNPMZN74
[2026-09-04T12:04:33.299+0000] {data_modification.py:22} INFO - insert row with video_ID:lcouibsT6UU
[2026-09-04T12:04:33.313+0000] {data_modification.py:22} INFO - insert row with video_ID:JKQR3NEcm8g
[2026-09-04T12:04:33.319+0000] {data_modification.py:22} INFO - insert row with video_ID:RZ92Cy80I_M
[2026-09-04T12:04:33.334+0000] {data_modification.py:22} INFO - insert row with video_ID:IWEWglfSLqU
[2026-09-04T12:04:33.372+0000] {data_modification.py:22} INFO - insert row with video_ID:u7O2UPKjqyc
[2026-09-04T12:04:33.379+0000] {data_modification.py:22} INFO - insert row with video_ID:HGUQn2fSzEk
[2026-09-04T12:04:33.391+0000] {data_modification.py:22} INFO - insert row with video_ID:XYdj56nPE-0
[2026-09-04T12:04:33.399+0000] {data_modification.py:22} INFO - insert row with video_ID:sJYSMARkNlo
[2026-09-04T12:04:33.412+0000] {data_modification.py:22} INFO - insert row with video_ID:bNa0rJhq2Yk
[2026-09-04T12:04:33.435+0000] {data_modification.py:22} INFO - insert row with video_ID:Niuxe1Y2qlA
[2026-09-04T12:04:33.588+0000] {data_modification.py:22} INFO - insert row with video_ID:YSTgxOFZwmg
[2026-09-04T12:04:33.634+0000] {data_modification.py:22} INFO - insert row with video_ID:lWXQ4rqFp7g
[2026-09-04T12:04:33.651+0000] {data_modification.py:22} INFO - insert row with video_ID:ipuj-CDoIb4
[2026-09-04T12:04:33.667+0000] {data_modification.py:22} INFO - insert row with video_ID:9hg0vISO0aQ
[2026-09-04T12:04:33.675+0000] {data_modification.py:22} INFO - insert row with video_ID:OYEBTUJqD_U
[2026-09-04T12:04:33.764+0000] {data_modification.py:22} INFO - insert row with video_ID:kWoEs6vNO94
[2026-09-04T12:04:33.782+0000] {data_modification.py:22} INFO - insert row with video_ID:8jcxfV3zarE
[2026-09-04T12:04:33.816+0000] {data_modification.py:22} INFO - insert row with video_ID:jbPyvT78XMQ
[2026-09-04T12:04:33.831+0000] {data_modification.py:22} INFO - insert row with video_ID:7vganh6--M8
[2026-09-04T12:04:33.838+0000] {data_modification.py:22} INFO - insert row with video_ID:lJv4UMQOcTw
[2026-09-04T12:04:33.844+0000] {data_modification.py:22} INFO - insert row with video_ID:ZxVCZFs4kEA
[2026-09-04T12:04:33.898+0000] {data_modification.py:22} INFO - insert row with video_ID:1gO_swkLahU
[2026-09-04T12:04:33.935+0000] {data_modification.py:22} INFO - insert row with video_ID:_PPXixqBmrA
[2026-09-04T12:04:33.976+0000] {data_modification.py:22} INFO - insert row with video_ID:FS_eneS1QCc
[2026-09-04T12:04:34.011+0000] {data_modification.py:22} INFO - insert row with video_ID:_H-oM_IIiQA
[2026-09-04T12:04:34.049+0000] {data_modification.py:22} INFO - insert row with video_ID:xjRWZQY7gh4
[2026-09-04T12:04:34.051+0000] {dwh.py:79} INFO - coretable update completed
[2026-09-04T12:04:34.056+0000] {python.py:237} INFO - Done. Returned value was: None
[2026-09-04T12:04:34.082+0000] {taskinstance.py:441} INFO - ::group::Post task execution logs
[2026-09-04T12:04:34.114+0000] {taskinstance.py:1206} INFO - Marking task as SUCCESS. dag_id=update_db, task_id=core_table, run_id=manual__2026-09-04T12:04:12.806853+00:00, execution_date=20260904T120412, start_date=20260904T120424, end_date=20260904T120434
[2026-09-04T12:04:34.189+0000] {local_task_job_runner.py:240} INFO - Task exited with return code 0
[2026-09-04T12:04:34.218+0000] {taskinstance.py:3503} INFO - 0 downstream tasks scheduled from follow-on schedule check
[2026-09-04T12:04:34.229+0000] {local_task_job_runner.py:222} INFO - ::endgroup::
